[2025-10-28 09:43:35] INFO: INI ALAMAT TABLENYA :  D:\Work\ARYA-WMS-SHOPPIE\ANG19\wmshopee\.angular\prerender-root\526c62d5-647e-4b7e-890b-a2c7d47b132c\data\admdb.sqlite
[2025-10-28 09:43:45] INFO: INI ALAMAT TABLENYA :  D:\Work\ARYA-WMS-SHOPPIE\ANG19\wmshopee\.angular\prerender-root\b19d180f-c70f-4c57-a8ad-83d366ae0678\data\admdb.sqlite
[2025-10-28 09:43:45] INFO: INI ALAMAT TABLENYA :  D:\Work\ARYA-WMS-SHOPPIE\ANG19\wmshopee\.angular\prerender-root\4860e7c6-63c5-4a6d-8d4a-63a82d22047b\data\admdb.sqlite
[2025-10-28 09:43:45] INFO: INI ALAMAT TABLENYA :  D:\Work\ARYA-WMS-SHOPPIE\ANG19\wmshopee\.angular\prerender-root\43da5828-9b1d-46a5-86cc-fd2417b3c795\data\admdb.sqlite
[2025-10-28 09:43:45] INFO: INI ALAMAT TABLENYA :  D:\Work\ARYA-WMS-SHOPPIE\ANG19\wmshopee\.angular\prerender-root\fa1986de-15bc-4dab-bef2-db2d1a0a8f14\data\admdb.sqlite
[2025-10-28 09:44:06] INFO: INI ALAMAT TABLENYA :  D:\Work\ARYA-WMS-SHOPPIE\ANG19\wmshopee\dist\wmshopee\server\data\admdb.sqlite
[2025-10-28 09:44:12] INFO: ✅ Shopee refresh on fetchWithAuth Error: {"error":"invalid_acceess_token","message":"Invalid access_token, please have a check.","request_id":"e3e3e7f3422efdaf1d8fa4ea1976bb00"}
[2025-10-28 09:44:12] INFO: ✅ Shopee refresh on fetchWithAuth Error: {"error":"invalid_acceess_token","message":"Invalid access_token, please have a check.","request_id":"e3e3e7f3422efdaf2cbf74b30d9d7700"}
[2025-10-28 09:44:12] INFO: Update data token : 
[2025-10-28 09:44:12] INFO: Update data token : 
[2025-10-28 09:44:18] INFO: ✅ package Sudah di List  141
[2025-10-28 09:48:05] INFO: INI ALAMAT TABLENYA :  D:\Work\ARYA-WMS-SHOPPIE\ANG19\wmshopee\.angular\prerender-root\4a1718ab-3c74-4a0f-a578-b35d7e179cca\data\admdb.sqlite
[2025-10-28 09:48:07] INFO: INI ALAMAT TABLENYA :  D:\Work\ARYA-WMS-SHOPPIE\ANG19\wmshopee\.angular\prerender-root\20d93534-2fd4-429a-998e-060e41f0b0be\data\admdb.sqlite
[2025-10-28 09:48:07] INFO: INI ALAMAT TABLENYA :  D:\Work\ARYA-WMS-SHOPPIE\ANG19\wmshopee\.angular\prerender-root\8ff31093-16c1-4f2d-8d8e-d465ee9bb79a\data\admdb.sqlite
[2025-10-28 09:48:07] INFO: INI ALAMAT TABLENYA :  D:\Work\ARYA-WMS-SHOPPIE\ANG19\wmshopee\.angular\prerender-root\e571d41b-3063-44b6-84d8-bd8a014c2093\data\admdb.sqlite
[2025-10-28 09:48:07] INFO: INI ALAMAT TABLENYA :  D:\Work\ARYA-WMS-SHOPPIE\ANG19\wmshopee\.angular\prerender-root\c0359953-e8f9-4680-92c0-25ae4c206b36\data\admdb.sqlite
[2025-10-28 09:48:48] INFO: INI ALAMAT TABLENYA :  D:\Work\ARYA-WMS-SHOPPIE\ANG19\wmshopee\dist\wmshopee\server\data\admdb.sqlite
[2025-10-28 09:48:58] INFO: ✅ package Sudah di List  142
[2025-10-28 09:50:25] INFO: INI ALAMAT TABLENYA :  D:\Work\ARYA-WMS-SHOPPIE\ANG19\wmshopee\.angular\prerender-root\99187f6d-7b9f-4d91-b83a-c5f90dce7a45\data\admdb.sqlite
[2025-10-28 09:50:27] INFO: INI ALAMAT TABLENYA :  D:\Work\ARYA-WMS-SHOPPIE\ANG19\wmshopee\.angular\prerender-root\704d3d46-0bf6-4b33-9f25-ea71593cca82\data\admdb.sqlite
[2025-10-28 09:50:27] INFO: INI ALAMAT TABLENYA :  D:\Work\ARYA-WMS-SHOPPIE\ANG19\wmshopee\.angular\prerender-root\8edd19c2-7295-4838-bdd5-02a711428a0f\data\admdb.sqlite
[2025-10-28 09:50:27] INFO: INI ALAMAT TABLENYA :  D:\Work\ARYA-WMS-SHOPPIE\ANG19\wmshopee\.angular\prerender-root\4b8f8fdc-8dfa-413b-b328-2e528afc4a87\data\admdb.sqlite
[2025-10-28 09:50:27] INFO: INI ALAMAT TABLENYA :  D:\Work\ARYA-WMS-SHOPPIE\ANG19\wmshopee\.angular\prerender-root\bb4e5c46-ac1f-4f81-be70-9c6ff8200d21\data\admdb.sqlite
[2025-10-28 09:50:42] INFO: INI ALAMAT TABLENYA :  D:\Work\ARYA-WMS-SHOPPIE\ANG19\wmshopee\dist\wmshopee\server\data\admdb.sqlite
[2025-10-28 09:50:52] INFO: ✅ package Sudah di List  140
[2025-10-28 09:59:32] INFO: INI ALAMAT TABLENYA :  D:\Work\ARYA-WMS-SHOPPIE\ANG19\wmshopee\.angular\prerender-root\0cd5f439-38c3-4f35-a592-c78a003f97e2\data\admdb.sqlite
[2025-10-28 09:59:34] INFO: INI ALAMAT TABLENYA :  D:\Work\ARYA-WMS-SHOPPIE\ANG19\wmshopee\.angular\prerender-root\1afd7c12-0506-4a6f-9ba0-b41f30ddc3e0\data\admdb.sqlite
[2025-10-28 09:59:34] INFO: INI ALAMAT TABLENYA :  D:\Work\ARYA-WMS-SHOPPIE\ANG19\wmshopee\.angular\prerender-root\be9e5ccb-bf2e-42cb-900b-fa710e8a4bd0\data\admdb.sqlite
[2025-10-28 09:59:34] INFO: INI ALAMAT TABLENYA :  D:\Work\ARYA-WMS-SHOPPIE\ANG19\wmshopee\.angular\prerender-root\d9867849-5848-4554-84dc-b9278a20229b\data\admdb.sqlite
[2025-10-28 09:59:34] INFO: INI ALAMAT TABLENYA :  D:\Work\ARYA-WMS-SHOPPIE\ANG19\wmshopee\.angular\prerender-root\18e85edb-438a-49e5-8096-00e3272bf4a8\data\admdb.sqlite
[2025-10-28 09:59:46] INFO: INI ALAMAT TABLENYA :  D:\Work\ARYA-WMS-SHOPPIE\ANG19\wmshopee\dist\wmshopee\server\data\admdb.sqlite
[2025-10-28 09:59:56] INFO: ✅ package Sudah di List  141
[2025-10-28 10:01:50] INFO: INI ALAMAT TABLENYA :  D:\Work\ARYA-WMS-SHOPPIE\ANG19\wmshopee\.angular\prerender-root\c298a2a8-ebe9-4057-b18b-f270c880d55c\data\admdb.sqlite
[2025-10-28 10:03:00] INFO: INI ALAMAT TABLENYA :  D:\Work\ARYA-WMS-SHOPPIE\ANG19\wmshopee\.angular\prerender-root\fa93a3ef-c39d-4d14-bcc9-c38eafbb4554\data\admdb.sqlite
[2025-10-28 10:03:02] INFO: INI ALAMAT TABLENYA :  D:\Work\ARYA-WMS-SHOPPIE\ANG19\wmshopee\.angular\prerender-root\bce8f1b7-d00e-4db8-a1b5-ed56372ee2e0\data\admdb.sqlite
[2025-10-28 10:03:02] INFO: INI ALAMAT TABLENYA :  D:\Work\ARYA-WMS-SHOPPIE\ANG19\wmshopee\.angular\prerender-root\a5c5fe07-866c-40da-9ed9-94067e797863\data\admdb.sqlite
[2025-10-28 10:03:02] INFO: INI ALAMAT TABLENYA :  D:\Work\ARYA-WMS-SHOPPIE\ANG19\wmshopee\.angular\prerender-root\55bc066e-cf7d-4714-b358-42719a33d981\data\admdb.sqlite
[2025-10-28 10:03:02] INFO: INI ALAMAT TABLENYA :  D:\Work\ARYA-WMS-SHOPPIE\ANG19\wmshopee\.angular\prerender-root\8dd9eb71-f993-4733-86d5-4c2efec2efc8\data\admdb.sqlite
[2025-10-28 10:03:12] INFO: INI ALAMAT TABLENYA :  D:\Work\ARYA-WMS-SHOPPIE\ANG19\wmshopee\dist\wmshopee\server\data\admdb.sqlite
[2025-10-28 10:03:20] INFO: ✅ package Sudah di List  145
[2025-10-28 10:20:43] INFO: INI ALAMAT TABLENYA :  D:\Work\ARYA-WMS-SHOPPIE\ANG19\wmshopee\.angular\prerender-root\808f4a5d-7ed6-44bc-8838-4e913421b83b\data\admdb.sqlite
[2025-10-28 10:20:46] INFO: INI ALAMAT TABLENYA :  D:\Work\ARYA-WMS-SHOPPIE\ANG19\wmshopee\.angular\prerender-root\4fc3c2d7-6829-493a-9e03-af1b77a8fc85\data\admdb.sqlite
[2025-10-28 10:20:46] INFO: INI ALAMAT TABLENYA :  D:\Work\ARYA-WMS-SHOPPIE\ANG19\wmshopee\.angular\prerender-root\b906cc25-694f-4562-b03d-ad8ae0f53e9f\data\admdb.sqlite
[2025-10-28 10:20:46] INFO: INI ALAMAT TABLENYA :  D:\Work\ARYA-WMS-SHOPPIE\ANG19\wmshopee\.angular\prerender-root\96f2b96c-9253-4a1a-9240-8f6c8ba51f55\data\admdb.sqlite
[2025-10-28 10:20:46] INFO: INI ALAMAT TABLENYA :  D:\Work\ARYA-WMS-SHOPPIE\ANG19\wmshopee\.angular\prerender-root\fd17381e-1781-46af-842e-aa6439c23257\data\admdb.sqlite
[2025-10-28 10:21:20] INFO: INI ALAMAT TABLENYA :  D:\Work\ARYA-WMS-SHOPPIE\ANG19\wmshopee\.angular\prerender-root\4958cf96-06c5-437c-bd8a-58f597899106\data\admdb.sqlite
[2025-10-28 10:21:23] INFO: INI ALAMAT TABLENYA :  D:\Work\ARYA-WMS-SHOPPIE\ANG19\wmshopee\.angular\prerender-root\34a10bbd-9b88-489c-8c49-11807b93f433\data\admdb.sqlite
[2025-10-28 10:21:23] INFO: INI ALAMAT TABLENYA :  D:\Work\ARYA-WMS-SHOPPIE\ANG19\wmshopee\.angular\prerender-root\58d43b5f-0299-4dd2-a7fe-10f2ca4f7d9f\data\admdb.sqlite
[2025-10-28 10:21:23] INFO: INI ALAMAT TABLENYA :  D:\Work\ARYA-WMS-SHOPPIE\ANG19\wmshopee\.angular\prerender-root\0465c9f1-7732-4478-b2b9-acfcd5c9adcc\data\admdb.sqlite
[2025-10-28 10:21:23] INFO: INI ALAMAT TABLENYA :  D:\Work\ARYA-WMS-SHOPPIE\ANG19\wmshopee\.angular\prerender-root\bd3d194a-3c72-445c-ad2b-2d1455706766\data\admdb.sqlite
[2025-10-28 10:21:34] INFO: INI ALAMAT TABLENYA :  D:\Work\ARYA-WMS-SHOPPIE\ANG19\wmshopee\dist\wmshopee\server\data\admdb.sqlite
[2025-10-28 10:33:32] INFO: INI ALAMAT TABLENYA :  D:\Work\ARYA-WMS-SHOPPIE\ANG19\wmshopee\.angular\prerender-root\5e5878bd-686b-4404-9f05-efd68c54c1d4\data\admdb.sqlite
[2025-10-28 10:33:34] INFO: INI ALAMAT TABLENYA :  D:\Work\ARYA-WMS-SHOPPIE\ANG19\wmshopee\.angular\prerender-root\23dd6ca6-4857-4f89-bacc-adc24dcc6cc6\data\admdb.sqlite
[2025-10-28 10:33:34] INFO: INI ALAMAT TABLENYA :  D:\Work\ARYA-WMS-SHOPPIE\ANG19\wmshopee\.angular\prerender-root\23072186-6adb-4d41-a024-5308375cc773\data\admdb.sqlite
[2025-10-28 10:33:34] INFO: INI ALAMAT TABLENYA :  D:\Work\ARYA-WMS-SHOPPIE\ANG19\wmshopee\.angular\prerender-root\ec23bdbd-a48d-4724-8978-58c6f87eaed6\data\admdb.sqlite
[2025-10-28 10:33:34] INFO: INI ALAMAT TABLENYA :  D:\Work\ARYA-WMS-SHOPPIE\ANG19\wmshopee\.angular\prerender-root\bcb6f630-e851-4f13-be36-0a1fe22fb7ca\data\admdb.sqlite
[2025-10-28 10:33:45] INFO: INI ALAMAT TABLENYA :  D:\Work\ARYA-WMS-SHOPPIE\ANG19\wmshopee\dist\wmshopee\server\data\admdb.sqlite
[2025-10-28 10:43:50] INFO: INI ALAMAT TABLENYA :  D:\Work\ARYA-WMS-SHOPPIE\ANG19\wmshopee\.angular\prerender-root\03a260a8-ecbe-41e9-929c-1c4b1426070c\data\admdb.sqlite
[2025-10-28 10:43:53] INFO: INI ALAMAT TABLENYA :  D:\Work\ARYA-WMS-SHOPPIE\ANG19\wmshopee\.angular\prerender-root\fe08361d-e781-492b-9e52-aad185913511\data\admdb.sqlite
[2025-10-28 10:43:53] INFO: INI ALAMAT TABLENYA :  D:\Work\ARYA-WMS-SHOPPIE\ANG19\wmshopee\.angular\prerender-root\daa59f34-227c-4bbf-8f2e-d12327a525d4\data\admdb.sqlite
[2025-10-28 10:43:53] INFO: INI ALAMAT TABLENYA :  D:\Work\ARYA-WMS-SHOPPIE\ANG19\wmshopee\.angular\prerender-root\aafc705a-fdb3-4aa1-8c3d-5ba9b1d56c6b\data\admdb.sqlite
[2025-10-28 10:43:53] INFO: INI ALAMAT TABLENYA :  D:\Work\ARYA-WMS-SHOPPIE\ANG19\wmshopee\.angular\prerender-root\c89378d9-eda5-4e72-932e-e7eb0cfa322b\data\admdb.sqlite
[2025-10-28 10:44:04] INFO: INI ALAMAT TABLENYA :  D:\Work\ARYA-WMS-SHOPPIE\ANG19\wmshopee\dist\wmshopee\server\data\admdb.sqlite
[2025-10-28 10:58:57] INFO: INI ALAMAT TABLENYA :  D:\Work\ARYA-WMS-SHOPPIE\ANG19\wmshopee\.angular\prerender-root\a24f7de2-cdf0-49d6-af9c-0bdb4a5c24d6\data\admdb.sqlite
[2025-10-28 10:59:02] INFO: INI ALAMAT TABLENYA :  D:\Work\ARYA-WMS-SHOPPIE\ANG19\wmshopee\.angular\prerender-root\9dc33aba-b154-4181-bcf9-9efbc9a83f47\data\admdb.sqlite
[2025-10-28 10:59:02] INFO: INI ALAMAT TABLENYA :  D:\Work\ARYA-WMS-SHOPPIE\ANG19\wmshopee\.angular\prerender-root\0312ea3d-d48c-4bba-a6d8-3a8214b30157\data\admdb.sqlite
[2025-10-28 10:59:02] INFO: INI ALAMAT TABLENYA :  D:\Work\ARYA-WMS-SHOPPIE\ANG19\wmshopee\.angular\prerender-root\c5abc0a9-a8ca-4535-a26f-7702cd033a8f\data\admdb.sqlite
[2025-10-28 10:59:02] INFO: INI ALAMAT TABLENYA :  D:\Work\ARYA-WMS-SHOPPIE\ANG19\wmshopee\.angular\prerender-root\33d2226d-0964-47d8-8e98-2b1288f6e168\data\admdb.sqlite
[2025-10-28 10:59:57] INFO: INI ALAMAT TABLENYA :  D:\Work\ARYA-WMS-SHOPPIE\ANG19\wmshopee\dist\wmshopee\server\data\admdb.sqlite
[2025-10-28 11:01:09] INFO: INI ALAMAT TABLENYA :  D:\Work\ARYA-WMS-SHOPPIE\ANG19\wmshopee\.angular\prerender-root\b2b38a38-4746-4701-97f6-2df56b8ce7f1\data\admdb.sqlite
[2025-10-28 11:01:10] INFO: INI ALAMAT TABLENYA :  D:\Work\ARYA-WMS-SHOPPIE\ANG19\wmshopee\.angular\prerender-root\fb96d568-2dea-452e-b30a-7662262accc6\data\admdb.sqlite
[2025-10-28 11:01:10] INFO: INI ALAMAT TABLENYA :  D:\Work\ARYA-WMS-SHOPPIE\ANG19\wmshopee\.angular\prerender-root\be474a9d-e2bd-42f8-b6dc-5179dbd33d81\data\admdb.sqlite
[2025-10-28 11:01:10] INFO: INI ALAMAT TABLENYA :  D:\Work\ARYA-WMS-SHOPPIE\ANG19\wmshopee\.angular\prerender-root\d50ffec2-0ff6-454b-a0e8-55659574761b\data\admdb.sqlite
[2025-10-28 11:01:10] INFO: INI ALAMAT TABLENYA :  D:\Work\ARYA-WMS-SHOPPIE\ANG19\wmshopee\.angular\prerender-root\e84853d9-76ab-4b6c-810f-a6ce179be6e0\data\admdb.sqlite
[2025-10-28 11:03:49] INFO: INI ALAMAT TABLENYA :  D:\Work\ARYA-WMS-SHOPPIE\ANG19\wmshopee\.angular\prerender-root\e6455d7d-e9bb-4844-8621-7457d60a1ad5\data\admdb.sqlite
[2025-10-28 11:03:51] INFO: INI ALAMAT TABLENYA :  D:\Work\ARYA-WMS-SHOPPIE\ANG19\wmshopee\.angular\prerender-root\cbb7e785-041c-431d-9c96-ba1847b11c10\data\admdb.sqlite
[2025-10-28 11:03:51] INFO: INI ALAMAT TABLENYA :  D:\Work\ARYA-WMS-SHOPPIE\ANG19\wmshopee\.angular\prerender-root\8bcc5080-b896-4b71-a5e4-3028ccfe6ad1\data\admdb.sqlite
[2025-10-28 11:03:51] INFO: INI ALAMAT TABLENYA :  D:\Work\ARYA-WMS-SHOPPIE\ANG19\wmshopee\.angular\prerender-root\434ef7b7-60a7-4b1f-8026-3a56b03a8bdb\data\admdb.sqlite
[2025-10-28 11:03:51] INFO: INI ALAMAT TABLENYA :  D:\Work\ARYA-WMS-SHOPPIE\ANG19\wmshopee\.angular\prerender-root\6634570b-239e-4c4b-828c-0993da8d2302\data\admdb.sqlite
[2025-10-28 11:03:59] INFO: INI ALAMAT TABLENYA :  D:\Work\ARYA-WMS-SHOPPIE\ANG19\wmshopee\dist\wmshopee\server\data\admdb.sqlite
[2025-10-28 11:04:50] INFO: INI ALAMAT TABLENYA :  D:\Work\ARYA-WMS-SHOPPIE\ANG19\wmshopee\.angular\prerender-root\084d835d-5266-401b-9a8f-34ebba5e9d1d\data\admdb.sqlite
[2025-10-28 11:04:52] INFO: INI ALAMAT TABLENYA :  D:\Work\ARYA-WMS-SHOPPIE\ANG19\wmshopee\.angular\prerender-root\e8a48545-b330-4025-85c5-d66b474b3bea\data\admdb.sqlite
[2025-10-28 11:04:52] INFO: INI ALAMAT TABLENYA :  D:\Work\ARYA-WMS-SHOPPIE\ANG19\wmshopee\.angular\prerender-root\0e3856b0-f26e-4797-8602-3759b9f7a052\data\admdb.sqlite
[2025-10-28 11:04:52] INFO: INI ALAMAT TABLENYA :  D:\Work\ARYA-WMS-SHOPPIE\ANG19\wmshopee\.angular\prerender-root\343e7a1b-89b5-4d2a-9dde-3412bfc71d42\data\admdb.sqlite
[2025-10-28 11:04:52] INFO: INI ALAMAT TABLENYA :  D:\Work\ARYA-WMS-SHOPPIE\ANG19\wmshopee\.angular\prerender-root\a353a4ce-638f-4805-9542-d02890ebe14a\data\admdb.sqlite
[2025-10-28 11:05:14] INFO: INI ALAMAT TABLENYA :  D:\Work\ARYA-WMS-SHOPPIE\ANG19\wmshopee\dist\wmshopee\server\data\admdb.sqlite
[2025-10-28 11:07:11] INFO: INI ALAMAT TABLENYA :  D:\Work\ARYA-WMS-SHOPPIE\ANG19\wmshopee\.angular\prerender-root\156c7642-eb53-4096-b7e4-175652a5284a\data\admdb.sqlite
[2025-10-28 11:07:15] INFO: INI ALAMAT TABLENYA :  D:\Work\ARYA-WMS-SHOPPIE\ANG19\wmshopee\.angular\prerender-root\acdfd487-e49b-427e-ad17-bd836f10e3c5\data\admdb.sqlite
[2025-10-28 11:07:15] INFO: INI ALAMAT TABLENYA :  D:\Work\ARYA-WMS-SHOPPIE\ANG19\wmshopee\.angular\prerender-root\281a431e-790f-4ac4-b2bf-ad607fb0db9d\data\admdb.sqlite
[2025-10-28 11:07:15] INFO: INI ALAMAT TABLENYA :  D:\Work\ARYA-WMS-SHOPPIE\ANG19\wmshopee\.angular\prerender-root\bfa285af-3a9a-411b-a9ed-a8506c892398\data\admdb.sqlite
[2025-10-28 11:07:15] INFO: INI ALAMAT TABLENYA :  D:\Work\ARYA-WMS-SHOPPIE\ANG19\wmshopee\.angular\prerender-root\888003c3-dc1c-426d-a9d1-dd617bb3a446\data\admdb.sqlite
[2025-10-28 11:07:54] INFO: INI ALAMAT TABLENYA :  D:\Work\ARYA-WMS-SHOPPIE\ANG19\wmshopee\dist\wmshopee\server\data\admdb.sqlite
[2025-10-28 11:08:07] INFO: ✅ package Sudah di List  2
[2025-10-28 11:14:46] INFO: INI ALAMAT TABLENYA :  D:\Work\ARYA-WMS-SHOPPIE\ANG19\wmshopee\.angular\prerender-root\1c661d4e-adb2-4388-ad46-c86c95d4dd15\data\admdb.sqlite
[2025-10-28 11:14:48] INFO: INI ALAMAT TABLENYA :  D:\Work\ARYA-WMS-SHOPPIE\ANG19\wmshopee\.angular\prerender-root\e5d39e22-4266-41d5-ae81-adc17d35dc34\data\admdb.sqlite
[2025-10-28 11:14:48] INFO: INI ALAMAT TABLENYA :  D:\Work\ARYA-WMS-SHOPPIE\ANG19\wmshopee\.angular\prerender-root\fe69efa0-597f-47c3-b29b-04fa4f55a705\data\admdb.sqlite
[2025-10-28 11:14:48] INFO: INI ALAMAT TABLENYA :  D:\Work\ARYA-WMS-SHOPPIE\ANG19\wmshopee\.angular\prerender-root\ab71412e-bb92-4215-b1b4-3547dae34857\data\admdb.sqlite
[2025-10-28 11:14:48] INFO: INI ALAMAT TABLENYA :  D:\Work\ARYA-WMS-SHOPPIE\ANG19\wmshopee\.angular\prerender-root\fcd04b77-4a96-4d9c-804b-a049b463e16b\data\admdb.sqlite
[2025-10-28 11:15:11] INFO: INI ALAMAT TABLENYA :  D:\Work\ARYA-WMS-SHOPPIE\ANG19\wmshopee\.angular\prerender-root\87466473-e06b-431d-a427-86f6977ba048\data\admdb.sqlite
[2025-10-28 11:15:13] INFO: INI ALAMAT TABLENYA :  D:\Work\ARYA-WMS-SHOPPIE\ANG19\wmshopee\.angular\prerender-root\f274444f-e767-4e57-9893-296a3d11d273\data\admdb.sqlite
[2025-10-28 11:15:13] INFO: INI ALAMAT TABLENYA :  D:\Work\ARYA-WMS-SHOPPIE\ANG19\wmshopee\.angular\prerender-root\3dc4e3ad-be68-455e-b8bd-d6d7d6dfb3e9\data\admdb.sqlite
[2025-10-28 11:15:13] INFO: INI ALAMAT TABLENYA :  D:\Work\ARYA-WMS-SHOPPIE\ANG19\wmshopee\.angular\prerender-root\f8db12fb-ebb6-451d-9416-aea83d0da50b\data\admdb.sqlite
[2025-10-28 11:15:13] INFO: INI ALAMAT TABLENYA :  D:\Work\ARYA-WMS-SHOPPIE\ANG19\wmshopee\.angular\prerender-root\eeae4c66-eb82-4fe3-9f01-d0f21c7e81a6\data\admdb.sqlite
[2025-10-28 11:15:21] INFO: INI ALAMAT TABLENYA :  D:\Work\ARYA-WMS-SHOPPIE\ANG19\wmshopee\dist\wmshopee\server\data\admdb.sqlite
[2025-10-28 11:29:11] INFO: INI ALAMAT TABLENYA :  D:\Work\ARYA-WMS-SHOPPIE\ANG19\wmshopee\.angular\prerender-root\faa8977b-3aea-4a48-b4ef-631f2e84a1f2\data\admdb.sqlite
[2025-10-28 11:29:21] INFO: INI ALAMAT TABLENYA :  D:\Work\ARYA-WMS-SHOPPIE\ANG19\wmshopee\.angular\prerender-root\ef38480a-e469-4dd1-8588-af306fb6693c\data\admdb.sqlite
[2025-10-28 11:29:21] INFO: INI ALAMAT TABLENYA :  D:\Work\ARYA-WMS-SHOPPIE\ANG19\wmshopee\.angular\prerender-root\2f194d9c-796b-4373-bf5d-72e5995c2444\data\admdb.sqlite
[2025-10-28 11:29:21] INFO: INI ALAMAT TABLENYA :  D:\Work\ARYA-WMS-SHOPPIE\ANG19\wmshopee\.angular\prerender-root\54880839-50b7-4c4b-bfac-01770d90f0c3\data\admdb.sqlite
[2025-10-28 11:29:21] INFO: INI ALAMAT TABLENYA :  D:\Work\ARYA-WMS-SHOPPIE\ANG19\wmshopee\.angular\prerender-root\d0efa9f2-5bb6-4ae7-acda-5aa0ba420f0b\data\admdb.sqlite
[2025-10-28 11:42:35] INFO: INI ALAMAT TABLENYA :  D:\Work\ARYA-WMS-SHOPPIE\ANG19\wmshopee\.angular\prerender-root\a8c7ee46-52a2-4fe0-9efb-7e8e2ac9f9fb\data\admdb.sqlite
[2025-10-28 11:42:36] INFO: INI ALAMAT TABLENYA :  D:\Work\ARYA-WMS-SHOPPIE\ANG19\wmshopee\.angular\prerender-root\ca3c7d2a-8a8b-4488-832f-9cf540464c77\data\admdb.sqlite
[2025-10-28 11:42:36] INFO: INI ALAMAT TABLENYA :  D:\Work\ARYA-WMS-SHOPPIE\ANG19\wmshopee\.angular\prerender-root\968247e1-ff2e-4983-a14d-35bd9c77c62f\data\admdb.sqlite
[2025-10-28 11:42:36] INFO: INI ALAMAT TABLENYA :  D:\Work\ARYA-WMS-SHOPPIE\ANG19\wmshopee\.angular\prerender-root\afedc6b6-ed28-40d8-b873-71fca8518e9e\data\admdb.sqlite
[2025-10-28 11:42:36] INFO: INI ALAMAT TABLENYA :  D:\Work\ARYA-WMS-SHOPPIE\ANG19\wmshopee\.angular\prerender-root\9d7f7390-e417-489a-bb16-744a88bce5e2\data\admdb.sqlite
[2025-10-28 11:42:44] INFO: INI ALAMAT TABLENYA :  D:\Work\ARYA-WMS-SHOPPIE\ANG19\wmshopee\dist\wmshopee\server\data\admdb.sqlite
[2025-10-28 11:44:51] INFO: INI ALAMAT TABLENYA :  D:\Work\ARYA-WMS-SHOPPIE\ANG19\wmshopee\.angular\prerender-root\13f9bee8-5939-4885-a3c8-c3b0d1e0aa65\data\admdb.sqlite
[2025-10-28 11:44:53] INFO: INI ALAMAT TABLENYA :  D:\Work\ARYA-WMS-SHOPPIE\ANG19\wmshopee\.angular\prerender-root\78fd6e32-9d6c-4d1e-b44a-a2ec9b8c10af\data\admdb.sqlite
[2025-10-28 11:44:53] INFO: INI ALAMAT TABLENYA :  D:\Work\ARYA-WMS-SHOPPIE\ANG19\wmshopee\.angular\prerender-root\61d46a91-058b-46de-87e1-5b76813b8fdf\data\admdb.sqlite
[2025-10-28 11:44:53] INFO: INI ALAMAT TABLENYA :  D:\Work\ARYA-WMS-SHOPPIE\ANG19\wmshopee\.angular\prerender-root\644f46e0-a2d5-4ba4-be72-c1417a187c50\data\admdb.sqlite
[2025-10-28 11:44:53] INFO: INI ALAMAT TABLENYA :  D:\Work\ARYA-WMS-SHOPPIE\ANG19\wmshopee\.angular\prerender-root\be361ac1-48da-404c-87f0-302feb19375c\data\admdb.sqlite
[2025-10-28 11:45:25] INFO: INI ALAMAT TABLENYA :  D:\Work\ARYA-WMS-SHOPPIE\ANG19\wmshopee\.angular\prerender-root\d953b302-9cf9-4799-8536-912caa3ec574\data\admdb.sqlite
[2025-10-28 11:45:26] INFO: INI ALAMAT TABLENYA :  D:\Work\ARYA-WMS-SHOPPIE\ANG19\wmshopee\.angular\prerender-root\ef4bd497-0dd7-4c10-bfe0-cbb0cadcbc3b\data\admdb.sqlite
[2025-10-28 11:45:26] INFO: INI ALAMAT TABLENYA :  D:\Work\ARYA-WMS-SHOPPIE\ANG19\wmshopee\.angular\prerender-root\3e8212a8-85d5-43be-9cb2-a4ae8c545e86\data\admdb.sqlite
[2025-10-28 11:45:26] INFO: INI ALAMAT TABLENYA :  D:\Work\ARYA-WMS-SHOPPIE\ANG19\wmshopee\.angular\prerender-root\4409a416-779a-410b-bf99-2732db3a174f\data\admdb.sqlite
[2025-10-28 11:45:26] INFO: INI ALAMAT TABLENYA :  D:\Work\ARYA-WMS-SHOPPIE\ANG19\wmshopee\.angular\prerender-root\6d11091e-cbff-44a2-ab3a-77f5a2cac507\data\admdb.sqlite
[2025-10-28 11:45:35] INFO: INI ALAMAT TABLENYA :  D:\Work\ARYA-WMS-SHOPPIE\ANG19\wmshopee\dist\wmshopee\server\data\admdb.sqlite
[2025-10-28 11:46:57] INFO: ✅ package Sudah di List  11
[2025-10-28 12:04:23] INFO: INI ALAMAT TABLENYA :  D:\Work\ARYA-WMS-SHOPPIE\ANG19\wmshopee\.angular\prerender-root\bc996915-6076-492d-8ec9-cb69f0cc919b\data\admdb.sqlite
[2025-10-28 12:04:25] INFO: INI ALAMAT TABLENYA :  D:\Work\ARYA-WMS-SHOPPIE\ANG19\wmshopee\.angular\prerender-root\cdd680a0-e110-4aa4-aaec-63bb300d742c\data\admdb.sqlite
[2025-10-28 12:04:25] INFO: INI ALAMAT TABLENYA :  D:\Work\ARYA-WMS-SHOPPIE\ANG19\wmshopee\.angular\prerender-root\82a50515-ab03-445f-b5a3-b7c7a7e24369\data\admdb.sqlite
[2025-10-28 12:04:25] INFO: INI ALAMAT TABLENYA :  D:\Work\ARYA-WMS-SHOPPIE\ANG19\wmshopee\.angular\prerender-root\cf2771ca-3c04-461c-b9b8-8d2c23f3a5f6\data\admdb.sqlite
[2025-10-28 12:04:25] INFO: INI ALAMAT TABLENYA :  D:\Work\ARYA-WMS-SHOPPIE\ANG19\wmshopee\.angular\prerender-root\0b442900-fecd-4d7d-a848-5f776b042347\data\admdb.sqlite
[2025-10-28 12:04:33] INFO: INI ALAMAT TABLENYA :  D:\Work\ARYA-WMS-SHOPPIE\ANG19\wmshopee\dist\wmshopee\server\data\admdb.sqlite
[2025-10-28 12:04:42] INFO: ✅ package Sudah di List  14
[2025-10-28 12:05:08] INFO: INI ALAMAT TABLENYA :  D:\Work\ARYA-WMS-SHOPPIE\ANG19\wmshopee\.angular\prerender-root\701492c1-4845-431f-a481-914c3657b539\data\admdb.sqlite
[2025-10-28 12:05:10] INFO: INI ALAMAT TABLENYA :  D:\Work\ARYA-WMS-SHOPPIE\ANG19\wmshopee\.angular\prerender-root\9ef60541-95b6-4494-9170-9d4627eef83d\data\admdb.sqlite
[2025-10-28 12:05:10] INFO: INI ALAMAT TABLENYA :  D:\Work\ARYA-WMS-SHOPPIE\ANG19\wmshopee\.angular\prerender-root\f782f8d5-a688-4439-b4da-5b75084fb2a5\data\admdb.sqlite
[2025-10-28 12:05:10] INFO: INI ALAMAT TABLENYA :  D:\Work\ARYA-WMS-SHOPPIE\ANG19\wmshopee\.angular\prerender-root\eaaaca15-283f-46fb-a392-c991f8b8b664\data\admdb.sqlite
[2025-10-28 12:05:10] INFO: INI ALAMAT TABLENYA :  D:\Work\ARYA-WMS-SHOPPIE\ANG19\wmshopee\.angular\prerender-root\9ee88321-eb3a-4dbb-95b8-994215d7439e\data\admdb.sqlite
[2025-10-28 12:05:17] INFO: INI ALAMAT TABLENYA :  D:\Work\ARYA-WMS-SHOPPIE\ANG19\wmshopee\dist\wmshopee\server\data\admdb.sqlite
[2025-10-28 12:08:48] INFO: INI ALAMAT TABLENYA :  D:\Work\ARYA-WMS-SHOPPIE\ANG19\wmshopee\.angular\prerender-root\6f68db77-f922-46f1-9fc2-f47a605a97aa\data\admdb.sqlite
[2025-10-28 12:08:49] INFO: INI ALAMAT TABLENYA :  D:\Work\ARYA-WMS-SHOPPIE\ANG19\wmshopee\.angular\prerender-root\6d1388a0-ff42-486c-8820-b2e6ec26283d\data\admdb.sqlite
[2025-10-28 12:08:49] INFO: INI ALAMAT TABLENYA :  D:\Work\ARYA-WMS-SHOPPIE\ANG19\wmshopee\.angular\prerender-root\4798a03c-a573-48e6-98c7-57cf817ef6b5\data\admdb.sqlite
[2025-10-28 12:08:49] INFO: INI ALAMAT TABLENYA :  D:\Work\ARYA-WMS-SHOPPIE\ANG19\wmshopee\.angular\prerender-root\87ef6e7c-e111-467d-90e2-38718d4ef39e\data\admdb.sqlite
[2025-10-28 12:08:49] INFO: INI ALAMAT TABLENYA :  D:\Work\ARYA-WMS-SHOPPIE\ANG19\wmshopee\.angular\prerender-root\3ed3e73a-c23a-4cfb-aa4c-b71b9f6f8682\data\admdb.sqlite
[2025-10-28 12:08:56] INFO: INI ALAMAT TABLENYA :  D:\Work\ARYA-WMS-SHOPPIE\ANG19\wmshopee\dist\wmshopee\server\data\admdb.sqlite
[2025-10-28 12:14:33] INFO: INI ALAMAT TABLENYA :  D:\Work\ARYA-WMS-SHOPPIE\ANG19\wmshopee\.angular\prerender-root\2367db10-baf1-4450-a72e-bae14c4e0c96\data\admdb.sqlite
[2025-10-28 12:14:34] INFO: INI ALAMAT TABLENYA :  D:\Work\ARYA-WMS-SHOPPIE\ANG19\wmshopee\.angular\prerender-root\9957d513-9791-46fc-b0af-02a5c15c7d25\data\admdb.sqlite
[2025-10-28 12:14:34] INFO: INI ALAMAT TABLENYA :  D:\Work\ARYA-WMS-SHOPPIE\ANG19\wmshopee\.angular\prerender-root\e0852d9d-5a0a-4937-b6a2-448d14ce9f43\data\admdb.sqlite
[2025-10-28 12:14:34] INFO: INI ALAMAT TABLENYA :  D:\Work\ARYA-WMS-SHOPPIE\ANG19\wmshopee\.angular\prerender-root\1e34535c-c5aa-49f7-a682-d5a1df4b9695\data\admdb.sqlite
[2025-10-28 12:14:34] INFO: INI ALAMAT TABLENYA :  D:\Work\ARYA-WMS-SHOPPIE\ANG19\wmshopee\.angular\prerender-root\5b54e435-4acd-473e-bfcc-b546a56b99d2\data\admdb.sqlite
[2025-10-28 12:15:00] INFO: INI ALAMAT TABLENYA :  D:\Work\ARYA-WMS-SHOPPIE\ANG19\wmshopee\.angular\prerender-root\9359a0be-fdfd-4b8b-b413-3ba54397849b\data\admdb.sqlite
[2025-10-28 12:15:02] INFO: INI ALAMAT TABLENYA :  D:\Work\ARYA-WMS-SHOPPIE\ANG19\wmshopee\.angular\prerender-root\ba76544f-7bb7-46db-87b5-ff1e91c9fcf5\data\admdb.sqlite
[2025-10-28 12:15:02] INFO: INI ALAMAT TABLENYA :  D:\Work\ARYA-WMS-SHOPPIE\ANG19\wmshopee\.angular\prerender-root\60932057-3eb2-45ae-901e-882394892a88\data\admdb.sqlite
[2025-10-28 12:15:02] INFO: INI ALAMAT TABLENYA :  D:\Work\ARYA-WMS-SHOPPIE\ANG19\wmshopee\.angular\prerender-root\21462449-6047-43aa-9ad4-57595bcfe72a\data\admdb.sqlite
[2025-10-28 12:15:02] INFO: INI ALAMAT TABLENYA :  D:\Work\ARYA-WMS-SHOPPIE\ANG19\wmshopee\.angular\prerender-root\25f65e54-2e3b-41fd-81df-dcadf4ab6088\data\admdb.sqlite
[2025-10-28 12:15:09] INFO: INI ALAMAT TABLENYA :  D:\Work\ARYA-WMS-SHOPPIE\ANG19\wmshopee\dist\wmshopee\server\data\admdb.sqlite
[2025-10-28 12:33:36] INFO: INI ALAMAT TABLENYA :  D:\Work\ARYA-WMS-SHOPPIE\ANG19\wmshopee\.angular\prerender-root\3555d521-ee7e-4d0f-bb14-c4595381608f\data\admdb.sqlite
[2025-10-28 12:33:38] INFO: INI ALAMAT TABLENYA :  D:\Work\ARYA-WMS-SHOPPIE\ANG19\wmshopee\.angular\prerender-root\25fecfce-361d-4f70-9f11-72c941f9043c\data\admdb.sqlite
[2025-10-28 12:33:38] INFO: INI ALAMAT TABLENYA :  D:\Work\ARYA-WMS-SHOPPIE\ANG19\wmshopee\.angular\prerender-root\d846a24d-8302-4b02-bb33-4ed4abb85727\data\admdb.sqlite
[2025-10-28 12:33:38] INFO: INI ALAMAT TABLENYA :  D:\Work\ARYA-WMS-SHOPPIE\ANG19\wmshopee\.angular\prerender-root\b0138caa-2f20-4a8c-869e-010702d9e4b2\data\admdb.sqlite
[2025-10-28 12:33:38] INFO: INI ALAMAT TABLENYA :  D:\Work\ARYA-WMS-SHOPPIE\ANG19\wmshopee\.angular\prerender-root\814c6311-6825-4e07-8414-781d3bf0e89a\data\admdb.sqlite
[2025-10-28 12:33:57] INFO: INI ALAMAT TABLENYA :  D:\Work\ARYA-WMS-SHOPPIE\ANG19\wmshopee\dist\wmshopee\server\data\admdb.sqlite
[2025-10-28 12:35:26] INFO: INI ALAMAT TABLENYA :  D:\Work\ARYA-WMS-SHOPPIE\ANG19\wmshopee\.angular\prerender-root\9fdb65e2-459f-4516-badb-2a23cb26259a\data\admdb.sqlite
[2025-10-28 12:35:27] INFO: INI ALAMAT TABLENYA :  D:\Work\ARYA-WMS-SHOPPIE\ANG19\wmshopee\.angular\prerender-root\e8db136f-abfb-4152-8214-a6e79e0ad4a4\data\admdb.sqlite
[2025-10-28 12:35:27] INFO: INI ALAMAT TABLENYA :  D:\Work\ARYA-WMS-SHOPPIE\ANG19\wmshopee\.angular\prerender-root\20f01a45-05c7-4aec-82e8-5450980e2d23\data\admdb.sqlite
[2025-10-28 12:35:27] INFO: INI ALAMAT TABLENYA :  D:\Work\ARYA-WMS-SHOPPIE\ANG19\wmshopee\.angular\prerender-root\4b2f3c5d-264e-46bf-adf1-cb4599ebd3c8\data\admdb.sqlite
[2025-10-28 12:35:27] INFO: INI ALAMAT TABLENYA :  D:\Work\ARYA-WMS-SHOPPIE\ANG19\wmshopee\.angular\prerender-root\1201dc2f-1fb7-4898-b4dc-2f27be203cb8\data\admdb.sqlite
[2025-10-28 12:35:34] INFO: INI ALAMAT TABLENYA :  D:\Work\ARYA-WMS-SHOPPIE\ANG19\wmshopee\dist\wmshopee\server\data\admdb.sqlite
[2025-10-28 12:50:08] INFO: INI ALAMAT TABLENYA :  D:\Work\ARYA-WMS-SHOPPIE\ANG19\wmshopee\.angular\prerender-root\36a1bd31-80e0-494e-833e-fad73874c5f4\data\admdb.sqlite
[2025-10-28 12:50:10] INFO: INI ALAMAT TABLENYA :  D:\Work\ARYA-WMS-SHOPPIE\ANG19\wmshopee\.angular\prerender-root\30830225-4d09-49ff-be9a-2b5de0d105a1\data\admdb.sqlite
[2025-10-28 12:50:10] INFO: INI ALAMAT TABLENYA :  D:\Work\ARYA-WMS-SHOPPIE\ANG19\wmshopee\.angular\prerender-root\507f12d9-bacb-4d8b-8fc6-0a8053bfc432\data\admdb.sqlite
[2025-10-28 12:50:10] INFO: INI ALAMAT TABLENYA :  D:\Work\ARYA-WMS-SHOPPIE\ANG19\wmshopee\.angular\prerender-root\cd5088ae-b4e7-475d-a46c-a9189dae16fd\data\admdb.sqlite
[2025-10-28 12:50:10] INFO: INI ALAMAT TABLENYA :  D:\Work\ARYA-WMS-SHOPPIE\ANG19\wmshopee\.angular\prerender-root\05a0b402-4431-4c82-b1ca-7e22dd81f519\data\admdb.sqlite
[2025-10-28 12:52:21] INFO: INI ALAMAT TABLENYA :  D:\Work\ARYA-WMS-SHOPPIE\ANG19\wmshopee\.angular\prerender-root\22fdb919-7c03-4784-8dbe-0ff893076ac6\data\admdb.sqlite
[2025-10-28 12:52:22] INFO: INI ALAMAT TABLENYA :  D:\Work\ARYA-WMS-SHOPPIE\ANG19\wmshopee\.angular\prerender-root\cc44ade0-c380-46f9-bbce-19db49cee302\data\admdb.sqlite
[2025-10-28 12:52:22] INFO: INI ALAMAT TABLENYA :  D:\Work\ARYA-WMS-SHOPPIE\ANG19\wmshopee\.angular\prerender-root\59ae846e-5553-4b0c-812f-6b5ae15ac2fa\data\admdb.sqlite
[2025-10-28 12:52:22] INFO: INI ALAMAT TABLENYA :  D:\Work\ARYA-WMS-SHOPPIE\ANG19\wmshopee\.angular\prerender-root\d4d89955-a88a-4168-a0b1-a788e0d2e71d\data\admdb.sqlite
[2025-10-28 12:52:22] INFO: INI ALAMAT TABLENYA :  D:\Work\ARYA-WMS-SHOPPIE\ANG19\wmshopee\.angular\prerender-root\ae142352-9929-46f4-8da5-f8843bde4535\data\admdb.sqlite
[2025-10-28 12:52:29] INFO: INI ALAMAT TABLENYA :  D:\Work\ARYA-WMS-SHOPPIE\ANG19\wmshopee\dist\wmshopee\server\data\admdb.sqlite
[2025-10-28 12:52:41] ERROR: Error api.controller :  {"code":"SQLITE_ERROR"}
[2025-10-28 12:58:05] INFO: INI ALAMAT TABLENYA :  D:\Work\ARYA-WMS-SHOPPIE\ANG19\wmshopee\.angular\prerender-root\ae9a0d1f-2c81-4aad-a3d9-69fb94ac8656\data\admdb.sqlite
[2025-10-28 12:58:06] INFO: INI ALAMAT TABLENYA :  D:\Work\ARYA-WMS-SHOPPIE\ANG19\wmshopee\.angular\prerender-root\72e5d8b9-5cfc-4506-b383-b75b5f07bc0a\data\admdb.sqlite
[2025-10-28 12:58:06] INFO: INI ALAMAT TABLENYA :  D:\Work\ARYA-WMS-SHOPPIE\ANG19\wmshopee\.angular\prerender-root\dd5f7176-340a-4ed3-afb9-6fe83f3df298\data\admdb.sqlite
[2025-10-28 12:58:06] INFO: INI ALAMAT TABLENYA :  D:\Work\ARYA-WMS-SHOPPIE\ANG19\wmshopee\.angular\prerender-root\278fdde8-c8dd-4248-a1be-944d825b3598\data\admdb.sqlite
[2025-10-28 12:58:06] INFO: INI ALAMAT TABLENYA :  D:\Work\ARYA-WMS-SHOPPIE\ANG19\wmshopee\.angular\prerender-root\179dc9d9-8b0b-4c97-a60e-d268ec796986\data\admdb.sqlite
[2025-10-28 12:58:13] INFO: INI ALAMAT TABLENYA :  D:\Work\ARYA-WMS-SHOPPIE\ANG19\wmshopee\dist\wmshopee\server\data\admdb.sqlite
[2025-10-28 13:06:20] INFO: INI ALAMAT TABLENYA :  D:\Work\ARYA-WMS-SHOPPIE\ANG19\wmshopee\.angular\prerender-root\875fa11c-a30e-460d-9a46-4c9809e187bf\data\admdb.sqlite
[2025-10-28 13:06:21] INFO: INI ALAMAT TABLENYA :  D:\Work\ARYA-WMS-SHOPPIE\ANG19\wmshopee\.angular\prerender-root\d3d2f36f-a00b-4715-bdfb-b88a05c8f726\data\admdb.sqlite
[2025-10-28 13:06:21] INFO: INI ALAMAT TABLENYA :  D:\Work\ARYA-WMS-SHOPPIE\ANG19\wmshopee\.angular\prerender-root\c9de4d9f-9a75-4841-82bc-fd131d364a59\data\admdb.sqlite
[2025-10-28 13:06:21] INFO: INI ALAMAT TABLENYA :  D:\Work\ARYA-WMS-SHOPPIE\ANG19\wmshopee\.angular\prerender-root\784c7dcd-14b4-410f-94b2-302c51455376\data\admdb.sqlite
[2025-10-28 13:06:21] INFO: INI ALAMAT TABLENYA :  D:\Work\ARYA-WMS-SHOPPIE\ANG19\wmshopee\.angular\prerender-root\b08e011a-a1c2-4ad1-8898-0de53b7eb570\data\admdb.sqlite
[2025-10-28 13:06:28] INFO: INI ALAMAT TABLENYA :  D:\Work\ARYA-WMS-SHOPPIE\ANG19\wmshopee\dist\wmshopee\server\data\admdb.sqlite
[2025-10-28 13:08:43] INFO: INI ALAMAT TABLENYA :  D:\Work\ARYA-WMS-SHOPPIE\ANG19\wmshopee\.angular\prerender-root\13896377-4d42-4144-a145-95a83a59dc6d\data\admdb.sqlite
[2025-10-28 13:08:44] INFO: INI ALAMAT TABLENYA :  D:\Work\ARYA-WMS-SHOPPIE\ANG19\wmshopee\.angular\prerender-root\1b6fdf14-17a9-4e4a-b222-68be634140f8\data\admdb.sqlite
[2025-10-28 13:08:44] INFO: INI ALAMAT TABLENYA :  D:\Work\ARYA-WMS-SHOPPIE\ANG19\wmshopee\.angular\prerender-root\d671db50-de5f-4f7b-a8fe-17efc3212d54\data\admdb.sqlite
[2025-10-28 13:08:44] INFO: INI ALAMAT TABLENYA :  D:\Work\ARYA-WMS-SHOPPIE\ANG19\wmshopee\.angular\prerender-root\1f8981e1-a54a-48c9-a1e6-84f50f653386\data\admdb.sqlite
[2025-10-28 13:08:44] INFO: INI ALAMAT TABLENYA :  D:\Work\ARYA-WMS-SHOPPIE\ANG19\wmshopee\.angular\prerender-root\eb431341-6204-46fa-aa4e-131b1b82cd57\data\admdb.sqlite
[2025-10-28 13:08:52] INFO: INI ALAMAT TABLENYA :  D:\Work\ARYA-WMS-SHOPPIE\ANG19\wmshopee\dist\wmshopee\server\data\admdb.sqlite
[2025-10-28 13:14:03] INFO: INI ALAMAT TABLENYA :  D:\Work\ARYA-WMS-SHOPPIE\ANG19\wmshopee\.angular\prerender-root\7ff012c1-7c0e-4258-ad51-2f486f533988\data\admdb.sqlite
[2025-10-28 13:14:05] INFO: INI ALAMAT TABLENYA :  D:\Work\ARYA-WMS-SHOPPIE\ANG19\wmshopee\.angular\prerender-root\d5756d1c-47ef-4fe7-acff-2edac43a98fb\data\admdb.sqlite
[2025-10-28 13:14:05] INFO: INI ALAMAT TABLENYA :  D:\Work\ARYA-WMS-SHOPPIE\ANG19\wmshopee\.angular\prerender-root\ee0e7793-a1b3-41a9-abba-a5c5effeccb2\data\admdb.sqlite
[2025-10-28 13:14:05] INFO: INI ALAMAT TABLENYA :  D:\Work\ARYA-WMS-SHOPPIE\ANG19\wmshopee\.angular\prerender-root\96f005b5-678f-4d44-9425-11a9e60c5188\data\admdb.sqlite
[2025-10-28 13:14:05] INFO: INI ALAMAT TABLENYA :  D:\Work\ARYA-WMS-SHOPPIE\ANG19\wmshopee\.angular\prerender-root\3499b3ca-0908-4d9a-ad4d-36c31d3da7b9\data\admdb.sqlite
[2025-10-28 13:14:11] INFO: INI ALAMAT TABLENYA :  D:\Work\ARYA-WMS-SHOPPIE\ANG19\wmshopee\dist\wmshopee\server\data\admdb.sqlite
[2025-10-28 13:15:37] INFO: INI ALAMAT TABLENYA :  D:\Work\ARYA-WMS-SHOPPIE\ANG19\wmshopee\.angular\prerender-root\c5ce1632-bb57-4da4-8916-26ea33e1f899\data\admdb.sqlite
[2025-10-28 13:15:38] INFO: INI ALAMAT TABLENYA :  D:\Work\ARYA-WMS-SHOPPIE\ANG19\wmshopee\.angular\prerender-root\21e73c16-1d96-404e-ae1d-33c69c193582\data\admdb.sqlite
[2025-10-28 13:15:38] INFO: INI ALAMAT TABLENYA :  D:\Work\ARYA-WMS-SHOPPIE\ANG19\wmshopee\.angular\prerender-root\5543ec88-01d0-483e-98e1-6ce0e2e5adc5\data\admdb.sqlite
[2025-10-28 13:15:38] INFO: INI ALAMAT TABLENYA :  D:\Work\ARYA-WMS-SHOPPIE\ANG19\wmshopee\.angular\prerender-root\3fb90caa-0acb-49df-b953-4e5b847cea00\data\admdb.sqlite
[2025-10-28 13:15:38] INFO: INI ALAMAT TABLENYA :  D:\Work\ARYA-WMS-SHOPPIE\ANG19\wmshopee\.angular\prerender-root\4baf55ae-e2a3-442e-867b-d80c70eeafb6\data\admdb.sqlite
[2025-10-28 13:15:45] INFO: INI ALAMAT TABLENYA :  D:\Work\ARYA-WMS-SHOPPIE\ANG19\wmshopee\dist\wmshopee\server\data\admdb.sqlite
[2025-10-28 13:18:41] INFO: INI ALAMAT TABLENYA :  D:\Work\ARYA-WMS-SHOPPIE\ANG19\wmshopee\.angular\prerender-root\410c320a-527c-4640-b79b-c2afe4a9ec06\data\admdb.sqlite
[2025-10-28 13:18:43] INFO: INI ALAMAT TABLENYA :  D:\Work\ARYA-WMS-SHOPPIE\ANG19\wmshopee\.angular\prerender-root\9f4d3580-c69d-494f-a2b3-38d7818f7c05\data\admdb.sqlite
[2025-10-28 13:18:43] INFO: INI ALAMAT TABLENYA :  D:\Work\ARYA-WMS-SHOPPIE\ANG19\wmshopee\.angular\prerender-root\af7248f4-af79-449e-9496-cf2b80b5ac03\data\admdb.sqlite
[2025-10-28 13:18:43] INFO: INI ALAMAT TABLENYA :  D:\Work\ARYA-WMS-SHOPPIE\ANG19\wmshopee\.angular\prerender-root\8d14eea5-63c8-4277-a154-f4330014dbb3\data\admdb.sqlite
[2025-10-28 13:18:43] INFO: INI ALAMAT TABLENYA :  D:\Work\ARYA-WMS-SHOPPIE\ANG19\wmshopee\.angular\prerender-root\230ddd92-b51e-4619-b762-8116cdec4bc7\data\admdb.sqlite
[2025-10-28 13:18:50] INFO: INI ALAMAT TABLENYA :  D:\Work\ARYA-WMS-SHOPPIE\ANG19\wmshopee\dist\wmshopee\server\data\admdb.sqlite
[2025-10-28 13:19:00] INFO: ✅ package Sudah di List  2
[2025-10-28 13:21:47] INFO: INI ALAMAT TABLENYA :  D:\Work\ARYA-WMS-SHOPPIE\ANG19\wmshopee\.angular\prerender-root\718c734e-3b95-42d1-b1cd-1e9a78cfdee0\data\admdb.sqlite
[2025-10-28 13:21:48] INFO: INI ALAMAT TABLENYA :  D:\Work\ARYA-WMS-SHOPPIE\ANG19\wmshopee\.angular\prerender-root\1dc9f910-817e-4e8f-9e90-27706e5f31a5\data\admdb.sqlite
[2025-10-28 13:21:48] INFO: INI ALAMAT TABLENYA :  D:\Work\ARYA-WMS-SHOPPIE\ANG19\wmshopee\.angular\prerender-root\45570360-0e05-46bb-9d69-9b08e6f0ca44\data\admdb.sqlite
[2025-10-28 13:21:48] INFO: INI ALAMAT TABLENYA :  D:\Work\ARYA-WMS-SHOPPIE\ANG19\wmshopee\.angular\prerender-root\9d27f1c5-fa8d-40a7-b8eb-16add18d7141\data\admdb.sqlite
[2025-10-28 13:21:48] INFO: INI ALAMAT TABLENYA :  D:\Work\ARYA-WMS-SHOPPIE\ANG19\wmshopee\.angular\prerender-root\80201308-e42f-4145-93e7-c1031a8eda1c\data\admdb.sqlite
[2025-10-28 13:22:01] INFO: INI ALAMAT TABLENYA :  D:\Work\ARYA-WMS-SHOPPIE\ANG19\wmshopee\.angular\prerender-root\59e0f302-157f-44a3-8380-c8b5b0efc8f1\data\admdb.sqlite
[2025-10-28 13:22:02] INFO: INI ALAMAT TABLENYA :  D:\Work\ARYA-WMS-SHOPPIE\ANG19\wmshopee\.angular\prerender-root\1e345c87-3df2-4bf7-8994-2d4cfc90cdee\data\admdb.sqlite
[2025-10-28 13:22:02] INFO: INI ALAMAT TABLENYA :  D:\Work\ARYA-WMS-SHOPPIE\ANG19\wmshopee\.angular\prerender-root\d7d52080-f90f-4c49-a7e2-7b4ae2cdba5c\data\admdb.sqlite
[2025-10-28 13:22:02] INFO: INI ALAMAT TABLENYA :  D:\Work\ARYA-WMS-SHOPPIE\ANG19\wmshopee\.angular\prerender-root\484f2d26-2271-4138-9b77-4dbd40127cb8\data\admdb.sqlite
[2025-10-28 13:22:02] INFO: INI ALAMAT TABLENYA :  D:\Work\ARYA-WMS-SHOPPIE\ANG19\wmshopee\.angular\prerender-root\d15eed24-f0b5-4710-92be-615f4789af80\data\admdb.sqlite
[2025-10-28 13:22:10] INFO: INI ALAMAT TABLENYA :  D:\Work\ARYA-WMS-SHOPPIE\ANG19\wmshopee\dist\wmshopee\server\data\admdb.sqlite
[2025-10-28 13:22:12] ERROR: Error api.controller :  {"code":"SQLITE_ERROR"}
[2025-10-28 13:22:12] ERROR: Error api.controller :  {"code":"SQLITE_ERROR"}
[2025-10-28 13:22:12] ERROR: Error api.controller :  {"code":"SQLITE_ERROR"}
[2025-10-28 13:22:12] ERROR: Error api.controller :  {"code":"SQLITE_ERROR"}
[2025-10-28 13:22:20] ERROR: Error api.controller :  {"code":"SQLITE_ERROR"}
[2025-10-28 13:22:20] ERROR: Error api.controller :  {"code":"SQLITE_ERROR"}
[2025-10-28 13:22:20] ERROR: Error api.controller :  {"code":"SQLITE_ERROR"}
[2025-10-28 13:22:20] ERROR: Error api.controller :  {"code":"SQLITE_ERROR"}
[2025-10-28 13:22:56] INFO: INI ALAMAT TABLENYA :  D:\Work\ARYA-WMS-SHOPPIE\ANG19\wmshopee\.angular\prerender-root\038df919-77ca-47b9-9ade-c5b824990a72\data\admdb.sqlite
[2025-10-28 13:22:57] INFO: INI ALAMAT TABLENYA :  D:\Work\ARYA-WMS-SHOPPIE\ANG19\wmshopee\.angular\prerender-root\60198475-2f85-4c7f-8261-ad8d36345800\data\admdb.sqlite
[2025-10-28 13:22:57] INFO: INI ALAMAT TABLENYA :  D:\Work\ARYA-WMS-SHOPPIE\ANG19\wmshopee\.angular\prerender-root\b4454545-06ec-4221-80ae-df1d762f507a\data\admdb.sqlite
[2025-10-28 13:22:57] INFO: INI ALAMAT TABLENYA :  D:\Work\ARYA-WMS-SHOPPIE\ANG19\wmshopee\.angular\prerender-root\f3a022aa-e62b-42e4-b19f-816225d7b988\data\admdb.sqlite
[2025-10-28 13:22:57] INFO: INI ALAMAT TABLENYA :  D:\Work\ARYA-WMS-SHOPPIE\ANG19\wmshopee\.angular\prerender-root\44c9d9e2-e533-44e4-94cb-866d1e3cd84d\data\admdb.sqlite
[2025-10-28 13:23:04] INFO: INI ALAMAT TABLENYA :  D:\Work\ARYA-WMS-SHOPPIE\ANG19\wmshopee\dist\wmshopee\server\data\admdb.sqlite
[2025-10-28 13:23:12] INFO: ✅ package Sudah di List  4
[2025-10-28 13:23:40] INFO: INI ALAMAT TABLENYA :  D:\Work\ARYA-WMS-SHOPPIE\ANG19\wmshopee\.angular\prerender-root\df3d5c93-cc97-4cbe-aa4b-0c86415e9ac6\data\admdb.sqlite
[2025-10-28 13:23:41] INFO: INI ALAMAT TABLENYA :  D:\Work\ARYA-WMS-SHOPPIE\ANG19\wmshopee\.angular\prerender-root\1001db08-54fc-4c40-a9b6-c0430c066e0c\data\admdb.sqlite
[2025-10-28 13:23:41] INFO: INI ALAMAT TABLENYA :  D:\Work\ARYA-WMS-SHOPPIE\ANG19\wmshopee\.angular\prerender-root\8b2700ad-25ad-4617-8705-194bdde3456d\data\admdb.sqlite
[2025-10-28 13:23:41] INFO: INI ALAMAT TABLENYA :  D:\Work\ARYA-WMS-SHOPPIE\ANG19\wmshopee\.angular\prerender-root\a55fc647-fef3-44cf-bf1f-7728a1a300c2\data\admdb.sqlite
[2025-10-28 13:23:41] INFO: INI ALAMAT TABLENYA :  D:\Work\ARYA-WMS-SHOPPIE\ANG19\wmshopee\.angular\prerender-root\7d91ad6b-f0d1-410a-ab0d-09c406f05b71\data\admdb.sqlite
[2025-10-28 13:23:49] INFO: INI ALAMAT TABLENYA :  D:\Work\ARYA-WMS-SHOPPIE\ANG19\wmshopee\dist\wmshopee\server\data\admdb.sqlite
[2025-10-28 13:27:10] INFO: INI ALAMAT TABLENYA :  D:\Work\ARYA-WMS-SHOPPIE\ANG19\wmshopee\.angular\prerender-root\09d9750f-c642-45b1-88b6-732b9031c3e2\data\admdb.sqlite
[2025-10-28 13:27:12] INFO: INI ALAMAT TABLENYA :  D:\Work\ARYA-WMS-SHOPPIE\ANG19\wmshopee\.angular\prerender-root\4f91c250-4b07-48fa-aadc-4aef6a4f3e4d\data\admdb.sqlite
[2025-10-28 13:27:12] INFO: INI ALAMAT TABLENYA :  D:\Work\ARYA-WMS-SHOPPIE\ANG19\wmshopee\.angular\prerender-root\9b4159df-32af-458a-b2a2-74bb353f7f14\data\admdb.sqlite
[2025-10-28 13:27:12] INFO: INI ALAMAT TABLENYA :  D:\Work\ARYA-WMS-SHOPPIE\ANG19\wmshopee\.angular\prerender-root\fc634e64-8e63-4d0d-9ee2-62e61f1ac057\data\admdb.sqlite
[2025-10-28 13:27:12] INFO: INI ALAMAT TABLENYA :  D:\Work\ARYA-WMS-SHOPPIE\ANG19\wmshopee\.angular\prerender-root\8012b928-402e-4c44-94d8-fa753ca4081d\data\admdb.sqlite
[2025-10-28 13:27:20] INFO: INI ALAMAT TABLENYA :  D:\Work\ARYA-WMS-SHOPPIE\ANG19\wmshopee\dist\wmshopee\server\data\admdb.sqlite
[2025-10-28 13:30:58] INFO: INI ALAMAT TABLENYA :  D:\Work\ARYA-WMS-SHOPPIE\ANG19\wmshopee\.angular\prerender-root\f50a4baa-df9d-4728-97c9-0e07c06a171e\data\admdb.sqlite
[2025-10-28 13:30:59] INFO: INI ALAMAT TABLENYA :  D:\Work\ARYA-WMS-SHOPPIE\ANG19\wmshopee\.angular\prerender-root\81fa08e9-94a1-4ca4-b44a-783afe932e01\data\admdb.sqlite
[2025-10-28 13:30:59] INFO: INI ALAMAT TABLENYA :  D:\Work\ARYA-WMS-SHOPPIE\ANG19\wmshopee\.angular\prerender-root\813937a0-02a4-4b6e-9545-ebca69cfc66f\data\admdb.sqlite
[2025-10-28 13:30:59] INFO: INI ALAMAT TABLENYA :  D:\Work\ARYA-WMS-SHOPPIE\ANG19\wmshopee\.angular\prerender-root\c0b5ab65-fc36-458e-9714-34f7e6bfcbb9\data\admdb.sqlite
[2025-10-28 13:30:59] INFO: INI ALAMAT TABLENYA :  D:\Work\ARYA-WMS-SHOPPIE\ANG19\wmshopee\.angular\prerender-root\56ee6f64-9085-41ad-88cf-547ad87a29f1\data\admdb.sqlite
[2025-10-28 13:31:06] INFO: INI ALAMAT TABLENYA :  D:\Work\ARYA-WMS-SHOPPIE\ANG19\wmshopee\dist\wmshopee\server\data\admdb.sqlite
[2025-10-28 13:31:15] INFO: ✅ package Sudah di List  3
[2025-10-28 13:31:53] INFO: INI ALAMAT TABLENYA :  D:\Work\ARYA-WMS-SHOPPIE\ANG19\wmshopee\.angular\prerender-root\9697693b-6d8e-4957-a0f4-b758ab0c043f\data\admdb.sqlite
[2025-10-28 13:31:55] INFO: INI ALAMAT TABLENYA :  D:\Work\ARYA-WMS-SHOPPIE\ANG19\wmshopee\.angular\prerender-root\e4a87085-6bcf-46ff-a2fe-d436df43bb9e\data\admdb.sqlite
[2025-10-28 13:31:55] INFO: INI ALAMAT TABLENYA :  D:\Work\ARYA-WMS-SHOPPIE\ANG19\wmshopee\.angular\prerender-root\2e38331c-e41b-4221-affa-261661c2fae7\data\admdb.sqlite
[2025-10-28 13:31:55] INFO: INI ALAMAT TABLENYA :  D:\Work\ARYA-WMS-SHOPPIE\ANG19\wmshopee\.angular\prerender-root\32b19c63-f186-4652-881d-db375f73354b\data\admdb.sqlite
[2025-10-28 13:31:55] INFO: INI ALAMAT TABLENYA :  D:\Work\ARYA-WMS-SHOPPIE\ANG19\wmshopee\.angular\prerender-root\cb905f98-7313-42fd-ba21-e00805d814dd\data\admdb.sqlite
[2025-10-28 13:32:10] INFO: INI ALAMAT TABLENYA :  D:\Work\ARYA-WMS-SHOPPIE\ANG19\wmshopee\dist\wmshopee\server\data\admdb.sqlite
[2025-10-28 13:32:28] INFO: ✅ package Sudah di List  4
[2025-10-28 13:36:21] INFO: INI ALAMAT TABLENYA :  D:\Work\ARYA-WMS-SHOPPIE\ANG19\wmshopee\.angular\prerender-root\f8995b4d-0d2e-40e0-919f-a2a16084ab7f\data\admdb.sqlite
[2025-10-28 13:36:22] INFO: INI ALAMAT TABLENYA :  D:\Work\ARYA-WMS-SHOPPIE\ANG19\wmshopee\.angular\prerender-root\76806b2b-7899-4763-b118-b1cb4610816a\data\admdb.sqlite
[2025-10-28 13:36:22] INFO: INI ALAMAT TABLENYA :  D:\Work\ARYA-WMS-SHOPPIE\ANG19\wmshopee\.angular\prerender-root\2f27ecc6-3356-410e-89a2-b1158394a64e\data\admdb.sqlite
[2025-10-28 13:36:22] INFO: INI ALAMAT TABLENYA :  D:\Work\ARYA-WMS-SHOPPIE\ANG19\wmshopee\.angular\prerender-root\77564299-d7ab-4ba0-893a-8dcac718144d\data\admdb.sqlite
[2025-10-28 13:36:22] INFO: INI ALAMAT TABLENYA :  D:\Work\ARYA-WMS-SHOPPIE\ANG19\wmshopee\.angular\prerender-root\b5ff1cf0-75fe-44a8-b205-83fd2b508057\data\admdb.sqlite
[2025-10-28 13:36:29] INFO: INI ALAMAT TABLENYA :  D:\Work\ARYA-WMS-SHOPPIE\ANG19\wmshopee\dist\wmshopee\server\data\admdb.sqlite
[2025-10-28 13:36:43] ERROR: Error api.controller :  {"code":"SQLITE_ERROR"}
[2025-10-28 13:39:02] INFO: INI ALAMAT TABLENYA :  D:\Work\ARYA-WMS-SHOPPIE\ANG19\wmshopee\.angular\prerender-root\a57e83cc-d4a2-4647-8597-df04e0c12af6\data\admdb.sqlite
[2025-10-28 13:39:04] INFO: INI ALAMAT TABLENYA :  D:\Work\ARYA-WMS-SHOPPIE\ANG19\wmshopee\.angular\prerender-root\de3006e0-5253-437a-a192-e966343f9350\data\admdb.sqlite
[2025-10-28 13:39:04] INFO: INI ALAMAT TABLENYA :  D:\Work\ARYA-WMS-SHOPPIE\ANG19\wmshopee\.angular\prerender-root\13950b14-d21d-4bd6-a3ea-5c6eb1c16e5b\data\admdb.sqlite
[2025-10-28 13:39:04] INFO: INI ALAMAT TABLENYA :  D:\Work\ARYA-WMS-SHOPPIE\ANG19\wmshopee\.angular\prerender-root\b3855818-eee3-4089-bde7-3a5efa0b89d9\data\admdb.sqlite
[2025-10-28 13:39:04] INFO: INI ALAMAT TABLENYA :  D:\Work\ARYA-WMS-SHOPPIE\ANG19\wmshopee\.angular\prerender-root\23d6855e-3357-41e4-8084-85219879cba2\data\admdb.sqlite
[2025-10-28 13:39:12] INFO: INI ALAMAT TABLENYA :  D:\Work\ARYA-WMS-SHOPPIE\ANG19\wmshopee\dist\wmshopee\server\data\admdb.sqlite
[2025-10-28 13:47:55] INFO: INI ALAMAT TABLENYA :  D:\Work\ARYA-WMS-SHOPPIE\ANG19\wmshopee\.angular\prerender-root\2f6d7129-d028-4259-bbe0-effe91195c9e\data\admdb.sqlite
[2025-10-28 13:47:56] INFO: INI ALAMAT TABLENYA :  D:\Work\ARYA-WMS-SHOPPIE\ANG19\wmshopee\.angular\prerender-root\7e2efdd0-f1e9-4462-a90e-79fe5a626b95\data\admdb.sqlite
[2025-10-28 13:47:56] INFO: INI ALAMAT TABLENYA :  D:\Work\ARYA-WMS-SHOPPIE\ANG19\wmshopee\.angular\prerender-root\5b123295-f5ac-41d4-b48e-94e2830039a9\data\admdb.sqlite
[2025-10-28 13:47:56] INFO: INI ALAMAT TABLENYA :  D:\Work\ARYA-WMS-SHOPPIE\ANG19\wmshopee\.angular\prerender-root\d85963ff-5cfd-4b50-b99b-e44d777352a1\data\admdb.sqlite
[2025-10-28 13:47:56] INFO: INI ALAMAT TABLENYA :  D:\Work\ARYA-WMS-SHOPPIE\ANG19\wmshopee\.angular\prerender-root\785c1995-3510-4753-9cd3-27a00ebba0c5\data\admdb.sqlite
[2025-10-28 13:48:04] INFO: INI ALAMAT TABLENYA :  D:\Work\ARYA-WMS-SHOPPIE\ANG19\wmshopee\dist\wmshopee\server\data\admdb.sqlite
[2025-10-28 13:48:08] INFO: ✅ Shopee refresh on fetchWithAuth Error: {"error":"invalid_acceess_token","message":"Invalid access_token, please have a check.","request_id":"e3e3e7f342326610e145a84c14700100"}
[2025-10-28 13:48:08] INFO: ✅ Shopee refresh on fetchWithAuth Error: {"error":"invalid_acceess_token","message":"Invalid access_token, please have a check.","request_id":"e3e3e7f342326610e8d699602eb70100"}
[2025-10-28 13:48:08] INFO: ✅ Shopee refresh on fetchWithAuth Error: {"error":"invalid_acceess_token","message":"Invalid access_token, please have a check.","request_id":"e3e3e7f342326610ef619cfc40090a00"}
[2025-10-28 13:48:08] INFO: Update data token : 
[2025-10-28 13:48:08] INFO: Update data token : 
[2025-10-28 13:48:08] INFO: Update data token : 
[2025-10-28 18:15:24] INFO: INI ALAMAT TABLENYA :  D:\Work\ARYA-WMS-SHOPPIE\ANG19\wmshopee\.angular\prerender-root\5a5295ce-9d4b-4ce7-acb8-497638c1c29f\data\admdb.sqlite
[2025-10-28 18:15:27] INFO: INI ALAMAT TABLENYA :  D:\Work\ARYA-WMS-SHOPPIE\ANG19\wmshopee\.angular\prerender-root\94555eb8-b3e7-4830-b556-e429974178a1\data\admdb.sqlite
[2025-10-28 18:15:27] INFO: INI ALAMAT TABLENYA :  D:\Work\ARYA-WMS-SHOPPIE\ANG19\wmshopee\.angular\prerender-root\bedf6f1f-08d0-48fc-8c91-a94b08b51358\data\admdb.sqlite
[2025-10-28 18:15:27] INFO: INI ALAMAT TABLENYA :  D:\Work\ARYA-WMS-SHOPPIE\ANG19\wmshopee\.angular\prerender-root\133bda08-7622-4f91-858c-a8e286e25911\data\admdb.sqlite
[2025-10-28 18:15:27] INFO: INI ALAMAT TABLENYA :  D:\Work\ARYA-WMS-SHOPPIE\ANG19\wmshopee\.angular\prerender-root\0ee2d97c-0e15-44be-bd71-f88d585e4061\data\admdb.sqlite
[2025-10-28 18:15:39] INFO: INI ALAMAT TABLENYA :  D:\Work\ARYA-WMS-SHOPPIE\ANG19\wmshopee\dist\wmshopee\server\data\admdb.sqlite
[2025-10-28 18:15:42] INFO: ✅ Shopee refresh on fetchWithAuth Error: {"error":"invalid_acceess_token","message":"Invalid access_token, please have a check.","request_id":"e3e3e7f3423622f32a7fe90170aeb100"}
[2025-10-28 18:15:42] INFO: ✅ Shopee refresh on fetchWithAuth Error: {"error":"invalid_acceess_token","message":"Invalid access_token, please have a check.","request_id":"e3e3e7f3423622f3408cfc641525b200"}
[2025-10-28 18:15:42] INFO: ✅ Shopee refresh on fetchWithAuth Error: {"error":"invalid_acceess_token","message":"Invalid access_token, please have a check.","request_id":"e3e3e7f3423622f34cd523eb2509e900"}
[2025-10-28 18:15:42] INFO: Update data token : 
[2025-10-28 18:15:42] INFO: Update data token : 
[2025-10-28 18:15:42] INFO: Update data token : 
[2025-10-28 18:16:04] INFO: ✅ package Sudah di List  28
[2025-10-28 18:16:30] ERROR: Error api.controller :  {}
[2025-10-28 18:21:58] INFO: INI ALAMAT TABLENYA :  D:\Work\ARYA-WMS-SHOPPIE\ANG19\wmshopee\.angular\prerender-root\15680567-7c2d-4942-bc51-d3b5959b957b\data\admdb.sqlite
[2025-10-28 18:22:00] INFO: INI ALAMAT TABLENYA :  D:\Work\ARYA-WMS-SHOPPIE\ANG19\wmshopee\.angular\prerender-root\5bf0facf-94de-492a-b7bc-079baa20e695\data\admdb.sqlite
[2025-10-28 18:22:00] INFO: INI ALAMAT TABLENYA :  D:\Work\ARYA-WMS-SHOPPIE\ANG19\wmshopee\.angular\prerender-root\058f7fdb-c22d-43e4-baac-b63c5f7a809b\data\admdb.sqlite
[2025-10-28 18:22:00] INFO: INI ALAMAT TABLENYA :  D:\Work\ARYA-WMS-SHOPPIE\ANG19\wmshopee\.angular\prerender-root\b5c614e6-f096-4607-b534-0c569cd918ae\data\admdb.sqlite
[2025-10-28 18:22:00] INFO: INI ALAMAT TABLENYA :  D:\Work\ARYA-WMS-SHOPPIE\ANG19\wmshopee\.angular\prerender-root\f587000f-b015-404c-860b-e4d8991c3daa\data\admdb.sqlite
[2025-10-28 18:22:18] INFO: INI ALAMAT TABLENYA :  D:\Work\ARYA-WMS-SHOPPIE\ANG19\wmshopee\dist\wmshopee\server\data\admdb.sqlite
[2025-10-28 18:33:26] INFO: INI ALAMAT TABLENYA :  D:\Work\ARYA-WMS-SHOPPIE\ANG19\wmshopee\.angular\prerender-root\ebce8fe1-bd0b-410a-8031-c65530fec896\data\admdb.sqlite
[2025-10-28 18:33:28] INFO: INI ALAMAT TABLENYA :  D:\Work\ARYA-WMS-SHOPPIE\ANG19\wmshopee\.angular\prerender-root\20a7c4c8-6979-4886-b941-d4aa35116e2d\data\admdb.sqlite
[2025-10-28 18:33:28] INFO: INI ALAMAT TABLENYA :  D:\Work\ARYA-WMS-SHOPPIE\ANG19\wmshopee\.angular\prerender-root\18e9eb0b-3e8d-4a92-8698-d17908aceeb0\data\admdb.sqlite
[2025-10-28 18:33:28] INFO: INI ALAMAT TABLENYA :  D:\Work\ARYA-WMS-SHOPPIE\ANG19\wmshopee\.angular\prerender-root\c2f78adf-b057-4f18-9d3f-e811060025d7\data\admdb.sqlite
[2025-10-28 18:33:28] INFO: INI ALAMAT TABLENYA :  D:\Work\ARYA-WMS-SHOPPIE\ANG19\wmshopee\.angular\prerender-root\d2548163-c0c6-4b7b-8c9f-499a3efa1f78\data\admdb.sqlite
[2025-10-28 18:34:24] INFO: INI ALAMAT TABLENYA :  D:\Work\ARYA-WMS-SHOPPIE\ANG19\wmshopee\.angular\prerender-root\84971c55-9e02-446e-9a1b-845663f209c7\data\admdb.sqlite
[2025-10-28 18:34:26] INFO: INI ALAMAT TABLENYA :  D:\Work\ARYA-WMS-SHOPPIE\ANG19\wmshopee\.angular\prerender-root\f6d7b786-3f7a-43c3-b125-0ce964502c78\data\admdb.sqlite
[2025-10-28 18:34:26] INFO: INI ALAMAT TABLENYA :  D:\Work\ARYA-WMS-SHOPPIE\ANG19\wmshopee\.angular\prerender-root\49016e2f-d9ad-4732-9164-4b1baccdd100\data\admdb.sqlite
[2025-10-28 18:34:26] INFO: INI ALAMAT TABLENYA :  D:\Work\ARYA-WMS-SHOPPIE\ANG19\wmshopee\.angular\prerender-root\60193262-3f55-4b22-8164-7fa3a6898e44\data\admdb.sqlite
[2025-10-28 18:34:26] INFO: INI ALAMAT TABLENYA :  D:\Work\ARYA-WMS-SHOPPIE\ANG19\wmshopee\.angular\prerender-root\2b137a9f-0a98-4158-8f40-68a43c800ed0\data\admdb.sqlite
[2025-10-28 18:34:46] INFO: INI ALAMAT TABLENYA :  D:\Work\ARYA-WMS-SHOPPIE\ANG19\wmshopee\dist\wmshopee\server\data\admdb.sqlite
[2025-10-28 18:35:25] ERROR: Error api.controller :  {}
[2025-10-28 18:47:16] INFO: INI ALAMAT TABLENYA :  D:\Work\ARYA-WMS-SHOPPIE\ANG19\wmshopee\.angular\prerender-root\f541ea34-05bc-4eb4-bb51-1018d2388ffd\data\admdb.sqlite
[2025-10-28 18:47:18] INFO: INI ALAMAT TABLENYA :  D:\Work\ARYA-WMS-SHOPPIE\ANG19\wmshopee\.angular\prerender-root\bbfb3de6-7110-46f0-98cb-2ccda9c1d61d\data\admdb.sqlite
[2025-10-28 18:47:18] INFO: INI ALAMAT TABLENYA :  D:\Work\ARYA-WMS-SHOPPIE\ANG19\wmshopee\.angular\prerender-root\0eb60b82-fc54-424f-81af-dd9f1e3c835b\data\admdb.sqlite
[2025-10-28 18:47:18] INFO: INI ALAMAT TABLENYA :  D:\Work\ARYA-WMS-SHOPPIE\ANG19\wmshopee\.angular\prerender-root\b976ebf9-4318-4e38-a71b-ea2cf36e6189\data\admdb.sqlite
[2025-10-28 18:47:18] INFO: INI ALAMAT TABLENYA :  D:\Work\ARYA-WMS-SHOPPIE\ANG19\wmshopee\.angular\prerender-root\eecf5e50-ecb4-49fa-88fc-64468823337c\data\admdb.sqlite
[2025-10-28 18:47:47] INFO: INI ALAMAT TABLENYA :  D:\Work\ARYA-WMS-SHOPPIE\ANG19\wmshopee\.angular\prerender-root\c2ee5df9-d7d0-4340-b828-934f7a0d40da\data\admdb.sqlite
[2025-10-28 18:47:49] INFO: INI ALAMAT TABLENYA :  D:\Work\ARYA-WMS-SHOPPIE\ANG19\wmshopee\.angular\prerender-root\25ae3b5a-b5c5-44e4-8c88-1b029c86fe7a\data\admdb.sqlite
[2025-10-28 18:47:49] INFO: INI ALAMAT TABLENYA :  D:\Work\ARYA-WMS-SHOPPIE\ANG19\wmshopee\.angular\prerender-root\e617e5d8-c5a0-432f-98da-b9cde8fe1161\data\admdb.sqlite
[2025-10-28 18:47:49] INFO: INI ALAMAT TABLENYA :  D:\Work\ARYA-WMS-SHOPPIE\ANG19\wmshopee\.angular\prerender-root\81556c77-112a-4331-a43a-303b211f9fc3\data\admdb.sqlite
[2025-10-28 18:47:49] INFO: INI ALAMAT TABLENYA :  D:\Work\ARYA-WMS-SHOPPIE\ANG19\wmshopee\.angular\prerender-root\56c9cf2a-e5de-4c3e-b886-5bb0762a18ec\data\admdb.sqlite
[2025-10-28 18:47:59] INFO: INI ALAMAT TABLENYA :  D:\Work\ARYA-WMS-SHOPPIE\ANG19\wmshopee\dist\wmshopee\server\data\admdb.sqlite
[2025-10-28 18:56:47] INFO: INI ALAMAT TABLENYA :  D:\Work\ARYA-WMS-SHOPPIE\ANG19\wmshopee\.angular\prerender-root\25c10eab-729f-44a3-8e86-0d7a56c5077c\data\admdb.sqlite
[2025-10-28 18:56:49] INFO: INI ALAMAT TABLENYA :  D:\Work\ARYA-WMS-SHOPPIE\ANG19\wmshopee\.angular\prerender-root\47aeaab8-c4f2-4a9c-8c53-08ae3a1e78a2\data\admdb.sqlite
[2025-10-28 18:56:49] INFO: INI ALAMAT TABLENYA :  D:\Work\ARYA-WMS-SHOPPIE\ANG19\wmshopee\.angular\prerender-root\b8e4d2c6-7d75-43d9-ba37-798001934f41\data\admdb.sqlite
[2025-10-28 18:56:49] INFO: INI ALAMAT TABLENYA :  D:\Work\ARYA-WMS-SHOPPIE\ANG19\wmshopee\.angular\prerender-root\25d6a1cc-5128-48aa-b8b7-0f8d6e93daaf\data\admdb.sqlite
[2025-10-28 18:56:49] INFO: INI ALAMAT TABLENYA :  D:\Work\ARYA-WMS-SHOPPIE\ANG19\wmshopee\.angular\prerender-root\f383469b-5b40-4fb4-b07e-eecd7881bd74\data\admdb.sqlite
[2025-10-28 18:57:01] INFO: INI ALAMAT TABLENYA :  D:\Work\ARYA-WMS-SHOPPIE\ANG19\wmshopee\dist\wmshopee\server\data\admdb.sqlite
[2025-10-28 18:58:15] INFO: ✅ package Sudah di List  42
[2025-10-28 19:05:08] INFO: INI ALAMAT TABLENYA :  D:\Work\ARYA-WMS-SHOPPIE\ANG19\wmshopee\.angular\prerender-root\5a914281-b8c3-4d4f-8bb8-992929c1e56c\data\admdb.sqlite
[2025-10-28 19:05:10] INFO: INI ALAMAT TABLENYA :  D:\Work\ARYA-WMS-SHOPPIE\ANG19\wmshopee\.angular\prerender-root\397f697f-eac1-4681-b3da-2b2e0e86b789\data\admdb.sqlite
[2025-10-28 19:05:10] INFO: INI ALAMAT TABLENYA :  D:\Work\ARYA-WMS-SHOPPIE\ANG19\wmshopee\.angular\prerender-root\c8274398-ce15-4ec2-80e0-5d3535b47beb\data\admdb.sqlite
[2025-10-28 19:05:10] INFO: INI ALAMAT TABLENYA :  D:\Work\ARYA-WMS-SHOPPIE\ANG19\wmshopee\.angular\prerender-root\2a0acb8c-4ba0-4fce-b862-12ae0170a0c9\data\admdb.sqlite
[2025-10-28 19:05:10] INFO: INI ALAMAT TABLENYA :  D:\Work\ARYA-WMS-SHOPPIE\ANG19\wmshopee\.angular\prerender-root\63d1187c-105b-43ea-ba8a-596a796829e1\data\admdb.sqlite
[2025-10-28 19:05:20] INFO: INI ALAMAT TABLENYA :  D:\Work\ARYA-WMS-SHOPPIE\ANG19\wmshopee\dist\wmshopee\server\data\admdb.sqlite
[2025-10-28 19:11:29] INFO: INI ALAMAT TABLENYA :  D:\Work\ARYA-WMS-SHOPPIE\ANG19\wmshopee\.angular\prerender-root\bcc08400-e2ce-4a92-94e7-b39b1ab1208a\data\admdb.sqlite
[2025-10-28 19:11:31] INFO: INI ALAMAT TABLENYA :  D:\Work\ARYA-WMS-SHOPPIE\ANG19\wmshopee\.angular\prerender-root\9b84131b-0b94-45ef-b9a0-0a19b5337646\data\admdb.sqlite
[2025-10-28 19:11:31] INFO: INI ALAMAT TABLENYA :  D:\Work\ARYA-WMS-SHOPPIE\ANG19\wmshopee\.angular\prerender-root\4d88eb02-435c-4711-81c7-106023f87786\data\admdb.sqlite
[2025-10-28 19:11:31] INFO: INI ALAMAT TABLENYA :  D:\Work\ARYA-WMS-SHOPPIE\ANG19\wmshopee\.angular\prerender-root\3b23ad95-fb1d-4e3d-b9e7-f58a98f2caa1\data\admdb.sqlite
[2025-10-28 19:11:31] INFO: INI ALAMAT TABLENYA :  D:\Work\ARYA-WMS-SHOPPIE\ANG19\wmshopee\.angular\prerender-root\cc74c8d8-2984-4174-8dee-6583061d12ac\data\admdb.sqlite
[2025-10-28 19:11:42] INFO: INI ALAMAT TABLENYA :  D:\Work\ARYA-WMS-SHOPPIE\ANG19\wmshopee\dist\wmshopee\server\data\admdb.sqlite
[2025-10-28 19:17:30] INFO: INI ALAMAT TABLENYA :  D:\Work\ARYA-WMS-SHOPPIE\ANG19\wmshopee\.angular\prerender-root\3e5cfdd9-5fe3-4773-92d1-00e699755530\data\admdb.sqlite
[2025-10-28 19:17:33] INFO: INI ALAMAT TABLENYA :  D:\Work\ARYA-WMS-SHOPPIE\ANG19\wmshopee\.angular\prerender-root\4b49b968-3aba-4c5c-9c57-b586f0a9e3ce\data\admdb.sqlite
[2025-10-28 19:17:33] INFO: INI ALAMAT TABLENYA :  D:\Work\ARYA-WMS-SHOPPIE\ANG19\wmshopee\.angular\prerender-root\5d24ee53-b66f-401f-9cbd-cac9cf32e974\data\admdb.sqlite
[2025-10-28 19:17:33] INFO: INI ALAMAT TABLENYA :  D:\Work\ARYA-WMS-SHOPPIE\ANG19\wmshopee\.angular\prerender-root\a64a88ef-6caa-47fb-b8cc-5aaace8399f9\data\admdb.sqlite
[2025-10-28 19:17:33] INFO: INI ALAMAT TABLENYA :  D:\Work\ARYA-WMS-SHOPPIE\ANG19\wmshopee\.angular\prerender-root\3a98d170-63f2-452e-9260-d34baa5c08c4\data\admdb.sqlite
[2025-10-28 19:18:04] INFO: INI ALAMAT TABLENYA :  D:\Work\ARYA-WMS-SHOPPIE\ANG19\wmshopee\dist\wmshopee\server\data\admdb.sqlite
[2025-10-28 19:32:51] INFO: INI ALAMAT TABLENYA :  D:\Work\ARYA-WMS-SHOPPIE\ANG19\wmshopee\.angular\prerender-root\6e0920c2-a296-4d1b-aaf4-f71257bfdf55\data\admdb.sqlite
[2025-10-28 19:32:53] INFO: INI ALAMAT TABLENYA :  D:\Work\ARYA-WMS-SHOPPIE\ANG19\wmshopee\.angular\prerender-root\0de869fb-ce47-4124-b271-1939b01aa9b2\data\admdb.sqlite
[2025-10-28 19:32:53] INFO: INI ALAMAT TABLENYA :  D:\Work\ARYA-WMS-SHOPPIE\ANG19\wmshopee\.angular\prerender-root\966bb6b9-352d-4640-9fbf-2bfe47b03cdc\data\admdb.sqlite
[2025-10-28 19:32:53] INFO: INI ALAMAT TABLENYA :  D:\Work\ARYA-WMS-SHOPPIE\ANG19\wmshopee\.angular\prerender-root\99346bb6-5492-4d3b-b600-b9ccb521b9cd\data\admdb.sqlite
[2025-10-28 19:32:53] INFO: INI ALAMAT TABLENYA :  D:\Work\ARYA-WMS-SHOPPIE\ANG19\wmshopee\.angular\prerender-root\bd772f87-8a86-4362-a91e-ae050912721f\data\admdb.sqlite
[2025-10-28 19:33:02] INFO: INI ALAMAT TABLENYA :  D:\Work\ARYA-WMS-SHOPPIE\ANG19\wmshopee\dist\wmshopee\server\data\admdb.sqlite
[2025-10-28 19:46:17] INFO: INI ALAMAT TABLENYA :  D:\Work\ARYA-WMS-SHOPPIE\ANG19\wmshopee\.angular\prerender-root\826b0d9c-3e01-4dfa-83f6-dc57a3e5486a\data\admdb.sqlite
[2025-10-28 19:46:20] INFO: INI ALAMAT TABLENYA :  D:\Work\ARYA-WMS-SHOPPIE\ANG19\wmshopee\.angular\prerender-root\fc2e0a28-cb57-46a0-840d-7aaba6fe3682\data\admdb.sqlite
[2025-10-28 19:46:20] INFO: INI ALAMAT TABLENYA :  D:\Work\ARYA-WMS-SHOPPIE\ANG19\wmshopee\.angular\prerender-root\92c7966f-58a4-4542-840f-6d8201b02109\data\admdb.sqlite
[2025-10-28 19:46:20] INFO: INI ALAMAT TABLENYA :  D:\Work\ARYA-WMS-SHOPPIE\ANG19\wmshopee\.angular\prerender-root\ec69c508-0423-4d92-a6f6-ffc19cff446a\data\admdb.sqlite
[2025-10-28 19:46:20] INFO: INI ALAMAT TABLENYA :  D:\Work\ARYA-WMS-SHOPPIE\ANG19\wmshopee\.angular\prerender-root\86c8f783-f5a5-4b69-b325-49b037a7eb88\data\admdb.sqlite
[2025-10-28 19:46:33] INFO: INI ALAMAT TABLENYA :  D:\Work\ARYA-WMS-SHOPPIE\ANG19\wmshopee\dist\wmshopee\server\data\admdb.sqlite
[2025-10-28 19:52:46] INFO: INI ALAMAT TABLENYA :  D:\Work\ARYA-WMS-SHOPPIE\ANG19\wmshopee\.angular\prerender-root\aad3a540-2408-4e28-b2f8-8e7eec7a7c23\data\admdb.sqlite
[2025-10-28 19:52:49] INFO: INI ALAMAT TABLENYA :  D:\Work\ARYA-WMS-SHOPPIE\ANG19\wmshopee\.angular\prerender-root\c35fa921-ba64-4134-bb4e-8be00bc99619\data\admdb.sqlite
[2025-10-28 19:52:49] INFO: INI ALAMAT TABLENYA :  D:\Work\ARYA-WMS-SHOPPIE\ANG19\wmshopee\.angular\prerender-root\7d550c2f-d3b0-4f73-828d-17bfb0832863\data\admdb.sqlite
[2025-10-28 19:52:49] INFO: INI ALAMAT TABLENYA :  D:\Work\ARYA-WMS-SHOPPIE\ANG19\wmshopee\.angular\prerender-root\b066e902-eb57-4230-ad72-73f1d1018173\data\admdb.sqlite
[2025-10-28 19:52:49] INFO: INI ALAMAT TABLENYA :  D:\Work\ARYA-WMS-SHOPPIE\ANG19\wmshopee\.angular\prerender-root\7fa57f84-2dd1-47ef-b8e3-265ed459e6fc\data\admdb.sqlite
[2025-10-28 19:53:00] INFO: INI ALAMAT TABLENYA :  D:\Work\ARYA-WMS-SHOPPIE\ANG19\wmshopee\dist\wmshopee\server\data\admdb.sqlite
[2025-10-28 19:56:33] INFO: INI ALAMAT TABLENYA :  D:\Work\ARYA-WMS-SHOPPIE\ANG19\wmshopee\.angular\prerender-root\e8624ece-0807-479e-a6da-f6539e978546\data\admdb.sqlite
[2025-10-28 19:56:35] INFO: INI ALAMAT TABLENYA :  D:\Work\ARYA-WMS-SHOPPIE\ANG19\wmshopee\.angular\prerender-root\5826f60c-8874-441b-822a-7b3cd4538eef\data\admdb.sqlite
[2025-10-28 19:56:35] INFO: INI ALAMAT TABLENYA :  D:\Work\ARYA-WMS-SHOPPIE\ANG19\wmshopee\.angular\prerender-root\0d6ceb06-1b03-4858-88c5-70da6bf1290f\data\admdb.sqlite
[2025-10-28 19:56:35] INFO: INI ALAMAT TABLENYA :  D:\Work\ARYA-WMS-SHOPPIE\ANG19\wmshopee\.angular\prerender-root\ef86d045-1149-4a6d-88a8-da8ca443d2fa\data\admdb.sqlite
[2025-10-28 19:56:35] INFO: INI ALAMAT TABLENYA :  D:\Work\ARYA-WMS-SHOPPIE\ANG19\wmshopee\.angular\prerender-root\3d5ea5a2-45f4-4eb5-9095-325a79f98df6\data\admdb.sqlite
[2025-10-28 19:56:46] INFO: INI ALAMAT TABLENYA :  D:\Work\ARYA-WMS-SHOPPIE\ANG19\wmshopee\dist\wmshopee\server\data\admdb.sqlite
[2025-10-28 19:58:52] INFO: INI ALAMAT TABLENYA :  D:\Work\ARYA-WMS-SHOPPIE\ANG19\wmshopee\.angular\prerender-root\647fdbc8-3176-4425-99f5-b2592e8219fb\data\admdb.sqlite
[2025-10-28 19:58:54] INFO: INI ALAMAT TABLENYA :  D:\Work\ARYA-WMS-SHOPPIE\ANG19\wmshopee\.angular\prerender-root\7cc981eb-c2c3-41e4-9c33-93702d8cb5cf\data\admdb.sqlite
[2025-10-28 19:58:54] INFO: INI ALAMAT TABLENYA :  D:\Work\ARYA-WMS-SHOPPIE\ANG19\wmshopee\.angular\prerender-root\c6df6068-7c9d-4e1c-b345-fa8fead4652c\data\admdb.sqlite
[2025-10-28 19:58:54] INFO: INI ALAMAT TABLENYA :  D:\Work\ARYA-WMS-SHOPPIE\ANG19\wmshopee\.angular\prerender-root\ebd91907-771b-47d5-a7c3-034e8882b4c6\data\admdb.sqlite
[2025-10-28 19:58:54] INFO: INI ALAMAT TABLENYA :  D:\Work\ARYA-WMS-SHOPPIE\ANG19\wmshopee\.angular\prerender-root\8b54cca0-2e58-4063-9c6f-35f944c31a48\data\admdb.sqlite
[2025-10-28 19:59:03] INFO: INI ALAMAT TABLENYA :  D:\Work\ARYA-WMS-SHOPPIE\ANG19\wmshopee\dist\wmshopee\server\data\admdb.sqlite
[2025-10-28 20:00:24] INFO: INI ALAMAT TABLENYA :  D:\Work\ARYA-WMS-SHOPPIE\ANG19\wmshopee\.angular\prerender-root\33a15c79-ba84-4d14-9ce3-4a172d39e7ca\data\admdb.sqlite
[2025-10-28 20:00:26] INFO: INI ALAMAT TABLENYA :  D:\Work\ARYA-WMS-SHOPPIE\ANG19\wmshopee\.angular\prerender-root\6e4242d7-530f-4d0b-b126-aca76faee860\data\admdb.sqlite
[2025-10-28 20:00:26] INFO: INI ALAMAT TABLENYA :  D:\Work\ARYA-WMS-SHOPPIE\ANG19\wmshopee\.angular\prerender-root\c74a3b06-92f8-4f83-a1d8-736df86cd8b9\data\admdb.sqlite
[2025-10-28 20:00:26] INFO: INI ALAMAT TABLENYA :  D:\Work\ARYA-WMS-SHOPPIE\ANG19\wmshopee\.angular\prerender-root\19fbc888-9f24-440a-9df8-d763062d1383\data\admdb.sqlite
[2025-10-28 20:00:26] INFO: INI ALAMAT TABLENYA :  D:\Work\ARYA-WMS-SHOPPIE\ANG19\wmshopee\.angular\prerender-root\c1e2fb2d-c202-4132-8044-a6f0abc65837\data\admdb.sqlite
[2025-10-28 20:00:38] INFO: INI ALAMAT TABLENYA :  D:\Work\ARYA-WMS-SHOPPIE\ANG19\wmshopee\dist\wmshopee\server\data\admdb.sqlite
[2025-10-28 20:05:08] INFO: INI ALAMAT TABLENYA :  D:\Work\ARYA-WMS-SHOPPIE\ANG19\wmshopee\.angular\prerender-root\022ad718-3409-4145-832c-4abc3f6bf7d0\data\admdb.sqlite
[2025-10-28 20:05:10] INFO: INI ALAMAT TABLENYA :  D:\Work\ARYA-WMS-SHOPPIE\ANG19\wmshopee\.angular\prerender-root\c5bf2f0c-59ab-4570-a39a-ed42b32da0cd\data\admdb.sqlite
[2025-10-28 20:05:10] INFO: INI ALAMAT TABLENYA :  D:\Work\ARYA-WMS-SHOPPIE\ANG19\wmshopee\.angular\prerender-root\935ec553-1b0d-464c-8d68-421ce48bf15c\data\admdb.sqlite
[2025-10-28 20:05:10] INFO: INI ALAMAT TABLENYA :  D:\Work\ARYA-WMS-SHOPPIE\ANG19\wmshopee\.angular\prerender-root\3807a04e-6891-4af6-8b53-bf4bf134444b\data\admdb.sqlite
[2025-10-28 20:05:10] INFO: INI ALAMAT TABLENYA :  D:\Work\ARYA-WMS-SHOPPIE\ANG19\wmshopee\.angular\prerender-root\47515509-6324-4829-a469-e849c98c627f\data\admdb.sqlite
[2025-10-28 20:05:21] INFO: INI ALAMAT TABLENYA :  D:\Work\ARYA-WMS-SHOPPIE\ANG19\wmshopee\dist\wmshopee\server\data\admdb.sqlite
[2025-10-28 20:08:06] INFO: INI ALAMAT TABLENYA :  D:\Work\ARYA-WMS-SHOPPIE\ANG19\wmshopee\.angular\prerender-root\3ade1cbe-57f9-405d-bfab-8c98704a3cc0\data\admdb.sqlite
[2025-10-28 20:08:08] INFO: INI ALAMAT TABLENYA :  D:\Work\ARYA-WMS-SHOPPIE\ANG19\wmshopee\.angular\prerender-root\dbb5219a-c903-4c5f-a167-3c4870d3a651\data\admdb.sqlite
[2025-10-28 20:08:08] INFO: INI ALAMAT TABLENYA :  D:\Work\ARYA-WMS-SHOPPIE\ANG19\wmshopee\.angular\prerender-root\80a4a4db-a95e-4808-84e3-b8e83bbd3cc7\data\admdb.sqlite
[2025-10-28 20:08:08] INFO: INI ALAMAT TABLENYA :  D:\Work\ARYA-WMS-SHOPPIE\ANG19\wmshopee\.angular\prerender-root\1e0b13d3-9b94-40c0-b3f2-c0f8385dbe8a\data\admdb.sqlite
[2025-10-28 20:08:08] INFO: INI ALAMAT TABLENYA :  D:\Work\ARYA-WMS-SHOPPIE\ANG19\wmshopee\.angular\prerender-root\9d0bbd37-b1fa-448e-865a-0fe04c6cc7de\data\admdb.sqlite
[2025-10-28 20:08:19] INFO: INI ALAMAT TABLENYA :  D:\Work\ARYA-WMS-SHOPPIE\ANG19\wmshopee\dist\wmshopee\server\data\admdb.sqlite
[2025-10-28 20:16:42] INFO: INI ALAMAT TABLENYA :  D:\Work\ARYA-WMS-SHOPPIE\ANG19\wmshopee\.angular\prerender-root\ec89e163-605a-4cb6-982f-fa9f0cf5d5e6\data\admdb.sqlite
[2025-10-28 20:16:44] INFO: INI ALAMAT TABLENYA :  D:\Work\ARYA-WMS-SHOPPIE\ANG19\wmshopee\.angular\prerender-root\67e41e6c-a9b9-4e25-b8d3-9369f9e44b7f\data\admdb.sqlite
[2025-10-28 20:16:44] INFO: INI ALAMAT TABLENYA :  D:\Work\ARYA-WMS-SHOPPIE\ANG19\wmshopee\.angular\prerender-root\950cb8f2-3eda-42b4-a428-f657b5f899d5\data\admdb.sqlite
[2025-10-28 20:16:44] INFO: INI ALAMAT TABLENYA :  D:\Work\ARYA-WMS-SHOPPIE\ANG19\wmshopee\.angular\prerender-root\e64d9936-99d0-41be-a4bb-cc077ba52f59\data\admdb.sqlite
[2025-10-28 20:16:44] INFO: INI ALAMAT TABLENYA :  D:\Work\ARYA-WMS-SHOPPIE\ANG19\wmshopee\.angular\prerender-root\e91e74a6-497d-4d96-bd64-512c041b03f8\data\admdb.sqlite
[2025-10-28 20:17:19] INFO: INI ALAMAT TABLENYA :  D:\Work\ARYA-WMS-SHOPPIE\ANG19\wmshopee\dist\wmshopee\server\data\admdb.sqlite
[2025-10-28 20:21:24] INFO: INI ALAMAT TABLENYA :  D:\Work\ARYA-WMS-SHOPPIE\ANG19\wmshopee\.angular\prerender-root\eaa63d15-e3fc-4341-9db1-71ec87db5062\data\admdb.sqlite
[2025-10-28 20:21:26] INFO: INI ALAMAT TABLENYA :  D:\Work\ARYA-WMS-SHOPPIE\ANG19\wmshopee\.angular\prerender-root\938dc530-1ea4-44a1-8bd3-741b7644b461\data\admdb.sqlite
[2025-10-28 20:21:26] INFO: INI ALAMAT TABLENYA :  D:\Work\ARYA-WMS-SHOPPIE\ANG19\wmshopee\.angular\prerender-root\a52c8a5d-0b80-4e0a-a2ea-0ba0a7185b6e\data\admdb.sqlite
[2025-10-28 20:21:26] INFO: INI ALAMAT TABLENYA :  D:\Work\ARYA-WMS-SHOPPIE\ANG19\wmshopee\.angular\prerender-root\923e43ee-acff-455b-a40b-110497352cfc\data\admdb.sqlite
[2025-10-28 20:21:26] INFO: INI ALAMAT TABLENYA :  D:\Work\ARYA-WMS-SHOPPIE\ANG19\wmshopee\.angular\prerender-root\602b3e82-c9e4-47af-9631-29808deef169\data\admdb.sqlite
[2025-10-28 20:21:39] INFO: INI ALAMAT TABLENYA :  D:\Work\ARYA-WMS-SHOPPIE\ANG19\wmshopee\dist\wmshopee\server\data\admdb.sqlite
[2025-10-28 20:32:26] INFO: INI ALAMAT TABLENYA :  D:\Work\ARYA-WMS-SHOPPIE\ANG19\wmshopee\.angular\prerender-root\0fd099fb-6725-43b1-842c-43f7cfd3fba1\data\admdb.sqlite
[2025-10-28 20:32:27] INFO: INI ALAMAT TABLENYA :  D:\Work\ARYA-WMS-SHOPPIE\ANG19\wmshopee\.angular\prerender-root\fb86f097-449a-4ead-a96c-d082e83104d5\data\admdb.sqlite
[2025-10-28 20:32:27] INFO: INI ALAMAT TABLENYA :  D:\Work\ARYA-WMS-SHOPPIE\ANG19\wmshopee\.angular\prerender-root\8a5e1f19-1293-4095-8914-0bfd854a22c0\data\admdb.sqlite
[2025-10-28 20:32:27] INFO: INI ALAMAT TABLENYA :  D:\Work\ARYA-WMS-SHOPPIE\ANG19\wmshopee\.angular\prerender-root\3a3a8920-84cf-4c28-a477-3072b6204ff4\data\admdb.sqlite
[2025-10-28 20:32:27] INFO: INI ALAMAT TABLENYA :  D:\Work\ARYA-WMS-SHOPPIE\ANG19\wmshopee\.angular\prerender-root\54f0ae33-eecd-4eb6-91c1-bed38c29d0bb\data\admdb.sqlite
[2025-10-28 20:32:33] INFO: INI ALAMAT TABLENYA :  D:\Work\ARYA-WMS-SHOPPIE\ANG19\wmshopee\dist\wmshopee\server\data\admdb.sqlite
[2025-10-28 20:38:03] INFO: INI ALAMAT TABLENYA :  D:\Work\ARYA-WMS-SHOPPIE\ANG19\wmshopee\.angular\prerender-root\02efffd3-e057-4d51-903e-791635492329\data\admdb.sqlite
[2025-10-28 20:38:08] INFO: INI ALAMAT TABLENYA :  D:\Work\ARYA-WMS-SHOPPIE\ANG19\wmshopee\.angular\prerender-root\30904626-839e-4c3a-a31c-2dcf8a88191f\data\admdb.sqlite
[2025-10-28 20:38:08] INFO: INI ALAMAT TABLENYA :  D:\Work\ARYA-WMS-SHOPPIE\ANG19\wmshopee\.angular\prerender-root\90435830-8b23-49c1-abb1-24f625406d73\data\admdb.sqlite
[2025-10-28 20:38:08] INFO: INI ALAMAT TABLENYA :  D:\Work\ARYA-WMS-SHOPPIE\ANG19\wmshopee\.angular\prerender-root\1d755508-27e0-4d10-bfb7-03b0994e432a\data\admdb.sqlite
[2025-10-28 20:38:08] INFO: INI ALAMAT TABLENYA :  D:\Work\ARYA-WMS-SHOPPIE\ANG19\wmshopee\.angular\prerender-root\376c9f2a-e84c-4d17-8aa1-3ed4fa646486\data\admdb.sqlite
[2025-10-28 20:38:17] INFO: INI ALAMAT TABLENYA :  D:\Work\ARYA-WMS-SHOPPIE\ANG19\wmshopee\dist\wmshopee\server\data\admdb.sqlite
[2025-10-28 20:45:50] INFO: INI ALAMAT TABLENYA :  D:\Work\ARYA-WMS-SHOPPIE\ANG19\wmshopee\.angular\prerender-root\e2974bfa-16fe-42b9-9d0c-38475de3afc6\data\admdb.sqlite
[2025-10-28 20:45:51] INFO: INI ALAMAT TABLENYA :  D:\Work\ARYA-WMS-SHOPPIE\ANG19\wmshopee\.angular\prerender-root\e17a7a18-e86d-449b-a6a0-fee14e49c1ed\data\admdb.sqlite
[2025-10-28 20:45:51] INFO: INI ALAMAT TABLENYA :  D:\Work\ARYA-WMS-SHOPPIE\ANG19\wmshopee\.angular\prerender-root\b8b70a30-958d-49b2-8f02-f6ff5836be04\data\admdb.sqlite
[2025-10-28 20:45:51] INFO: INI ALAMAT TABLENYA :  D:\Work\ARYA-WMS-SHOPPIE\ANG19\wmshopee\.angular\prerender-root\dee065a3-6fc4-4ea0-a8df-0f1e6e10aa49\data\admdb.sqlite
[2025-10-28 20:45:51] INFO: INI ALAMAT TABLENYA :  D:\Work\ARYA-WMS-SHOPPIE\ANG19\wmshopee\.angular\prerender-root\d094340c-4161-48d9-a7bd-a8a4003b7905\data\admdb.sqlite
[2025-10-28 20:45:59] INFO: INI ALAMAT TABLENYA :  D:\Work\ARYA-WMS-SHOPPIE\ANG19\wmshopee\dist\wmshopee\server\data\admdb.sqlite
[2025-10-28 20:52:47] INFO: INI ALAMAT TABLENYA :  D:\Work\ARYA-WMS-SHOPPIE\ANG19\wmshopee\.angular\prerender-root\fa49ec16-fd7c-45e1-876f-e01d8a2392ff\data\admdb.sqlite
[2025-10-28 20:52:48] INFO: INI ALAMAT TABLENYA :  D:\Work\ARYA-WMS-SHOPPIE\ANG19\wmshopee\.angular\prerender-root\eac27a39-91b5-4045-a688-658426d0e6ab\data\admdb.sqlite
[2025-10-28 20:52:48] INFO: INI ALAMAT TABLENYA :  D:\Work\ARYA-WMS-SHOPPIE\ANG19\wmshopee\.angular\prerender-root\dcbd4285-7fd4-48b2-a4d5-d5391efb25fb\data\admdb.sqlite
[2025-10-28 20:52:48] INFO: INI ALAMAT TABLENYA :  D:\Work\ARYA-WMS-SHOPPIE\ANG19\wmshopee\.angular\prerender-root\30580dc2-2886-483e-8cdb-2cde911e2b0f\data\admdb.sqlite
[2025-10-28 20:52:48] INFO: INI ALAMAT TABLENYA :  D:\Work\ARYA-WMS-SHOPPIE\ANG19\wmshopee\.angular\prerender-root\2c7324ca-7de8-4456-aa90-d733f1b3afbe\data\admdb.sqlite
[2025-10-28 20:53:01] INFO: INI ALAMAT TABLENYA :  D:\Work\ARYA-WMS-SHOPPIE\ANG19\wmshopee\dist\wmshopee\server\data\admdb.sqlite
[2025-10-28 20:59:52] INFO: INI ALAMAT TABLENYA :  D:\Work\ARYA-WMS-SHOPPIE\ANG19\wmshopee\.angular\prerender-root\2b977e24-220e-439f-ab68-f7c7d5553a10\data\admdb.sqlite
[2025-10-28 20:59:54] INFO: INI ALAMAT TABLENYA :  D:\Work\ARYA-WMS-SHOPPIE\ANG19\wmshopee\.angular\prerender-root\087c35d1-76a2-4dc5-acaf-f3e34231df48\data\admdb.sqlite
[2025-10-28 20:59:54] INFO: INI ALAMAT TABLENYA :  D:\Work\ARYA-WMS-SHOPPIE\ANG19\wmshopee\.angular\prerender-root\60b9e3b1-838b-4e67-b804-9344951e5d59\data\admdb.sqlite
[2025-10-28 20:59:54] INFO: INI ALAMAT TABLENYA :  D:\Work\ARYA-WMS-SHOPPIE\ANG19\wmshopee\.angular\prerender-root\84dee663-b314-41bd-9b83-ef0c863bf091\data\admdb.sqlite
[2025-10-28 20:59:54] INFO: INI ALAMAT TABLENYA :  D:\Work\ARYA-WMS-SHOPPIE\ANG19\wmshopee\.angular\prerender-root\faa49416-150a-489a-bb4f-df69e1b3a0ec\data\admdb.sqlite
[2025-10-28 21:00:01] INFO: INI ALAMAT TABLENYA :  D:\Work\ARYA-WMS-SHOPPIE\ANG19\wmshopee\dist\wmshopee\server\data\admdb.sqlite
[2025-10-28 21:02:26] INFO: INI ALAMAT TABLENYA :  D:\Work\ARYA-WMS-SHOPPIE\ANG19\wmshopee\.angular\prerender-root\ade3827a-3fb7-4280-88a6-ca77e51d8c76\data\admdb.sqlite
[2025-10-28 21:02:28] INFO: INI ALAMAT TABLENYA :  D:\Work\ARYA-WMS-SHOPPIE\ANG19\wmshopee\.angular\prerender-root\27d56ff1-3e8a-4410-a307-7609adf3865f\data\admdb.sqlite
[2025-10-28 21:02:28] INFO: INI ALAMAT TABLENYA :  D:\Work\ARYA-WMS-SHOPPIE\ANG19\wmshopee\.angular\prerender-root\6dc5609a-6e49-40a1-9065-31daed7c96d1\data\admdb.sqlite
[2025-10-28 21:02:28] INFO: INI ALAMAT TABLENYA :  D:\Work\ARYA-WMS-SHOPPIE\ANG19\wmshopee\.angular\prerender-root\0a664431-42c4-4d05-a23e-e5edc9368276\data\admdb.sqlite
[2025-10-28 21:02:28] INFO: INI ALAMAT TABLENYA :  D:\Work\ARYA-WMS-SHOPPIE\ANG19\wmshopee\.angular\prerender-root\37faf097-5a02-41c2-9484-1a9d89c10226\data\admdb.sqlite
[2025-10-28 21:02:34] INFO: INI ALAMAT TABLENYA :  D:\Work\ARYA-WMS-SHOPPIE\ANG19\wmshopee\dist\wmshopee\server\data\admdb.sqlite
[2025-10-28 21:04:59] INFO: INI ALAMAT TABLENYA :  D:\Work\ARYA-WMS-SHOPPIE\ANG19\wmshopee\.angular\prerender-root\1ba1fc19-2d9b-46c2-ba5e-5f9a1b204516\data\admdb.sqlite
[2025-10-28 21:05:01] INFO: INI ALAMAT TABLENYA :  D:\Work\ARYA-WMS-SHOPPIE\ANG19\wmshopee\.angular\prerender-root\eb96af56-0f04-4f78-ac4c-758317554c30\data\admdb.sqlite
[2025-10-28 21:05:01] INFO: INI ALAMAT TABLENYA :  D:\Work\ARYA-WMS-SHOPPIE\ANG19\wmshopee\.angular\prerender-root\b7e447f4-7be4-4e63-b080-b6ae646f7be0\data\admdb.sqlite
[2025-10-28 21:05:01] INFO: INI ALAMAT TABLENYA :  D:\Work\ARYA-WMS-SHOPPIE\ANG19\wmshopee\.angular\prerender-root\fb5af49e-4dad-476e-b736-e95a34e84d60\data\admdb.sqlite
[2025-10-28 21:05:01] INFO: INI ALAMAT TABLENYA :  D:\Work\ARYA-WMS-SHOPPIE\ANG19\wmshopee\.angular\prerender-root\848ccd4a-1bd3-4f60-be37-3bf4e75d0421\data\admdb.sqlite
[2025-10-28 21:05:09] INFO: INI ALAMAT TABLENYA :  D:\Work\ARYA-WMS-SHOPPIE\ANG19\wmshopee\dist\wmshopee\server\data\admdb.sqlite
[2025-10-28 21:09:06] INFO: ✅ package Sudah di List  102
[2025-10-28 21:12:49] INFO: INI ALAMAT TABLENYA :  D:\Work\ARYA-WMS-SHOPPIE\ANG19\wmshopee\.angular\prerender-root\3256bb78-d467-48ef-b355-d1e011d0e17a\data\admdb.sqlite
[2025-10-28 21:12:51] INFO: INI ALAMAT TABLENYA :  D:\Work\ARYA-WMS-SHOPPIE\ANG19\wmshopee\.angular\prerender-root\d0c4da48-716a-4b5e-a5c7-b3386e9486a6\data\admdb.sqlite
[2025-10-28 21:12:51] INFO: INI ALAMAT TABLENYA :  D:\Work\ARYA-WMS-SHOPPIE\ANG19\wmshopee\.angular\prerender-root\96ef0cb2-5611-4982-8ed4-895dde556b9e\data\admdb.sqlite
[2025-10-28 21:12:51] INFO: INI ALAMAT TABLENYA :  D:\Work\ARYA-WMS-SHOPPIE\ANG19\wmshopee\.angular\prerender-root\93cabc88-f01a-410f-9d81-e0d9c623f277\data\admdb.sqlite
[2025-10-28 21:12:51] INFO: INI ALAMAT TABLENYA :  D:\Work\ARYA-WMS-SHOPPIE\ANG19\wmshopee\.angular\prerender-root\aa9cf97a-2df6-47b2-9f8c-1412d27ae7d3\data\admdb.sqlite
[2025-10-28 21:13:00] INFO: INI ALAMAT TABLENYA :  D:\Work\ARYA-WMS-SHOPPIE\ANG19\wmshopee\dist\wmshopee\server\data\admdb.sqlite
[2025-10-28 21:22:24] INFO: INI ALAMAT TABLENYA :  D:\Work\ARYA-WMS-SHOPPIE\ANG19\wmshopee\.angular\prerender-root\d91f5d15-668d-4298-bad8-d8ffa2efa8a5\data\admdb.sqlite
[2025-10-28 21:22:25] INFO: INI ALAMAT TABLENYA :  D:\Work\ARYA-WMS-SHOPPIE\ANG19\wmshopee\.angular\prerender-root\4ca3e71d-f10c-4d8c-a280-7e9fd6607931\data\admdb.sqlite
[2025-10-28 21:22:25] INFO: INI ALAMAT TABLENYA :  D:\Work\ARYA-WMS-SHOPPIE\ANG19\wmshopee\.angular\prerender-root\44cd23b7-32d4-402f-a104-45e0fbfb26f9\data\admdb.sqlite
[2025-10-28 21:22:25] INFO: INI ALAMAT TABLENYA :  D:\Work\ARYA-WMS-SHOPPIE\ANG19\wmshopee\.angular\prerender-root\bf915a33-1453-48fe-9d49-a37ee769f96f\data\admdb.sqlite
[2025-10-28 21:22:25] INFO: INI ALAMAT TABLENYA :  D:\Work\ARYA-WMS-SHOPPIE\ANG19\wmshopee\.angular\prerender-root\b2e1ec42-064e-4ab8-836d-2798a812941a\data\admdb.sqlite
[2025-10-28 21:22:32] INFO: INI ALAMAT TABLENYA :  D:\Work\ARYA-WMS-SHOPPIE\ANG19\wmshopee\dist\wmshopee\server\data\admdb.sqlite
[2025-10-28 21:23:03] ERROR: Error api.controller :  {}
[2025-10-28 21:31:28] INFO: INI ALAMAT TABLENYA :  D:\Work\ARYA-WMS-SHOPPIE\ANG19\wmshopee\.angular\prerender-root\f3763263-2cb2-4d5e-9250-4402719a7e53\data\admdb.sqlite
[2025-10-28 21:31:29] INFO: INI ALAMAT TABLENYA :  D:\Work\ARYA-WMS-SHOPPIE\ANG19\wmshopee\.angular\prerender-root\bd7b6e4b-bf54-43df-8e8c-062f742e61cb\data\admdb.sqlite
[2025-10-28 21:31:29] INFO: INI ALAMAT TABLENYA :  D:\Work\ARYA-WMS-SHOPPIE\ANG19\wmshopee\.angular\prerender-root\e94617da-d676-4918-a00c-c2d96276e9da\data\admdb.sqlite
[2025-10-28 21:31:29] INFO: INI ALAMAT TABLENYA :  D:\Work\ARYA-WMS-SHOPPIE\ANG19\wmshopee\.angular\prerender-root\8b47c991-2b4a-451f-a337-2e7ae35d5e96\data\admdb.sqlite
[2025-10-28 21:31:29] INFO: INI ALAMAT TABLENYA :  D:\Work\ARYA-WMS-SHOPPIE\ANG19\wmshopee\.angular\prerender-root\80af4ccd-ec51-499d-8122-bdb4a334b3ba\data\admdb.sqlite
[2025-10-28 21:31:38] INFO: INI ALAMAT TABLENYA :  D:\Work\ARYA-WMS-SHOPPIE\ANG19\wmshopee\dist\wmshopee\server\data\admdb.sqlite
[2025-10-28 21:31:58] ERROR: Error api.controller :  {}
[2025-10-28 21:38:20] INFO: INI ALAMAT TABLENYA :  D:\Work\ARYA-WMS-SHOPPIE\ANG19\wmshopee\.angular\prerender-root\c17a0c41-e015-477f-8968-48d7d2524e63\data\admdb.sqlite
[2025-10-28 21:38:22] INFO: INI ALAMAT TABLENYA :  D:\Work\ARYA-WMS-SHOPPIE\ANG19\wmshopee\.angular\prerender-root\d5c8b4d8-e3c4-4036-90eb-8a020257ab25\data\admdb.sqlite
[2025-10-28 21:38:22] INFO: INI ALAMAT TABLENYA :  D:\Work\ARYA-WMS-SHOPPIE\ANG19\wmshopee\.angular\prerender-root\785206de-514a-4fa2-9a33-83f7ec812e9a\data\admdb.sqlite
[2025-10-28 21:38:22] INFO: INI ALAMAT TABLENYA :  D:\Work\ARYA-WMS-SHOPPIE\ANG19\wmshopee\.angular\prerender-root\f6e7f012-7011-4c3e-9444-f08ac2d92831\data\admdb.sqlite
[2025-10-28 21:38:22] INFO: INI ALAMAT TABLENYA :  D:\Work\ARYA-WMS-SHOPPIE\ANG19\wmshopee\.angular\prerender-root\724e1405-6743-4a26-a0bc-a7292c4a2570\data\admdb.sqlite
[2025-10-28 21:38:35] INFO: INI ALAMAT TABLENYA :  D:\Work\ARYA-WMS-SHOPPIE\ANG19\wmshopee\dist\wmshopee\server\data\admdb.sqlite
[2025-10-28 21:38:56] ERROR: Error api.controller :  {}
[2025-10-28 21:41:58] INFO: INI ALAMAT TABLENYA :  D:\Work\ARYA-WMS-SHOPPIE\ANG19\wmshopee\.angular\prerender-root\bb88b021-9b7a-45d2-a5c0-995965d142e4\data\admdb.sqlite
[2025-10-28 21:41:59] INFO: INI ALAMAT TABLENYA :  D:\Work\ARYA-WMS-SHOPPIE\ANG19\wmshopee\.angular\prerender-root\7752b2e3-211c-4dfe-9df3-387a4465185a\data\admdb.sqlite
[2025-10-28 21:41:59] INFO: INI ALAMAT TABLENYA :  D:\Work\ARYA-WMS-SHOPPIE\ANG19\wmshopee\.angular\prerender-root\95fd1e72-c260-4281-bc38-2d3dcc5ef781\data\admdb.sqlite
[2025-10-28 21:41:59] INFO: INI ALAMAT TABLENYA :  D:\Work\ARYA-WMS-SHOPPIE\ANG19\wmshopee\.angular\prerender-root\977fc05e-0548-40c8-9d19-4d797e51bd7e\data\admdb.sqlite
[2025-10-28 21:41:59] INFO: INI ALAMAT TABLENYA :  D:\Work\ARYA-WMS-SHOPPIE\ANG19\wmshopee\.angular\prerender-root\e61f1a5a-6c24-46dd-8e36-068c690582f7\data\admdb.sqlite
[2025-10-28 21:42:10] INFO: INI ALAMAT TABLENYA :  D:\Work\ARYA-WMS-SHOPPIE\ANG19\wmshopee\dist\wmshopee\server\data\admdb.sqlite
[2025-10-28 21:49:12] INFO: ⚠️ shippedOrders Paksa 1 :  [{"order_sn":"251028AAX3KM2V","package_number":"OFG215355345277900","logistics_channel_id":"80029"},{"order_sn":"251028ACBAC5XG","package_number":"OFG215356862266405","logistics_channel_id":"80029"}]
[2025-10-28 21:49:12] INFO: ⚠️ shippedOrders Paksa 1 :  [{"order_sn":"251028AAX3KM2V","package_number":"OFG215355345277900","logistics_channel_id":"80029"},{"order_sn":"251028ACBAC5XG","package_number":"OFG215356862266405","logistics_channel_id":"80029"}]
[2025-10-28 21:49:12] ERROR: Error api.controller :  {}
[2025-10-28 21:49:12] INFO: 🧾 Tracking Result Paksa Counter :  {"tracked_orders":[{"package_number":"OFG215355345277900","tracking_number":"SPXID05218017229A","pickup_code":"","hint":""},{"package_number":"OFG215356862266405","tracking_number":"SPXID05048117077A","pickup_code":"","hint":""}],"notracked_orders":[]}
[2025-10-28 21:49:12] INFO: ⚠️ shippedOrders Paksa 2 :  [{"order_sn":"251028AAX3KM2V","package_number":"OFG215355345277900","logistics_channel_id":"80029"},{"order_sn":"251028ACBAC5XG","package_number":"OFG215356862266405","logistics_channel_id":"80029"}]
[2025-10-28 21:49:12] INFO: *** Payload Create document Paksa  [{"order_sn":"251028AAX3KM2V","package_number":"OFG215355345277900","logistics_channel_id":"80029","tracking_number":"SPXID05218017229A","shipping_document_type":"THERMAL_AIR_WAYBILL"},{"order_sn":"251028ACBAC5XG","package_number":"OFG215356862266405","logistics_channel_id":"80029","tracking_number":"SPXID05048117077A","shipping_document_type":"THERMAL_AIR_WAYBILL"}]
[2025-10-28 21:49:12] INFO: 🧾 Tracking Result Paksa Counter :  {"tracked_orders":[{"package_number":"OFG215355345277900","tracking_number":"SPXID05218017229A","pickup_code":"","hint":""},{"package_number":"OFG215356862266405","tracking_number":"SPXID05048117077A","pickup_code":"","hint":""}],"notracked_orders":[]}
[2025-10-28 21:49:12] INFO: ⚠️ shippedOrders Paksa 2 :  [{"order_sn":"251028AAX3KM2V","package_number":"OFG215355345277900","logistics_channel_id":"80029"},{"order_sn":"251028ACBAC5XG","package_number":"OFG215356862266405","logistics_channel_id":"80029"}]
[2025-10-28 21:49:12] INFO: *** Payload Create document Paksa  [{"order_sn":"251028AAX3KM2V","package_number":"OFG215355345277900","logistics_channel_id":"80029","tracking_number":"SPXID05218017229A","shipping_document_type":"THERMAL_AIR_WAYBILL"},{"order_sn":"251028ACBAC5XG","package_number":"OFG215356862266405","logistics_channel_id":"80029","tracking_number":"SPXID05048117077A","shipping_document_type":"THERMAL_AIR_WAYBILL"}]
[2025-10-28 21:49:12] INFO: 🧾 ** Hasil create paksa document : {"created_orders":[{"order_sn":"251028AAX3KM2V","package_number":"OFG215355345277900"},{"order_sn":"251028ACBAC5XG","package_number":"OFG215356862266405"}],"error_orders":[]}
[2025-10-28 21:49:13] INFO: 🧾 ** Hasil create paksa document : {"created_orders":[{"order_sn":"251028AAX3KM2V","package_number":"OFG215355345277900"},{"order_sn":"251028ACBAC5XG","package_number":"OFG215356862266405"}],"error_orders":[]}
[2025-10-28 21:49:13] INFO: 🔄 Percobaan paksa, total orders: 2
[2025-10-28 21:49:13] INFO: 🔄 Percobaan paksa, total orders: 2
[2025-10-28 21:49:13] INFO: *** Hasil ceck document info paksa :  {"error":"","message":"","response":{"result_list":[{"order_sn":"251028AAX3KM2V","status":"PROCESSING"},{"order_sn":"251028ACBAC5XG","status":"PROCESSING"}]},"warning":null,"request_id":"e3e3e7f342391e8a66b6d14fbcf01c00:0100028e5710d132:0000001c4759461b"}
[2025-10-28 21:49:13] INFO: *** Hasil ceck document info paksa :  {"error":"","message":"","response":{"result_list":[{"order_sn":"251028AAX3KM2V","status":"PROCESSING"},{"order_sn":"251028ACBAC5XG","status":"PROCESSING"}]},"warning":null,"request_id":"e3e3e7f342391e8aeda02e11c19b5f00:010002f34428aebb:00000048172cc714"}
[2025-10-28 22:01:55] INFO: INI ALAMAT TABLENYA :  D:\Work\ARYA-WMS-SHOPPIE\ANG19\wmshopee\.angular\prerender-root\a3d51861-f671-44e5-9f59-657e814dcaf7\data\admdb.sqlite
[2025-10-28 22:01:57] INFO: INI ALAMAT TABLENYA :  D:\Work\ARYA-WMS-SHOPPIE\ANG19\wmshopee\.angular\prerender-root\8b55b230-293d-4836-991a-d70a102645ef\data\admdb.sqlite
[2025-10-28 22:01:57] INFO: INI ALAMAT TABLENYA :  D:\Work\ARYA-WMS-SHOPPIE\ANG19\wmshopee\.angular\prerender-root\4d30440d-303b-4e6c-8058-cc10fe24206f\data\admdb.sqlite
[2025-10-28 22:01:57] INFO: INI ALAMAT TABLENYA :  D:\Work\ARYA-WMS-SHOPPIE\ANG19\wmshopee\.angular\prerender-root\88b37ee4-350a-4761-8c1a-43bedc079151\data\admdb.sqlite
[2025-10-28 22:01:57] INFO: INI ALAMAT TABLENYA :  D:\Work\ARYA-WMS-SHOPPIE\ANG19\wmshopee\.angular\prerender-root\4c875606-9e1c-4ad1-b214-54f1f9c65ff6\data\admdb.sqlite
[2025-10-28 22:02:06] INFO: INI ALAMAT TABLENYA :  D:\Work\ARYA-WMS-SHOPPIE\ANG19\wmshopee\dist\wmshopee\server\data\admdb.sqlite
[2025-10-28 22:02:32] INFO: ⚠️ shippedOrders Paksa 1 :  [{"order_sn":"251028A7H14XW9","package_number":"OFG215351696231052","logistics_channel_id":"80029"},{"order_sn":"251028ABAEEHCK","package_number":"OFG215355749217857","logistics_channel_id":"80029"}]
[2025-10-28 22:02:32] INFO: ⚠️ shippedOrders Paksa 1 :  [{"order_sn":"251028A7H14XW9","package_number":"OFG215351696231052","logistics_channel_id":"80029"},{"order_sn":"251028ABAEEHCK","package_number":"OFG215355749217857","logistics_channel_id":"80029"}]
[2025-10-28 22:02:32] ERROR: Error api.controller :  {}
[2025-10-28 22:02:32] INFO: 🧾 Tracking Result Paksa Counter :  {"tracked_orders":[{"package_number":"OFG215351696231052","tracking_number":"SPXID05149982432A","pickup_code":"","hint":""},{"package_number":"OFG215355749217857","tracking_number":"SPXID05809537926A","pickup_code":"","hint":""}],"notracked_orders":[]}
[2025-10-28 22:02:32] INFO: ⚠️ shippedOrders Paksa 2 :  [{"order_sn":"251028A7H14XW9","package_number":"OFG215351696231052","logistics_channel_id":"80029"},{"order_sn":"251028ABAEEHCK","package_number":"OFG215355749217857","logistics_channel_id":"80029"}]
[2025-10-28 22:02:32] INFO: *** Payload Create document Paksa  [{"order_sn":"251028A7H14XW9","package_number":"OFG215351696231052","logistics_channel_id":"80029","tracking_number":"SPXID05149982432A","shipping_document_type":"THERMAL_AIR_WAYBILL"},{"order_sn":"251028ABAEEHCK","package_number":"OFG215355749217857","logistics_channel_id":"80029","tracking_number":"SPXID05809537926A","shipping_document_type":"THERMAL_AIR_WAYBILL"}]
[2025-10-28 22:02:32] INFO: 🧾 Tracking Result Paksa Counter :  {"tracked_orders":[{"package_number":"OFG215351696231052","tracking_number":"SPXID05149982432A","pickup_code":"","hint":""},{"package_number":"OFG215355749217857","tracking_number":"SPXID05809537926A","pickup_code":"","hint":""}],"notracked_orders":[]}
[2025-10-28 22:02:32] INFO: ⚠️ shippedOrders Paksa 2 :  [{"order_sn":"251028A7H14XW9","package_number":"OFG215351696231052","logistics_channel_id":"80029"},{"order_sn":"251028ABAEEHCK","package_number":"OFG215355749217857","logistics_channel_id":"80029"}]
[2025-10-28 22:02:32] INFO: *** Payload Create document Paksa  [{"order_sn":"251028A7H14XW9","package_number":"OFG215351696231052","logistics_channel_id":"80029","tracking_number":"SPXID05149982432A","shipping_document_type":"THERMAL_AIR_WAYBILL"},{"order_sn":"251028ABAEEHCK","package_number":"OFG215355749217857","logistics_channel_id":"80029","tracking_number":"SPXID05809537926A","shipping_document_type":"THERMAL_AIR_WAYBILL"}]
[2025-10-28 22:02:33] INFO: 🧾 ** Hasil create paksa document : {"created_orders":[{"order_sn":"251028A7H14XW9","package_number":"OFG215351696231052"},{"order_sn":"251028ABAEEHCK","package_number":"OFG215355749217857"}],"error_orders":[]}
[2025-10-28 22:02:33] INFO: 🔄 Percobaan paksa, total orders: 2
[2025-10-28 22:02:33] INFO: *** Hasil ceck document info paksa :  {"error":"","message":"","response":{"result_list":[{"order_sn":"251028A7H14XW9","status":"READY"},{"order_sn":"251028ABAEEHCK","status":"PROCESSING"}]},"warning":null,"request_id":"e3e3e7f342394e40f9a0f33dd011f100:010002e01232f028:00000099faf90c6c"}
[2025-10-28 22:05:40] INFO: INI ALAMAT TABLENYA :  D:\Work\ARYA-WMS-SHOPPIE\ANG19\wmshopee\.angular\prerender-root\db8668f1-61bd-4eae-8e30-88fb2b02e418\data\admdb.sqlite
[2025-10-28 22:05:41] INFO: INI ALAMAT TABLENYA :  D:\Work\ARYA-WMS-SHOPPIE\ANG19\wmshopee\.angular\prerender-root\a8ffadd8-8132-4878-8c01-022ce1678f78\data\admdb.sqlite
[2025-10-28 22:05:42] INFO: INI ALAMAT TABLENYA :  D:\Work\ARYA-WMS-SHOPPIE\ANG19\wmshopee\.angular\prerender-root\9c4bb38d-aead-4fc3-8488-1a7cb3326dd7\data\admdb.sqlite
[2025-10-28 22:05:42] INFO: INI ALAMAT TABLENYA :  D:\Work\ARYA-WMS-SHOPPIE\ANG19\wmshopee\.angular\prerender-root\2aab67f9-459b-47b4-ac61-9dfd5c5da612\data\admdb.sqlite
[2025-10-28 22:05:42] INFO: INI ALAMAT TABLENYA :  D:\Work\ARYA-WMS-SHOPPIE\ANG19\wmshopee\.angular\prerender-root\c808d4bb-22c2-4d50-89e8-eac7dd4ce0e6\data\admdb.sqlite
[2025-10-28 22:05:53] INFO: INI ALAMAT TABLENYA :  D:\Work\ARYA-WMS-SHOPPIE\ANG19\wmshopee\dist\wmshopee\server\data\admdb.sqlite
[2025-10-28 22:10:29] INFO: INI ALAMAT TABLENYA :  D:\Work\ARYA-WMS-SHOPPIE\ANG19\wmshopee\.angular\prerender-root\2d6c6da5-a539-4f9f-9ba2-da99e64768d9\data\admdb.sqlite
[2025-10-28 22:10:30] INFO: INI ALAMAT TABLENYA :  D:\Work\ARYA-WMS-SHOPPIE\ANG19\wmshopee\.angular\prerender-root\8b80b47c-2be8-47b1-9bdb-b938293e2db1\data\admdb.sqlite
[2025-10-28 22:10:30] INFO: INI ALAMAT TABLENYA :  D:\Work\ARYA-WMS-SHOPPIE\ANG19\wmshopee\.angular\prerender-root\f04d757b-9230-4923-994a-14b7faf6abdd\data\admdb.sqlite
[2025-10-28 22:10:30] INFO: INI ALAMAT TABLENYA :  D:\Work\ARYA-WMS-SHOPPIE\ANG19\wmshopee\.angular\prerender-root\48b4340b-f1e9-45dd-9cc6-7668eddaa90f\data\admdb.sqlite
[2025-10-28 22:10:30] INFO: INI ALAMAT TABLENYA :  D:\Work\ARYA-WMS-SHOPPIE\ANG19\wmshopee\.angular\prerender-root\fd3f71e6-658a-439c-a582-2d253761f6b1\data\admdb.sqlite
[2025-10-28 22:13:15] INFO: INI ALAMAT TABLENYA :  D:\Work\ARYA-WMS-SHOPPIE\ANG19\wmshopee\dist\wmshopee\server\data\admdb.sqlite
[2025-10-28 22:14:10] ERROR: Error api.controller :  {}
[2025-10-28 22:20:20] INFO: ✅ Shopee refresh on fetchWithAuth Error: {"error":"invalid_acceess_token","message":"Invalid access_token, please have a check.","request_id":"e3e3e7f342398dd3a3e190e6d436b800"}
[2025-10-28 22:20:20] INFO: Update data token : 
[2025-10-28 22:21:12] INFO: INI ALAMAT TABLENYA :  D:\Work\ARYA-WMS-SHOPPIE\ANG19\wmshopee\.angular\prerender-root\5556f4ef-a3ad-419b-b7fc-1b546e170566\data\admdb.sqlite
[2025-10-28 22:21:13] INFO: INI ALAMAT TABLENYA :  D:\Work\ARYA-WMS-SHOPPIE\ANG19\wmshopee\.angular\prerender-root\a0354110-a579-4f76-8804-912017c07c55\data\admdb.sqlite
[2025-10-28 22:21:13] INFO: INI ALAMAT TABLENYA :  D:\Work\ARYA-WMS-SHOPPIE\ANG19\wmshopee\.angular\prerender-root\43b82d01-0c3b-4858-92ef-e0cc0424b02b\data\admdb.sqlite
[2025-10-28 22:21:13] INFO: INI ALAMAT TABLENYA :  D:\Work\ARYA-WMS-SHOPPIE\ANG19\wmshopee\.angular\prerender-root\6b45a8e2-1b5b-42ff-809e-25b7c021a1d4\data\admdb.sqlite
[2025-10-28 22:21:13] INFO: INI ALAMAT TABLENYA :  D:\Work\ARYA-WMS-SHOPPIE\ANG19\wmshopee\.angular\prerender-root\7e02c105-0f5a-43bb-9f3c-674ae5c6c881\data\admdb.sqlite
[2025-10-28 22:21:20] INFO: INI ALAMAT TABLENYA :  D:\Work\ARYA-WMS-SHOPPIE\ANG19\wmshopee\dist\wmshopee\server\data\admdb.sqlite
[2025-10-28 22:29:05] INFO: INI ALAMAT TABLENYA :  D:\Work\ARYA-WMS-SHOPPIE\ANG19\wmshopee\.angular\prerender-root\9d50e8a4-d9b8-47ec-93e8-237c0237ddb8\data\admdb.sqlite
[2025-10-28 22:29:06] INFO: INI ALAMAT TABLENYA :  D:\Work\ARYA-WMS-SHOPPIE\ANG19\wmshopee\.angular\prerender-root\77a49917-1806-4963-8635-827a676e21cb\data\admdb.sqlite
[2025-10-28 22:29:06] INFO: INI ALAMAT TABLENYA :  D:\Work\ARYA-WMS-SHOPPIE\ANG19\wmshopee\.angular\prerender-root\3ebb96fe-11d1-4938-8b16-dbed9a5c7962\data\admdb.sqlite
[2025-10-28 22:29:06] INFO: INI ALAMAT TABLENYA :  D:\Work\ARYA-WMS-SHOPPIE\ANG19\wmshopee\.angular\prerender-root\5007247a-b79a-44e8-bc51-bc1d4df67631\data\admdb.sqlite
[2025-10-28 22:29:06] INFO: INI ALAMAT TABLENYA :  D:\Work\ARYA-WMS-SHOPPIE\ANG19\wmshopee\.angular\prerender-root\4e120c11-435a-4433-9f82-4794ca85a275\data\admdb.sqlite
