[2025-08-27 11:40:12] INFO: INI ALAMAT TABLENYA :  D:\Work\ARYA-WMS-SHOPPIE\ANG19\wmshopee\.angular\prerender-root\2c98c2a1-aacc-4b12-aa66-45bf0d647920\data\admdb.sqlite
[2025-08-27 11:40:20] INFO: INI ALAMAT TABLENYA :  D:\Work\ARYA-WMS-SHOPPIE\ANG19\wmshopee\.angular\prerender-root\301de864-1c75-4be4-8f74-4c7defd47cb3\data\admdb.sqlite
[2025-08-27 11:40:20] INFO: INI ALAMAT TABLENYA :  D:\Work\ARYA-WMS-SHOPPIE\ANG19\wmshopee\.angular\prerender-root\6c433c5d-1254-4cdf-b94f-ac4986b26dd7\data\admdb.sqlite
[2025-08-27 11:40:20] INFO: INI ALAMAT TABLENYA :  D:\Work\ARYA-WMS-SHOPPIE\ANG19\wmshopee\.angular\prerender-root\80136eef-2b06-4b9f-af02-382a188c5ff0\data\admdb.sqlite
[2025-08-27 11:40:20] INFO: INI ALAMAT TABLENYA :  D:\Work\ARYA-WMS-SHOPPIE\ANG19\wmshopee\.angular\prerender-root\448e0e35-14ea-4593-b7bf-dfbe0a2838a9\data\admdb.sqlite
[2025-08-27 11:40:43] INFO: INI ALAMAT TABLENYA :  D:\Work\ARYA-WMS-SHOPPIE\ANG19\wmshopee\dist\wmshopee\server\data\admdb.sqlite
[2025-08-27 11:40:56] INFO: ✅ Shopee refresh on fetchWithAuth Error: {"error":"invalid_acceess_token","message":"Invalid access_token, please have a check.","request_id":"e3e3e7f33d5164fb5fe5eba51c460300"}
[2025-08-27 11:40:56] INFO: ✅ Shopee refresh on fetchWithAuth Error: {"error":"invalid_acceess_token","message":"Invalid access_token, please have a check.","request_id":"e3e3e7f33d5164fb634cbe4cdd405900"}
[2025-08-27 11:40:56] INFO: Update data token : 
[2025-08-27 11:40:56] INFO: Update data token : 
[2025-08-27 11:41:14] INFO: ✅ Sudah di List  47
[2025-08-27 11:41:14] INFO: ✅ package Sudah di List  {"order_sn":"250826TTM4E5DP","package_number":"OFG209921946238835"}
[2025-08-27 11:42:31] INFO: Ketika ship order 1  {"error":"","message":"","warning":"","request_id":"e3e3e7f33d516a9b846c058ac05af600:0100028604e82b39:000000e61e88a934"}
[2025-08-27 11:42:31] INFO: Ketika ship order 2  
[2025-08-27 12:16:29] INFO: INI ALAMAT TABLENYA :  D:\Work\ARYA-WMS-SHOPPIE\ANG19\wmshopee\.angular\prerender-root\78c73a41-8c13-49a8-9127-896b4ff92a15\data\admdb.sqlite
[2025-08-27 12:20:56] INFO: INI ALAMAT TABLENYA :  D:\Work\ARYA-WMS-SHOPPIE\ANG19\wmshopee\.angular\prerender-root\4fc42d99-0d22-43ab-9e50-b3d357769f50\data\admdb.sqlite
[2025-08-27 12:26:49] INFO: INI ALAMAT TABLENYA :  D:\Work\ARYA-WMS-SHOPPIE\ANG19\wmshopee\.angular\prerender-root\f0174ea3-ea99-4025-a091-d0564dab894c\data\admdb.sqlite
[2025-08-27 12:26:51] INFO: INI ALAMAT TABLENYA :  D:\Work\ARYA-WMS-SHOPPIE\ANG19\wmshopee\.angular\prerender-root\71330e3c-35a3-484b-ba4f-a60778cc3186\data\admdb.sqlite
[2025-08-27 12:26:51] INFO: INI ALAMAT TABLENYA :  D:\Work\ARYA-WMS-SHOPPIE\ANG19\wmshopee\.angular\prerender-root\88758c76-5a2b-4ebb-a0e3-04ce9a030382\data\admdb.sqlite
[2025-08-27 12:26:51] INFO: INI ALAMAT TABLENYA :  D:\Work\ARYA-WMS-SHOPPIE\ANG19\wmshopee\.angular\prerender-root\47908d37-fca6-4fe4-90aa-ec34b4226211\data\admdb.sqlite
[2025-08-27 12:26:51] INFO: INI ALAMAT TABLENYA :  D:\Work\ARYA-WMS-SHOPPIE\ANG19\wmshopee\.angular\prerender-root\fe495807-1e6c-4723-a01b-d9b5e4dcf834\data\admdb.sqlite
[2025-08-27 12:27:13] INFO: INI ALAMAT TABLENYA :  D:\Work\ARYA-WMS-SHOPPIE\ANG19\wmshopee\dist\wmshopee\server\data\admdb.sqlite
[2025-08-27 14:30:25] ERROR: Error api.controller :  {}
[2025-08-27 14:30:25] ERROR: Error api.controller :  {}
[2025-08-27 15:45:04] INFO: INI ALAMAT TABLENYA :  D:\Work\ARYA-WMS-SHOPPIE\ANG19\wmshopee\.angular\prerender-root\263abf6c-ee22-463e-9eff-2333e173116c\data\admdb.sqlite
[2025-08-27 15:45:05] INFO: INI ALAMAT TABLENYA :  D:\Work\ARYA-WMS-SHOPPIE\ANG19\wmshopee\.angular\prerender-root\0dd43e72-1797-4ac4-a0ab-f53afb01e4b4\data\admdb.sqlite
[2025-08-27 15:45:05] INFO: INI ALAMAT TABLENYA :  D:\Work\ARYA-WMS-SHOPPIE\ANG19\wmshopee\.angular\prerender-root\1afc6df1-9a43-4f04-8127-f98457d7c669\data\admdb.sqlite
[2025-08-27 15:45:05] INFO: INI ALAMAT TABLENYA :  D:\Work\ARYA-WMS-SHOPPIE\ANG19\wmshopee\.angular\prerender-root\01dac657-6a15-4950-a2a9-5f3bd0467203\data\admdb.sqlite
[2025-08-27 15:45:05] INFO: INI ALAMAT TABLENYA :  D:\Work\ARYA-WMS-SHOPPIE\ANG19\wmshopee\.angular\prerender-root\54c3428e-c581-4eca-a6d6-e42af474d697\data\admdb.sqlite
[2025-08-27 21:56:37] INFO: INI ALAMAT TABLENYA :  D:\Work\ARYA-WMS-SHOPPIE\ANG19\wmshopee\.angular\prerender-root\eb4831a2-8dd6-4c2f-b49b-1ea14b31d0fc\data\admdb.sqlite
[2025-08-27 21:56:39] INFO: INI ALAMAT TABLENYA :  D:\Work\ARYA-WMS-SHOPPIE\ANG19\wmshopee\.angular\prerender-root\980139e3-632f-4514-a0f9-f97dd4376e3c\data\admdb.sqlite
[2025-08-27 21:56:39] INFO: INI ALAMAT TABLENYA :  D:\Work\ARYA-WMS-SHOPPIE\ANG19\wmshopee\.angular\prerender-root\a41374ac-cfc4-4643-b382-5650e6b9049b\data\admdb.sqlite
[2025-08-27 21:56:39] INFO: INI ALAMAT TABLENYA :  D:\Work\ARYA-WMS-SHOPPIE\ANG19\wmshopee\.angular\prerender-root\8f222f58-b8a7-46ec-9aca-11e44bb26469\data\admdb.sqlite
[2025-08-27 21:56:39] INFO: INI ALAMAT TABLENYA :  D:\Work\ARYA-WMS-SHOPPIE\ANG19\wmshopee\.angular\prerender-root\87aa4693-2984-400d-b9c7-932c8e785258\data\admdb.sqlite
[2025-08-27 21:59:54] INFO: INI ALAMAT TABLENYA :  D:\Work\ARYA-WMS-SHOPPIE\ANG19\wmshopee\.angular\prerender-root\faffdab6-881d-406a-880d-ef421ab9a382\data\admdb.sqlite
[2025-08-27 21:59:55] INFO: INI ALAMAT TABLENYA :  D:\Work\ARYA-WMS-SHOPPIE\ANG19\wmshopee\.angular\prerender-root\7b73e04d-e261-451c-bcf3-85f134231f65\data\admdb.sqlite
[2025-08-27 21:59:55] INFO: INI ALAMAT TABLENYA :  D:\Work\ARYA-WMS-SHOPPIE\ANG19\wmshopee\.angular\prerender-root\85a98918-c735-48fb-9e39-948069e7ddf3\data\admdb.sqlite
[2025-08-27 21:59:55] INFO: INI ALAMAT TABLENYA :  D:\Work\ARYA-WMS-SHOPPIE\ANG19\wmshopee\.angular\prerender-root\525dcb06-91f6-42e4-baa9-8930dcb6f980\data\admdb.sqlite
[2025-08-27 21:59:55] INFO: INI ALAMAT TABLENYA :  D:\Work\ARYA-WMS-SHOPPIE\ANG19\wmshopee\.angular\prerender-root\be842215-e3f4-412b-be41-9c01b8916428\data\admdb.sqlite
[2025-08-27 22:00:05] INFO: INI ALAMAT TABLENYA :  D:\Work\ARYA-WMS-SHOPPIE\ANG19\wmshopee\dist\wmshopee\server\data\admdb.sqlite
[2025-08-27 22:00:16] INFO: ✅ Shopee refresh on fetchWithAuth Error: {"error":"invalid_acceess_token","message":"Invalid access_token, please have a check.","request_id":"e3e3e7f33d5a0be323a86a158f920000"}
[2025-08-27 22:00:16] INFO: ✅ Shopee refresh on fetchWithAuth Error: {"error":"invalid_acceess_token","message":"Invalid access_token, please have a check.","request_id":"e3e3e7f33d5a0be322ab914b2cf69d00"}
[2025-08-27 22:00:16] INFO: Update data token : 
[2025-08-27 22:00:16] INFO: Update data token : 
[2025-08-27 22:05:05] INFO: INI ALAMAT TABLENYA :  D:\Work\ARYA-WMS-SHOPPIE\ANG19\wmshopee\.angular\prerender-root\e775b897-9a85-49e3-858e-2e43601eed3e\data\admdb.sqlite
[2025-08-27 22:05:06] INFO: INI ALAMAT TABLENYA :  D:\Work\ARYA-WMS-SHOPPIE\ANG19\wmshopee\.angular\prerender-root\ed594afa-a755-4f32-b40c-60f02ea54e48\data\admdb.sqlite
[2025-08-27 22:05:06] INFO: INI ALAMAT TABLENYA :  D:\Work\ARYA-WMS-SHOPPIE\ANG19\wmshopee\.angular\prerender-root\2690d95c-e96a-4586-92bd-bc82069e94cd\data\admdb.sqlite
[2025-08-27 22:05:06] INFO: INI ALAMAT TABLENYA :  D:\Work\ARYA-WMS-SHOPPIE\ANG19\wmshopee\.angular\prerender-root\8047aa72-a13b-4282-980b-f5cb9282a7f2\data\admdb.sqlite
[2025-08-27 22:05:06] INFO: INI ALAMAT TABLENYA :  D:\Work\ARYA-WMS-SHOPPIE\ANG19\wmshopee\.angular\prerender-root\3c81c246-b1cf-435b-9907-16e2d6e65b0d\data\admdb.sqlite
[2025-08-27 22:05:13] INFO: INI ALAMAT TABLENYA :  D:\Work\ARYA-WMS-SHOPPIE\ANG19\wmshopee\dist\wmshopee\server\data\admdb.sqlite
[2025-08-27 22:05:17] INFO: ✅ Shopee refresh on fetchWithAuth Error: {"error":"invalid_acceess_token","message":"Invalid access_token, please have a check.","request_id":"e3e3e7f33d5a1ddf3d755e6af80a4600"}
[2025-08-27 22:05:17] INFO: ✅ Shopee refresh on fetchWithAuth Error: {"error":"invalid_acceess_token","message":"Invalid access_token, please have a check.","request_id":"e3e3e7f33d5a1ddf4517ce4d69545700"}
[2025-08-27 22:05:17] INFO: Update data token : 
[2025-08-27 22:05:17] INFO: Update data token : 
[2025-08-27 22:07:54] INFO: INI ALAMAT TABLENYA :  D:\Work\ARYA-WMS-SHOPPIE\ANG19\wmshopee\.angular\prerender-root\86461573-9d8b-442b-829f-1016e2203977\data\admdb.sqlite
[2025-08-27 22:07:56] INFO: INI ALAMAT TABLENYA :  D:\Work\ARYA-WMS-SHOPPIE\ANG19\wmshopee\.angular\prerender-root\000533c6-3c18-4ee7-b49b-2e5dd09510f7\data\admdb.sqlite
[2025-08-27 22:07:56] INFO: INI ALAMAT TABLENYA :  D:\Work\ARYA-WMS-SHOPPIE\ANG19\wmshopee\.angular\prerender-root\9e82fe5c-5d82-4a67-81b9-6ef96cfb8bc6\data\admdb.sqlite
[2025-08-27 22:07:56] INFO: INI ALAMAT TABLENYA :  D:\Work\ARYA-WMS-SHOPPIE\ANG19\wmshopee\.angular\prerender-root\d25530c5-cc49-4360-a258-e37c75fd3193\data\admdb.sqlite
[2025-08-27 22:07:56] INFO: INI ALAMAT TABLENYA :  D:\Work\ARYA-WMS-SHOPPIE\ANG19\wmshopee\.angular\prerender-root\4f900263-3c8a-419a-91f6-4704038d8be0\data\admdb.sqlite
[2025-08-27 22:08:02] INFO: INI ALAMAT TABLENYA :  D:\Work\ARYA-WMS-SHOPPIE\ANG19\wmshopee\dist\wmshopee\server\data\admdb.sqlite
[2025-08-27 22:08:40] INFO: INI ALAMAT TABLENYA :  D:\Work\ARYA-WMS-SHOPPIE\ANG19\wmshopee\.angular\prerender-root\62046aee-0c14-4f1a-8fc7-cbbbf4b10ff1\data\admdb.sqlite
[2025-08-27 22:08:41] INFO: INI ALAMAT TABLENYA :  D:\Work\ARYA-WMS-SHOPPIE\ANG19\wmshopee\.angular\prerender-root\e26b0d8f-e916-4e0f-9c9c-5706b61184e7\data\admdb.sqlite
[2025-08-27 22:08:41] INFO: INI ALAMAT TABLENYA :  D:\Work\ARYA-WMS-SHOPPIE\ANG19\wmshopee\.angular\prerender-root\cebddb5f-66d1-475c-a307-a7f606d71cbd\data\admdb.sqlite
[2025-08-27 22:08:41] INFO: INI ALAMAT TABLENYA :  D:\Work\ARYA-WMS-SHOPPIE\ANG19\wmshopee\.angular\prerender-root\058297b7-38b5-4001-9480-5d7389f5daba\data\admdb.sqlite
[2025-08-27 22:08:41] INFO: INI ALAMAT TABLENYA :  D:\Work\ARYA-WMS-SHOPPIE\ANG19\wmshopee\.angular\prerender-root\3d2a384e-c9e5-40ec-89bc-d07d93dd89c8\data\admdb.sqlite
[2025-08-27 22:08:49] INFO: INI ALAMAT TABLENYA :  D:\Work\ARYA-WMS-SHOPPIE\ANG19\wmshopee\dist\wmshopee\server\data\admdb.sqlite
[2025-08-27 22:12:16] INFO: INI ALAMAT TABLENYA :  D:\Work\ARYA-WMS-SHOPPIE\ANG19\wmshopee\.angular\prerender-root\8eca13de-6f04-4473-baf1-b95160820a8d\data\admdb.sqlite
[2025-08-27 22:12:18] INFO: INI ALAMAT TABLENYA :  D:\Work\ARYA-WMS-SHOPPIE\ANG19\wmshopee\.angular\prerender-root\43b303ce-ddcf-469f-855f-c9331f9ddbc8\data\admdb.sqlite
[2025-08-27 22:12:18] INFO: INI ALAMAT TABLENYA :  D:\Work\ARYA-WMS-SHOPPIE\ANG19\wmshopee\.angular\prerender-root\b8f714da-cbd7-461c-9001-67321dbc64d2\data\admdb.sqlite
[2025-08-27 22:12:18] INFO: INI ALAMAT TABLENYA :  D:\Work\ARYA-WMS-SHOPPIE\ANG19\wmshopee\.angular\prerender-root\daff8166-14e8-4864-8ecd-5607e60b5ba9\data\admdb.sqlite
[2025-08-27 22:12:18] INFO: INI ALAMAT TABLENYA :  D:\Work\ARYA-WMS-SHOPPIE\ANG19\wmshopee\.angular\prerender-root\100107de-19ff-4b78-a283-c0cd90f12540\data\admdb.sqlite
[2025-08-27 22:13:20] INFO: INI ALAMAT TABLENYA :  D:\Work\ARYA-WMS-SHOPPIE\ANG19\wmshopee\.angular\prerender-root\37889f31-f880-400b-bb0d-392532eff52d\data\admdb.sqlite
[2025-08-27 22:13:21] INFO: INI ALAMAT TABLENYA :  D:\Work\ARYA-WMS-SHOPPIE\ANG19\wmshopee\.angular\prerender-root\5c3ccfce-1f4c-4c72-b18b-fd77d6de4c47\data\admdb.sqlite
[2025-08-27 22:13:21] INFO: INI ALAMAT TABLENYA :  D:\Work\ARYA-WMS-SHOPPIE\ANG19\wmshopee\.angular\prerender-root\53403197-a934-46f0-9aab-966d8a2469bc\data\admdb.sqlite
[2025-08-27 22:13:21] INFO: INI ALAMAT TABLENYA :  D:\Work\ARYA-WMS-SHOPPIE\ANG19\wmshopee\.angular\prerender-root\4ddb4086-0dca-453c-8950-37f1ee2ad74b\data\admdb.sqlite
[2025-08-27 22:13:21] INFO: INI ALAMAT TABLENYA :  D:\Work\ARYA-WMS-SHOPPIE\ANG19\wmshopee\.angular\prerender-root\1a663ab5-d149-4950-b006-a1b3f34321af\data\admdb.sqlite
[2025-08-27 22:13:29] INFO: INI ALAMAT TABLENYA :  D:\Work\ARYA-WMS-SHOPPIE\ANG19\wmshopee\dist\wmshopee\server\data\admdb.sqlite
[2025-08-27 22:16:59] INFO: INI ALAMAT TABLENYA :  D:\Work\ARYA-WMS-SHOPPIE\ANG19\wmshopee\.angular\prerender-root\9e47f6b6-c1e7-44a0-b5f1-0ac87aa87559\data\admdb.sqlite
[2025-08-27 22:17:00] INFO: INI ALAMAT TABLENYA :  D:\Work\ARYA-WMS-SHOPPIE\ANG19\wmshopee\.angular\prerender-root\aa580f28-9b49-41f3-8489-1de297092119\data\admdb.sqlite
[2025-08-27 22:17:00] INFO: INI ALAMAT TABLENYA :  D:\Work\ARYA-WMS-SHOPPIE\ANG19\wmshopee\.angular\prerender-root\2321f174-190d-429d-88e0-25a6569f43cb\data\admdb.sqlite
[2025-08-27 22:17:00] INFO: INI ALAMAT TABLENYA :  D:\Work\ARYA-WMS-SHOPPIE\ANG19\wmshopee\.angular\prerender-root\f8d29022-60e9-4a55-ad5f-8c0db6d90683\data\admdb.sqlite
[2025-08-27 22:17:00] INFO: INI ALAMAT TABLENYA :  D:\Work\ARYA-WMS-SHOPPIE\ANG19\wmshopee\.angular\prerender-root\79b4f24a-b49b-46fa-86ca-7e20f8b6074e\data\admdb.sqlite
[2025-08-27 22:17:13] INFO: INI ALAMAT TABLENYA :  D:\Work\ARYA-WMS-SHOPPIE\ANG19\wmshopee\dist\wmshopee\server\data\admdb.sqlite
[2025-08-27 22:18:00] INFO: INI ALAMAT TABLENYA :  D:\Work\ARYA-WMS-SHOPPIE\ANG19\wmshopee\.angular\prerender-root\d7b368fa-de95-4442-8eff-34f7ff0e5f49\data\admdb.sqlite
[2025-08-27 22:18:01] INFO: INI ALAMAT TABLENYA :  D:\Work\ARYA-WMS-SHOPPIE\ANG19\wmshopee\.angular\prerender-root\c9820057-c34e-4bad-8b9a-e687a8ef0b3f\data\admdb.sqlite
[2025-08-27 22:18:01] INFO: INI ALAMAT TABLENYA :  D:\Work\ARYA-WMS-SHOPPIE\ANG19\wmshopee\.angular\prerender-root\19446c87-1074-4d04-8ee5-23cdbdbd7525\data\admdb.sqlite
[2025-08-27 22:18:01] INFO: INI ALAMAT TABLENYA :  D:\Work\ARYA-WMS-SHOPPIE\ANG19\wmshopee\.angular\prerender-root\19bc0e93-dac6-4a2a-9b4f-add332b6d8b6\data\admdb.sqlite
[2025-08-27 22:18:01] INFO: INI ALAMAT TABLENYA :  D:\Work\ARYA-WMS-SHOPPIE\ANG19\wmshopee\.angular\prerender-root\20a439c1-ae59-44b5-8711-46ead137714e\data\admdb.sqlite
[2025-08-27 22:18:08] INFO: INI ALAMAT TABLENYA :  D:\Work\ARYA-WMS-SHOPPIE\ANG19\wmshopee\dist\wmshopee\server\data\admdb.sqlite
[2025-08-27 22:20:47] INFO: INI ALAMAT TABLENYA :  D:\Work\ARYA-WMS-SHOPPIE\ANG19\wmshopee\.angular\prerender-root\ad35465e-d10d-42fa-99e1-709307f13394\data\admdb.sqlite
[2025-08-27 22:20:49] INFO: INI ALAMAT TABLENYA :  D:\Work\ARYA-WMS-SHOPPIE\ANG19\wmshopee\.angular\prerender-root\71c1f995-c0ac-4b74-9130-f4fe7a6d769d\data\admdb.sqlite
[2025-08-27 22:20:49] INFO: INI ALAMAT TABLENYA :  D:\Work\ARYA-WMS-SHOPPIE\ANG19\wmshopee\.angular\prerender-root\e6e6ef71-7524-4e22-aaa4-b3eb633f5f49\data\admdb.sqlite
[2025-08-27 22:20:49] INFO: INI ALAMAT TABLENYA :  D:\Work\ARYA-WMS-SHOPPIE\ANG19\wmshopee\.angular\prerender-root\4b14dbca-fa02-42dc-89b8-367a017cd729\data\admdb.sqlite
[2025-08-27 22:20:49] INFO: INI ALAMAT TABLENYA :  D:\Work\ARYA-WMS-SHOPPIE\ANG19\wmshopee\.angular\prerender-root\c16b05e9-d7bf-4482-8ee5-e2714e178b9e\data\admdb.sqlite
[2025-08-27 22:21:14] INFO: INI ALAMAT TABLENYA :  D:\Work\ARYA-WMS-SHOPPIE\ANG19\wmshopee\.angular\prerender-root\4574592c-c670-4e1f-b828-b2514ab0f9be\data\admdb.sqlite
[2025-08-27 22:21:16] INFO: INI ALAMAT TABLENYA :  D:\Work\ARYA-WMS-SHOPPIE\ANG19\wmshopee\.angular\prerender-root\7bdc05f5-0f83-45cf-a41a-3e897ed490b5\data\admdb.sqlite
[2025-08-27 22:21:16] INFO: INI ALAMAT TABLENYA :  D:\Work\ARYA-WMS-SHOPPIE\ANG19\wmshopee\.angular\prerender-root\1db79e42-4c30-4a26-b01b-a591d22fa882\data\admdb.sqlite
[2025-08-27 22:21:16] INFO: INI ALAMAT TABLENYA :  D:\Work\ARYA-WMS-SHOPPIE\ANG19\wmshopee\.angular\prerender-root\2c0154f7-5b20-4d86-a5fd-a897aae7fbf3\data\admdb.sqlite
[2025-08-27 22:21:16] INFO: INI ALAMAT TABLENYA :  D:\Work\ARYA-WMS-SHOPPIE\ANG19\wmshopee\.angular\prerender-root\6fd2afff-c474-4203-8fee-387c7ce4c9ec\data\admdb.sqlite
[2025-08-27 22:21:53] INFO: INI ALAMAT TABLENYA :  D:\Work\ARYA-WMS-SHOPPIE\ANG19\wmshopee\.angular\prerender-root\5a070c11-f261-452d-9f75-bc5675f5a671\data\admdb.sqlite
[2025-08-27 22:21:54] INFO: INI ALAMAT TABLENYA :  D:\Work\ARYA-WMS-SHOPPIE\ANG19\wmshopee\.angular\prerender-root\77e577e2-31c6-4320-a266-9d2fc14aba60\data\admdb.sqlite
[2025-08-27 22:21:54] INFO: INI ALAMAT TABLENYA :  D:\Work\ARYA-WMS-SHOPPIE\ANG19\wmshopee\.angular\prerender-root\11235971-91cd-4b2a-b729-b08af3f9b54a\data\admdb.sqlite
[2025-08-27 22:21:54] INFO: INI ALAMAT TABLENYA :  D:\Work\ARYA-WMS-SHOPPIE\ANG19\wmshopee\.angular\prerender-root\64da2b15-351b-4408-be75-e86cf6154cc9\data\admdb.sqlite
[2025-08-27 22:21:54] INFO: INI ALAMAT TABLENYA :  D:\Work\ARYA-WMS-SHOPPIE\ANG19\wmshopee\.angular\prerender-root\446acc48-4990-406e-aa43-8d9d6ed4c5bd\data\admdb.sqlite
[2025-08-27 22:22:01] INFO: INI ALAMAT TABLENYA :  D:\Work\ARYA-WMS-SHOPPIE\ANG19\wmshopee\dist\wmshopee\server\data\admdb.sqlite
[2025-08-27 22:22:26] INFO: INI ALAMAT TABLENYA :  D:\Work\ARYA-WMS-SHOPPIE\ANG19\wmshopee\.angular\prerender-root\62f75792-db48-4477-b986-5c87b56da9c7\data\admdb.sqlite
[2025-08-27 22:22:27] INFO: INI ALAMAT TABLENYA :  D:\Work\ARYA-WMS-SHOPPIE\ANG19\wmshopee\.angular\prerender-root\dad43c43-3e2e-40cd-b3b1-e28343e3fb83\data\admdb.sqlite
[2025-08-27 22:22:27] INFO: INI ALAMAT TABLENYA :  D:\Work\ARYA-WMS-SHOPPIE\ANG19\wmshopee\.angular\prerender-root\983f2d66-bcae-466a-8d69-1bd3fd877f46\data\admdb.sqlite
[2025-08-27 22:22:27] INFO: INI ALAMAT TABLENYA :  D:\Work\ARYA-WMS-SHOPPIE\ANG19\wmshopee\.angular\prerender-root\75019464-fa97-4cd5-8f9b-74698dec35ef\data\admdb.sqlite
[2025-08-27 22:22:27] INFO: INI ALAMAT TABLENYA :  D:\Work\ARYA-WMS-SHOPPIE\ANG19\wmshopee\.angular\prerender-root\055afbf9-b0c6-418c-8d2c-02721dd02f14\data\admdb.sqlite
[2025-08-27 22:22:48] INFO: INI ALAMAT TABLENYA :  D:\Work\ARYA-WMS-SHOPPIE\ANG19\wmshopee\.angular\prerender-root\1e276c8a-d299-4c3a-80de-72a218ef4d8d\data\admdb.sqlite
[2025-08-27 22:22:49] INFO: INI ALAMAT TABLENYA :  D:\Work\ARYA-WMS-SHOPPIE\ANG19\wmshopee\.angular\prerender-root\52aa04a7-db33-4225-9857-9f2e7acf7ac9\data\admdb.sqlite
[2025-08-27 22:22:49] INFO: INI ALAMAT TABLENYA :  D:\Work\ARYA-WMS-SHOPPIE\ANG19\wmshopee\.angular\prerender-root\dcc95cae-eccc-4ee8-bcc5-65be9867f8ac\data\admdb.sqlite
[2025-08-27 22:22:49] INFO: INI ALAMAT TABLENYA :  D:\Work\ARYA-WMS-SHOPPIE\ANG19\wmshopee\.angular\prerender-root\f2bf7a20-6e3f-49a0-9f3f-b827c7f6fe96\data\admdb.sqlite
[2025-08-27 22:22:49] INFO: INI ALAMAT TABLENYA :  D:\Work\ARYA-WMS-SHOPPIE\ANG19\wmshopee\.angular\prerender-root\1db6bb9e-4ffa-47da-ae5b-ab55ea2a392e\data\admdb.sqlite
[2025-08-27 22:22:57] INFO: INI ALAMAT TABLENYA :  D:\Work\ARYA-WMS-SHOPPIE\ANG19\wmshopee\dist\wmshopee\server\data\admdb.sqlite
[2025-08-27 22:27:19] INFO: INI ALAMAT TABLENYA :  D:\Work\ARYA-WMS-SHOPPIE\ANG19\wmshopee\.angular\prerender-root\d64a4cfb-5957-4e7a-92e2-fe2fe4dd68b4\data\admdb.sqlite
[2025-08-27 22:27:21] INFO: INI ALAMAT TABLENYA :  D:\Work\ARYA-WMS-SHOPPIE\ANG19\wmshopee\.angular\prerender-root\05bbb30a-00de-47e9-9ee8-841ad4e475ba\data\admdb.sqlite
[2025-08-27 22:27:21] INFO: INI ALAMAT TABLENYA :  D:\Work\ARYA-WMS-SHOPPIE\ANG19\wmshopee\.angular\prerender-root\31ecbc4f-eaf8-4517-bb81-9fd48c7433eb\data\admdb.sqlite
[2025-08-27 22:27:21] INFO: INI ALAMAT TABLENYA :  D:\Work\ARYA-WMS-SHOPPIE\ANG19\wmshopee\.angular\prerender-root\ec315581-2d86-4f3a-a1f5-21c2d16b5417\data\admdb.sqlite
[2025-08-27 22:27:21] INFO: INI ALAMAT TABLENYA :  D:\Work\ARYA-WMS-SHOPPIE\ANG19\wmshopee\.angular\prerender-root\9a5ec43d-ee7f-477c-8657-735ff9912035\data\admdb.sqlite
[2025-08-27 22:27:28] INFO: INI ALAMAT TABLENYA :  D:\Work\ARYA-WMS-SHOPPIE\ANG19\wmshopee\dist\wmshopee\server\data\admdb.sqlite
[2025-08-27 22:28:11] INFO: INI ALAMAT TABLENYA :  D:\Work\ARYA-WMS-SHOPPIE\ANG19\wmshopee\.angular\prerender-root\6b992aca-c9cb-45c0-9c3c-2b7b1ceb8486\data\admdb.sqlite
[2025-08-27 22:28:13] INFO: INI ALAMAT TABLENYA :  D:\Work\ARYA-WMS-SHOPPIE\ANG19\wmshopee\.angular\prerender-root\0418e70f-4d15-4602-aa85-4dedb5f21ec8\data\admdb.sqlite
[2025-08-27 22:28:13] INFO: INI ALAMAT TABLENYA :  D:\Work\ARYA-WMS-SHOPPIE\ANG19\wmshopee\.angular\prerender-root\02501f90-3147-4a4d-b517-6c29aa31cb99\data\admdb.sqlite
[2025-08-27 22:28:13] INFO: INI ALAMAT TABLENYA :  D:\Work\ARYA-WMS-SHOPPIE\ANG19\wmshopee\.angular\prerender-root\80fdc707-5f81-44b8-86e2-2588940aa71f\data\admdb.sqlite
[2025-08-27 22:28:13] INFO: INI ALAMAT TABLENYA :  D:\Work\ARYA-WMS-SHOPPIE\ANG19\wmshopee\.angular\prerender-root\dc20d111-8b95-407a-9f13-41d133fe1418\data\admdb.sqlite
[2025-08-27 22:28:29] INFO: INI ALAMAT TABLENYA :  D:\Work\ARYA-WMS-SHOPPIE\ANG19\wmshopee\dist\wmshopee\server\data\admdb.sqlite
[2025-08-27 22:29:45] INFO: INI ALAMAT TABLENYA :  D:\Work\ARYA-WMS-SHOPPIE\ANG19\wmshopee\.angular\prerender-root\4f61ed5d-507c-49d8-8d6a-f6b40e23b578\data\admdb.sqlite
[2025-08-27 22:29:47] INFO: INI ALAMAT TABLENYA :  D:\Work\ARYA-WMS-SHOPPIE\ANG19\wmshopee\.angular\prerender-root\3ea41a7d-60b0-4fac-aff6-a85bb8aa110d\data\admdb.sqlite
[2025-08-27 22:29:47] INFO: INI ALAMAT TABLENYA :  D:\Work\ARYA-WMS-SHOPPIE\ANG19\wmshopee\.angular\prerender-root\0211bcf4-2559-44a3-b96d-92a78561839a\data\admdb.sqlite
[2025-08-27 22:29:47] INFO: INI ALAMAT TABLENYA :  D:\Work\ARYA-WMS-SHOPPIE\ANG19\wmshopee\.angular\prerender-root\4a1042a4-bcea-4427-830e-3b9e9ae2b8c6\data\admdb.sqlite
[2025-08-27 22:29:47] INFO: INI ALAMAT TABLENYA :  D:\Work\ARYA-WMS-SHOPPIE\ANG19\wmshopee\.angular\prerender-root\f3e97b66-0e01-40dc-989c-e990d780c3de\data\admdb.sqlite
[2025-08-27 22:29:56] INFO: INI ALAMAT TABLENYA :  D:\Work\ARYA-WMS-SHOPPIE\ANG19\wmshopee\dist\wmshopee\server\data\admdb.sqlite
[2025-08-27 22:35:05] INFO: INI ALAMAT TABLENYA :  D:\Work\ARYA-WMS-SHOPPIE\ANG19\wmshopee\.angular\prerender-root\1a01ad6e-699a-40dd-801d-e5b6cf179942\data\admdb.sqlite
[2025-08-27 22:35:07] INFO: INI ALAMAT TABLENYA :  D:\Work\ARYA-WMS-SHOPPIE\ANG19\wmshopee\.angular\prerender-root\2d52e28c-f1ac-477d-815a-ad260315a20d\data\admdb.sqlite
[2025-08-27 22:35:07] INFO: INI ALAMAT TABLENYA :  D:\Work\ARYA-WMS-SHOPPIE\ANG19\wmshopee\.angular\prerender-root\d49a7600-ada9-41c8-92e3-6e43b5bd6a23\data\admdb.sqlite
[2025-08-27 22:35:07] INFO: INI ALAMAT TABLENYA :  D:\Work\ARYA-WMS-SHOPPIE\ANG19\wmshopee\.angular\prerender-root\1489663a-7f9e-4e3f-8d04-a3daed608dfe\data\admdb.sqlite
[2025-08-27 22:35:07] INFO: INI ALAMAT TABLENYA :  D:\Work\ARYA-WMS-SHOPPIE\ANG19\wmshopee\.angular\prerender-root\61ebcc88-9d7d-4ddd-a72e-48e15fd1b0f1\data\admdb.sqlite
[2025-08-27 22:35:26] INFO: INI ALAMAT TABLENYA :  D:\Work\ARYA-WMS-SHOPPIE\ANG19\wmshopee\.angular\prerender-root\e0aa1c56-e98d-41a5-a9be-f8a1134d0a1d\data\admdb.sqlite
[2025-08-27 22:35:28] INFO: INI ALAMAT TABLENYA :  D:\Work\ARYA-WMS-SHOPPIE\ANG19\wmshopee\.angular\prerender-root\43b4458e-875c-4fef-984a-4f325eb37e13\data\admdb.sqlite
[2025-08-27 22:35:28] INFO: INI ALAMAT TABLENYA :  D:\Work\ARYA-WMS-SHOPPIE\ANG19\wmshopee\.angular\prerender-root\80de9a48-1a07-4eb0-89c4-318cc029f22b\data\admdb.sqlite
[2025-08-27 22:35:28] INFO: INI ALAMAT TABLENYA :  D:\Work\ARYA-WMS-SHOPPIE\ANG19\wmshopee\.angular\prerender-root\95bdf112-c1dc-4687-96b7-55d3db49b511\data\admdb.sqlite
[2025-08-27 22:35:28] INFO: INI ALAMAT TABLENYA :  D:\Work\ARYA-WMS-SHOPPIE\ANG19\wmshopee\.angular\prerender-root\a5a0b66b-3a19-4501-ae51-e965c5a552b6\data\admdb.sqlite
[2025-08-27 22:35:35] INFO: INI ALAMAT TABLENYA :  D:\Work\ARYA-WMS-SHOPPIE\ANG19\wmshopee\dist\wmshopee\server\data\admdb.sqlite
[2025-08-27 22:36:45] INFO: INI ALAMAT TABLENYA :  D:\Work\ARYA-WMS-SHOPPIE\ANG19\wmshopee\.angular\prerender-root\32fd5ccc-b56c-483f-81b2-4dbec500e20d\data\admdb.sqlite
[2025-08-27 22:36:47] INFO: INI ALAMAT TABLENYA :  D:\Work\ARYA-WMS-SHOPPIE\ANG19\wmshopee\.angular\prerender-root\af7907b0-3452-4a0e-bdbe-695f6f94c76d\data\admdb.sqlite
[2025-08-27 22:36:47] INFO: INI ALAMAT TABLENYA :  D:\Work\ARYA-WMS-SHOPPIE\ANG19\wmshopee\.angular\prerender-root\9196745c-7825-47f6-8430-20b1bff3182d\data\admdb.sqlite
[2025-08-27 22:36:47] INFO: INI ALAMAT TABLENYA :  D:\Work\ARYA-WMS-SHOPPIE\ANG19\wmshopee\.angular\prerender-root\12192025-e90f-45ba-be26-0847ad34c03c\data\admdb.sqlite
[2025-08-27 22:36:47] INFO: INI ALAMAT TABLENYA :  D:\Work\ARYA-WMS-SHOPPIE\ANG19\wmshopee\.angular\prerender-root\821275d2-cb07-4145-8509-c7552dd0ca0a\data\admdb.sqlite
[2025-08-27 22:36:54] INFO: INI ALAMAT TABLENYA :  D:\Work\ARYA-WMS-SHOPPIE\ANG19\wmshopee\dist\wmshopee\server\data\admdb.sqlite
[2025-08-27 22:37:51] INFO: INI ALAMAT TABLENYA :  D:\Work\ARYA-WMS-SHOPPIE\ANG19\wmshopee\.angular\prerender-root\f89e515e-95c6-40e4-b6a1-be42a3d110c5\data\admdb.sqlite
[2025-08-27 22:37:53] INFO: INI ALAMAT TABLENYA :  D:\Work\ARYA-WMS-SHOPPIE\ANG19\wmshopee\.angular\prerender-root\bb01d31e-520e-4b1d-9eb8-d1cb9f4096e0\data\admdb.sqlite
[2025-08-27 22:37:53] INFO: INI ALAMAT TABLENYA :  D:\Work\ARYA-WMS-SHOPPIE\ANG19\wmshopee\.angular\prerender-root\439e4ff2-3860-4a26-83f9-a0f2653bace3\data\admdb.sqlite
[2025-08-27 22:37:53] INFO: INI ALAMAT TABLENYA :  D:\Work\ARYA-WMS-SHOPPIE\ANG19\wmshopee\.angular\prerender-root\549648b1-4f18-4fab-96f6-d52742b03cc8\data\admdb.sqlite
[2025-08-27 22:37:53] INFO: INI ALAMAT TABLENYA :  D:\Work\ARYA-WMS-SHOPPIE\ANG19\wmshopee\.angular\prerender-root\93397ca5-9a60-4236-9c31-def7a9a71ff3\data\admdb.sqlite
[2025-08-27 22:38:01] INFO: INI ALAMAT TABLENYA :  D:\Work\ARYA-WMS-SHOPPIE\ANG19\wmshopee\dist\wmshopee\server\data\admdb.sqlite
[2025-08-27 22:38:48] INFO: INI ALAMAT TABLENYA :  D:\Work\ARYA-WMS-SHOPPIE\ANG19\wmshopee\.angular\prerender-root\30d618b9-4d9d-4051-bb21-362312b822a9\data\admdb.sqlite
[2025-08-27 22:38:49] INFO: INI ALAMAT TABLENYA :  D:\Work\ARYA-WMS-SHOPPIE\ANG19\wmshopee\.angular\prerender-root\7422fa23-a521-4ce0-96ac-c4ba5fc2d4cb\data\admdb.sqlite
[2025-08-27 22:38:49] INFO: INI ALAMAT TABLENYA :  D:\Work\ARYA-WMS-SHOPPIE\ANG19\wmshopee\.angular\prerender-root\5747c154-3541-42d4-bdd7-b353afc5085b\data\admdb.sqlite
[2025-08-27 22:38:49] INFO: INI ALAMAT TABLENYA :  D:\Work\ARYA-WMS-SHOPPIE\ANG19\wmshopee\.angular\prerender-root\34038175-c3fb-4a60-8a31-50a521951b45\data\admdb.sqlite
[2025-08-27 22:38:49] INFO: INI ALAMAT TABLENYA :  D:\Work\ARYA-WMS-SHOPPIE\ANG19\wmshopee\.angular\prerender-root\2e2de7e7-5512-46cf-825e-6bd2a1a161fd\data\admdb.sqlite
[2025-08-27 22:38:56] INFO: INI ALAMAT TABLENYA :  D:\Work\ARYA-WMS-SHOPPIE\ANG19\wmshopee\dist\wmshopee\server\data\admdb.sqlite
[2025-08-27 22:43:01] INFO: INI ALAMAT TABLENYA :  D:\Work\ARYA-WMS-SHOPPIE\ANG19\wmshopee\.angular\prerender-root\69bedb1e-0bc7-4881-8c13-ae109a56501e\data\admdb.sqlite
[2025-08-27 22:43:02] INFO: INI ALAMAT TABLENYA :  D:\Work\ARYA-WMS-SHOPPIE\ANG19\wmshopee\.angular\prerender-root\514d05a0-92ec-4598-9e11-1dcedaeb41c8\data\admdb.sqlite
[2025-08-27 22:43:02] INFO: INI ALAMAT TABLENYA :  D:\Work\ARYA-WMS-SHOPPIE\ANG19\wmshopee\.angular\prerender-root\55f1d712-e2b5-406b-9a70-37bb0dbdf3ee\data\admdb.sqlite
[2025-08-27 22:43:02] INFO: INI ALAMAT TABLENYA :  D:\Work\ARYA-WMS-SHOPPIE\ANG19\wmshopee\.angular\prerender-root\b147a5e3-eb58-488b-8992-92edb2dc9373\data\admdb.sqlite
[2025-08-27 22:43:02] INFO: INI ALAMAT TABLENYA :  D:\Work\ARYA-WMS-SHOPPIE\ANG19\wmshopee\.angular\prerender-root\a2519340-a09b-4e16-bcbf-ef40b922876b\data\admdb.sqlite
[2025-08-27 22:43:09] INFO: INI ALAMAT TABLENYA :  D:\Work\ARYA-WMS-SHOPPIE\ANG19\wmshopee\dist\wmshopee\server\data\admdb.sqlite
[2025-08-27 22:44:00] INFO: INI ALAMAT TABLENYA :  D:\Work\ARYA-WMS-SHOPPIE\ANG19\wmshopee\.angular\prerender-root\ba81c67d-fdaa-4a6c-9736-8626c61749c4\data\admdb.sqlite
[2025-08-27 22:44:02] INFO: INI ALAMAT TABLENYA :  D:\Work\ARYA-WMS-SHOPPIE\ANG19\wmshopee\.angular\prerender-root\43d35ac4-14a5-421d-95a7-b4d81c95621e\data\admdb.sqlite
[2025-08-27 22:44:02] INFO: INI ALAMAT TABLENYA :  D:\Work\ARYA-WMS-SHOPPIE\ANG19\wmshopee\.angular\prerender-root\c8a6fca4-fc3c-4973-8aae-26510d49bae9\data\admdb.sqlite
[2025-08-27 22:44:02] INFO: INI ALAMAT TABLENYA :  D:\Work\ARYA-WMS-SHOPPIE\ANG19\wmshopee\.angular\prerender-root\74a2e225-43f9-49a3-98c2-84307b2a74fa\data\admdb.sqlite
[2025-08-27 22:44:02] INFO: INI ALAMAT TABLENYA :  D:\Work\ARYA-WMS-SHOPPIE\ANG19\wmshopee\.angular\prerender-root\e296462f-845b-40c3-8c56-4219895daf81\data\admdb.sqlite
[2025-08-27 22:44:08] INFO: INI ALAMAT TABLENYA :  D:\Work\ARYA-WMS-SHOPPIE\ANG19\wmshopee\dist\wmshopee\server\data\admdb.sqlite
[2025-08-27 22:48:45] INFO: INI ALAMAT TABLENYA :  D:\Work\ARYA-WMS-SHOPPIE\ANG19\wmshopee\.angular\prerender-root\0d8c3452-41ed-405a-8fb2-141806f873a0\data\admdb.sqlite
[2025-08-27 22:48:47] INFO: INI ALAMAT TABLENYA :  D:\Work\ARYA-WMS-SHOPPIE\ANG19\wmshopee\.angular\prerender-root\f3fa9404-7374-422b-8e27-423433cb6280\data\admdb.sqlite
[2025-08-27 22:48:47] INFO: INI ALAMAT TABLENYA :  D:\Work\ARYA-WMS-SHOPPIE\ANG19\wmshopee\.angular\prerender-root\724e0f0c-3d83-4d35-b51e-7d37eee3d5ed\data\admdb.sqlite
[2025-08-27 22:48:47] INFO: INI ALAMAT TABLENYA :  D:\Work\ARYA-WMS-SHOPPIE\ANG19\wmshopee\.angular\prerender-root\a438bd10-c99e-42df-b344-b8d10b413fe1\data\admdb.sqlite
[2025-08-27 22:48:47] INFO: INI ALAMAT TABLENYA :  D:\Work\ARYA-WMS-SHOPPIE\ANG19\wmshopee\.angular\prerender-root\70d531e0-f2b5-492e-bc0d-929caafda610\data\admdb.sqlite
[2025-08-27 22:48:54] INFO: INI ALAMAT TABLENYA :  D:\Work\ARYA-WMS-SHOPPIE\ANG19\wmshopee\dist\wmshopee\server\data\admdb.sqlite
[2025-08-27 22:51:00] INFO: INI ALAMAT TABLENYA :  D:\Work\ARYA-WMS-SHOPPIE\ANG19\wmshopee\.angular\prerender-root\97f8521d-8d9d-4b93-a388-4e08bcc5dc72\data\admdb.sqlite
[2025-08-27 22:51:02] INFO: INI ALAMAT TABLENYA :  D:\Work\ARYA-WMS-SHOPPIE\ANG19\wmshopee\.angular\prerender-root\716aedca-5a49-4c08-b79d-88d5e36185cc\data\admdb.sqlite
[2025-08-27 22:51:02] INFO: INI ALAMAT TABLENYA :  D:\Work\ARYA-WMS-SHOPPIE\ANG19\wmshopee\.angular\prerender-root\39975945-9561-4607-8898-b1b11c0e4ba6\data\admdb.sqlite
[2025-08-27 22:51:02] INFO: INI ALAMAT TABLENYA :  D:\Work\ARYA-WMS-SHOPPIE\ANG19\wmshopee\.angular\prerender-root\a3b40bd2-acc3-4514-864f-9316b8ea5d89\data\admdb.sqlite
[2025-08-27 22:51:02] INFO: INI ALAMAT TABLENYA :  D:\Work\ARYA-WMS-SHOPPIE\ANG19\wmshopee\.angular\prerender-root\44b80fd4-ca99-4dd6-a869-a7192895300c\data\admdb.sqlite
[2025-08-27 22:51:09] INFO: INI ALAMAT TABLENYA :  D:\Work\ARYA-WMS-SHOPPIE\ANG19\wmshopee\dist\wmshopee\server\data\admdb.sqlite
