[2025-10-15 08:27:24] INFO: INI ALAMAT TABLENYA :  D:\Work\ARYA-WMS-SHOPPIE\ANG19\wmshopee\.angular\prerender-root\293b1261-1f73-4be5-81f1-003f586c6fc8\data\admdb.sqlite
[2025-10-15 08:27:33] INFO: INI ALAMAT TABLENYA :  D:\Work\ARYA-WMS-SHOPPIE\ANG19\wmshopee\.angular\prerender-root\69b1850a-1134-462e-9c94-08723cb29ad8\data\admdb.sqlite
[2025-10-15 08:27:33] INFO: INI ALAMAT TABLENYA :  D:\Work\ARYA-WMS-SHOPPIE\ANG19\wmshopee\.angular\prerender-root\f301430b-0e93-478c-a0b3-00408cbc88d1\data\admdb.sqlite
[2025-10-15 08:27:33] INFO: INI ALAMAT TABLENYA :  D:\Work\ARYA-WMS-SHOPPIE\ANG19\wmshopee\.angular\prerender-root\28b76091-7107-440a-ba07-9bfe84117d1d\data\admdb.sqlite
[2025-10-15 08:27:33] INFO: INI ALAMAT TABLENYA :  D:\Work\ARYA-WMS-SHOPPIE\ANG19\wmshopee\.angular\prerender-root\fea663f9-f95c-43bc-a551-cf439c9f0521\data\admdb.sqlite
[2025-10-15 08:28:18] INFO: INI ALAMAT TABLENYA :  D:\Work\ARYA-WMS-SHOPPIE\ANG19\wmshopee\dist\wmshopee\server\data\admdb.sqlite
[2025-10-15 08:28:28] INFO: ✅ Shopee refresh on fetchWithAuth Error: {"error":"invalid_acceess_token","message":"Invalid access_token, please have a check.","request_id":"e3e3e7f341286aebf39e126fc318d900"}
[2025-10-15 08:28:28] INFO: ✅ Shopee refresh on fetchWithAuth Error: {"error":"invalid_acceess_token","message":"Invalid access_token, please have a check.","request_id":"e3e3e7f341286aebf81b5be27114ec00"}
[2025-10-15 08:28:28] INFO: Update data token : 
[2025-10-15 08:28:28] INFO: Update data token : 
[2025-10-15 08:28:37] INFO: ✅ package Sudah di List  160
[2025-10-15 08:28:43] ERROR: Error api.controller :  {"code":"SQLITE_CONSTRAINT_PRIMARYKEY"}
[2025-10-15 08:42:01] INFO: INI ALAMAT TABLENYA :  D:\Work\ARYA-WMS-SHOPPIE\ANG19\wmshopee\.angular\prerender-root\71f8a055-b19b-4d94-a81e-c579581b5059\data\admdb.sqlite
[2025-10-15 08:42:13] INFO: INI ALAMAT TABLENYA :  D:\Work\ARYA-WMS-SHOPPIE\ANG19\wmshopee\.angular\prerender-root\308284d8-1d66-4ec4-b2ba-03d69fa78445\data\admdb.sqlite
[2025-10-15 08:42:13] INFO: INI ALAMAT TABLENYA :  D:\Work\ARYA-WMS-SHOPPIE\ANG19\wmshopee\.angular\prerender-root\35210c1d-6fb3-42bd-ac4b-091b504edf7e\data\admdb.sqlite
[2025-10-15 08:42:13] INFO: INI ALAMAT TABLENYA :  D:\Work\ARYA-WMS-SHOPPIE\ANG19\wmshopee\.angular\prerender-root\6bba5589-e4ce-4d12-828f-ff6e24b0e7b6\data\admdb.sqlite
[2025-10-15 08:42:13] INFO: INI ALAMAT TABLENYA :  D:\Work\ARYA-WMS-SHOPPIE\ANG19\wmshopee\.angular\prerender-root\5fee2f42-c03f-409b-be7c-fa781fe5625d\data\admdb.sqlite
[2025-10-15 08:42:22] INFO: INI ALAMAT TABLENYA :  D:\Work\ARYA-WMS-SHOPPIE\ANG19\wmshopee\dist\wmshopee\server\data\admdb.sqlite
[2025-10-15 08:42:28] INFO: ✅ Shopee refresh on fetchWithAuth Error: {"error":"invalid_acceess_token","message":"Invalid access_token, please have a check.","request_id":"e3e3e7f341289cf661c2598e45105c00"}
[2025-10-15 08:42:28] INFO: ✅ Shopee refresh on fetchWithAuth Error: {"error":"invalid_acceess_token","message":"Invalid access_token, please have a check.","request_id":"e3e3e7f341289cf66df478393cb7fc00"}
[2025-10-15 08:42:28] INFO: Update data token : 
[2025-10-15 08:42:28] INFO: Update data token : 
[2025-10-15 08:43:03] INFO: INI ALAMAT TABLENYA :  D:\Work\ARYA-WMS-SHOPPIE\ANG19\wmshopee\.angular\prerender-root\ffba310e-e7c2-4209-8f86-d920d095d290\data\admdb.sqlite
[2025-10-15 08:43:06] INFO: INI ALAMAT TABLENYA :  D:\Work\ARYA-WMS-SHOPPIE\ANG19\wmshopee\.angular\prerender-root\e76cc17f-b62c-4662-86d6-ec8fd50ec91e\data\admdb.sqlite
[2025-10-15 08:43:06] INFO: INI ALAMAT TABLENYA :  D:\Work\ARYA-WMS-SHOPPIE\ANG19\wmshopee\.angular\prerender-root\c1e3c6b3-32f8-4497-9981-fa80d0e438f2\data\admdb.sqlite
[2025-10-15 08:43:06] INFO: INI ALAMAT TABLENYA :  D:\Work\ARYA-WMS-SHOPPIE\ANG19\wmshopee\.angular\prerender-root\4a964161-b0d8-44ae-955d-3ed420217ff5\data\admdb.sqlite
[2025-10-15 08:43:06] INFO: INI ALAMAT TABLENYA :  D:\Work\ARYA-WMS-SHOPPIE\ANG19\wmshopee\.angular\prerender-root\1f0000f8-0cc9-4864-b740-f04ae3aa5bbd\data\admdb.sqlite
[2025-10-15 08:43:15] INFO: INI ALAMAT TABLENYA :  D:\Work\ARYA-WMS-SHOPPIE\ANG19\wmshopee\dist\wmshopee\server\data\admdb.sqlite
[2025-10-15 08:43:26] INFO: ✅ package Sudah di List  170
[2025-10-15 08:50:08] INFO: INI ALAMAT TABLENYA :  D:\Work\ARYA-WMS-SHOPPIE\ANG19\wmshopee\.angular\prerender-root\783361dd-fe10-42ff-86e6-e3fe9905cbbf\data\admdb.sqlite
[2025-10-15 08:50:12] INFO: INI ALAMAT TABLENYA :  D:\Work\ARYA-WMS-SHOPPIE\ANG19\wmshopee\.angular\prerender-root\52451c93-c70b-4ef6-880d-a184aa087448\data\admdb.sqlite
[2025-10-15 08:50:12] INFO: INI ALAMAT TABLENYA :  D:\Work\ARYA-WMS-SHOPPIE\ANG19\wmshopee\.angular\prerender-root\00850193-bc32-427d-96bb-91075eb716f7\data\admdb.sqlite
[2025-10-15 08:50:12] INFO: INI ALAMAT TABLENYA :  D:\Work\ARYA-WMS-SHOPPIE\ANG19\wmshopee\.angular\prerender-root\5ea090a1-95c9-455d-830b-6592e912aff1\data\admdb.sqlite
[2025-10-15 08:50:12] INFO: INI ALAMAT TABLENYA :  D:\Work\ARYA-WMS-SHOPPIE\ANG19\wmshopee\.angular\prerender-root\f4f4cfdc-16ad-4968-aceb-a3f6007b26af\data\admdb.sqlite
[2025-10-15 08:50:23] INFO: INI ALAMAT TABLENYA :  D:\Work\ARYA-WMS-SHOPPIE\ANG19\wmshopee\dist\wmshopee\server\data\admdb.sqlite
[2025-10-15 08:58:01] INFO: INI ALAMAT TABLENYA :  D:\Work\ARYA-WMS-SHOPPIE\ANG19\wmshopee\.angular\prerender-root\f6b45469-eaf7-4c2a-9f48-35c153830361\data\admdb.sqlite
[2025-10-15 08:58:03] INFO: INI ALAMAT TABLENYA :  D:\Work\ARYA-WMS-SHOPPIE\ANG19\wmshopee\.angular\prerender-root\d78a6a5c-2c9c-4dac-a9d2-ae623ce0e507\data\admdb.sqlite
[2025-10-15 08:58:03] INFO: INI ALAMAT TABLENYA :  D:\Work\ARYA-WMS-SHOPPIE\ANG19\wmshopee\.angular\prerender-root\12f00f91-9a0e-4bae-a54a-2c3957bbf32f\data\admdb.sqlite
[2025-10-15 08:58:03] INFO: INI ALAMAT TABLENYA :  D:\Work\ARYA-WMS-SHOPPIE\ANG19\wmshopee\.angular\prerender-root\bfc92466-3718-4a97-871f-785fc9dd4f2d\data\admdb.sqlite
[2025-10-15 08:58:03] INFO: INI ALAMAT TABLENYA :  D:\Work\ARYA-WMS-SHOPPIE\ANG19\wmshopee\.angular\prerender-root\fcafe41a-3254-42c6-9447-03c1473e49d8\data\admdb.sqlite
[2025-10-15 08:58:13] INFO: INI ALAMAT TABLENYA :  D:\Work\ARYA-WMS-SHOPPIE\ANG19\wmshopee\dist\wmshopee\server\data\admdb.sqlite
[2025-10-15 09:00:48] INFO: INI ALAMAT TABLENYA :  D:\Work\ARYA-WMS-SHOPPIE\ANG19\wmshopee\.angular\prerender-root\7e3934ec-6800-4b4a-a78b-c301197878f2\data\admdb.sqlite
[2025-10-15 09:00:50] INFO: INI ALAMAT TABLENYA :  D:\Work\ARYA-WMS-SHOPPIE\ANG19\wmshopee\.angular\prerender-root\f1b38c42-c041-45bf-ad71-e93524887aaa\data\admdb.sqlite
[2025-10-15 09:00:50] INFO: INI ALAMAT TABLENYA :  D:\Work\ARYA-WMS-SHOPPIE\ANG19\wmshopee\.angular\prerender-root\f8a63ad1-c1e3-4b3c-8b9f-4da569fb3902\data\admdb.sqlite
[2025-10-15 09:00:50] INFO: INI ALAMAT TABLENYA :  D:\Work\ARYA-WMS-SHOPPIE\ANG19\wmshopee\.angular\prerender-root\32743025-096d-4bda-850c-e3f890cdc3e8\data\admdb.sqlite
[2025-10-15 09:00:50] INFO: INI ALAMAT TABLENYA :  D:\Work\ARYA-WMS-SHOPPIE\ANG19\wmshopee\.angular\prerender-root\eb95a106-0f24-49e3-8d9d-5556f1fbcf9d\data\admdb.sqlite
[2025-10-15 09:01:00] INFO: INI ALAMAT TABLENYA :  D:\Work\ARYA-WMS-SHOPPIE\ANG19\wmshopee\dist\wmshopee\server\data\admdb.sqlite
[2025-10-15 09:27:09] INFO: INI ALAMAT TABLENYA :  D:\Work\ARYA-WMS-SHOPPIE\ANG19\wmshopee\.angular\prerender-root\1fe39901-31da-45ae-a870-5f9cda242849\data\admdb.sqlite
[2025-10-15 09:27:16] INFO: INI ALAMAT TABLENYA :  D:\Work\ARYA-WMS-SHOPPIE\ANG19\wmshopee\.angular\prerender-root\93af6151-0ab7-4d86-b60f-894727a982b9\data\admdb.sqlite
[2025-10-15 09:27:16] INFO: INI ALAMAT TABLENYA :  D:\Work\ARYA-WMS-SHOPPIE\ANG19\wmshopee\.angular\prerender-root\f39abe3e-e539-46b8-96ca-78e20f85eed9\data\admdb.sqlite
[2025-10-15 09:27:16] INFO: INI ALAMAT TABLENYA :  D:\Work\ARYA-WMS-SHOPPIE\ANG19\wmshopee\.angular\prerender-root\0578cc52-8543-4e6a-b5b2-671e0a53e0ee\data\admdb.sqlite
[2025-10-15 09:27:16] INFO: INI ALAMAT TABLENYA :  D:\Work\ARYA-WMS-SHOPPIE\ANG19\wmshopee\.angular\prerender-root\7ab32f04-689e-4cf5-a521-a1c1fd4d95a6\data\admdb.sqlite
[2025-10-15 09:28:47] INFO: INI ALAMAT TABLENYA :  D:\Work\ARYA-WMS-SHOPPIE\ANG19\wmshopee\.angular\prerender-root\80a655ca-425a-457e-864b-25d66659ae88\data\admdb.sqlite
[2025-10-15 09:28:50] INFO: INI ALAMAT TABLENYA :  D:\Work\ARYA-WMS-SHOPPIE\ANG19\wmshopee\.angular\prerender-root\3cee92fc-29f0-4927-b526-44a23403ef9d\data\admdb.sqlite
[2025-10-15 09:28:50] INFO: INI ALAMAT TABLENYA :  D:\Work\ARYA-WMS-SHOPPIE\ANG19\wmshopee\.angular\prerender-root\5c9fac29-19b7-415c-9a19-7741115d8fa8\data\admdb.sqlite
[2025-10-15 09:28:50] INFO: INI ALAMAT TABLENYA :  D:\Work\ARYA-WMS-SHOPPIE\ANG19\wmshopee\.angular\prerender-root\b9009fbb-3dcb-4f42-9979-14c763fe7ccd\data\admdb.sqlite
[2025-10-15 09:28:50] INFO: INI ALAMAT TABLENYA :  D:\Work\ARYA-WMS-SHOPPIE\ANG19\wmshopee\.angular\prerender-root\fbe8c351-b8f5-422e-be76-debf25c8a189\data\admdb.sqlite
[2025-10-15 09:34:35] INFO: INI ALAMAT TABLENYA :  D:\Work\ARYA-WMS-SHOPPIE\ANG19\wmshopee\dist\wmshopee\server\data\admdb.sqlite
[2025-10-15 09:49:01] INFO: INI ALAMAT TABLENYA :  D:\Work\ARYA-WMS-SHOPPIE\ANG19\wmshopee\.angular\prerender-root\267e8485-50ad-4eeb-987d-72806e728bfa\data\admdb.sqlite
[2025-10-15 09:49:03] INFO: INI ALAMAT TABLENYA :  D:\Work\ARYA-WMS-SHOPPIE\ANG19\wmshopee\.angular\prerender-root\0ff7bf8d-128f-4736-8835-f0ae4ac44e51\data\admdb.sqlite
[2025-10-15 09:49:03] INFO: INI ALAMAT TABLENYA :  D:\Work\ARYA-WMS-SHOPPIE\ANG19\wmshopee\.angular\prerender-root\5d837c23-c6bd-4612-b37e-40015260bcdb\data\admdb.sqlite
[2025-10-15 09:49:03] INFO: INI ALAMAT TABLENYA :  D:\Work\ARYA-WMS-SHOPPIE\ANG19\wmshopee\.angular\prerender-root\c37076f6-4403-4f81-8cd7-8f03c633f277\data\admdb.sqlite
[2025-10-15 09:49:03] INFO: INI ALAMAT TABLENYA :  D:\Work\ARYA-WMS-SHOPPIE\ANG19\wmshopee\.angular\prerender-root\92adf6ce-6324-49fd-996c-e3a0114372d5\data\admdb.sqlite
[2025-10-15 09:49:25] INFO: INI ALAMAT TABLENYA :  D:\Work\ARYA-WMS-SHOPPIE\ANG19\wmshopee\dist\wmshopee\server\data\admdb.sqlite
[2025-10-15 09:49:40] INFO: ✅ package Sudah di List  195
[2025-10-15 09:51:29] INFO: ✅ package Sudah di List  195
[2025-10-15 10:10:38] INFO: INI ALAMAT TABLENYA :  D:\Work\ARYA-WMS-SHOPPIE\ANG19\wmshopee\.angular\prerender-root\4154f9fd-3bf3-479f-8ee0-c286ca706537\data\admdb.sqlite
[2025-10-15 10:10:39] INFO: INI ALAMAT TABLENYA :  D:\Work\ARYA-WMS-SHOPPIE\ANG19\wmshopee\.angular\prerender-root\debc69b9-8324-4a08-92c5-f660381a54ec\data\admdb.sqlite
[2025-10-15 10:10:39] INFO: INI ALAMAT TABLENYA :  D:\Work\ARYA-WMS-SHOPPIE\ANG19\wmshopee\.angular\prerender-root\8b36b4b6-9f73-41ec-bfc2-4988cf4b9093\data\admdb.sqlite
[2025-10-15 10:10:39] INFO: INI ALAMAT TABLENYA :  D:\Work\ARYA-WMS-SHOPPIE\ANG19\wmshopee\.angular\prerender-root\c4171a05-2c67-4537-9f6c-a319e24a8b60\data\admdb.sqlite
[2025-10-15 10:10:39] INFO: INI ALAMAT TABLENYA :  D:\Work\ARYA-WMS-SHOPPIE\ANG19\wmshopee\.angular\prerender-root\c5c4f96b-0779-4f85-901b-96eb1f300e16\data\admdb.sqlite
[2025-10-15 10:11:41] INFO: INI ALAMAT TABLENYA :  D:\Work\ARYA-WMS-SHOPPIE\ANG19\wmshopee\.angular\prerender-root\76a360a3-8c7a-456c-990c-bd8dd39ff17e\data\admdb.sqlite
[2025-10-15 10:11:42] INFO: INI ALAMAT TABLENYA :  D:\Work\ARYA-WMS-SHOPPIE\ANG19\wmshopee\.angular\prerender-root\98282043-cc10-48de-a9bf-918d5ec26548\data\admdb.sqlite
[2025-10-15 10:11:42] INFO: INI ALAMAT TABLENYA :  D:\Work\ARYA-WMS-SHOPPIE\ANG19\wmshopee\.angular\prerender-root\31a2c6b0-8577-41d5-b19b-17828fe9cd89\data\admdb.sqlite
[2025-10-15 10:11:42] INFO: INI ALAMAT TABLENYA :  D:\Work\ARYA-WMS-SHOPPIE\ANG19\wmshopee\.angular\prerender-root\e9b268fc-fcec-48f5-bd9c-23a4aa437843\data\admdb.sqlite
[2025-10-15 10:11:42] INFO: INI ALAMAT TABLENYA :  D:\Work\ARYA-WMS-SHOPPIE\ANG19\wmshopee\.angular\prerender-root\113b15f1-6ac1-49f9-818e-c78a8c29e6c0\data\admdb.sqlite
[2025-10-15 10:12:22] INFO: INI ALAMAT TABLENYA :  D:\Work\ARYA-WMS-SHOPPIE\ANG19\wmshopee\dist\wmshopee\server\data\admdb.sqlite
[2025-10-15 10:13:27] INFO: ✅ package Sudah di List  5
[2025-10-15 10:13:49] ERROR: Error api.controller :  {}
[2025-10-15 10:18:09] INFO: INI ALAMAT TABLENYA :  D:\Work\ARYA-WMS-SHOPPIE\ANG19\wmshopee\.angular\prerender-root\c4891ba6-0b1e-4a4c-ac07-208b44bb58c7\data\admdb.sqlite
[2025-10-15 10:18:11] INFO: INI ALAMAT TABLENYA :  D:\Work\ARYA-WMS-SHOPPIE\ANG19\wmshopee\.angular\prerender-root\f3706d5e-3b6d-4a09-9eb7-be60c22ff5d1\data\admdb.sqlite
[2025-10-15 10:18:11] INFO: INI ALAMAT TABLENYA :  D:\Work\ARYA-WMS-SHOPPIE\ANG19\wmshopee\.angular\prerender-root\73f157ea-0415-4f7e-b958-be9435600c73\data\admdb.sqlite
[2025-10-15 10:18:11] INFO: INI ALAMAT TABLENYA :  D:\Work\ARYA-WMS-SHOPPIE\ANG19\wmshopee\.angular\prerender-root\445ddb66-83c1-40dc-8f2e-f651b1e9005b\data\admdb.sqlite
[2025-10-15 10:18:11] INFO: INI ALAMAT TABLENYA :  D:\Work\ARYA-WMS-SHOPPIE\ANG19\wmshopee\.angular\prerender-root\5f7f75e5-3303-487e-8c91-46ef7512439f\data\admdb.sqlite
[2025-10-15 10:18:20] INFO: INI ALAMAT TABLENYA :  D:\Work\ARYA-WMS-SHOPPIE\ANG19\wmshopee\dist\wmshopee\server\data\admdb.sqlite
[2025-10-15 10:18:32] INFO: ✅ package Sudah di List  7
[2025-10-15 10:18:46] ERROR: Error api.controller :  {}
[2025-10-15 10:20:50] ERROR: Error api.controller :  {}
[2025-10-15 10:22:02] ERROR: Error api.controller :  {}
[2025-10-15 10:22:36] INFO: INI ALAMAT TABLENYA :  D:\Work\ARYA-WMS-SHOPPIE\ANG19\wmshopee\.angular\prerender-root\563385c6-d57c-4e50-9c55-04841d4d0a8e\data\admdb.sqlite
[2025-10-15 10:22:38] INFO: INI ALAMAT TABLENYA :  D:\Work\ARYA-WMS-SHOPPIE\ANG19\wmshopee\.angular\prerender-root\d7fcdc7a-422b-4382-abe6-5bfa132ec228\data\admdb.sqlite
[2025-10-15 10:22:38] INFO: INI ALAMAT TABLENYA :  D:\Work\ARYA-WMS-SHOPPIE\ANG19\wmshopee\.angular\prerender-root\607e9548-206a-4c18-b931-e265e7e961f7\data\admdb.sqlite
[2025-10-15 10:22:38] INFO: INI ALAMAT TABLENYA :  D:\Work\ARYA-WMS-SHOPPIE\ANG19\wmshopee\.angular\prerender-root\2447ec6d-c6d4-45a5-8bc7-7d708058f3ce\data\admdb.sqlite
[2025-10-15 10:22:38] INFO: INI ALAMAT TABLENYA :  D:\Work\ARYA-WMS-SHOPPIE\ANG19\wmshopee\.angular\prerender-root\273ebd9a-a83f-42f0-bcc6-f67885181e8e\data\admdb.sqlite
[2025-10-15 10:22:45] INFO: INI ALAMAT TABLENYA :  D:\Work\ARYA-WMS-SHOPPIE\ANG19\wmshopee\dist\wmshopee\server\data\admdb.sqlite
[2025-10-15 10:22:49] INFO: ✅ package Sudah di List  8
[2025-10-15 10:23:00] ERROR: Error api.controller :  {}
[2025-10-15 10:27:05] INFO: INI ALAMAT TABLENYA :  D:\Work\ARYA-WMS-SHOPPIE\ANG19\wmshopee\.angular\prerender-root\306a1feb-30c6-4794-8f90-398ec33a7a90\data\admdb.sqlite
[2025-10-15 10:27:06] INFO: INI ALAMAT TABLENYA :  D:\Work\ARYA-WMS-SHOPPIE\ANG19\wmshopee\.angular\prerender-root\a05e1131-cd66-4a74-885c-cd409a3d0b6a\data\admdb.sqlite
[2025-10-15 10:27:06] INFO: INI ALAMAT TABLENYA :  D:\Work\ARYA-WMS-SHOPPIE\ANG19\wmshopee\.angular\prerender-root\c0bc0b8e-3747-4fa7-aa9a-70e928760afb\data\admdb.sqlite
[2025-10-15 10:27:06] INFO: INI ALAMAT TABLENYA :  D:\Work\ARYA-WMS-SHOPPIE\ANG19\wmshopee\.angular\prerender-root\9ab60929-e4d8-4f4a-9bb3-932eca46fa38\data\admdb.sqlite
[2025-10-15 10:27:06] INFO: INI ALAMAT TABLENYA :  D:\Work\ARYA-WMS-SHOPPIE\ANG19\wmshopee\.angular\prerender-root\ddf1d957-bb08-4d52-b5a3-f31164be2d75\data\admdb.sqlite
[2025-10-15 10:27:14] INFO: INI ALAMAT TABLENYA :  D:\Work\ARYA-WMS-SHOPPIE\ANG19\wmshopee\dist\wmshopee\server\data\admdb.sqlite
[2025-10-15 10:27:24] INFO: ✅ package Sudah di List  12
[2025-10-15 10:27:44] ERROR: Error api.controller :  {}
[2025-10-15 10:28:33] INFO: INI ALAMAT TABLENYA :  D:\Work\ARYA-WMS-SHOPPIE\ANG19\wmshopee\.angular\prerender-root\b3d32392-d060-4e21-a726-573d5a3caf04\data\admdb.sqlite
[2025-10-15 10:28:35] INFO: INI ALAMAT TABLENYA :  D:\Work\ARYA-WMS-SHOPPIE\ANG19\wmshopee\.angular\prerender-root\20edfa77-1070-4a4d-8307-9bf11ed3f73c\data\admdb.sqlite
[2025-10-15 10:28:35] INFO: INI ALAMAT TABLENYA :  D:\Work\ARYA-WMS-SHOPPIE\ANG19\wmshopee\.angular\prerender-root\9487f5e8-69fe-42de-9ee8-db9e2160892f\data\admdb.sqlite
[2025-10-15 10:28:35] INFO: INI ALAMAT TABLENYA :  D:\Work\ARYA-WMS-SHOPPIE\ANG19\wmshopee\.angular\prerender-root\50d43aff-bed4-49b0-9371-d81a030b31d3\data\admdb.sqlite
[2025-10-15 10:28:35] INFO: INI ALAMAT TABLENYA :  D:\Work\ARYA-WMS-SHOPPIE\ANG19\wmshopee\.angular\prerender-root\006bb736-5d08-4557-8891-be37730c9f45\data\admdb.sqlite
[2025-10-15 10:28:43] INFO: INI ALAMAT TABLENYA :  D:\Work\ARYA-WMS-SHOPPIE\ANG19\wmshopee\dist\wmshopee\server\data\admdb.sqlite
[2025-10-15 10:28:48] ERROR: Error api.controller :  {}
[2025-10-15 10:29:46] INFO: INI ALAMAT TABLENYA :  D:\Work\ARYA-WMS-SHOPPIE\ANG19\wmshopee\.angular\prerender-root\76ac4cda-d6df-4257-bc9a-ba5f25f091c4\data\admdb.sqlite
[2025-10-15 10:29:47] INFO: INI ALAMAT TABLENYA :  D:\Work\ARYA-WMS-SHOPPIE\ANG19\wmshopee\.angular\prerender-root\5e8e88ae-346f-40d2-b208-3b215f8974ff\data\admdb.sqlite
[2025-10-15 10:29:47] INFO: INI ALAMAT TABLENYA :  D:\Work\ARYA-WMS-SHOPPIE\ANG19\wmshopee\.angular\prerender-root\34f37764-9f32-4b31-977c-0d958fd4f5a3\data\admdb.sqlite
[2025-10-15 10:29:47] INFO: INI ALAMAT TABLENYA :  D:\Work\ARYA-WMS-SHOPPIE\ANG19\wmshopee\.angular\prerender-root\f73b6b86-08aa-4b0f-8e4c-0e1b044bb385\data\admdb.sqlite
[2025-10-15 10:29:47] INFO: INI ALAMAT TABLENYA :  D:\Work\ARYA-WMS-SHOPPIE\ANG19\wmshopee\.angular\prerender-root\9b31a3d6-7873-4dd8-9e4e-9013b21f745b\data\admdb.sqlite
[2025-10-15 10:29:54] INFO: INI ALAMAT TABLENYA :  D:\Work\ARYA-WMS-SHOPPIE\ANG19\wmshopee\dist\wmshopee\server\data\admdb.sqlite
[2025-10-15 10:30:00] ERROR: Error api.controller :  {}
[2025-10-15 10:33:46] INFO: INI ALAMAT TABLENYA :  D:\Work\ARYA-WMS-SHOPPIE\ANG19\wmshopee\.angular\prerender-root\0c30daad-9272-416e-b8d6-ab57f29a4d46\data\admdb.sqlite
[2025-10-15 10:33:48] INFO: INI ALAMAT TABLENYA :  D:\Work\ARYA-WMS-SHOPPIE\ANG19\wmshopee\.angular\prerender-root\548b232f-23cd-41cb-95e8-cdb514474ee5\data\admdb.sqlite
[2025-10-15 10:33:48] INFO: INI ALAMAT TABLENYA :  D:\Work\ARYA-WMS-SHOPPIE\ANG19\wmshopee\.angular\prerender-root\73074bda-c550-4ce9-9ac8-56d047018cce\data\admdb.sqlite
[2025-10-15 10:33:48] INFO: INI ALAMAT TABLENYA :  D:\Work\ARYA-WMS-SHOPPIE\ANG19\wmshopee\.angular\prerender-root\64c53cdf-d744-4906-ac93-57446685f703\data\admdb.sqlite
[2025-10-15 10:33:48] INFO: INI ALAMAT TABLENYA :  D:\Work\ARYA-WMS-SHOPPIE\ANG19\wmshopee\.angular\prerender-root\0f4f9f72-41d4-4ba4-8db2-ae8e5ca52f57\data\admdb.sqlite
[2025-10-15 10:33:55] INFO: INI ALAMAT TABLENYA :  D:\Work\ARYA-WMS-SHOPPIE\ANG19\wmshopee\dist\wmshopee\server\data\admdb.sqlite
[2025-10-15 10:37:52] INFO: INI ALAMAT TABLENYA :  D:\Work\ARYA-WMS-SHOPPIE\ANG19\wmshopee\.angular\prerender-root\937fbb91-37d7-437e-86c9-ef9db3dee318\data\admdb.sqlite
[2025-10-15 10:37:54] INFO: INI ALAMAT TABLENYA :  D:\Work\ARYA-WMS-SHOPPIE\ANG19\wmshopee\.angular\prerender-root\99da5be7-d36c-442e-8b80-6a58212b1bd8\data\admdb.sqlite
[2025-10-15 10:37:54] INFO: INI ALAMAT TABLENYA :  D:\Work\ARYA-WMS-SHOPPIE\ANG19\wmshopee\.angular\prerender-root\4ced0eb8-365e-4ab5-b4e9-74fa1d25f3b0\data\admdb.sqlite
[2025-10-15 10:37:54] INFO: INI ALAMAT TABLENYA :  D:\Work\ARYA-WMS-SHOPPIE\ANG19\wmshopee\.angular\prerender-root\06a42b6c-303a-4ecf-a4a1-6c71a0eda4e0\data\admdb.sqlite
[2025-10-15 10:37:54] INFO: INI ALAMAT TABLENYA :  D:\Work\ARYA-WMS-SHOPPIE\ANG19\wmshopee\.angular\prerender-root\a8c3f56a-bfa8-4fe3-a703-2d120cc471b6\data\admdb.sqlite
[2025-10-15 10:38:02] INFO: INI ALAMAT TABLENYA :  D:\Work\ARYA-WMS-SHOPPIE\ANG19\wmshopee\dist\wmshopee\server\data\admdb.sqlite
[2025-10-15 10:38:22] INFO: ✅ package Sudah di List  17
[2025-10-15 10:40:35] INFO: INI ALAMAT TABLENYA :  D:\Work\ARYA-WMS-SHOPPIE\ANG19\wmshopee\.angular\prerender-root\e63ea263-d15b-4489-aaee-652c11cd2b52\data\admdb.sqlite
[2025-10-15 10:40:39] INFO: INI ALAMAT TABLENYA :  D:\Work\ARYA-WMS-SHOPPIE\ANG19\wmshopee\.angular\prerender-root\0d7a47e5-0a68-4998-abd2-6e7a2ce36c84\data\admdb.sqlite
[2025-10-15 10:40:39] INFO: INI ALAMAT TABLENYA :  D:\Work\ARYA-WMS-SHOPPIE\ANG19\wmshopee\.angular\prerender-root\f9d8a8e4-0e2b-47b3-908b-a3954d1d2c2f\data\admdb.sqlite
[2025-10-15 10:40:39] INFO: INI ALAMAT TABLENYA :  D:\Work\ARYA-WMS-SHOPPIE\ANG19\wmshopee\.angular\prerender-root\b6b53c0d-0bc5-4f7f-a011-c922c6828aa5\data\admdb.sqlite
[2025-10-15 10:40:39] INFO: INI ALAMAT TABLENYA :  D:\Work\ARYA-WMS-SHOPPIE\ANG19\wmshopee\.angular\prerender-root\9c909268-d044-41fc-b797-f7cbc561dddb\data\admdb.sqlite
[2025-10-15 10:40:47] INFO: INI ALAMAT TABLENYA :  D:\Work\ARYA-WMS-SHOPPIE\ANG19\wmshopee\dist\wmshopee\server\data\admdb.sqlite
[2025-10-15 10:40:57] INFO: ✅ package Sudah di List  17
[2025-10-15 10:41:31] ERROR: Error api.controller :  {}
[2025-10-15 10:44:31] INFO: INI ALAMAT TABLENYA :  D:\Work\ARYA-WMS-SHOPPIE\ANG19\wmshopee\.angular\prerender-root\02dc0073-d4e9-404f-8de2-2675a3d2d3d0\data\admdb.sqlite
[2025-10-15 10:44:33] INFO: INI ALAMAT TABLENYA :  D:\Work\ARYA-WMS-SHOPPIE\ANG19\wmshopee\.angular\prerender-root\0e377104-1dd9-49d2-bd96-c2d850924b84\data\admdb.sqlite
[2025-10-15 10:44:33] INFO: INI ALAMAT TABLENYA :  D:\Work\ARYA-WMS-SHOPPIE\ANG19\wmshopee\.angular\prerender-root\90f01614-b898-4447-8d6f-413729cf5b09\data\admdb.sqlite
[2025-10-15 10:44:33] INFO: INI ALAMAT TABLENYA :  D:\Work\ARYA-WMS-SHOPPIE\ANG19\wmshopee\.angular\prerender-root\c458b9ae-d4c3-4103-af2c-8b1961ab28c2\data\admdb.sqlite
[2025-10-15 10:44:33] INFO: INI ALAMAT TABLENYA :  D:\Work\ARYA-WMS-SHOPPIE\ANG19\wmshopee\.angular\prerender-root\d64282c0-0f01-4901-bbb6-062da1d7c2c3\data\admdb.sqlite
[2025-10-15 10:44:42] INFO: INI ALAMAT TABLENYA :  D:\Work\ARYA-WMS-SHOPPIE\ANG19\wmshopee\dist\wmshopee\server\data\admdb.sqlite
[2025-10-15 10:44:56] INFO: ✅ package Sudah di List  20
[2025-10-15 10:45:27] ERROR: Error api.controller :  {}
[2025-10-15 10:47:25] INFO: INI ALAMAT TABLENYA :  D:\Work\ARYA-WMS-SHOPPIE\ANG19\wmshopee\.angular\prerender-root\d2c36d69-0f76-4b20-956c-b8e1d6b3b8d7\data\admdb.sqlite
[2025-10-15 10:47:27] INFO: INI ALAMAT TABLENYA :  D:\Work\ARYA-WMS-SHOPPIE\ANG19\wmshopee\.angular\prerender-root\b79b4b61-f8cc-4453-9008-0b898e887c70\data\admdb.sqlite
[2025-10-15 10:47:27] INFO: INI ALAMAT TABLENYA :  D:\Work\ARYA-WMS-SHOPPIE\ANG19\wmshopee\.angular\prerender-root\b61a7fac-1484-42b0-a932-c06d39f41926\data\admdb.sqlite
[2025-10-15 10:47:27] INFO: INI ALAMAT TABLENYA :  D:\Work\ARYA-WMS-SHOPPIE\ANG19\wmshopee\.angular\prerender-root\4590912a-6bec-4cbc-b157-e0c616b461cf\data\admdb.sqlite
[2025-10-15 10:47:27] INFO: INI ALAMAT TABLENYA :  D:\Work\ARYA-WMS-SHOPPIE\ANG19\wmshopee\.angular\prerender-root\3d95c410-142b-4e1a-b594-795ae6e6ba57\data\admdb.sqlite
[2025-10-15 10:47:35] INFO: INI ALAMAT TABLENYA :  D:\Work\ARYA-WMS-SHOPPIE\ANG19\wmshopee\dist\wmshopee\server\data\admdb.sqlite
[2025-10-15 10:47:42] INFO: ✅ package Sudah di List  21
[2025-10-15 10:53:26] INFO: INI ALAMAT TABLENYA :  D:\Work\ARYA-WMS-SHOPPIE\ANG19\wmshopee\.angular\prerender-root\8ccdb8e4-6510-4969-822b-8ef2b852e7fe\data\admdb.sqlite
[2025-10-15 10:53:28] INFO: INI ALAMAT TABLENYA :  D:\Work\ARYA-WMS-SHOPPIE\ANG19\wmshopee\.angular\prerender-root\7bbc8e0c-eff2-4b39-aa11-0cd35ff5e599\data\admdb.sqlite
[2025-10-15 10:53:28] INFO: INI ALAMAT TABLENYA :  D:\Work\ARYA-WMS-SHOPPIE\ANG19\wmshopee\.angular\prerender-root\52339db5-705d-4d36-bf79-505804bd8e8e\data\admdb.sqlite
[2025-10-15 10:53:28] INFO: INI ALAMAT TABLENYA :  D:\Work\ARYA-WMS-SHOPPIE\ANG19\wmshopee\.angular\prerender-root\de2aba49-eed9-48b1-adca-05b0f4d0c2e6\data\admdb.sqlite
[2025-10-15 10:53:28] INFO: INI ALAMAT TABLENYA :  D:\Work\ARYA-WMS-SHOPPIE\ANG19\wmshopee\.angular\prerender-root\e60d254a-9912-4732-883d-7718aa364f30\data\admdb.sqlite
[2025-10-15 10:53:35] INFO: INI ALAMAT TABLENYA :  D:\Work\ARYA-WMS-SHOPPIE\ANG19\wmshopee\dist\wmshopee\server\data\admdb.sqlite
[2025-10-15 11:03:24] INFO: INI ALAMAT TABLENYA :  D:\Work\ARYA-WMS-SHOPPIE\ANG19\wmshopee\.angular\prerender-root\8fe28e18-0f5d-4f9d-aa92-7ba98503f831\data\admdb.sqlite
[2025-10-15 11:03:25] INFO: INI ALAMAT TABLENYA :  D:\Work\ARYA-WMS-SHOPPIE\ANG19\wmshopee\.angular\prerender-root\65a69645-7d48-45cd-8471-a933bbbbc9b0\data\admdb.sqlite
[2025-10-15 11:03:25] INFO: INI ALAMAT TABLENYA :  D:\Work\ARYA-WMS-SHOPPIE\ANG19\wmshopee\.angular\prerender-root\03b8e6ed-13a6-4c8c-8494-7d656691ed03\data\admdb.sqlite
[2025-10-15 11:03:25] INFO: INI ALAMAT TABLENYA :  D:\Work\ARYA-WMS-SHOPPIE\ANG19\wmshopee\.angular\prerender-root\6c8d94bc-0c6f-4aa6-9f0f-745b52444c95\data\admdb.sqlite
[2025-10-15 11:03:25] INFO: INI ALAMAT TABLENYA :  D:\Work\ARYA-WMS-SHOPPIE\ANG19\wmshopee\.angular\prerender-root\96c925e4-0d8c-4079-b8da-5be3f55c5b8f\data\admdb.sqlite
[2025-10-15 11:03:33] INFO: INI ALAMAT TABLENYA :  D:\Work\ARYA-WMS-SHOPPIE\ANG19\wmshopee\dist\wmshopee\server\data\admdb.sqlite
[2025-10-15 11:09:24] INFO: INI ALAMAT TABLENYA :  D:\Work\ARYA-WMS-SHOPPIE\ANG19\wmshopee\.angular\prerender-root\30773d77-f224-43a1-838a-dd85675f8a27\data\admdb.sqlite
[2025-10-15 11:09:26] INFO: INI ALAMAT TABLENYA :  D:\Work\ARYA-WMS-SHOPPIE\ANG19\wmshopee\.angular\prerender-root\1985ede0-a17f-4e2a-9c80-6436a83a98e5\data\admdb.sqlite
[2025-10-15 11:09:26] INFO: INI ALAMAT TABLENYA :  D:\Work\ARYA-WMS-SHOPPIE\ANG19\wmshopee\.angular\prerender-root\b65f4a9c-3eea-4845-88ef-c4f5a7a869bb\data\admdb.sqlite
[2025-10-15 11:09:26] INFO: INI ALAMAT TABLENYA :  D:\Work\ARYA-WMS-SHOPPIE\ANG19\wmshopee\.angular\prerender-root\a1283d69-6a2b-483b-b2cc-5547bdc083dd\data\admdb.sqlite
[2025-10-15 11:09:26] INFO: INI ALAMAT TABLENYA :  D:\Work\ARYA-WMS-SHOPPIE\ANG19\wmshopee\.angular\prerender-root\4f257175-1f97-46e9-9c69-e2376228dc6e\data\admdb.sqlite
[2025-10-15 11:09:34] INFO: INI ALAMAT TABLENYA :  D:\Work\ARYA-WMS-SHOPPIE\ANG19\wmshopee\dist\wmshopee\server\data\admdb.sqlite
[2025-10-15 11:09:52] INFO: ✅ package Sudah di List  30
[2025-10-15 12:12:58] ERROR: Error api.controller :  {"code":"SQLITE_CONSTRAINT_PRIMARYKEY"}
[2025-10-15 12:41:32] INFO: ✅ package Sudah di List  68
[2025-10-15 12:42:48] INFO: ✅ Shopee refresh on fetchWithAuthMETHOD Error: {"error":"invalid_acceess_token","message":"Invalid access_token, please have a check.","request_id":"e3e3e7f3412bf88204db840c7d716200"}
[2025-10-15 12:42:49] INFO: Update data token : 
[2025-10-15 12:47:31] ERROR: Error api.controller :  {"code":"SQLITE_CONSTRAINT_PRIMARYKEY"}
[2025-10-15 12:52:59] ERROR: Error api.controller :  {"code":"SQLITE_CONSTRAINT_PRIMARYKEY"}
[2025-10-15 13:06:29] INFO: INI ALAMAT TABLENYA :  D:\Work\ARYA-WMS-SHOPPIE\ANG19\wmshopee\.angular\prerender-root\d47b9312-cb37-4ca3-b52f-d2738c0338ee\data\admdb.sqlite
[2025-10-15 13:06:44] INFO: INI ALAMAT TABLENYA :  D:\Work\ARYA-WMS-SHOPPIE\ANG19\wmshopee\.angular\prerender-root\0d7d2caf-0ca0-43a6-b97f-ade66ea8202c\data\admdb.sqlite
[2025-10-15 13:06:44] INFO: INI ALAMAT TABLENYA :  D:\Work\ARYA-WMS-SHOPPIE\ANG19\wmshopee\.angular\prerender-root\84140402-1df4-459d-9746-5080363819f3\data\admdb.sqlite
[2025-10-15 13:06:44] INFO: INI ALAMAT TABLENYA :  D:\Work\ARYA-WMS-SHOPPIE\ANG19\wmshopee\.angular\prerender-root\6956af13-ebd4-4d55-8c69-31233764a35b\data\admdb.sqlite
[2025-10-15 13:06:44] INFO: INI ALAMAT TABLENYA :  D:\Work\ARYA-WMS-SHOPPIE\ANG19\wmshopee\.angular\prerender-root\dcd10e34-9e6b-472e-b5ae-a8cb5994bdd6\data\admdb.sqlite
[2025-10-15 13:07:20] INFO: INI ALAMAT TABLENYA :  D:\Work\ARYA-WMS-SHOPPIE\ANG19\wmshopee\.angular\prerender-root\1cc1c11a-6b55-4575-9ce8-2d31ce4895dc\data\admdb.sqlite
[2025-10-15 13:07:23] INFO: INI ALAMAT TABLENYA :  D:\Work\ARYA-WMS-SHOPPIE\ANG19\wmshopee\.angular\prerender-root\59029a56-f277-45f7-a9fc-5b15c4750dbf\data\admdb.sqlite
[2025-10-15 13:07:23] INFO: INI ALAMAT TABLENYA :  D:\Work\ARYA-WMS-SHOPPIE\ANG19\wmshopee\.angular\prerender-root\587fbc68-afd3-4d84-aff1-935f4d2350f4\data\admdb.sqlite
[2025-10-15 13:07:23] INFO: INI ALAMAT TABLENYA :  D:\Work\ARYA-WMS-SHOPPIE\ANG19\wmshopee\.angular\prerender-root\8d4bcd95-31b5-470b-a069-a10334b8ae5c\data\admdb.sqlite
[2025-10-15 13:07:23] INFO: INI ALAMAT TABLENYA :  D:\Work\ARYA-WMS-SHOPPIE\ANG19\wmshopee\.angular\prerender-root\50a7dade-02e3-4e37-a869-d330cb8622b6\data\admdb.sqlite
[2025-10-15 13:08:06] INFO: INI ALAMAT TABLENYA :  D:\Work\ARYA-WMS-SHOPPIE\ANG19\wmshopee\.angular\prerender-root\1188913d-8267-420f-b8d1-33561e1bbe31\data\admdb.sqlite
[2025-10-15 13:08:08] INFO: INI ALAMAT TABLENYA :  D:\Work\ARYA-WMS-SHOPPIE\ANG19\wmshopee\.angular\prerender-root\ff1bb888-fc4b-4761-b112-883b85430cdd\data\admdb.sqlite
[2025-10-15 13:08:08] INFO: INI ALAMAT TABLENYA :  D:\Work\ARYA-WMS-SHOPPIE\ANG19\wmshopee\.angular\prerender-root\19d4bb8b-3a86-4980-a9d7-75da40c1b0e1\data\admdb.sqlite
[2025-10-15 13:08:08] INFO: INI ALAMAT TABLENYA :  D:\Work\ARYA-WMS-SHOPPIE\ANG19\wmshopee\.angular\prerender-root\22afaa5c-aaf3-4c02-9cfc-f341ed152b6f\data\admdb.sqlite
[2025-10-15 13:08:08] INFO: INI ALAMAT TABLENYA :  D:\Work\ARYA-WMS-SHOPPIE\ANG19\wmshopee\.angular\prerender-root\d30717dc-d8dc-46ca-95f0-1bc969513447\data\admdb.sqlite
[2025-10-15 13:08:16] INFO: INI ALAMAT TABLENYA :  D:\Work\ARYA-WMS-SHOPPIE\ANG19\wmshopee\dist\wmshopee\server\data\admdb.sqlite
[2025-10-15 13:14:38] ERROR: Error api.controller :  {"code":"SQLITE_CONSTRAINT_PRIMARYKEY"}
[2025-10-15 13:17:41] INFO: INI ALAMAT TABLENYA :  D:\Work\ARYA-WMS-SHOPPIE\ANG19\wmshopee\.angular\prerender-root\721c0339-e3ec-4859-93d8-fe28214c533b\data\admdb.sqlite
[2025-10-15 13:17:43] INFO: INI ALAMAT TABLENYA :  D:\Work\ARYA-WMS-SHOPPIE\ANG19\wmshopee\.angular\prerender-root\9c79de2a-2488-4cf7-b1d8-5cf8594700b9\data\admdb.sqlite
[2025-10-15 13:17:43] INFO: INI ALAMAT TABLENYA :  D:\Work\ARYA-WMS-SHOPPIE\ANG19\wmshopee\.angular\prerender-root\12d64347-a3b3-407e-ac0c-7a4153fe67fe\data\admdb.sqlite
[2025-10-15 13:17:43] INFO: INI ALAMAT TABLENYA :  D:\Work\ARYA-WMS-SHOPPIE\ANG19\wmshopee\.angular\prerender-root\04a51a10-84e8-49ff-933d-78464397f9d0\data\admdb.sqlite
[2025-10-15 13:17:43] INFO: INI ALAMAT TABLENYA :  D:\Work\ARYA-WMS-SHOPPIE\ANG19\wmshopee\.angular\prerender-root\930910c4-58ac-43fb-92f0-6e35c32c6219\data\admdb.sqlite
[2025-10-15 13:18:10] INFO: INI ALAMAT TABLENYA :  D:\Work\ARYA-WMS-SHOPPIE\ANG19\wmshopee\.angular\prerender-root\7b7700d2-2c3d-4c5e-bfc7-7198f663e301\data\admdb.sqlite
[2025-10-15 13:18:11] INFO: INI ALAMAT TABLENYA :  D:\Work\ARYA-WMS-SHOPPIE\ANG19\wmshopee\.angular\prerender-root\8000b74e-ef15-41f0-86cb-a7f04931bca6\data\admdb.sqlite
[2025-10-15 13:18:11] INFO: INI ALAMAT TABLENYA :  D:\Work\ARYA-WMS-SHOPPIE\ANG19\wmshopee\.angular\prerender-root\95ed88a6-2c8f-46ca-af1d-c0cf683c824b\data\admdb.sqlite
[2025-10-15 13:18:11] INFO: INI ALAMAT TABLENYA :  D:\Work\ARYA-WMS-SHOPPIE\ANG19\wmshopee\.angular\prerender-root\53eac30f-65ee-4eda-9e3c-76854e7d4500\data\admdb.sqlite
[2025-10-15 13:18:11] INFO: INI ALAMAT TABLENYA :  D:\Work\ARYA-WMS-SHOPPIE\ANG19\wmshopee\.angular\prerender-root\01ef68f5-2aeb-48b9-b704-b7e21d2a81a3\data\admdb.sqlite
[2025-10-15 16:45:28] INFO: INI ALAMAT TABLENYA :  D:\Work\ARYA-WMS-SHOPPIE\ANG19\wmshopee\.angular\prerender-root\a7731930-72e2-4780-83d9-7789906013e0\data\admdb.sqlite
[2025-10-15 16:45:37] INFO: INI ALAMAT TABLENYA :  D:\Work\ARYA-WMS-SHOPPIE\ANG19\wmshopee\.angular\prerender-root\0730dd02-46fb-4511-b53f-31bd4c73e825\data\admdb.sqlite
[2025-10-15 16:45:37] INFO: INI ALAMAT TABLENYA :  D:\Work\ARYA-WMS-SHOPPIE\ANG19\wmshopee\.angular\prerender-root\76eb0371-4fd7-4720-9cdb-35bb77532fe5\data\admdb.sqlite
[2025-10-15 16:45:37] INFO: INI ALAMAT TABLENYA :  D:\Work\ARYA-WMS-SHOPPIE\ANG19\wmshopee\.angular\prerender-root\04af3a95-6315-4dbe-9b2b-afebe7531097\data\admdb.sqlite
[2025-10-15 16:45:37] INFO: INI ALAMAT TABLENYA :  D:\Work\ARYA-WMS-SHOPPIE\ANG19\wmshopee\.angular\prerender-root\a8484c26-8fc1-4407-bf42-2208ccd337be\data\admdb.sqlite
[2025-10-15 16:47:53] INFO: INI ALAMAT TABLENYA :  D:\Work\ARYA-WMS-SHOPPIE\ANG19\wmshopee\dist\wmshopee\server\data\admdb.sqlite
[2025-10-15 16:48:21] INFO: ✅ Shopee refresh on fetchWithAuth Error: {"error":"invalid_acceess_token","message":"Invalid access_token, please have a check.","request_id":"e3e3e7f3412f66b07c2927e133e0f000"}
[2025-10-15 16:48:21] INFO: ✅ Shopee refresh on fetchWithAuth Error: {"error":"invalid_acceess_token","message":"Invalid access_token, please have a check.","request_id":"e3e3e7f3412f66b0d0d30dafc3341d00"}
[2025-10-15 16:48:21] INFO: ✅ Shopee refresh on fetchWithAuthMETHOD Error: {"error":"invalid_acceess_token","message":"Invalid access_token, please have a check.","request_id":"e3e3e7f3412f66b0e2fc5c00da518c00"}
[2025-10-15 16:48:21] INFO: Update data token : 
[2025-10-15 16:48:21] INFO: Update data token : 
[2025-10-15 16:48:21] INFO: Update data token : 
[2025-10-15 16:49:57] INFO: ✅ package Sudah di List  36
[2025-10-15 17:28:28] INFO: INI ALAMAT TABLENYA :  D:\Work\ARYA-WMS-SHOPPIE\ANG19\wmshopee\.angular\prerender-root\1917e6f8-ca40-47b3-9965-4a8b4e9afc03\data\admdb.sqlite
[2025-10-15 17:28:36] INFO: INI ALAMAT TABLENYA :  D:\Work\ARYA-WMS-SHOPPIE\ANG19\wmshopee\.angular\prerender-root\3fadf662-18f8-49c0-b3ae-a3d3c63fa7cf\data\admdb.sqlite
[2025-10-15 17:28:36] INFO: INI ALAMAT TABLENYA :  D:\Work\ARYA-WMS-SHOPPIE\ANG19\wmshopee\.angular\prerender-root\314be42d-b5e6-4941-b645-275af71e922e\data\admdb.sqlite
[2025-10-15 17:28:36] INFO: INI ALAMAT TABLENYA :  D:\Work\ARYA-WMS-SHOPPIE\ANG19\wmshopee\.angular\prerender-root\e736ca74-d8e7-4cd4-ada0-62eb7f241f2f\data\admdb.sqlite
[2025-10-15 17:28:36] INFO: INI ALAMAT TABLENYA :  D:\Work\ARYA-WMS-SHOPPIE\ANG19\wmshopee\.angular\prerender-root\57d089be-d56b-4499-8372-9d2ed7fd7f38\data\admdb.sqlite
[2025-10-15 17:29:55] INFO: INI ALAMAT TABLENYA :  D:\Work\ARYA-WMS-SHOPPIE\ANG19\wmshopee\dist\wmshopee\server\data\admdb.sqlite
[2025-10-15 18:48:28] INFO: INI ALAMAT TABLENYA :  D:\Work\ARYA-WMS-SHOPPIE\ANG19\wmshopee\.angular\prerender-root\11328212-7727-448a-9ae3-0e4eb48d038c\data\admdb.sqlite
[2025-10-15 18:48:35] INFO: INI ALAMAT TABLENYA :  D:\Work\ARYA-WMS-SHOPPIE\ANG19\wmshopee\.angular\prerender-root\2fb23b12-3b35-4791-ac1e-34e7b776fae8\data\admdb.sqlite
[2025-10-15 18:48:35] INFO: INI ALAMAT TABLENYA :  D:\Work\ARYA-WMS-SHOPPIE\ANG19\wmshopee\.angular\prerender-root\f9ef365a-6b4b-46e1-8137-85b18d096f37\data\admdb.sqlite
[2025-10-15 18:48:35] INFO: INI ALAMAT TABLENYA :  D:\Work\ARYA-WMS-SHOPPIE\ANG19\wmshopee\.angular\prerender-root\26e9d52a-a80a-4586-be92-0bfa20672b96\data\admdb.sqlite
[2025-10-15 18:48:35] INFO: INI ALAMAT TABLENYA :  D:\Work\ARYA-WMS-SHOPPIE\ANG19\wmshopee\.angular\prerender-root\d01a5b56-cbc0-4f0c-97d5-0fe4665361ce\data\admdb.sqlite
[2025-10-15 19:01:19] INFO: INI ALAMAT TABLENYA :  D:\Work\ARYA-WMS-SHOPPIE\ANG19\wmshopee\dist\wmshopee\server\data\admdb.sqlite
[2025-10-15 19:01:41] INFO: ✅ package Sudah di List  74
