[2025-10-10 08:57:09] INFO: INI ALAMAT TABLENYA :  D:\Work\ARYA-WMS-SHOPPIE\ANG19\wmshopee\.angular\prerender-root\bec14905-2e06-454c-bf88-00c39b0d2d2e\data\admdb.sqlite
[2025-10-10 08:57:16] INFO: INI ALAMAT TABLENYA :  D:\Work\ARYA-WMS-SHOPPIE\ANG19\wmshopee\.angular\prerender-root\2ee04bcb-4ef9-4ef4-87f0-f13460688915\data\admdb.sqlite
[2025-10-10 08:57:16] INFO: INI ALAMAT TABLENYA :  D:\Work\ARYA-WMS-SHOPPIE\ANG19\wmshopee\.angular\prerender-root\74ab62ea-3b20-45bf-b0c0-538076ec6c96\data\admdb.sqlite
[2025-10-10 08:57:16] INFO: INI ALAMAT TABLENYA :  D:\Work\ARYA-WMS-SHOPPIE\ANG19\wmshopee\.angular\prerender-root\c9940e2f-7234-4ead-91c7-0c3c19c0c3ca\data\admdb.sqlite
[2025-10-10 08:57:16] INFO: INI ALAMAT TABLENYA :  D:\Work\ARYA-WMS-SHOPPIE\ANG19\wmshopee\.angular\prerender-root\9cc3259e-5690-492d-813d-2ac4b1b40d36\data\admdb.sqlite
[2025-10-10 08:58:44] INFO: INI ALAMAT TABLENYA :  D:\Work\ARYA-WMS-SHOPPIE\ANG19\wmshopee\.angular\prerender-root\feea3ec7-d7e5-42d0-88ec-c010aa311343\data\admdb.sqlite
[2025-10-10 08:58:45] INFO: INI ALAMAT TABLENYA :  D:\Work\ARYA-WMS-SHOPPIE\ANG19\wmshopee\.angular\prerender-root\237648e3-9392-414f-9dec-9e26aff16f72\data\admdb.sqlite
[2025-10-10 08:58:45] INFO: INI ALAMAT TABLENYA :  D:\Work\ARYA-WMS-SHOPPIE\ANG19\wmshopee\.angular\prerender-root\b33c78c3-7223-4478-9b91-9e85fe4b270f\data\admdb.sqlite
[2025-10-10 08:58:45] INFO: INI ALAMAT TABLENYA :  D:\Work\ARYA-WMS-SHOPPIE\ANG19\wmshopee\.angular\prerender-root\853b560e-42d6-40c3-8f15-e411c4214e42\data\admdb.sqlite
[2025-10-10 08:58:45] INFO: INI ALAMAT TABLENYA :  D:\Work\ARYA-WMS-SHOPPIE\ANG19\wmshopee\.angular\prerender-root\8f2030bd-28d7-4958-8160-0d2293482106\data\admdb.sqlite
[2025-10-10 08:58:52] INFO: INI ALAMAT TABLENYA :  D:\Work\ARYA-WMS-SHOPPIE\ANG19\wmshopee\dist\wmshopee\server\data\admdb.sqlite
[2025-10-10 08:59:11] INFO: ✅ Shopee refresh on fetchWithAuth Error: {"error":"invalid_acceess_token","message":"Invalid access_token, please have a check.","request_id":"e3e3e7f340c44393857afbd68deed900"}
[2025-10-10 08:59:11] INFO: ✅ Shopee refresh on fetchWithAuth Error: {"error":"invalid_acceess_token","message":"Invalid access_token, please have a check.","request_id":"e3e3e7f340c44393a9255dc24cd53e00"}
[2025-10-10 08:59:11] INFO: Update data token : 
[2025-10-10 08:59:11] INFO: Update data token : 
[2025-10-10 09:01:06] INFO: INI ALAMAT TABLENYA :  D:\Work\ARYA-WMS-SHOPPIE\ANG19\wmshopee\.angular\prerender-root\1159e2a0-ff07-4cfd-8cc0-837a08435a12\data\admdb.sqlite
[2025-10-10 09:01:07] INFO: INI ALAMAT TABLENYA :  D:\Work\ARYA-WMS-SHOPPIE\ANG19\wmshopee\.angular\prerender-root\f0f845c1-45ea-4e19-ae24-2a94787301cb\data\admdb.sqlite
[2025-10-10 09:01:07] INFO: INI ALAMAT TABLENYA :  D:\Work\ARYA-WMS-SHOPPIE\ANG19\wmshopee\.angular\prerender-root\953471d3-1dc4-4010-9c2b-e4b919aac585\data\admdb.sqlite
[2025-10-10 09:01:07] INFO: INI ALAMAT TABLENYA :  D:\Work\ARYA-WMS-SHOPPIE\ANG19\wmshopee\.angular\prerender-root\8213e837-6595-42e2-a4e2-c80a29c4aafc\data\admdb.sqlite
[2025-10-10 09:01:07] INFO: INI ALAMAT TABLENYA :  D:\Work\ARYA-WMS-SHOPPIE\ANG19\wmshopee\.angular\prerender-root\bb4002de-4da9-4ce0-8a44-4ffad53ca3ea\data\admdb.sqlite
[2025-10-10 09:01:16] INFO: INI ALAMAT TABLENYA :  D:\Work\ARYA-WMS-SHOPPIE\ANG19\wmshopee\dist\wmshopee\server\data\admdb.sqlite
[2025-10-10 09:01:51] INFO: ✅ Penarikan Order by tanggal  170
[2025-10-10 09:01:53] INFO: ✅ package Sudah di List  170
[2025-10-10 09:17:56] INFO: INI ALAMAT TABLENYA :  D:\Work\ARYA-WMS-SHOPPIE\ANG19\wmshopee\.angular\prerender-root\56c1ee7c-3357-4719-aab5-23dc2b6a5126\data\admdb.sqlite
[2025-10-10 09:18:07] INFO: INI ALAMAT TABLENYA :  D:\Work\ARYA-WMS-SHOPPIE\ANG19\wmshopee\.angular\prerender-root\7eb529c3-8778-40ad-aa30-d5c00fd9cd6a\data\admdb.sqlite
[2025-10-10 09:18:07] INFO: INI ALAMAT TABLENYA :  D:\Work\ARYA-WMS-SHOPPIE\ANG19\wmshopee\.angular\prerender-root\aa75dc98-ca77-4686-9ef9-f90ea511f1c0\data\admdb.sqlite
[2025-10-10 09:18:07] INFO: INI ALAMAT TABLENYA :  D:\Work\ARYA-WMS-SHOPPIE\ANG19\wmshopee\.angular\prerender-root\58fbdc9b-40a9-4580-afbb-3a7a7221ff1d\data\admdb.sqlite
[2025-10-10 09:18:07] INFO: INI ALAMAT TABLENYA :  D:\Work\ARYA-WMS-SHOPPIE\ANG19\wmshopee\.angular\prerender-root\4bc7ef13-f374-42eb-9aa8-0149c250bd7e\data\admdb.sqlite
[2025-10-10 09:18:31] INFO: INI ALAMAT TABLENYA :  D:\Work\ARYA-WMS-SHOPPIE\ANG19\wmshopee\dist\wmshopee\server\data\admdb.sqlite
[2025-10-10 09:27:03] INFO: INI ALAMAT TABLENYA :  D:\Work\ARYA-WMS-SHOPPIE\ANG19\wmshopee\.angular\prerender-root\e2627b35-2d2f-4a85-8a9d-050408d9a0cd\data\admdb.sqlite
[2025-10-10 09:27:07] INFO: INI ALAMAT TABLENYA :  D:\Work\ARYA-WMS-SHOPPIE\ANG19\wmshopee\.angular\prerender-root\cf020baa-1d14-4f29-8a19-8836c3703b0f\data\admdb.sqlite
[2025-10-10 09:27:07] INFO: INI ALAMAT TABLENYA :  D:\Work\ARYA-WMS-SHOPPIE\ANG19\wmshopee\.angular\prerender-root\d652954b-49c8-4842-ac75-c8ef103066b2\data\admdb.sqlite
[2025-10-10 09:27:07] INFO: INI ALAMAT TABLENYA :  D:\Work\ARYA-WMS-SHOPPIE\ANG19\wmshopee\.angular\prerender-root\4011a51b-ed0a-429f-9407-0e3b549c5a45\data\admdb.sqlite
[2025-10-10 09:27:07] INFO: INI ALAMAT TABLENYA :  D:\Work\ARYA-WMS-SHOPPIE\ANG19\wmshopee\.angular\prerender-root\c1260b6b-58d5-4460-ab7f-41249883cfea\data\admdb.sqlite
[2025-10-10 09:29:52] INFO: INI ALAMAT TABLENYA :  D:\Work\ARYA-WMS-SHOPPIE\ANG19\wmshopee\dist\wmshopee\server\data\admdb.sqlite
[2025-10-10 09:33:04] INFO: INI ALAMAT TABLENYA :  D:\Work\ARYA-WMS-SHOPPIE\ANG19\wmshopee\.angular\prerender-root\437e2d65-76dd-4953-9541-3092e9ec6159\data\admdb.sqlite
[2025-10-10 09:33:06] INFO: INI ALAMAT TABLENYA :  D:\Work\ARYA-WMS-SHOPPIE\ANG19\wmshopee\.angular\prerender-root\8e4a04e0-5712-4066-91ba-108f82dcda8f\data\admdb.sqlite
[2025-10-10 09:33:06] INFO: INI ALAMAT TABLENYA :  D:\Work\ARYA-WMS-SHOPPIE\ANG19\wmshopee\.angular\prerender-root\2153ab67-bc18-4c64-a678-35e36311f782\data\admdb.sqlite
[2025-10-10 09:33:06] INFO: INI ALAMAT TABLENYA :  D:\Work\ARYA-WMS-SHOPPIE\ANG19\wmshopee\.angular\prerender-root\ff827f04-e77a-47fd-88de-6c2812945f3e\data\admdb.sqlite
[2025-10-10 09:33:06] INFO: INI ALAMAT TABLENYA :  D:\Work\ARYA-WMS-SHOPPIE\ANG19\wmshopee\.angular\prerender-root\0b4f6952-39ac-4c0f-b120-7698594faad9\data\admdb.sqlite
[2025-10-10 09:33:13] INFO: INI ALAMAT TABLENYA :  D:\Work\ARYA-WMS-SHOPPIE\ANG19\wmshopee\dist\wmshopee\server\data\admdb.sqlite
[2025-10-10 09:33:16] ERROR: Error api.controller :  {"code":"SQLITE_ERROR"}
[2025-10-10 09:33:21] ERROR: Error api.controller :  {"code":"SQLITE_ERROR"}
[2025-10-10 09:33:30] ERROR: Error api.controller :  {"code":"SQLITE_ERROR"}
[2025-10-10 09:33:55] INFO: INI ALAMAT TABLENYA :  D:\Work\ARYA-WMS-SHOPPIE\ANG19\wmshopee\.angular\prerender-root\e4dfab2c-9931-491a-8a90-00241aea84be\data\admdb.sqlite
[2025-10-10 09:33:57] INFO: INI ALAMAT TABLENYA :  D:\Work\ARYA-WMS-SHOPPIE\ANG19\wmshopee\.angular\prerender-root\7f8896cc-6f08-402f-a749-a705918ee737\data\admdb.sqlite
[2025-10-10 09:33:57] INFO: INI ALAMAT TABLENYA :  D:\Work\ARYA-WMS-SHOPPIE\ANG19\wmshopee\.angular\prerender-root\18805817-e61c-4ed7-a6af-0721b0fbc496\data\admdb.sqlite
[2025-10-10 09:33:57] INFO: INI ALAMAT TABLENYA :  D:\Work\ARYA-WMS-SHOPPIE\ANG19\wmshopee\.angular\prerender-root\81d8fd88-9aec-4a33-8762-3244ba40a6f9\data\admdb.sqlite
[2025-10-10 09:33:57] INFO: INI ALAMAT TABLENYA :  D:\Work\ARYA-WMS-SHOPPIE\ANG19\wmshopee\.angular\prerender-root\326bc084-297e-4267-9c5e-22402d690917\data\admdb.sqlite
[2025-10-10 09:34:04] INFO: INI ALAMAT TABLENYA :  D:\Work\ARYA-WMS-SHOPPIE\ANG19\wmshopee\dist\wmshopee\server\data\admdb.sqlite
[2025-10-10 09:40:51] INFO: INI ALAMAT TABLENYA :  D:\Work\ARYA-WMS-SHOPPIE\ANG19\wmshopee\.angular\prerender-root\3b164f8d-d1cc-453e-ac2b-4cad473ef252\data\admdb.sqlite
[2025-10-10 09:40:55] INFO: INI ALAMAT TABLENYA :  D:\Work\ARYA-WMS-SHOPPIE\ANG19\wmshopee\.angular\prerender-root\f6f671dd-789d-46a2-a18c-0292bebafd75\data\admdb.sqlite
[2025-10-10 09:40:55] INFO: INI ALAMAT TABLENYA :  D:\Work\ARYA-WMS-SHOPPIE\ANG19\wmshopee\.angular\prerender-root\b7257b05-e21f-4f4f-a452-aeff980ea604\data\admdb.sqlite
[2025-10-10 09:40:55] INFO: INI ALAMAT TABLENYA :  D:\Work\ARYA-WMS-SHOPPIE\ANG19\wmshopee\.angular\prerender-root\44f1d13c-02af-46d8-b6e7-ed842a086a25\data\admdb.sqlite
[2025-10-10 09:40:55] INFO: INI ALAMAT TABLENYA :  D:\Work\ARYA-WMS-SHOPPIE\ANG19\wmshopee\.angular\prerender-root\cb346fbc-f53e-4165-9e46-f74e574ee4cf\data\admdb.sqlite
[2025-10-10 09:41:05] INFO: INI ALAMAT TABLENYA :  D:\Work\ARYA-WMS-SHOPPIE\ANG19\wmshopee\dist\wmshopee\server\data\admdb.sqlite
[2025-10-10 09:43:35] INFO: INI ALAMAT TABLENYA :  D:\Work\ARYA-WMS-SHOPPIE\ANG19\wmshopee\.angular\prerender-root\0c03cd20-d1ef-444a-9d7f-c868cb4753b7\data\admdb.sqlite
[2025-10-10 09:43:37] INFO: INI ALAMAT TABLENYA :  D:\Work\ARYA-WMS-SHOPPIE\ANG19\wmshopee\.angular\prerender-root\bcaf4898-04e2-45bc-8433-9461ba1aab64\data\admdb.sqlite
[2025-10-10 09:43:37] INFO: INI ALAMAT TABLENYA :  D:\Work\ARYA-WMS-SHOPPIE\ANG19\wmshopee\.angular\prerender-root\0f88a25e-72bc-44e4-b439-662ed5f11b67\data\admdb.sqlite
[2025-10-10 09:43:37] INFO: INI ALAMAT TABLENYA :  D:\Work\ARYA-WMS-SHOPPIE\ANG19\wmshopee\.angular\prerender-root\e39d723b-12c3-4fff-a86e-be90396d4088\data\admdb.sqlite
[2025-10-10 09:43:37] INFO: INI ALAMAT TABLENYA :  D:\Work\ARYA-WMS-SHOPPIE\ANG19\wmshopee\.angular\prerender-root\12071174-00c1-482a-a40e-e0231c1ad46e\data\admdb.sqlite
[2025-10-10 09:48:45] INFO: INI ALAMAT TABLENYA :  D:\Work\ARYA-WMS-SHOPPIE\ANG19\wmshopee\.angular\prerender-root\3241dc1d-61b3-4b95-b485-908bfd769bb1\data\admdb.sqlite
[2025-10-10 09:48:47] INFO: INI ALAMAT TABLENYA :  D:\Work\ARYA-WMS-SHOPPIE\ANG19\wmshopee\.angular\prerender-root\82e0085b-8d6f-49e6-bbea-97640b0d01e6\data\admdb.sqlite
[2025-10-10 09:48:47] INFO: INI ALAMAT TABLENYA :  D:\Work\ARYA-WMS-SHOPPIE\ANG19\wmshopee\.angular\prerender-root\2bd69391-2580-405e-8214-839f836300af\data\admdb.sqlite
[2025-10-10 09:48:47] INFO: INI ALAMAT TABLENYA :  D:\Work\ARYA-WMS-SHOPPIE\ANG19\wmshopee\.angular\prerender-root\614868a4-6e85-436e-abd9-1be9e5056639\data\admdb.sqlite
[2025-10-10 09:48:47] INFO: INI ALAMAT TABLENYA :  D:\Work\ARYA-WMS-SHOPPIE\ANG19\wmshopee\.angular\prerender-root\84165eb0-e66e-4185-a39e-a8570ab0e6d7\data\admdb.sqlite
[2025-10-10 09:48:54] INFO: INI ALAMAT TABLENYA :  D:\Work\ARYA-WMS-SHOPPIE\ANG19\wmshopee\dist\wmshopee\server\data\admdb.sqlite
[2025-10-10 09:50:00] INFO: ✅ Penarikan Order by tanggal  0
[2025-10-10 09:50:00] INFO: ✅ package Sudah di List  3
[2025-10-10 09:51:09] INFO: INI ALAMAT TABLENYA :  D:\Work\ARYA-WMS-SHOPPIE\ANG19\wmshopee\.angular\prerender-root\01362c2e-de69-47d1-8825-2327b58663a6\data\admdb.sqlite
[2025-10-10 09:51:13] INFO: INI ALAMAT TABLENYA :  D:\Work\ARYA-WMS-SHOPPIE\ANG19\wmshopee\.angular\prerender-root\71267b33-d3ae-4d66-a435-e4516e67ec6e\data\admdb.sqlite
[2025-10-10 09:51:13] INFO: INI ALAMAT TABLENYA :  D:\Work\ARYA-WMS-SHOPPIE\ANG19\wmshopee\.angular\prerender-root\d1bcfb9e-2d8e-49ac-99ae-88d6c8ebe7ae\data\admdb.sqlite
[2025-10-10 09:51:13] INFO: INI ALAMAT TABLENYA :  D:\Work\ARYA-WMS-SHOPPIE\ANG19\wmshopee\.angular\prerender-root\acb154b5-b5fb-4b84-ae68-22844a1a1473\data\admdb.sqlite
[2025-10-10 09:51:13] INFO: INI ALAMAT TABLENYA :  D:\Work\ARYA-WMS-SHOPPIE\ANG19\wmshopee\.angular\prerender-root\d0dab252-f23d-4e2b-9661-c80fde0e9455\data\admdb.sqlite
[2025-10-10 09:51:46] INFO: INI ALAMAT TABLENYA :  D:\Work\ARYA-WMS-SHOPPIE\ANG19\wmshopee\.angular\prerender-root\3093303d-b836-455d-85f7-0bc271f62266\data\admdb.sqlite
[2025-10-10 09:51:47] INFO: INI ALAMAT TABLENYA :  D:\Work\ARYA-WMS-SHOPPIE\ANG19\wmshopee\.angular\prerender-root\ee40fec5-a3cc-42e2-969f-f4c7e8ef23c5\data\admdb.sqlite
[2025-10-10 09:51:47] INFO: INI ALAMAT TABLENYA :  D:\Work\ARYA-WMS-SHOPPIE\ANG19\wmshopee\.angular\prerender-root\adc75a15-cb4d-46a5-b07b-7ccb67650716\data\admdb.sqlite
[2025-10-10 09:51:47] INFO: INI ALAMAT TABLENYA :  D:\Work\ARYA-WMS-SHOPPIE\ANG19\wmshopee\.angular\prerender-root\679915aa-a8ed-43a2-8b56-f7aeaef1c60d\data\admdb.sqlite
[2025-10-10 09:51:47] INFO: INI ALAMAT TABLENYA :  D:\Work\ARYA-WMS-SHOPPIE\ANG19\wmshopee\.angular\prerender-root\ce352464-85bc-4160-8cba-df54543645ed\data\admdb.sqlite
[2025-10-10 09:51:55] INFO: INI ALAMAT TABLENYA :  D:\Work\ARYA-WMS-SHOPPIE\ANG19\wmshopee\dist\wmshopee\server\data\admdb.sqlite
[2025-10-10 09:54:58] INFO: INI ALAMAT TABLENYA :  D:\Work\ARYA-WMS-SHOPPIE\ANG19\wmshopee\.angular\prerender-root\0d2b05d6-655e-4b53-905d-ab51651f9054\data\admdb.sqlite
[2025-10-10 09:55:00] INFO: INI ALAMAT TABLENYA :  D:\Work\ARYA-WMS-SHOPPIE\ANG19\wmshopee\.angular\prerender-root\f6337783-eab4-4d3f-940b-3043d0dc46d9\data\admdb.sqlite
[2025-10-10 09:55:00] INFO: INI ALAMAT TABLENYA :  D:\Work\ARYA-WMS-SHOPPIE\ANG19\wmshopee\.angular\prerender-root\9f616278-5f84-423a-8421-371c2be7771a\data\admdb.sqlite
[2025-10-10 09:55:00] INFO: INI ALAMAT TABLENYA :  D:\Work\ARYA-WMS-SHOPPIE\ANG19\wmshopee\.angular\prerender-root\1e62f1e2-ce60-4bb2-af3c-a72016adf30b\data\admdb.sqlite
[2025-10-10 09:55:00] INFO: INI ALAMAT TABLENYA :  D:\Work\ARYA-WMS-SHOPPIE\ANG19\wmshopee\.angular\prerender-root\7ff6133e-d985-481f-8ec2-d7c4a4cd7e4d\data\admdb.sqlite
[2025-10-10 09:55:07] INFO: INI ALAMAT TABLENYA :  D:\Work\ARYA-WMS-SHOPPIE\ANG19\wmshopee\dist\wmshopee\server\data\admdb.sqlite
[2025-10-10 09:58:44] INFO: INI ALAMAT TABLENYA :  D:\Work\ARYA-WMS-SHOPPIE\ANG19\wmshopee\.angular\prerender-root\58d641d6-3b72-460a-a53e-89a7c36e922b\data\admdb.sqlite
[2025-10-10 09:58:45] INFO: INI ALAMAT TABLENYA :  D:\Work\ARYA-WMS-SHOPPIE\ANG19\wmshopee\.angular\prerender-root\9e26160d-5bbd-4d66-a053-27f0a6ff6564\data\admdb.sqlite
[2025-10-10 09:58:45] INFO: INI ALAMAT TABLENYA :  D:\Work\ARYA-WMS-SHOPPIE\ANG19\wmshopee\.angular\prerender-root\9aeb3817-68db-41eb-8a65-8d0ff9933281\data\admdb.sqlite
[2025-10-10 09:58:45] INFO: INI ALAMAT TABLENYA :  D:\Work\ARYA-WMS-SHOPPIE\ANG19\wmshopee\.angular\prerender-root\019b5bd3-b8cb-40e5-b9e3-af9a1f8e23a3\data\admdb.sqlite
[2025-10-10 09:58:45] INFO: INI ALAMAT TABLENYA :  D:\Work\ARYA-WMS-SHOPPIE\ANG19\wmshopee\.angular\prerender-root\2265dfc4-611f-4d74-a9a7-8ee44bcfc12c\data\admdb.sqlite
[2025-10-10 09:59:58] INFO: INI ALAMAT TABLENYA :  D:\Work\ARYA-WMS-SHOPPIE\ANG19\wmshopee\.angular\prerender-root\d1481990-ca2c-4dc9-84ab-60cad693934e\data\admdb.sqlite
[2025-10-10 10:00:00] INFO: INI ALAMAT TABLENYA :  D:\Work\ARYA-WMS-SHOPPIE\ANG19\wmshopee\.angular\prerender-root\1322e28d-5f91-4f7a-8ab4-144ab16a977e\data\admdb.sqlite
[2025-10-10 10:00:00] INFO: INI ALAMAT TABLENYA :  D:\Work\ARYA-WMS-SHOPPIE\ANG19\wmshopee\.angular\prerender-root\7dbd8a28-149d-4482-b66c-3e174eca3159\data\admdb.sqlite
[2025-10-10 10:00:00] INFO: INI ALAMAT TABLENYA :  D:\Work\ARYA-WMS-SHOPPIE\ANG19\wmshopee\.angular\prerender-root\30560501-ca7e-4fc2-b67b-cc7a08cb94b4\data\admdb.sqlite
[2025-10-10 10:00:00] INFO: INI ALAMAT TABLENYA :  D:\Work\ARYA-WMS-SHOPPIE\ANG19\wmshopee\.angular\prerender-root\e336d7fb-db73-49fe-86eb-843ffa15d42e\data\admdb.sqlite
[2025-10-10 10:00:11] INFO: INI ALAMAT TABLENYA :  D:\Work\ARYA-WMS-SHOPPIE\ANG19\wmshopee\dist\wmshopee\server\data\admdb.sqlite
[2025-10-10 10:37:02] INFO: INI ALAMAT TABLENYA :  D:\Work\ARYA-WMS-SHOPPIE\ANG19\wmshopee\.angular\prerender-root\494b9ac0-9723-4cb2-a9b5-4163495eb9b7\data\admdb.sqlite
[2025-10-10 10:37:06] INFO: INI ALAMAT TABLENYA :  D:\Work\ARYA-WMS-SHOPPIE\ANG19\wmshopee\.angular\prerender-root\9aa7ea5f-699d-4b19-b096-83e35bb6741b\data\admdb.sqlite
[2025-10-10 10:37:06] INFO: INI ALAMAT TABLENYA :  D:\Work\ARYA-WMS-SHOPPIE\ANG19\wmshopee\.angular\prerender-root\c621f0b5-0665-4a75-9dad-1ca01e81174c\data\admdb.sqlite
[2025-10-10 10:37:06] INFO: INI ALAMAT TABLENYA :  D:\Work\ARYA-WMS-SHOPPIE\ANG19\wmshopee\.angular\prerender-root\45b62c56-2f85-4f84-8810-8970039b903b\data\admdb.sqlite
[2025-10-10 10:37:06] INFO: INI ALAMAT TABLENYA :  D:\Work\ARYA-WMS-SHOPPIE\ANG19\wmshopee\.angular\prerender-root\ee8c7552-4231-4d69-acd7-a877bceb1595\data\admdb.sqlite
[2025-10-10 10:43:38] INFO: INI ALAMAT TABLENYA :  D:\Work\ARYA-WMS-SHOPPIE\ANG19\wmshopee\.angular\prerender-root\21991b9b-11e8-41bf-b584-8905f3a86308\data\admdb.sqlite
[2025-10-10 10:43:42] INFO: INI ALAMAT TABLENYA :  D:\Work\ARYA-WMS-SHOPPIE\ANG19\wmshopee\.angular\prerender-root\11f79e60-9a20-4768-8ed7-883b40ab373c\data\admdb.sqlite
[2025-10-10 10:43:42] INFO: INI ALAMAT TABLENYA :  D:\Work\ARYA-WMS-SHOPPIE\ANG19\wmshopee\.angular\prerender-root\669572f3-7ca6-45fe-9d04-4c22311cd6c2\data\admdb.sqlite
[2025-10-10 10:43:42] INFO: INI ALAMAT TABLENYA :  D:\Work\ARYA-WMS-SHOPPIE\ANG19\wmshopee\.angular\prerender-root\2d4fde6c-aefa-454b-a0ba-c76166a7f5a0\data\admdb.sqlite
[2025-10-10 10:43:42] INFO: INI ALAMAT TABLENYA :  D:\Work\ARYA-WMS-SHOPPIE\ANG19\wmshopee\.angular\prerender-root\7289b246-333c-495a-9d74-24f7ef6e6794\data\admdb.sqlite
[2025-10-10 10:43:55] INFO: INI ALAMAT TABLENYA :  D:\Work\ARYA-WMS-SHOPPIE\ANG19\wmshopee\dist\wmshopee\server\data\admdb.sqlite
[2025-10-10 10:45:20] INFO: INI ALAMAT TABLENYA :  D:\Work\ARYA-WMS-SHOPPIE\ANG19\wmshopee\.angular\prerender-root\17d3cc8a-b0b6-4175-9478-01cc265cad38\data\admdb.sqlite
[2025-10-10 10:45:22] INFO: INI ALAMAT TABLENYA :  D:\Work\ARYA-WMS-SHOPPIE\ANG19\wmshopee\.angular\prerender-root\7fb45366-bec0-4505-b1d6-e72f68382701\data\admdb.sqlite
[2025-10-10 10:45:22] INFO: INI ALAMAT TABLENYA :  D:\Work\ARYA-WMS-SHOPPIE\ANG19\wmshopee\.angular\prerender-root\6245ad31-37a2-4da1-93d5-ffa1022d8cba\data\admdb.sqlite
[2025-10-10 10:45:22] INFO: INI ALAMAT TABLENYA :  D:\Work\ARYA-WMS-SHOPPIE\ANG19\wmshopee\.angular\prerender-root\23b78cff-aac3-4981-b994-aaa52aa9d651\data\admdb.sqlite
[2025-10-10 10:45:22] INFO: INI ALAMAT TABLENYA :  D:\Work\ARYA-WMS-SHOPPIE\ANG19\wmshopee\.angular\prerender-root\8e61095e-6881-429d-ae18-37a75bea4af8\data\admdb.sqlite
[2025-10-10 10:45:45] INFO: INI ALAMAT TABLENYA :  D:\Work\ARYA-WMS-SHOPPIE\ANG19\wmshopee\dist\wmshopee\server\data\admdb.sqlite
[2025-10-10 10:48:20] INFO: INI ALAMAT TABLENYA :  D:\Work\ARYA-WMS-SHOPPIE\ANG19\wmshopee\.angular\prerender-root\d7a5597b-74fe-4ff6-96a2-93f991863b84\data\admdb.sqlite
[2025-10-10 10:48:21] INFO: INI ALAMAT TABLENYA :  D:\Work\ARYA-WMS-SHOPPIE\ANG19\wmshopee\.angular\prerender-root\82ada866-e9d5-4525-a29e-d4a119c2a776\data\admdb.sqlite
[2025-10-10 10:48:21] INFO: INI ALAMAT TABLENYA :  D:\Work\ARYA-WMS-SHOPPIE\ANG19\wmshopee\.angular\prerender-root\af940f7a-82d2-4bfe-a1b1-ff389aca86d0\data\admdb.sqlite
[2025-10-10 10:48:21] INFO: INI ALAMAT TABLENYA :  D:\Work\ARYA-WMS-SHOPPIE\ANG19\wmshopee\.angular\prerender-root\cb39a698-dcdc-4554-a384-21da9d7d3f5a\data\admdb.sqlite
[2025-10-10 10:48:21] INFO: INI ALAMAT TABLENYA :  D:\Work\ARYA-WMS-SHOPPIE\ANG19\wmshopee\.angular\prerender-root\0a7da67c-81f8-4297-9a8e-043c2a718b95\data\admdb.sqlite
[2025-10-10 10:48:29] INFO: INI ALAMAT TABLENYA :  D:\Work\ARYA-WMS-SHOPPIE\ANG19\wmshopee\dist\wmshopee\server\data\admdb.sqlite
[2025-10-10 10:49:56] INFO: INI ALAMAT TABLENYA :  D:\Work\ARYA-WMS-SHOPPIE\ANG19\wmshopee\.angular\prerender-root\ba14ffe2-16c1-4f36-b076-207b0d3e50e1\data\admdb.sqlite
[2025-10-10 10:50:00] INFO: INI ALAMAT TABLENYA :  D:\Work\ARYA-WMS-SHOPPIE\ANG19\wmshopee\.angular\prerender-root\8e8787a1-9fee-4fd1-9b19-bf954395ecff\data\admdb.sqlite
[2025-10-10 10:50:00] INFO: INI ALAMAT TABLENYA :  D:\Work\ARYA-WMS-SHOPPIE\ANG19\wmshopee\.angular\prerender-root\1ebb9e77-050e-4c5b-bd30-eb35748db28d\data\admdb.sqlite
[2025-10-10 10:50:00] INFO: INI ALAMAT TABLENYA :  D:\Work\ARYA-WMS-SHOPPIE\ANG19\wmshopee\.angular\prerender-root\f373ef10-d644-4d56-8e50-5197a588e4dd\data\admdb.sqlite
[2025-10-10 10:50:00] INFO: INI ALAMAT TABLENYA :  D:\Work\ARYA-WMS-SHOPPIE\ANG19\wmshopee\.angular\prerender-root\5fad2b32-3289-422d-8ded-0324edbf64a5\data\admdb.sqlite
[2025-10-10 10:50:22] INFO: INI ALAMAT TABLENYA :  D:\Work\ARYA-WMS-SHOPPIE\ANG19\wmshopee\dist\wmshopee\server\data\admdb.sqlite
[2025-10-10 13:34:13] INFO: INI ALAMAT TABLENYA :  D:\Work\ARYA-WMS-SHOPPIE\ANG19\wmshopee\.angular\prerender-root\580471d9-abf8-4e91-a97c-c0b99405f448\data\admdb.sqlite
[2025-10-10 13:34:22] INFO: INI ALAMAT TABLENYA :  D:\Work\ARYA-WMS-SHOPPIE\ANG19\wmshopee\.angular\prerender-root\d7d9d395-9648-45dc-8e16-6192c11f6567\data\admdb.sqlite
[2025-10-10 13:34:22] INFO: INI ALAMAT TABLENYA :  D:\Work\ARYA-WMS-SHOPPIE\ANG19\wmshopee\.angular\prerender-root\043c241f-4c73-4c4b-a270-da2cd7c1c4dd\data\admdb.sqlite
[2025-10-10 13:34:22] INFO: INI ALAMAT TABLENYA :  D:\Work\ARYA-WMS-SHOPPIE\ANG19\wmshopee\.angular\prerender-root\222387a7-b437-4b6a-8038-074f4a7a2212\data\admdb.sqlite
[2025-10-10 13:34:22] INFO: INI ALAMAT TABLENYA :  D:\Work\ARYA-WMS-SHOPPIE\ANG19\wmshopee\.angular\prerender-root\370ee8bd-d1e3-4e65-a4a7-6055cc992a7e\data\admdb.sqlite
[2025-10-10 13:34:42] INFO: INI ALAMAT TABLENYA :  D:\Work\ARYA-WMS-SHOPPIE\ANG19\wmshopee\dist\wmshopee\server\data\admdb.sqlite
[2025-10-10 13:34:50] INFO: ✅ Shopee refresh on fetchWithAuth Error: {"error":"invalid_acceess_token","message":"Invalid access_token, please have a check.","request_id":"e3e3e7f340c81d6305ac742a3d51d800"}
[2025-10-10 13:34:51] INFO: ✅ Shopee refresh on fetchWithAuth Error: {"error":"invalid_acceess_token","message":"Invalid access_token, please have a check.","request_id":"e3e3e7f340c81d67e8dd68e22b48e500"}
[2025-10-10 13:34:51] INFO: Update data token : 
[2025-10-10 13:34:51] INFO: Update data token : 
[2025-10-10 13:40:47] INFO: INI ALAMAT TABLENYA :  D:\Work\ARYA-WMS-SHOPPIE\ANG19\wmshopee\.angular\prerender-root\bc6016ec-b88b-4617-8356-70347ebc11f8\data\admdb.sqlite
[2025-10-10 13:41:00] INFO: INI ALAMAT TABLENYA :  D:\Work\ARYA-WMS-SHOPPIE\ANG19\wmshopee\.angular\prerender-root\b67a9984-c13c-471d-b8c6-07657bf9699b\data\admdb.sqlite
[2025-10-10 13:41:00] INFO: INI ALAMAT TABLENYA :  D:\Work\ARYA-WMS-SHOPPIE\ANG19\wmshopee\.angular\prerender-root\3a53ea54-f3bd-44a1-bc44-b3336c3a6309\data\admdb.sqlite
[2025-10-10 13:41:00] INFO: INI ALAMAT TABLENYA :  D:\Work\ARYA-WMS-SHOPPIE\ANG19\wmshopee\.angular\prerender-root\63274537-1724-4e63-bec8-ce84939c7340\data\admdb.sqlite
[2025-10-10 13:41:00] INFO: INI ALAMAT TABLENYA :  D:\Work\ARYA-WMS-SHOPPIE\ANG19\wmshopee\.angular\prerender-root\8462ac7f-6ae9-4fe1-bdb6-6a902b44d284\data\admdb.sqlite
[2025-10-10 13:41:28] INFO: INI ALAMAT TABLENYA :  D:\Work\ARYA-WMS-SHOPPIE\ANG19\wmshopee\dist\wmshopee\server\data\admdb.sqlite
[2025-10-10 13:46:01] INFO: INI ALAMAT TABLENYA :  D:\Work\ARYA-WMS-SHOPPIE\ANG19\wmshopee\.angular\prerender-root\e348dab9-2170-4594-bae5-cf2aa3015d4b\data\admdb.sqlite
[2025-10-10 13:46:03] INFO: INI ALAMAT TABLENYA :  D:\Work\ARYA-WMS-SHOPPIE\ANG19\wmshopee\.angular\prerender-root\6779b768-9f86-42e7-826a-98d8a952c386\data\admdb.sqlite
[2025-10-10 13:46:03] INFO: INI ALAMAT TABLENYA :  D:\Work\ARYA-WMS-SHOPPIE\ANG19\wmshopee\.angular\prerender-root\ce8ab119-5c19-47d7-aa3f-a98cfe3cfd2d\data\admdb.sqlite
[2025-10-10 13:46:03] INFO: INI ALAMAT TABLENYA :  D:\Work\ARYA-WMS-SHOPPIE\ANG19\wmshopee\.angular\prerender-root\c0e5da01-8d03-45f5-b649-ee8c6c21640b\data\admdb.sqlite
[2025-10-10 13:46:03] INFO: INI ALAMAT TABLENYA :  D:\Work\ARYA-WMS-SHOPPIE\ANG19\wmshopee\.angular\prerender-root\fffc75b6-e9ff-4eca-85d9-096afe0b5f7f\data\admdb.sqlite
[2025-10-10 13:46:14] INFO: INI ALAMAT TABLENYA :  D:\Work\ARYA-WMS-SHOPPIE\ANG19\wmshopee\dist\wmshopee\server\data\admdb.sqlite
[2025-10-10 13:47:48] INFO: INI ALAMAT TABLENYA :  D:\Work\ARYA-WMS-SHOPPIE\ANG19\wmshopee\.angular\prerender-root\7d02d08b-87d4-40d9-89a6-39e3af2970e3\data\admdb.sqlite
[2025-10-10 13:47:50] INFO: INI ALAMAT TABLENYA :  D:\Work\ARYA-WMS-SHOPPIE\ANG19\wmshopee\.angular\prerender-root\68c03a3b-9cce-4452-9154-e7c522625d5b\data\admdb.sqlite
[2025-10-10 13:47:50] INFO: INI ALAMAT TABLENYA :  D:\Work\ARYA-WMS-SHOPPIE\ANG19\wmshopee\.angular\prerender-root\6f3810cc-184d-471a-b7de-0695c4a88378\data\admdb.sqlite
[2025-10-10 13:47:50] INFO: INI ALAMAT TABLENYA :  D:\Work\ARYA-WMS-SHOPPIE\ANG19\wmshopee\.angular\prerender-root\08b6145f-cdda-4d52-80f6-6586a83bd4b8\data\admdb.sqlite
[2025-10-10 13:47:50] INFO: INI ALAMAT TABLENYA :  D:\Work\ARYA-WMS-SHOPPIE\ANG19\wmshopee\.angular\prerender-root\1edffcb9-8355-4ce1-926b-64e0ff11f6d0\data\admdb.sqlite
[2025-10-10 13:47:59] INFO: INI ALAMAT TABLENYA :  D:\Work\ARYA-WMS-SHOPPIE\ANG19\wmshopee\dist\wmshopee\server\data\admdb.sqlite
[2025-10-10 13:51:28] INFO: INI ALAMAT TABLENYA :  D:\Work\ARYA-WMS-SHOPPIE\ANG19\wmshopee\.angular\prerender-root\57acfbce-c16a-4497-8fa3-0ceca16c433e\data\admdb.sqlite
[2025-10-10 13:51:30] INFO: INI ALAMAT TABLENYA :  D:\Work\ARYA-WMS-SHOPPIE\ANG19\wmshopee\.angular\prerender-root\cb231ca9-9469-4227-890f-4d131c8e6574\data\admdb.sqlite
[2025-10-10 13:51:30] INFO: INI ALAMAT TABLENYA :  D:\Work\ARYA-WMS-SHOPPIE\ANG19\wmshopee\.angular\prerender-root\5680051c-7684-4e63-86f4-63b7f9c37514\data\admdb.sqlite
[2025-10-10 13:51:30] INFO: INI ALAMAT TABLENYA :  D:\Work\ARYA-WMS-SHOPPIE\ANG19\wmshopee\.angular\prerender-root\979f65be-b882-4e9b-b758-832edffa566f\data\admdb.sqlite
[2025-10-10 13:51:30] INFO: INI ALAMAT TABLENYA :  D:\Work\ARYA-WMS-SHOPPIE\ANG19\wmshopee\.angular\prerender-root\4053f0ef-d7b5-43d2-be97-7fd57dff7847\data\admdb.sqlite
[2025-10-10 13:51:39] INFO: INI ALAMAT TABLENYA :  D:\Work\ARYA-WMS-SHOPPIE\ANG19\wmshopee\dist\wmshopee\server\data\admdb.sqlite
[2025-10-10 13:52:10] ERROR: Error api.controller :  {}
[2025-10-10 14:35:42] INFO: INI ALAMAT TABLENYA :  D:\Work\ARYA-WMS-SHOPPIE\ANG19\wmshopee\.angular\prerender-root\4238d745-cbf4-4848-9f5e-85019ea7c89c\data\admdb.sqlite
[2025-10-10 14:35:45] INFO: INI ALAMAT TABLENYA :  D:\Work\ARYA-WMS-SHOPPIE\ANG19\wmshopee\.angular\prerender-root\3d7d32cd-9058-44e9-8295-6fad28bf5e12\data\admdb.sqlite
[2025-10-10 14:35:45] INFO: INI ALAMAT TABLENYA :  D:\Work\ARYA-WMS-SHOPPIE\ANG19\wmshopee\.angular\prerender-root\c8dd95eb-1f04-4dee-a78d-9acab166766c\data\admdb.sqlite
[2025-10-10 14:35:45] INFO: INI ALAMAT TABLENYA :  D:\Work\ARYA-WMS-SHOPPIE\ANG19\wmshopee\.angular\prerender-root\0941ba75-fa01-4f6a-ad89-0c0b9a71f147\data\admdb.sqlite
[2025-10-10 14:35:45] INFO: INI ALAMAT TABLENYA :  D:\Work\ARYA-WMS-SHOPPIE\ANG19\wmshopee\.angular\prerender-root\22d89603-e1a7-427c-87c3-e1f987f8de74\data\admdb.sqlite
[2025-10-10 14:35:56] INFO: INI ALAMAT TABLENYA :  D:\Work\ARYA-WMS-SHOPPIE\ANG19\wmshopee\dist\wmshopee\server\data\admdb.sqlite
[2025-10-10 14:38:18] ERROR: Error api.controller :  {}
[2025-10-10 14:41:00] INFO: INI ALAMAT TABLENYA :  D:\Work\ARYA-WMS-SHOPPIE\ANG19\wmshopee\.angular\prerender-root\7eb30a77-569c-4cf9-a729-e2654a753903\data\admdb.sqlite
[2025-10-10 14:41:06] INFO: INI ALAMAT TABLENYA :  D:\Work\ARYA-WMS-SHOPPIE\ANG19\wmshopee\.angular\prerender-root\154c1628-5436-4e20-a7e0-4fdaff40a214\data\admdb.sqlite
[2025-10-10 14:41:06] INFO: INI ALAMAT TABLENYA :  D:\Work\ARYA-WMS-SHOPPIE\ANG19\wmshopee\.angular\prerender-root\2ebeb283-ac4b-448b-864a-6df397da27d4\data\admdb.sqlite
[2025-10-10 14:41:06] INFO: INI ALAMAT TABLENYA :  D:\Work\ARYA-WMS-SHOPPIE\ANG19\wmshopee\.angular\prerender-root\846543f0-82a8-41cc-b3f5-8a3c751f9a34\data\admdb.sqlite
[2025-10-10 14:41:06] INFO: INI ALAMAT TABLENYA :  D:\Work\ARYA-WMS-SHOPPIE\ANG19\wmshopee\.angular\prerender-root\8fa4a395-5959-4aaa-98d2-34ee87ec0a05\data\admdb.sqlite
[2025-10-10 14:42:01] INFO: INI ALAMAT TABLENYA :  D:\Work\ARYA-WMS-SHOPPIE\ANG19\wmshopee\dist\wmshopee\server\data\admdb.sqlite
[2025-10-10 14:42:17] ERROR: Error api.controller :  {}
[2025-10-10 14:48:22] INFO: INI ALAMAT TABLENYA :  D:\Work\ARYA-WMS-SHOPPIE\ANG19\wmshopee\dist\wmshopee\server\data\admdb.sqlite
[2025-10-10 14:48:37] ERROR: Error api.controller :  {}
[2025-10-10 14:49:32] INFO: INI ALAMAT TABLENYA :  D:\Work\ARYA-WMS-SHOPPIE\ANG19\wmshopee\.angular\prerender-root\6521d487-db47-4964-b2dd-75cdf74d1481\data\admdb.sqlite
[2025-10-10 14:49:34] INFO: INI ALAMAT TABLENYA :  D:\Work\ARYA-WMS-SHOPPIE\ANG19\wmshopee\.angular\prerender-root\8055501a-a83f-406a-9395-d5724a60ef50\data\admdb.sqlite
[2025-10-10 14:49:34] INFO: INI ALAMAT TABLENYA :  D:\Work\ARYA-WMS-SHOPPIE\ANG19\wmshopee\.angular\prerender-root\f4cd7bc0-1456-4f43-8d7f-c774c9ffce3b\data\admdb.sqlite
[2025-10-10 14:49:34] INFO: INI ALAMAT TABLENYA :  D:\Work\ARYA-WMS-SHOPPIE\ANG19\wmshopee\.angular\prerender-root\05ae23a5-3ae1-48f6-944c-6fa01466131d\data\admdb.sqlite
[2025-10-10 14:49:34] INFO: INI ALAMAT TABLENYA :  D:\Work\ARYA-WMS-SHOPPIE\ANG19\wmshopee\.angular\prerender-root\49bd3e96-606f-4dd2-9729-f69358262415\data\admdb.sqlite
[2025-10-10 14:49:44] INFO: INI ALAMAT TABLENYA :  D:\Work\ARYA-WMS-SHOPPIE\ANG19\wmshopee\dist\wmshopee\server\data\admdb.sqlite
[2025-10-10 14:50:29] ERROR: Error api.controller :  {}
[2025-10-10 14:58:23] ERROR: Error api.controller :  {}
[2025-10-10 15:12:51] INFO: INI ALAMAT TABLENYA :  D:\Work\ARYA-WMS-SHOPPIE\ANG19\wmshopee\.angular\prerender-root\0176c3a9-a410-4229-9125-6bb8bfc42083\data\admdb.sqlite
[2025-10-10 15:12:53] INFO: INI ALAMAT TABLENYA :  D:\Work\ARYA-WMS-SHOPPIE\ANG19\wmshopee\.angular\prerender-root\b9fd7738-b7a9-4694-8144-9f9d720bdac9\data\admdb.sqlite
[2025-10-10 15:12:53] INFO: INI ALAMAT TABLENYA :  D:\Work\ARYA-WMS-SHOPPIE\ANG19\wmshopee\.angular\prerender-root\04404c98-6fc5-4bd3-bbba-50e4b878e32e\data\admdb.sqlite
[2025-10-10 15:12:53] INFO: INI ALAMAT TABLENYA :  D:\Work\ARYA-WMS-SHOPPIE\ANG19\wmshopee\.angular\prerender-root\13324f29-536e-428a-a0ec-49617718a883\data\admdb.sqlite
[2025-10-10 15:12:53] INFO: INI ALAMAT TABLENYA :  D:\Work\ARYA-WMS-SHOPPIE\ANG19\wmshopee\.angular\prerender-root\8f3221db-84e4-4d69-94bb-0e3606b15f48\data\admdb.sqlite
[2025-10-10 15:13:03] INFO: INI ALAMAT TABLENYA :  D:\Work\ARYA-WMS-SHOPPIE\ANG19\wmshopee\dist\wmshopee\server\data\admdb.sqlite
[2025-10-10 15:17:28] INFO: INI ALAMAT TABLENYA :  D:\Work\ARYA-WMS-SHOPPIE\ANG19\wmshopee\.angular\prerender-root\88be6cbc-392b-400e-8865-f1dea8b07104\data\admdb.sqlite
[2025-10-10 15:17:33] INFO: INI ALAMAT TABLENYA :  D:\Work\ARYA-WMS-SHOPPIE\ANG19\wmshopee\.angular\prerender-root\7eae8057-3a98-453c-b834-b5aa21fdca25\data\admdb.sqlite
[2025-10-10 15:17:33] INFO: INI ALAMAT TABLENYA :  D:\Work\ARYA-WMS-SHOPPIE\ANG19\wmshopee\.angular\prerender-root\227be624-5bfd-4341-8e78-7bc7fdb72da0\data\admdb.sqlite
[2025-10-10 15:17:33] INFO: INI ALAMAT TABLENYA :  D:\Work\ARYA-WMS-SHOPPIE\ANG19\wmshopee\.angular\prerender-root\31813946-b967-496b-b612-e30953ae3f35\data\admdb.sqlite
[2025-10-10 15:17:33] INFO: INI ALAMAT TABLENYA :  D:\Work\ARYA-WMS-SHOPPIE\ANG19\wmshopee\.angular\prerender-root\34a0ba1a-62e0-4c67-82ba-0cafb25556ab\data\admdb.sqlite
