[2025-08-13 09:35:01] INFO: INI ALAMAT TABLENYA :  D:\Work\ARYA-WMS-SHOPPIE\ANG19\wmshopee\.angular\prerender-root\c5914228-e7da-40b2-a96e-f07b187ac253\data\admdb.sqlite
[2025-08-13 09:35:07] INFO: INI ALAMAT TABLENYA :  D:\Work\ARYA-WMS-SHOPPIE\ANG19\wmshopee\.angular\prerender-root\7aa9b3dc-b9ed-47a2-8b8f-dcbdf0a7e14f\data\admdb.sqlite
[2025-08-13 09:35:07] INFO: INI ALAMAT TABLENYA :  D:\Work\ARYA-WMS-SHOPPIE\ANG19\wmshopee\.angular\prerender-root\18ae0cb6-7810-4970-b213-ec833f4d9ba2\data\admdb.sqlite
[2025-08-13 09:35:07] INFO: INI ALAMAT TABLENYA :  D:\Work\ARYA-WMS-SHOPPIE\ANG19\wmshopee\.angular\prerender-root\3e15fe17-d17c-4f05-ae08-9baebc99497e\data\admdb.sqlite
[2025-08-13 09:35:07] INFO: INI ALAMAT TABLENYA :  D:\Work\ARYA-WMS-SHOPPIE\ANG19\wmshopee\.angular\prerender-root\b73b2cee-ac05-4780-812d-611968d305b3\data\admdb.sqlite
[2025-08-13 09:35:19] INFO: INI ALAMAT TABLENYA :  D:\Work\ARYA-WMS-SHOPPIE\ANG19\wmshopee\dist\wmshopee\server\data\admdb.sqlite
[2025-08-13 09:35:33] INFO: Update data token : 
[2025-08-13 09:35:33] INFO: Update data token : 
[2025-08-13 09:35:44] INFO: ✅ Sudah di List  117
[2025-08-13 09:35:46] INFO: ✅ package Sudah di List  237
[2025-08-13 09:35:46] ERROR: Error api.controller :  {}
[2025-08-13 09:36:46] INFO: INI ALAMAT TABLENYA :  D:\Work\ARYA-WMS-SHOPPIE\ANG19\wmshopee\.angular\prerender-root\df2f253c-37e5-4304-a0d3-4ab04dc83bc7\data\admdb.sqlite
[2025-08-13 09:36:47] INFO: INI ALAMAT TABLENYA :  D:\Work\ARYA-WMS-SHOPPIE\ANG19\wmshopee\.angular\prerender-root\b1df5c77-5163-4fce-ab26-0b26d2e8acbd\data\admdb.sqlite
[2025-08-13 09:36:47] INFO: INI ALAMAT TABLENYA :  D:\Work\ARYA-WMS-SHOPPIE\ANG19\wmshopee\.angular\prerender-root\9c3bb636-0f53-458f-b1a8-166e6ba5e644\data\admdb.sqlite
[2025-08-13 09:36:47] INFO: INI ALAMAT TABLENYA :  D:\Work\ARYA-WMS-SHOPPIE\ANG19\wmshopee\.angular\prerender-root\338dd004-da9c-4249-962d-5ae7847ba696\data\admdb.sqlite
[2025-08-13 09:36:47] INFO: INI ALAMAT TABLENYA :  D:\Work\ARYA-WMS-SHOPPIE\ANG19\wmshopee\.angular\prerender-root\58760748-2386-4ea6-b935-53d339bd3e5b\data\admdb.sqlite
[2025-08-13 09:36:53] INFO: INI ALAMAT TABLENYA :  D:\Work\ARYA-WMS-SHOPPIE\ANG19\wmshopee\dist\wmshopee\server\data\admdb.sqlite
[2025-08-13 09:36:56] INFO: Update data token : 
[2025-08-13 09:36:56] INFO: Update data token : 
[2025-08-13 09:37:07] INFO: ✅ Sudah di List  118
[2025-08-13 09:37:07] ERROR: Error api.controller :  {}
[2025-08-13 09:38:01] INFO: ✅ Sudah di List  118
[2025-08-13 09:38:01] ERROR: Error api.controller :  {}
[2025-08-13 09:39:16] INFO: INI ALAMAT TABLENYA :  D:\Work\ARYA-WMS-SHOPPIE\ANG19\wmshopee\.angular\prerender-root\332f4e0d-4ad6-408e-a929-9545156ef9be\data\admdb.sqlite
[2025-08-13 09:39:17] INFO: INI ALAMAT TABLENYA :  D:\Work\ARYA-WMS-SHOPPIE\ANG19\wmshopee\.angular\prerender-root\29bea865-6533-4fd6-8c7e-e0b5df703805\data\admdb.sqlite
[2025-08-13 09:39:17] INFO: INI ALAMAT TABLENYA :  D:\Work\ARYA-WMS-SHOPPIE\ANG19\wmshopee\.angular\prerender-root\8e8e91c2-3276-42e2-bb47-781f08265d30\data\admdb.sqlite
[2025-08-13 09:39:17] INFO: INI ALAMAT TABLENYA :  D:\Work\ARYA-WMS-SHOPPIE\ANG19\wmshopee\.angular\prerender-root\021d9eef-d3cd-41e1-b4ac-7cea0d5c240d\data\admdb.sqlite
[2025-08-13 09:39:17] INFO: INI ALAMAT TABLENYA :  D:\Work\ARYA-WMS-SHOPPIE\ANG19\wmshopee\.angular\prerender-root\d4ce8a24-3c9b-48a1-b9d5-3e438f18ae0a\data\admdb.sqlite
[2025-08-13 09:39:24] INFO: INI ALAMAT TABLENYA :  D:\Work\ARYA-WMS-SHOPPIE\ANG19\wmshopee\dist\wmshopee\server\data\admdb.sqlite
[2025-08-13 09:39:33] INFO: ✅ Sudah di List  120
[2025-08-13 09:39:33] ERROR: Error api.controller :  {}
[2025-08-13 09:44:25] INFO: INI ALAMAT TABLENYA :  D:\Work\ARYA-WMS-SHOPPIE\ANG19\wmshopee\.angular\prerender-root\a070549d-82d6-41f3-a28e-9a235b682e61\data\admdb.sqlite
[2025-08-13 09:44:26] INFO: INI ALAMAT TABLENYA :  D:\Work\ARYA-WMS-SHOPPIE\ANG19\wmshopee\.angular\prerender-root\9fd3b2e8-6565-4d8c-8c1d-97d25933e8ee\data\admdb.sqlite
[2025-08-13 09:44:26] INFO: INI ALAMAT TABLENYA :  D:\Work\ARYA-WMS-SHOPPIE\ANG19\wmshopee\.angular\prerender-root\bafc84be-aff7-4c40-92ee-2953e68dc818\data\admdb.sqlite
[2025-08-13 09:44:26] INFO: INI ALAMAT TABLENYA :  D:\Work\ARYA-WMS-SHOPPIE\ANG19\wmshopee\.angular\prerender-root\16841a94-dfd3-417e-8358-f017159d3c47\data\admdb.sqlite
[2025-08-13 09:44:26] INFO: INI ALAMAT TABLENYA :  D:\Work\ARYA-WMS-SHOPPIE\ANG19\wmshopee\.angular\prerender-root\24ff7362-bddf-46bd-8a2e-1a94243f341c\data\admdb.sqlite
[2025-08-13 09:44:52] INFO: INI ALAMAT TABLENYA :  D:\Work\ARYA-WMS-SHOPPIE\ANG19\wmshopee\.angular\prerender-root\1c50a0ce-db1f-429d-a78e-f83620d25e91\data\admdb.sqlite
[2025-08-13 09:44:54] INFO: INI ALAMAT TABLENYA :  D:\Work\ARYA-WMS-SHOPPIE\ANG19\wmshopee\.angular\prerender-root\2279aacb-cb62-4ed0-99fd-82af4b0128f2\data\admdb.sqlite
[2025-08-13 09:44:54] INFO: INI ALAMAT TABLENYA :  D:\Work\ARYA-WMS-SHOPPIE\ANG19\wmshopee\.angular\prerender-root\e76accd6-f887-44b6-a669-a8649ddf5a20\data\admdb.sqlite
[2025-08-13 09:44:54] INFO: INI ALAMAT TABLENYA :  D:\Work\ARYA-WMS-SHOPPIE\ANG19\wmshopee\.angular\prerender-root\38b328b4-5a9a-48f9-80b8-760be5da18e8\data\admdb.sqlite
[2025-08-13 09:44:54] INFO: INI ALAMAT TABLENYA :  D:\Work\ARYA-WMS-SHOPPIE\ANG19\wmshopee\.angular\prerender-root\b1e6951e-8797-419d-a841-992fd53d037d\data\admdb.sqlite
[2025-08-13 09:45:02] INFO: INI ALAMAT TABLENYA :  D:\Work\ARYA-WMS-SHOPPIE\ANG19\wmshopee\dist\wmshopee\server\data\admdb.sqlite
[2025-08-13 09:45:10] INFO: ✅ Sudah di List  122
[2025-08-13 09:45:10] INFO: ✅ Sudah di List Extract  122
[2025-08-13 09:45:10] ERROR: Error api.controller :  {}
[2025-08-13 09:47:53] INFO: INI ALAMAT TABLENYA :  D:\Work\ARYA-WMS-SHOPPIE\ANG19\wmshopee\.angular\prerender-root\6207188c-36f8-4e8d-9e6b-3b01aa8a3407\data\admdb.sqlite
[2025-08-13 09:47:54] INFO: INI ALAMAT TABLENYA :  D:\Work\ARYA-WMS-SHOPPIE\ANG19\wmshopee\.angular\prerender-root\5a14b55d-a47f-4fd5-b81b-517ce5bd371c\data\admdb.sqlite
[2025-08-13 09:47:54] INFO: INI ALAMAT TABLENYA :  D:\Work\ARYA-WMS-SHOPPIE\ANG19\wmshopee\.angular\prerender-root\d4b76a9c-5288-4b12-9f0e-ac9a182d4b64\data\admdb.sqlite
[2025-08-13 09:47:54] INFO: INI ALAMAT TABLENYA :  D:\Work\ARYA-WMS-SHOPPIE\ANG19\wmshopee\.angular\prerender-root\163d0a35-60e8-469a-b40d-3df995701d5a\data\admdb.sqlite
[2025-08-13 09:47:54] INFO: INI ALAMAT TABLENYA :  D:\Work\ARYA-WMS-SHOPPIE\ANG19\wmshopee\.angular\prerender-root\d37819e1-bf5b-43ce-9fe3-b3bdcd1e62af\data\admdb.sqlite
[2025-08-13 09:48:16] INFO: INI ALAMAT TABLENYA :  D:\Work\ARYA-WMS-SHOPPIE\ANG19\wmshopee\.angular\prerender-root\740ec815-a6a5-4fba-9a89-4937452511a2\data\admdb.sqlite
[2025-08-13 09:48:17] INFO: INI ALAMAT TABLENYA :  D:\Work\ARYA-WMS-SHOPPIE\ANG19\wmshopee\.angular\prerender-root\e7f28a9b-b95e-49ec-945b-139556012f45\data\admdb.sqlite
[2025-08-13 09:48:17] INFO: INI ALAMAT TABLENYA :  D:\Work\ARYA-WMS-SHOPPIE\ANG19\wmshopee\.angular\prerender-root\b27654bf-fd1e-4aef-ac78-64941b4160d3\data\admdb.sqlite
[2025-08-13 09:48:17] INFO: INI ALAMAT TABLENYA :  D:\Work\ARYA-WMS-SHOPPIE\ANG19\wmshopee\.angular\prerender-root\6c5325b6-58d0-414d-97b6-fb66a9c59dc1\data\admdb.sqlite
[2025-08-13 09:48:17] INFO: INI ALAMAT TABLENYA :  D:\Work\ARYA-WMS-SHOPPIE\ANG19\wmshopee\.angular\prerender-root\c670bdec-fc47-47c2-b11e-5b90e42a5993\data\admdb.sqlite
[2025-08-13 09:48:23] INFO: INI ALAMAT TABLENYA :  D:\Work\ARYA-WMS-SHOPPIE\ANG19\wmshopee\dist\wmshopee\server\data\admdb.sqlite
[2025-08-13 09:48:34] INFO: ✅ Sudah di List  123
[2025-08-13 09:48:34] INFO: ✅ Sudah di List Extract  123
[2025-08-13 09:48:34] ERROR: Error api.controller :  {}
[2025-08-13 09:49:09] INFO: INI ALAMAT TABLENYA :  D:\Work\ARYA-WMS-SHOPPIE\ANG19\wmshopee\.angular\prerender-root\f795b0e8-c9a1-46ec-8f19-b7df545ec24f\data\admdb.sqlite
[2025-08-13 09:49:10] INFO: INI ALAMAT TABLENYA :  D:\Work\ARYA-WMS-SHOPPIE\ANG19\wmshopee\.angular\prerender-root\db2ef84f-9339-41b6-9847-ce27a98ef5d1\data\admdb.sqlite
[2025-08-13 09:49:10] INFO: INI ALAMAT TABLENYA :  D:\Work\ARYA-WMS-SHOPPIE\ANG19\wmshopee\.angular\prerender-root\4c6fd935-16d4-4ba3-a211-b0faa0f2c6cb\data\admdb.sqlite
[2025-08-13 09:49:10] INFO: INI ALAMAT TABLENYA :  D:\Work\ARYA-WMS-SHOPPIE\ANG19\wmshopee\.angular\prerender-root\a7dbcde3-2218-40b7-993e-a0b34a42959e\data\admdb.sqlite
[2025-08-13 09:49:10] INFO: INI ALAMAT TABLENYA :  D:\Work\ARYA-WMS-SHOPPIE\ANG19\wmshopee\.angular\prerender-root\76d5bb38-3124-4759-88ab-0e13e4f7fd51\data\admdb.sqlite
[2025-08-13 09:49:19] INFO: INI ALAMAT TABLENYA :  D:\Work\ARYA-WMS-SHOPPIE\ANG19\wmshopee\dist\wmshopee\server\data\admdb.sqlite
[2025-08-13 09:49:27] INFO: ✅ Sudah di List  123
[2025-08-13 09:49:27] INFO: ✅ Sudah di List Extract  123
[2025-08-13 09:49:27] ERROR: Error api.controller :  {}
[2025-08-13 09:50:35] INFO: INI ALAMAT TABLENYA :  D:\Work\ARYA-WMS-SHOPPIE\ANG19\wmshopee\.angular\prerender-root\03459512-da3d-4bf3-883a-d41f1f4202b2\data\admdb.sqlite
[2025-08-13 09:50:36] INFO: INI ALAMAT TABLENYA :  D:\Work\ARYA-WMS-SHOPPIE\ANG19\wmshopee\.angular\prerender-root\0bba7d18-bc27-48ac-990f-e79c7f68c60c\data\admdb.sqlite
[2025-08-13 09:50:36] INFO: INI ALAMAT TABLENYA :  D:\Work\ARYA-WMS-SHOPPIE\ANG19\wmshopee\.angular\prerender-root\6e499386-8a5e-41e7-aaca-016b3a11bfd9\data\admdb.sqlite
[2025-08-13 09:50:36] INFO: INI ALAMAT TABLENYA :  D:\Work\ARYA-WMS-SHOPPIE\ANG19\wmshopee\.angular\prerender-root\4d28b601-a47f-4ab6-8aba-6a8cda501206\data\admdb.sqlite
[2025-08-13 09:50:36] INFO: INI ALAMAT TABLENYA :  D:\Work\ARYA-WMS-SHOPPIE\ANG19\wmshopee\.angular\prerender-root\7c5afbfb-192e-4362-ba05-c423207a0515\data\admdb.sqlite
[2025-08-13 09:50:46] INFO: INI ALAMAT TABLENYA :  D:\Work\ARYA-WMS-SHOPPIE\ANG19\wmshopee\dist\wmshopee\server\data\admdb.sqlite
[2025-08-13 09:50:51] INFO: ✅ Sudah di List  123
[2025-08-13 09:50:51] INFO: ✅ Sudah di List Extract  123
[2025-08-13 09:50:51] ERROR: Error api.controller :  {}
[2025-08-13 09:51:28] INFO: INI ALAMAT TABLENYA :  D:\Work\ARYA-WMS-SHOPPIE\ANG19\wmshopee\.angular\prerender-root\3809d472-d5cc-475f-beb7-083b1adf2358\data\admdb.sqlite
[2025-08-13 09:51:30] INFO: INI ALAMAT TABLENYA :  D:\Work\ARYA-WMS-SHOPPIE\ANG19\wmshopee\.angular\prerender-root\00583eeb-a91b-4545-989c-31b9b9a4f9d4\data\admdb.sqlite
[2025-08-13 09:51:30] INFO: INI ALAMAT TABLENYA :  D:\Work\ARYA-WMS-SHOPPIE\ANG19\wmshopee\.angular\prerender-root\e83b909b-08a1-431c-bce4-a6c5912dbf6c\data\admdb.sqlite
[2025-08-13 09:51:30] INFO: INI ALAMAT TABLENYA :  D:\Work\ARYA-WMS-SHOPPIE\ANG19\wmshopee\.angular\prerender-root\aef74a83-9a0d-46ed-bb60-524771346213\data\admdb.sqlite
[2025-08-13 09:51:30] INFO: INI ALAMAT TABLENYA :  D:\Work\ARYA-WMS-SHOPPIE\ANG19\wmshopee\.angular\prerender-root\9a274b8e-b28d-4356-a72d-1c0a57303353\data\admdb.sqlite
[2025-08-13 09:51:36] INFO: INI ALAMAT TABLENYA :  D:\Work\ARYA-WMS-SHOPPIE\ANG19\wmshopee\dist\wmshopee\server\data\admdb.sqlite
[2025-08-13 09:51:43] INFO: ✅ Sudah di List  113
[2025-08-13 09:51:43] INFO: ✅ Sudah di List Extract  113
[2025-08-13 09:51:43] ERROR: Error api.controller :  {}
[2025-08-13 09:56:23] INFO: INI ALAMAT TABLENYA :  D:\Work\ARYA-WMS-SHOPPIE\ANG19\wmshopee\.angular\prerender-root\4ad582e0-8309-4505-927c-6e1bc64b5adc\data\admdb.sqlite
[2025-08-13 09:56:25] INFO: INI ALAMAT TABLENYA :  D:\Work\ARYA-WMS-SHOPPIE\ANG19\wmshopee\.angular\prerender-root\006fdafe-c06f-4ef6-a4ef-673efb4d827a\data\admdb.sqlite
[2025-08-13 09:56:25] INFO: INI ALAMAT TABLENYA :  D:\Work\ARYA-WMS-SHOPPIE\ANG19\wmshopee\.angular\prerender-root\502fe7cd-415f-4b09-ab40-2d3e7f10d1d8\data\admdb.sqlite
[2025-08-13 09:56:25] INFO: INI ALAMAT TABLENYA :  D:\Work\ARYA-WMS-SHOPPIE\ANG19\wmshopee\.angular\prerender-root\01e4a0f2-270f-4d22-a5f1-c8767e82f4e8\data\admdb.sqlite
[2025-08-13 09:56:25] INFO: INI ALAMAT TABLENYA :  D:\Work\ARYA-WMS-SHOPPIE\ANG19\wmshopee\.angular\prerender-root\b89177b4-4d47-422c-a643-0c4610074619\data\admdb.sqlite
[2025-08-13 09:56:31] INFO: INI ALAMAT TABLENYA :  D:\Work\ARYA-WMS-SHOPPIE\ANG19\wmshopee\dist\wmshopee\server\data\admdb.sqlite
[2025-08-13 09:56:51] INFO: ✅ Sudah di List  114
[2025-08-13 09:56:51] INFO: ✅ Sudah di List Extract  114
[2025-08-13 09:56:51] ERROR: Error api.controller :  {}
[2025-08-13 09:57:47] INFO: INI ALAMAT TABLENYA :  D:\Work\ARYA-WMS-SHOPPIE\ANG19\wmshopee\.angular\prerender-root\3e3d02b9-5aae-40b7-98c0-29c84323fc10\data\admdb.sqlite
[2025-08-13 09:57:48] INFO: INI ALAMAT TABLENYA :  D:\Work\ARYA-WMS-SHOPPIE\ANG19\wmshopee\.angular\prerender-root\f1bbe66e-ac8c-484a-b5d6-a77ab8b58a6a\data\admdb.sqlite
[2025-08-13 09:57:48] INFO: INI ALAMAT TABLENYA :  D:\Work\ARYA-WMS-SHOPPIE\ANG19\wmshopee\.angular\prerender-root\0238dd05-d17b-41e3-a411-3326cf6ea77c\data\admdb.sqlite
[2025-08-13 09:57:48] INFO: INI ALAMAT TABLENYA :  D:\Work\ARYA-WMS-SHOPPIE\ANG19\wmshopee\.angular\prerender-root\dfba5780-8ebb-42f4-a45b-7696743a3baa\data\admdb.sqlite
[2025-08-13 09:57:48] INFO: INI ALAMAT TABLENYA :  D:\Work\ARYA-WMS-SHOPPIE\ANG19\wmshopee\.angular\prerender-root\a8040997-c251-46f0-9b3b-8e4d2b45fbab\data\admdb.sqlite
[2025-08-13 09:57:54] INFO: INI ALAMAT TABLENYA :  D:\Work\ARYA-WMS-SHOPPIE\ANG19\wmshopee\dist\wmshopee\server\data\admdb.sqlite
[2025-08-13 09:58:37] INFO: INI ALAMAT TABLENYA :  D:\Work\ARYA-WMS-SHOPPIE\ANG19\wmshopee\.angular\prerender-root\b266e17b-fcfe-456a-af91-c3cd3471c113\data\admdb.sqlite
[2025-08-13 09:58:38] INFO: INI ALAMAT TABLENYA :  D:\Work\ARYA-WMS-SHOPPIE\ANG19\wmshopee\.angular\prerender-root\0d3fe51d-93b4-4310-aaf5-9e9085d08894\data\admdb.sqlite
[2025-08-13 09:58:38] INFO: INI ALAMAT TABLENYA :  D:\Work\ARYA-WMS-SHOPPIE\ANG19\wmshopee\.angular\prerender-root\9dc93fc6-3f21-48f9-a7c8-e894f3f41745\data\admdb.sqlite
[2025-08-13 09:58:38] INFO: INI ALAMAT TABLENYA :  D:\Work\ARYA-WMS-SHOPPIE\ANG19\wmshopee\.angular\prerender-root\ce4e8867-9a00-40c0-b5ef-6a57871b3416\data\admdb.sqlite
[2025-08-13 09:58:38] INFO: INI ALAMAT TABLENYA :  D:\Work\ARYA-WMS-SHOPPIE\ANG19\wmshopee\.angular\prerender-root\e8d30040-2bd7-4c47-b8a7-d322bc6a4e78\data\admdb.sqlite
[2025-08-13 09:58:44] INFO: INI ALAMAT TABLENYA :  D:\Work\ARYA-WMS-SHOPPIE\ANG19\wmshopee\dist\wmshopee\server\data\admdb.sqlite
[2025-08-13 09:58:52] INFO: ✅ Sudah di List  115
[2025-08-13 09:58:52] INFO: ✅ Sudah di List Extract  115
[2025-08-13 09:58:52] ERROR: Error api.controller :  {}
[2025-08-13 09:59:39] INFO: INI ALAMAT TABLENYA :  D:\Work\ARYA-WMS-SHOPPIE\ANG19\wmshopee\.angular\prerender-root\09fbd1c2-6b50-437e-a15d-760c49513216\data\admdb.sqlite
[2025-08-13 09:59:41] INFO: INI ALAMAT TABLENYA :  D:\Work\ARYA-WMS-SHOPPIE\ANG19\wmshopee\.angular\prerender-root\8b7e42dd-952d-4f21-a25a-13f41150ac2a\data\admdb.sqlite
[2025-08-13 09:59:41] INFO: INI ALAMAT TABLENYA :  D:\Work\ARYA-WMS-SHOPPIE\ANG19\wmshopee\.angular\prerender-root\61aebfe5-da2d-4bea-96af-ba3fc72a23f0\data\admdb.sqlite
[2025-08-13 09:59:41] INFO: INI ALAMAT TABLENYA :  D:\Work\ARYA-WMS-SHOPPIE\ANG19\wmshopee\.angular\prerender-root\6d5e2efd-d750-460d-9ea1-348c0d5b19c0\data\admdb.sqlite
[2025-08-13 09:59:41] INFO: INI ALAMAT TABLENYA :  D:\Work\ARYA-WMS-SHOPPIE\ANG19\wmshopee\.angular\prerender-root\af869bf4-c265-487a-952b-044aed833ae0\data\admdb.sqlite
[2025-08-13 09:59:48] INFO: INI ALAMAT TABLENYA :  D:\Work\ARYA-WMS-SHOPPIE\ANG19\wmshopee\dist\wmshopee\server\data\admdb.sqlite
[2025-08-13 09:59:54] INFO: ✅ Sudah di List  115
[2025-08-13 09:59:54] INFO: ✅ Sudah di List Extract  115
[2025-08-13 09:59:54] INFO: ✅ Sudah di List Extract  115
[2025-08-13 10:05:05] INFO: INI ALAMAT TABLENYA :  D:\Work\ARYA-WMS-SHOPPIE\ANG19\wmshopee\.angular\prerender-root\41fd04ec-90d9-46cf-b014-4991d9fecb05\data\admdb.sqlite
[2025-08-13 10:05:07] INFO: INI ALAMAT TABLENYA :  D:\Work\ARYA-WMS-SHOPPIE\ANG19\wmshopee\.angular\prerender-root\d2683db1-f018-4f79-9a58-b2a9f83e2060\data\admdb.sqlite
[2025-08-13 10:05:07] INFO: INI ALAMAT TABLENYA :  D:\Work\ARYA-WMS-SHOPPIE\ANG19\wmshopee\.angular\prerender-root\dd2cfed3-22ea-4d5c-b705-a3473f0d7ac2\data\admdb.sqlite
[2025-08-13 10:05:07] INFO: INI ALAMAT TABLENYA :  D:\Work\ARYA-WMS-SHOPPIE\ANG19\wmshopee\.angular\prerender-root\dd553394-7899-427b-9548-39e35d3bf88b\data\admdb.sqlite
[2025-08-13 10:05:07] INFO: INI ALAMAT TABLENYA :  D:\Work\ARYA-WMS-SHOPPIE\ANG19\wmshopee\.angular\prerender-root\d03734c7-65a2-4e23-915e-0921cea4d29e\data\admdb.sqlite
[2025-08-13 10:05:30] INFO: INI ALAMAT TABLENYA :  D:\Work\ARYA-WMS-SHOPPIE\ANG19\wmshopee\.angular\prerender-root\6c3b1a71-624e-4396-a726-4a17093ece2e\data\admdb.sqlite
[2025-08-13 10:05:31] INFO: INI ALAMAT TABLENYA :  D:\Work\ARYA-WMS-SHOPPIE\ANG19\wmshopee\.angular\prerender-root\7b83a12e-f90b-44d9-9ba5-1b6a601b5a1b\data\admdb.sqlite
[2025-08-13 10:05:31] INFO: INI ALAMAT TABLENYA :  D:\Work\ARYA-WMS-SHOPPIE\ANG19\wmshopee\.angular\prerender-root\c3a71038-e14e-45c3-b1a5-9983f2dba0e8\data\admdb.sqlite
[2025-08-13 10:05:31] INFO: INI ALAMAT TABLENYA :  D:\Work\ARYA-WMS-SHOPPIE\ANG19\wmshopee\.angular\prerender-root\d06ff735-7ae1-484e-884e-7f3afab7962b\data\admdb.sqlite
[2025-08-13 10:05:31] INFO: INI ALAMAT TABLENYA :  D:\Work\ARYA-WMS-SHOPPIE\ANG19\wmshopee\.angular\prerender-root\2ed04d22-130d-4613-aec2-8bc1525f5812\data\admdb.sqlite
[2025-08-13 10:06:02] INFO: INI ALAMAT TABLENYA :  D:\Work\ARYA-WMS-SHOPPIE\ANG19\wmshopee\dist\wmshopee\server\data\admdb.sqlite
[2025-08-13 10:06:09] INFO: ✅ Sudah di List  2
[2025-08-13 10:06:09] INFO: ✅ order Sudah di List  {"order_sn":"250813NWM5UT44","booking_sn":"","order_status":"READY_TO_SHIP"}
[2025-08-13 10:06:10] INFO: ✅ package Sudah di List  {"order_sn":"250812MEE52BBA","package_number":"OFG208702702238633"}
[2025-08-13 10:06:10] INFO: ✅ Sudah di List Extract  2
[2025-08-13 10:06:11] INFO: ✅ Sudah di List Extract  2
[2025-08-13 10:19:51] INFO: INI ALAMAT TABLENYA :  D:\Work\ARYA-WMS-SHOPPIE\ANG19\wmshopee\.angular\prerender-root\1731cc05-4003-4b3c-80a9-1fcaf4c83141\data\admdb.sqlite
[2025-08-13 10:19:53] INFO: INI ALAMAT TABLENYA :  D:\Work\ARYA-WMS-SHOPPIE\ANG19\wmshopee\.angular\prerender-root\1902c4a9-5b76-49ec-882c-20b05ea31911\data\admdb.sqlite
[2025-08-13 10:19:53] INFO: INI ALAMAT TABLENYA :  D:\Work\ARYA-WMS-SHOPPIE\ANG19\wmshopee\.angular\prerender-root\abc06303-1012-47cf-bc8a-120791744823\data\admdb.sqlite
[2025-08-13 10:19:53] INFO: INI ALAMAT TABLENYA :  D:\Work\ARYA-WMS-SHOPPIE\ANG19\wmshopee\.angular\prerender-root\776cb65f-795a-4be7-9452-9f752f9d5eea\data\admdb.sqlite
[2025-08-13 10:19:53] INFO: INI ALAMAT TABLENYA :  D:\Work\ARYA-WMS-SHOPPIE\ANG19\wmshopee\.angular\prerender-root\d13876b9-dcaa-47b2-b14e-8e2cfadd48f6\data\admdb.sqlite
[2025-08-13 10:20:02] INFO: INI ALAMAT TABLENYA :  D:\Work\ARYA-WMS-SHOPPIE\ANG19\wmshopee\dist\wmshopee\server\data\admdb.sqlite
[2025-08-13 10:20:09] INFO: ✅ Sudah di List  8
[2025-08-13 10:20:10] INFO: ✅ package Sudah di List  {"order_sn":"250812MEE52BBA","package_number":"OFG208702702238633"}
[2025-08-13 10:23:05] INFO: INI ALAMAT TABLENYA :  D:\Work\ARYA-WMS-SHOPPIE\ANG19\wmshopee\.angular\prerender-root\9f1ba13d-2901-48a8-982d-db22ab83f320\data\admdb.sqlite
[2025-08-13 10:23:06] INFO: INI ALAMAT TABLENYA :  D:\Work\ARYA-WMS-SHOPPIE\ANG19\wmshopee\.angular\prerender-root\c46a3468-476e-481b-a129-ed534ed964d7\data\admdb.sqlite
[2025-08-13 10:23:06] INFO: INI ALAMAT TABLENYA :  D:\Work\ARYA-WMS-SHOPPIE\ANG19\wmshopee\.angular\prerender-root\cdee87a9-a3ce-42eb-994f-a5560d257db1\data\admdb.sqlite
[2025-08-13 10:23:06] INFO: INI ALAMAT TABLENYA :  D:\Work\ARYA-WMS-SHOPPIE\ANG19\wmshopee\.angular\prerender-root\4116beab-9fde-48a2-a0e4-63b287ec3037\data\admdb.sqlite
[2025-08-13 10:23:07] INFO: INI ALAMAT TABLENYA :  D:\Work\ARYA-WMS-SHOPPIE\ANG19\wmshopee\.angular\prerender-root\e0c99a30-0e21-4e02-9f59-a3ee7e07961a\data\admdb.sqlite
[2025-08-13 10:23:13] INFO: INI ALAMAT TABLENYA :  D:\Work\ARYA-WMS-SHOPPIE\ANG19\wmshopee\dist\wmshopee\server\data\admdb.sqlite
[2025-08-13 10:23:23] INFO: ✅ Sudah di List  72
[2025-08-13 10:23:24] INFO: ✅ package Sudah di List  {"order_sn":"250812MEE52BBA","package_number":"OFG208702702238633"}
