[2025-10-13 11:34:23] INFO: INI ALAMAT TABLENYA :  D:\Work\ARYA-WMS-SHOPPIE\ANG19\wmshopee\.angular\prerender-root\7a616195-e2be-4d11-b9b5-6f5fbd364eb8\data\admdb.sqlite
[2025-10-13 11:34:31] INFO: INI ALAMAT TABLENYA :  D:\Work\ARYA-WMS-SHOPPIE\ANG19\wmshopee\.angular\prerender-root\10a79174-353c-4fa6-beab-1fcbe95b83e9\data\admdb.sqlite
[2025-10-13 11:34:31] INFO: INI ALAMAT TABLENYA :  D:\Work\ARYA-WMS-SHOPPIE\ANG19\wmshopee\.angular\prerender-root\6a14c0c0-2610-452a-a247-48d791da59d0\data\admdb.sqlite
[2025-10-13 11:34:31] INFO: INI ALAMAT TABLENYA :  D:\Work\ARYA-WMS-SHOPPIE\ANG19\wmshopee\.angular\prerender-root\5f9398aa-5bc7-428b-af1a-1fcff57c3c47\data\admdb.sqlite
[2025-10-13 11:34:31] INFO: INI ALAMAT TABLENYA :  D:\Work\ARYA-WMS-SHOPPIE\ANG19\wmshopee\.angular\prerender-root\0c5de557-dcf2-48a2-a668-187d05d8b13e\data\admdb.sqlite
[2025-10-13 11:34:52] INFO: INI ALAMAT TABLENYA :  D:\Work\ARYA-WMS-SHOPPIE\ANG19\wmshopee\dist\wmshopee\server\data\admdb.sqlite
[2025-10-13 11:35:03] INFO: ✅ Shopee refresh on fetchWithAuth Error: {"error":"invalid_acceess_token","message":"Invalid access_token, please have a check.","request_id":"e3e3e7f34102ca7dc877a4597acf8200"}
[2025-10-13 11:35:03] INFO: ✅ Shopee refresh on fetchWithAuth Error: {"error":"invalid_acceess_token","message":"Invalid access_token, please have a check.","request_id":"e3e3e7f34102ca7dd20c1f7b68a35a00"}
[2025-10-13 11:35:03] INFO: Update data token : 
[2025-10-13 11:35:03] INFO: Update data token : 
[2025-10-13 11:35:14] INFO: ✅ package Sudah di List  43
[2025-10-13 17:17:17] INFO: INI ALAMAT TABLENYA :  D:\Work\ARYA-WMS-SHOPPIE\ANG19\wmshopee\.angular\prerender-root\24dc6003-ac0c-4eff-8c09-c104f4d98109\data\admdb.sqlite
[2025-10-13 17:17:21] INFO: INI ALAMAT TABLENYA :  D:\Work\ARYA-WMS-SHOPPIE\ANG19\wmshopee\.angular\prerender-root\5ae3f626-8cf8-4071-89a2-df9778f453a5\data\admdb.sqlite
[2025-10-13 17:17:21] INFO: INI ALAMAT TABLENYA :  D:\Work\ARYA-WMS-SHOPPIE\ANG19\wmshopee\.angular\prerender-root\11a9c6a3-a64d-49b2-b01a-30d9549dc0ae\data\admdb.sqlite
[2025-10-13 17:17:21] INFO: INI ALAMAT TABLENYA :  D:\Work\ARYA-WMS-SHOPPIE\ANG19\wmshopee\.angular\prerender-root\8ca6f0f0-3f54-43c7-a78f-1083e7e79ab2\data\admdb.sqlite
[2025-10-13 17:17:21] INFO: INI ALAMAT TABLENYA :  D:\Work\ARYA-WMS-SHOPPIE\ANG19\wmshopee\.angular\prerender-root\d2cb70bd-f241-4de7-af0e-be3f5be43bf8\data\admdb.sqlite
[2025-10-13 17:17:47] INFO: INI ALAMAT TABLENYA :  D:\Work\ARYA-WMS-SHOPPIE\ANG19\wmshopee\dist\wmshopee\server\data\admdb.sqlite
[2025-10-13 17:18:01] INFO: ✅ Shopee refresh on fetchWithAuth Error: {"error":"invalid_acceess_token","message":"Invalid access_token, please have a check.","request_id":"e3e3e7f3410795055c1b15fa0f295b00"}
[2025-10-13 17:18:01] INFO: ✅ Shopee refresh on fetchWithAuthMETHOD Error: {"error":"invalid_acceess_token","message":"Invalid access_token, please have a check.","request_id":"e3e3e7f341079505a6beb13e1ae85900"}
[2025-10-13 17:18:01] INFO: ✅ Shopee refresh on fetchWithAuth Error: {"error":"invalid_acceess_token","message":"Invalid access_token, please have a check.","request_id":"e3e3e7f341079505ac1423ec951f4d00"}
[2025-10-13 17:18:01] INFO: Update data token : 
[2025-10-13 17:18:01] INFO: Update data token : 
[2025-10-13 17:18:01] INFO: Update data token : 
[2025-10-13 17:20:45] INFO: INI ALAMAT TABLENYA :  D:\Work\ARYA-WMS-SHOPPIE\ANG19\wmshopee\.angular\prerender-root\932ceb41-5ae6-481f-8e44-8446ef5e781f\data\admdb.sqlite
[2025-10-13 17:20:47] INFO: INI ALAMAT TABLENYA :  D:\Work\ARYA-WMS-SHOPPIE\ANG19\wmshopee\.angular\prerender-root\70eecb6f-ea11-4978-9f3e-7e4dc43b8c51\data\admdb.sqlite
[2025-10-13 17:20:47] INFO: INI ALAMAT TABLENYA :  D:\Work\ARYA-WMS-SHOPPIE\ANG19\wmshopee\.angular\prerender-root\95f1f2e4-b03b-483e-a72a-848925c94ba2\data\admdb.sqlite
[2025-10-13 17:20:47] INFO: INI ALAMAT TABLENYA :  D:\Work\ARYA-WMS-SHOPPIE\ANG19\wmshopee\.angular\prerender-root\21a60dd2-3581-45b1-9783-d3e17a409531\data\admdb.sqlite
[2025-10-13 17:20:47] INFO: INI ALAMAT TABLENYA :  D:\Work\ARYA-WMS-SHOPPIE\ANG19\wmshopee\.angular\prerender-root\87c72250-cefe-43c3-aa97-9842fb8e8838\data\admdb.sqlite
[2025-10-13 17:21:07] INFO: INI ALAMAT TABLENYA :  D:\Work\ARYA-WMS-SHOPPIE\ANG19\wmshopee\dist\wmshopee\server\data\admdb.sqlite
[2025-10-13 17:21:11] INFO: ✅ Shopee refresh on fetchWithAuthMETHOD Error: {"error":"invalid_acceess_token","message":"Invalid access_token, please have a check.","request_id":"e3e3e7f34107a05f2554970279f02100"}
[2025-10-13 17:21:11] INFO: Update data token : 
[2025-10-13 17:21:11] INFO: ✅ Shopee refresh on fetchWithAuth Error: {"error":"invalid_acceess_token","message":"Invalid access_token, please have a check.","request_id":"e3e3e7f34107a061dbf34d77664e5f00"}
[2025-10-13 17:21:11] INFO: ✅ Shopee refresh on fetchWithAuth Error: {"error":"invalid_acceess_token","message":"Invalid access_token, please have a check.","request_id":"e3e3e7f34107a061d0e5011e5599fc00"}
[2025-10-13 17:21:11] INFO: Update data token : 
[2025-10-13 17:21:11] INFO: Update data token : 
[2025-10-13 17:21:50] INFO: INI ALAMAT TABLENYA :  D:\Work\ARYA-WMS-SHOPPIE\ANG19\wmshopee\.angular\prerender-root\2a9ae999-5bd7-4347-8bfd-54dd6efb46e4\data\admdb.sqlite
[2025-10-13 17:21:52] INFO: INI ALAMAT TABLENYA :  D:\Work\ARYA-WMS-SHOPPIE\ANG19\wmshopee\.angular\prerender-root\a4f26fd4-7549-4922-a42f-9fbf6a6d2534\data\admdb.sqlite
[2025-10-13 17:21:52] INFO: INI ALAMAT TABLENYA :  D:\Work\ARYA-WMS-SHOPPIE\ANG19\wmshopee\.angular\prerender-root\7618e9c6-7a30-46f7-a8ef-b35e13332bf5\data\admdb.sqlite
[2025-10-13 17:21:52] INFO: INI ALAMAT TABLENYA :  D:\Work\ARYA-WMS-SHOPPIE\ANG19\wmshopee\.angular\prerender-root\2a26996b-363e-4035-b8f5-31ea77e7f67b\data\admdb.sqlite
[2025-10-13 17:21:52] INFO: INI ALAMAT TABLENYA :  D:\Work\ARYA-WMS-SHOPPIE\ANG19\wmshopee\.angular\prerender-root\d201c10f-d07e-4f19-b0ca-d98fa2851e95\data\admdb.sqlite
[2025-10-13 17:22:03] INFO: INI ALAMAT TABLENYA :  D:\Work\ARYA-WMS-SHOPPIE\ANG19\wmshopee\dist\wmshopee\server\data\admdb.sqlite
[2025-10-13 17:22:06] INFO: ✅ Shopee refresh on fetchWithAuth Error: {"error":"invalid_acceess_token","message":"Invalid access_token, please have a check.","request_id":"e3e3e7f34107a3a252b213227e45b000"}
[2025-10-13 17:22:06] INFO: ✅ Shopee refresh on fetchWithAuth Error: {"error":"invalid_acceess_token","message":"Invalid access_token, please have a check.","request_id":"e3e3e7f34107a3a27d2c86f6be603200"}
[2025-10-13 17:22:06] INFO: Update data token : 
[2025-10-13 17:22:06] INFO: ✅ Shopee refresh on fetchWithAuthMETHOD Error: {"error":"invalid_acceess_token","message":"Invalid access_token, please have a check.","request_id":"e3e3e7f34107a3a62e3db6fbdfb91a00"}
[2025-10-13 17:22:07] INFO: Update data token : 
[2025-10-13 17:22:07] INFO: Update data token : 
[2025-10-13 17:22:43] INFO: ✅ package Sudah di List  21
[2025-10-13 17:40:44] INFO: INI ALAMAT TABLENYA :  D:\Work\ARYA-WMS-SHOPPIE\ANG19\wmshopee\.angular\prerender-root\81456621-b9c5-4e5e-b34d-15f3fc68bd16\data\admdb.sqlite
[2025-10-13 17:40:46] INFO: INI ALAMAT TABLENYA :  D:\Work\ARYA-WMS-SHOPPIE\ANG19\wmshopee\.angular\prerender-root\8efba506-858e-4bfc-9eaf-e02571e1bf43\data\admdb.sqlite
[2025-10-13 17:40:46] INFO: INI ALAMAT TABLENYA :  D:\Work\ARYA-WMS-SHOPPIE\ANG19\wmshopee\.angular\prerender-root\2224688b-9109-469b-8b45-ffbc1505d5cc\data\admdb.sqlite
[2025-10-13 17:40:46] INFO: INI ALAMAT TABLENYA :  D:\Work\ARYA-WMS-SHOPPIE\ANG19\wmshopee\.angular\prerender-root\f70aabb5-e96a-46e0-993e-0baf3b89eede\data\admdb.sqlite
[2025-10-13 17:40:46] INFO: INI ALAMAT TABLENYA :  D:\Work\ARYA-WMS-SHOPPIE\ANG19\wmshopee\.angular\prerender-root\dc65145f-96eb-401c-bc6f-9f0054374726\data\admdb.sqlite
[2025-10-13 17:41:18] INFO: INI ALAMAT TABLENYA :  D:\Work\ARYA-WMS-SHOPPIE\ANG19\wmshopee\dist\wmshopee\server\data\admdb.sqlite
[2025-10-13 17:41:29] INFO: ✅ Shopee refresh on fetchWithAuth Error: {"error":"invalid_acceess_token","message":"Invalid access_token, please have a check.","request_id":"e3e3e7f34107e8f3e6234e934c05b900"}
[2025-10-13 17:41:29] INFO: ✅ Shopee refresh on fetchWithAuth Error: {"error":"invalid_acceess_token","message":"Invalid access_token, please have a check.","request_id":"e3e3e7f34107e8f3f5632848a189bd00"}
[2025-10-13 17:41:29] INFO: ✅ Shopee refresh on fetchWithAuthMETHOD Error: {"error":"invalid_acceess_token","message":"Invalid access_token, please have a check.","request_id":"e3e3e7f34107e8f4fa83af07379a8000"}
[2025-10-13 17:41:29] INFO: Update data token : 
[2025-10-13 17:41:29] INFO: Update data token : 
[2025-10-13 17:41:29] INFO: Update data token : 
[2025-10-13 17:42:00] INFO: ✅ package Sudah di List  25
