[2025-08-12 10:16:35] INFO: INI ALAMAT TABLENYA :  D:\Work\ARYA-WMS-SHOPPIE\ANG19\wmshopee\.angular\prerender-root\6c9ef038-93b4-40bf-a707-56fa3f941b47\data\admdb.sqlite
[2025-08-12 10:16:38] INFO: INI ALAMAT TABLENYA :  D:\Work\ARYA-WMS-SHOPPIE\ANG19\wmshopee\.angular\prerender-root\19e26ba6-414b-4c54-b22c-657525608dff\data\admdb.sqlite
[2025-08-12 10:16:38] INFO: INI ALAMAT TABLENYA :  D:\Work\ARYA-WMS-SHOPPIE\ANG19\wmshopee\.angular\prerender-root\af458844-4e91-454f-ab07-fae23d828f6d\data\admdb.sqlite
[2025-08-12 10:16:38] INFO: INI ALAMAT TABLENYA :  D:\Work\ARYA-WMS-SHOPPIE\ANG19\wmshopee\.angular\prerender-root\bd013a9e-705c-497a-adf4-d97cf2d4589c\data\admdb.sqlite
[2025-08-12 10:16:38] INFO: INI ALAMAT TABLENYA :  D:\Work\ARYA-WMS-SHOPPIE\ANG19\wmshopee\.angular\prerender-root\94d0fd42-1265-4238-bc2e-d3b74ad2c58e\data\admdb.sqlite
[2025-08-12 10:21:41] INFO: INI ALAMAT TABLENYA :  D:\Work\ARYA-WMS-SHOPPIE\ANG19\wmshopee\dist\wmshopee\server\data\admdb.sqlite
[2025-08-12 10:21:45] INFO: Update data token : 
[2025-08-12 10:21:45] INFO: Update data token : 
[2025-08-12 10:22:37] INFO: ✅ Sudah di List  141
[2025-08-12 10:29:12] INFO: INI ALAMAT TABLENYA :  D:\Work\ARYA-WMS-SHOPPIE\ANG19\wmshopee\.angular\prerender-root\6f3b8bb1-5533-4c5f-8db0-f55471814e5d\data\admdb.sqlite
[2025-08-12 10:29:25] INFO: INI ALAMAT TABLENYA :  D:\Work\ARYA-WMS-SHOPPIE\ANG19\wmshopee\.angular\prerender-root\88590374-9f1f-417a-804a-dbebffab9a4d\data\admdb.sqlite
[2025-08-12 10:29:25] INFO: INI ALAMAT TABLENYA :  D:\Work\ARYA-WMS-SHOPPIE\ANG19\wmshopee\.angular\prerender-root\2ac94784-5d52-4aa3-b06c-173b36a13390\data\admdb.sqlite
[2025-08-12 10:29:25] INFO: INI ALAMAT TABLENYA :  D:\Work\ARYA-WMS-SHOPPIE\ANG19\wmshopee\.angular\prerender-root\af383652-5747-4c8d-8c4b-2a8d2d429384\data\admdb.sqlite
[2025-08-12 10:29:25] INFO: INI ALAMAT TABLENYA :  D:\Work\ARYA-WMS-SHOPPIE\ANG19\wmshopee\.angular\prerender-root\739c5736-13c8-4742-bb13-980f6a0f752c\data\admdb.sqlite
[2025-08-12 10:29:49] INFO: INI ALAMAT TABLENYA :  D:\Work\ARYA-WMS-SHOPPIE\ANG19\wmshopee\dist\wmshopee\server\data\admdb.sqlite
[2025-08-12 10:44:58] INFO: INI ALAMAT TABLENYA :  D:\Work\ARYA-WMS-SHOPPIE\ANG19\wmshopee\.angular\prerender-root\416fb620-2c99-4a47-adec-648dc3332f40\data\admdb.sqlite
[2025-08-12 10:45:05] INFO: INI ALAMAT TABLENYA :  D:\Work\ARYA-WMS-SHOPPIE\ANG19\wmshopee\.angular\prerender-root\48798e76-6f77-462b-8d8f-c98d84122015\data\admdb.sqlite
[2025-08-12 10:45:05] INFO: INI ALAMAT TABLENYA :  D:\Work\ARYA-WMS-SHOPPIE\ANG19\wmshopee\.angular\prerender-root\20ae88fd-7345-4302-9a77-82476778615e\data\admdb.sqlite
[2025-08-12 10:45:05] INFO: INI ALAMAT TABLENYA :  D:\Work\ARYA-WMS-SHOPPIE\ANG19\wmshopee\.angular\prerender-root\be50a7bc-1097-4dfc-9cc0-26c88738cae2\data\admdb.sqlite
[2025-08-12 10:45:05] INFO: INI ALAMAT TABLENYA :  D:\Work\ARYA-WMS-SHOPPIE\ANG19\wmshopee\.angular\prerender-root\9a9139ea-f4d5-42e8-8a1e-7f1dab8ff594\data\admdb.sqlite
[2025-08-12 10:50:35] INFO: INI ALAMAT TABLENYA :  D:\Work\ARYA-WMS-SHOPPIE\ANG19\wmshopee\.angular\prerender-root\6c26716b-d32d-433f-9e9a-5ee14d6ca46d\data\admdb.sqlite
[2025-08-12 10:50:38] INFO: INI ALAMAT TABLENYA :  D:\Work\ARYA-WMS-SHOPPIE\ANG19\wmshopee\.angular\prerender-root\4d8dc1b2-8f77-48ef-b2c3-453b63adc1b3\data\admdb.sqlite
[2025-08-12 10:50:38] INFO: INI ALAMAT TABLENYA :  D:\Work\ARYA-WMS-SHOPPIE\ANG19\wmshopee\.angular\prerender-root\37d9d6e5-cdfa-47af-b9f6-95f79b20c6f5\data\admdb.sqlite
[2025-08-12 10:50:38] INFO: INI ALAMAT TABLENYA :  D:\Work\ARYA-WMS-SHOPPIE\ANG19\wmshopee\.angular\prerender-root\052e24a7-1996-4020-bb49-aafda4ad92eb\data\admdb.sqlite
[2025-08-12 10:50:38] INFO: INI ALAMAT TABLENYA :  D:\Work\ARYA-WMS-SHOPPIE\ANG19\wmshopee\.angular\prerender-root\d6c51e96-e10c-4bc8-ab3d-6ac046edd512\data\admdb.sqlite
[2025-08-12 10:51:00] INFO: INI ALAMAT TABLENYA :  D:\Work\ARYA-WMS-SHOPPIE\ANG19\wmshopee\dist\wmshopee\server\data\admdb.sqlite
[2025-08-12 10:53:18] INFO: INI ALAMAT TABLENYA :  D:\Work\ARYA-WMS-SHOPPIE\ANG19\wmshopee\.angular\prerender-root\e9d115e3-be9e-46e3-9519-8282abcafe8f\data\admdb.sqlite
[2025-08-12 10:53:24] INFO: INI ALAMAT TABLENYA :  D:\Work\ARYA-WMS-SHOPPIE\ANG19\wmshopee\.angular\prerender-root\f6995310-d3e6-4b7b-bc47-f3bd92f59e5a\data\admdb.sqlite
[2025-08-12 10:53:24] INFO: INI ALAMAT TABLENYA :  D:\Work\ARYA-WMS-SHOPPIE\ANG19\wmshopee\.angular\prerender-root\d47b7f8c-aa1a-442e-a719-f362e885e4e1\data\admdb.sqlite
[2025-08-12 10:53:24] INFO: INI ALAMAT TABLENYA :  D:\Work\ARYA-WMS-SHOPPIE\ANG19\wmshopee\.angular\prerender-root\77bc3f25-ee09-4279-b42a-dc120e7bb7fe\data\admdb.sqlite
[2025-08-12 10:53:24] INFO: INI ALAMAT TABLENYA :  D:\Work\ARYA-WMS-SHOPPIE\ANG19\wmshopee\.angular\prerender-root\ed86e0bb-6cec-4912-ab04-420394a41d33\data\admdb.sqlite
[2025-08-12 10:53:53] INFO: INI ALAMAT TABLENYA :  D:\Work\ARYA-WMS-SHOPPIE\ANG19\wmshopee\dist\wmshopee\server\data\admdb.sqlite
[2025-08-12 10:59:09] INFO: INI ALAMAT TABLENYA :  D:\Work\ARYA-WMS-SHOPPIE\ANG19\wmshopee\.angular\prerender-root\d7240b93-e436-4fad-be2f-095e14f8c7f3\data\admdb.sqlite
[2025-08-12 10:59:12] INFO: INI ALAMAT TABLENYA :  D:\Work\ARYA-WMS-SHOPPIE\ANG19\wmshopee\.angular\prerender-root\e475c20a-24b2-46d6-b775-d72b9927d3be\data\admdb.sqlite
[2025-08-12 10:59:12] INFO: INI ALAMAT TABLENYA :  D:\Work\ARYA-WMS-SHOPPIE\ANG19\wmshopee\.angular\prerender-root\2ab3b612-66be-496a-9694-eedd5145f549\data\admdb.sqlite
[2025-08-12 10:59:12] INFO: INI ALAMAT TABLENYA :  D:\Work\ARYA-WMS-SHOPPIE\ANG19\wmshopee\.angular\prerender-root\6979c134-50ee-48bb-b14d-d60b4408e1da\data\admdb.sqlite
[2025-08-12 10:59:12] INFO: INI ALAMAT TABLENYA :  D:\Work\ARYA-WMS-SHOPPIE\ANG19\wmshopee\.angular\prerender-root\7e547b5d-e56a-43ce-abdd-9f13dc6590a3\data\admdb.sqlite
[2025-08-12 10:59:22] INFO: INI ALAMAT TABLENYA :  D:\Work\ARYA-WMS-SHOPPIE\ANG19\wmshopee\dist\wmshopee\server\data\admdb.sqlite
[2025-08-12 11:06:03] INFO: INI ALAMAT TABLENYA :  D:\Work\ARYA-WMS-SHOPPIE\ANG19\wmshopee\.angular\prerender-root\a7fb7ef2-8b28-494f-890a-fcac740a17f9\data\admdb.sqlite
[2025-08-12 11:06:04] INFO: INI ALAMAT TABLENYA :  D:\Work\ARYA-WMS-SHOPPIE\ANG19\wmshopee\.angular\prerender-root\6fb429a3-c996-4338-8746-41358af3055a\data\admdb.sqlite
[2025-08-12 11:06:04] INFO: INI ALAMAT TABLENYA :  D:\Work\ARYA-WMS-SHOPPIE\ANG19\wmshopee\.angular\prerender-root\f3d9e2cd-d302-461b-ab3d-e259ad72799d\data\admdb.sqlite
[2025-08-12 11:06:04] INFO: INI ALAMAT TABLENYA :  D:\Work\ARYA-WMS-SHOPPIE\ANG19\wmshopee\.angular\prerender-root\59c0981e-8240-4da7-a578-8519f5251299\data\admdb.sqlite
[2025-08-12 11:06:04] INFO: INI ALAMAT TABLENYA :  D:\Work\ARYA-WMS-SHOPPIE\ANG19\wmshopee\.angular\prerender-root\ddec9b8d-dbac-4bd6-b8ec-2dc98a7cb093\data\admdb.sqlite
[2025-08-12 11:06:11] INFO: INI ALAMAT TABLENYA :  D:\Work\ARYA-WMS-SHOPPIE\ANG19\wmshopee\dist\wmshopee\server\data\admdb.sqlite
[2025-08-12 11:36:26] INFO: INI ALAMAT TABLENYA :  D:\Work\ARYA-WMS-SHOPPIE\ANG19\wmshopee\.angular\prerender-root\390c3220-9550-4b62-abec-501abb8904f4\data\admdb.sqlite
[2025-08-12 11:36:28] INFO: INI ALAMAT TABLENYA :  D:\Work\ARYA-WMS-SHOPPIE\ANG19\wmshopee\.angular\prerender-root\a1bcbd37-04c5-484f-8cd4-9c45f93379d0\data\admdb.sqlite
[2025-08-12 11:36:28] INFO: INI ALAMAT TABLENYA :  D:\Work\ARYA-WMS-SHOPPIE\ANG19\wmshopee\.angular\prerender-root\45cf44dd-8fed-400d-96c5-18000a0f9cd0\data\admdb.sqlite
[2025-08-12 11:36:28] INFO: INI ALAMAT TABLENYA :  D:\Work\ARYA-WMS-SHOPPIE\ANG19\wmshopee\.angular\prerender-root\d162c550-ad75-459c-b70f-920d483a5f21\data\admdb.sqlite
[2025-08-12 11:36:28] INFO: INI ALAMAT TABLENYA :  D:\Work\ARYA-WMS-SHOPPIE\ANG19\wmshopee\.angular\prerender-root\d2deb41d-719f-4733-af06-9474980c864e\data\admdb.sqlite
[2025-08-12 11:36:35] INFO: INI ALAMAT TABLENYA :  D:\Work\ARYA-WMS-SHOPPIE\ANG19\wmshopee\dist\wmshopee\server\data\admdb.sqlite
[2025-08-12 11:36:59] ERROR: Error api.controller :  {}
[2025-08-12 11:37:56] INFO: INI ALAMAT TABLENYA :  D:\Work\ARYA-WMS-SHOPPIE\ANG19\wmshopee\.angular\prerender-root\87003ce5-d7d2-4eba-9e40-0e947f72fe90\data\admdb.sqlite
[2025-08-12 11:37:57] INFO: INI ALAMAT TABLENYA :  D:\Work\ARYA-WMS-SHOPPIE\ANG19\wmshopee\.angular\prerender-root\29a3d2a5-41ac-413d-8221-c6ba305e6e27\data\admdb.sqlite
[2025-08-12 11:37:57] INFO: INI ALAMAT TABLENYA :  D:\Work\ARYA-WMS-SHOPPIE\ANG19\wmshopee\.angular\prerender-root\bc64cd5f-49ef-4997-a744-f40995827efd\data\admdb.sqlite
[2025-08-12 11:37:57] INFO: INI ALAMAT TABLENYA :  D:\Work\ARYA-WMS-SHOPPIE\ANG19\wmshopee\.angular\prerender-root\f8954788-1f2f-489a-8617-764f95df054f\data\admdb.sqlite
[2025-08-12 11:37:57] INFO: INI ALAMAT TABLENYA :  D:\Work\ARYA-WMS-SHOPPIE\ANG19\wmshopee\.angular\prerender-root\9f04bbe3-19e9-44c4-9276-60fdd5d6b6da\data\admdb.sqlite
[2025-08-12 11:38:04] INFO: INI ALAMAT TABLENYA :  D:\Work\ARYA-WMS-SHOPPIE\ANG19\wmshopee\dist\wmshopee\server\data\admdb.sqlite
[2025-08-12 11:38:07] ERROR: Error api.controller :  {}
[2025-08-12 11:39:09] INFO: INI ALAMAT TABLENYA :  D:\Work\ARYA-WMS-SHOPPIE\ANG19\wmshopee\.angular\prerender-root\bba11512-0d5c-4fb5-b424-32b2f6af7132\data\admdb.sqlite
[2025-08-12 11:39:10] INFO: INI ALAMAT TABLENYA :  D:\Work\ARYA-WMS-SHOPPIE\ANG19\wmshopee\.angular\prerender-root\a981fcbe-1d6c-438a-9695-36301b9cfede\data\admdb.sqlite
[2025-08-12 11:39:10] INFO: INI ALAMAT TABLENYA :  D:\Work\ARYA-WMS-SHOPPIE\ANG19\wmshopee\.angular\prerender-root\8a305b84-f821-41f0-8cab-ea594ccc247c\data\admdb.sqlite
[2025-08-12 11:39:10] INFO: INI ALAMAT TABLENYA :  D:\Work\ARYA-WMS-SHOPPIE\ANG19\wmshopee\.angular\prerender-root\5d71bb76-289e-4642-a7a3-d5f6498e90a8\data\admdb.sqlite
[2025-08-12 11:39:10] INFO: INI ALAMAT TABLENYA :  D:\Work\ARYA-WMS-SHOPPIE\ANG19\wmshopee\.angular\prerender-root\3c846ef5-7453-4bf5-9c54-10ac41cec2cf\data\admdb.sqlite
[2025-08-12 11:39:15] INFO: INI ALAMAT TABLENYA :  D:\Work\ARYA-WMS-SHOPPIE\ANG19\wmshopee\dist\wmshopee\server\data\admdb.sqlite
[2025-08-12 11:47:09] INFO: INI ALAMAT TABLENYA :  D:\Work\ARYA-WMS-SHOPPIE\ANG19\wmshopee\.angular\prerender-root\11c6cd40-f857-4e86-a3c0-ba1aae40cbee\data\admdb.sqlite
[2025-08-12 11:47:10] INFO: INI ALAMAT TABLENYA :  D:\Work\ARYA-WMS-SHOPPIE\ANG19\wmshopee\.angular\prerender-root\a434624f-ca31-427f-ac59-a82fb64e98fe\data\admdb.sqlite
[2025-08-12 11:47:10] INFO: INI ALAMAT TABLENYA :  D:\Work\ARYA-WMS-SHOPPIE\ANG19\wmshopee\.angular\prerender-root\66028572-efeb-450b-b37d-007b0222e4d2\data\admdb.sqlite
[2025-08-12 11:47:10] INFO: INI ALAMAT TABLENYA :  D:\Work\ARYA-WMS-SHOPPIE\ANG19\wmshopee\.angular\prerender-root\669139c1-123c-41c7-885a-55d84710eeae\data\admdb.sqlite
[2025-08-12 11:47:10] INFO: INI ALAMAT TABLENYA :  D:\Work\ARYA-WMS-SHOPPIE\ANG19\wmshopee\.angular\prerender-root\624a289f-3e8b-4a41-ad71-983411edb74b\data\admdb.sqlite
[2025-08-12 11:47:17] INFO: INI ALAMAT TABLENYA :  D:\Work\ARYA-WMS-SHOPPIE\ANG19\wmshopee\dist\wmshopee\server\data\admdb.sqlite
[2025-08-12 12:05:47] INFO: INI ALAMAT TABLENYA :  D:\Work\ARYA-WMS-SHOPPIE\ANG19\wmshopee\.angular\prerender-root\b5ac03f0-5229-4771-a41a-39ea3755ed24\data\admdb.sqlite
[2025-08-12 12:05:54] INFO: INI ALAMAT TABLENYA :  D:\Work\ARYA-WMS-SHOPPIE\ANG19\wmshopee\.angular\prerender-root\3c6a8c5f-5704-412a-a49d-ba0e1e2b1451\data\admdb.sqlite
[2025-08-12 12:05:54] INFO: INI ALAMAT TABLENYA :  D:\Work\ARYA-WMS-SHOPPIE\ANG19\wmshopee\.angular\prerender-root\9834f840-6c49-47d5-962a-e062f2b05289\data\admdb.sqlite
[2025-08-12 12:05:54] INFO: INI ALAMAT TABLENYA :  D:\Work\ARYA-WMS-SHOPPIE\ANG19\wmshopee\.angular\prerender-root\b642cd38-2ec1-45c3-9a6a-3f5b9ea8bae4\data\admdb.sqlite
[2025-08-12 12:05:54] INFO: INI ALAMAT TABLENYA :  D:\Work\ARYA-WMS-SHOPPIE\ANG19\wmshopee\.angular\prerender-root\e00fd8b4-599f-405e-b84e-6203e322c16a\data\admdb.sqlite
[2025-08-12 12:07:25] INFO: INI ALAMAT TABLENYA :  D:\Work\ARYA-WMS-SHOPPIE\ANG19\wmshopee\.angular\prerender-root\8d6bcd06-e09e-497a-8d4a-2a455ab87be1\data\admdb.sqlite
[2025-08-12 12:07:27] INFO: INI ALAMAT TABLENYA :  D:\Work\ARYA-WMS-SHOPPIE\ANG19\wmshopee\.angular\prerender-root\7372d135-a3f4-467c-91df-d473f193e397\data\admdb.sqlite
[2025-08-12 12:07:27] INFO: INI ALAMAT TABLENYA :  D:\Work\ARYA-WMS-SHOPPIE\ANG19\wmshopee\.angular\prerender-root\4e2e714a-34c0-4f53-8785-c43244177f97\data\admdb.sqlite
[2025-08-12 12:07:27] INFO: INI ALAMAT TABLENYA :  D:\Work\ARYA-WMS-SHOPPIE\ANG19\wmshopee\.angular\prerender-root\c10a3320-6635-439e-b3b8-3802868c38e3\data\admdb.sqlite
[2025-08-12 12:07:27] INFO: INI ALAMAT TABLENYA :  D:\Work\ARYA-WMS-SHOPPIE\ANG19\wmshopee\.angular\prerender-root\11a258a8-5866-4aa8-bf5c-2d2cef00bc5c\data\admdb.sqlite
[2025-08-12 12:07:34] INFO: INI ALAMAT TABLENYA :  D:\Work\ARYA-WMS-SHOPPIE\ANG19\wmshopee\dist\wmshopee\server\data\admdb.sqlite
[2025-08-12 12:11:49] INFO: INI ALAMAT TABLENYA :  D:\Work\ARYA-WMS-SHOPPIE\ANG19\wmshopee\.angular\prerender-root\75475fcd-3865-4391-8d9d-0055be275850\data\admdb.sqlite
[2025-08-12 12:11:51] INFO: INI ALAMAT TABLENYA :  D:\Work\ARYA-WMS-SHOPPIE\ANG19\wmshopee\.angular\prerender-root\de38f0eb-18bc-4f8f-b78a-b47fd15b3722\data\admdb.sqlite
[2025-08-12 12:11:51] INFO: INI ALAMAT TABLENYA :  D:\Work\ARYA-WMS-SHOPPIE\ANG19\wmshopee\.angular\prerender-root\70e83a2e-8fe8-43d7-96af-49c057456920\data\admdb.sqlite
[2025-08-12 12:11:51] INFO: INI ALAMAT TABLENYA :  D:\Work\ARYA-WMS-SHOPPIE\ANG19\wmshopee\.angular\prerender-root\466d05b0-ebad-4551-9488-8cbcc2f5c313\data\admdb.sqlite
[2025-08-12 12:11:51] INFO: INI ALAMAT TABLENYA :  D:\Work\ARYA-WMS-SHOPPIE\ANG19\wmshopee\.angular\prerender-root\b6199660-deb7-4430-9a6c-46371b805cee\data\admdb.sqlite
[2025-08-12 12:12:04] INFO: INI ALAMAT TABLENYA :  D:\Work\ARYA-WMS-SHOPPIE\ANG19\wmshopee\dist\wmshopee\server\data\admdb.sqlite
[2025-08-12 12:13:04] INFO: INI ALAMAT TABLENYA :  D:\Work\ARYA-WMS-SHOPPIE\ANG19\wmshopee\.angular\prerender-root\c872cd12-810b-4232-87b8-858f49694cc3\data\admdb.sqlite
[2025-08-12 12:13:05] INFO: INI ALAMAT TABLENYA :  D:\Work\ARYA-WMS-SHOPPIE\ANG19\wmshopee\.angular\prerender-root\849d36c8-c19b-4c0e-97ed-27ecd0db5e3c\data\admdb.sqlite
[2025-08-12 12:13:05] INFO: INI ALAMAT TABLENYA :  D:\Work\ARYA-WMS-SHOPPIE\ANG19\wmshopee\.angular\prerender-root\07133fcf-2d02-4f9b-b11f-085d50e11604\data\admdb.sqlite
[2025-08-12 12:13:05] INFO: INI ALAMAT TABLENYA :  D:\Work\ARYA-WMS-SHOPPIE\ANG19\wmshopee\.angular\prerender-root\3b1550ea-a184-4513-8656-c3f13c4e9739\data\admdb.sqlite
[2025-08-12 12:13:05] INFO: INI ALAMAT TABLENYA :  D:\Work\ARYA-WMS-SHOPPIE\ANG19\wmshopee\.angular\prerender-root\af562aae-9595-4e99-87bf-34b86fbfd47b\data\admdb.sqlite
[2025-08-12 12:13:11] INFO: INI ALAMAT TABLENYA :  D:\Work\ARYA-WMS-SHOPPIE\ANG19\wmshopee\dist\wmshopee\server\data\admdb.sqlite
[2025-08-12 12:31:07] INFO: INI ALAMAT TABLENYA :  D:\Work\ARYA-WMS-SHOPPIE\ANG19\wmshopee\.angular\prerender-root\2b1c6914-8f18-4de1-9fff-58359f500354\data\admdb.sqlite
[2025-08-12 12:31:08] INFO: INI ALAMAT TABLENYA :  D:\Work\ARYA-WMS-SHOPPIE\ANG19\wmshopee\.angular\prerender-root\ed99c2bb-01ac-45bc-811e-04f596421837\data\admdb.sqlite
[2025-08-12 12:31:08] INFO: INI ALAMAT TABLENYA :  D:\Work\ARYA-WMS-SHOPPIE\ANG19\wmshopee\.angular\prerender-root\0c2b9029-1048-4790-afa6-6f324d3fe21a\data\admdb.sqlite
[2025-08-12 12:31:08] INFO: INI ALAMAT TABLENYA :  D:\Work\ARYA-WMS-SHOPPIE\ANG19\wmshopee\.angular\prerender-root\1a800d7f-25f6-4d66-a976-25a09d4caaac\data\admdb.sqlite
[2025-08-12 12:31:08] INFO: INI ALAMAT TABLENYA :  D:\Work\ARYA-WMS-SHOPPIE\ANG19\wmshopee\.angular\prerender-root\9a2c4b67-e670-4723-a455-248ba9473056\data\admdb.sqlite
[2025-08-12 12:31:15] INFO: INI ALAMAT TABLENYA :  D:\Work\ARYA-WMS-SHOPPIE\ANG19\wmshopee\dist\wmshopee\server\data\admdb.sqlite
[2025-08-12 12:32:17] INFO: INI ALAMAT TABLENYA :  D:\Work\ARYA-WMS-SHOPPIE\ANG19\wmshopee\.angular\prerender-root\ef197b34-d121-4fed-b27c-7986eb2f4810\data\admdb.sqlite
[2025-08-12 12:32:18] INFO: INI ALAMAT TABLENYA :  D:\Work\ARYA-WMS-SHOPPIE\ANG19\wmshopee\.angular\prerender-root\3635dffb-bbe7-4647-9a63-c7f703875742\data\admdb.sqlite
[2025-08-12 12:32:18] INFO: INI ALAMAT TABLENYA :  D:\Work\ARYA-WMS-SHOPPIE\ANG19\wmshopee\.angular\prerender-root\65ffb629-c9ff-4323-a47c-c074d0edd672\data\admdb.sqlite
[2025-08-12 12:32:18] INFO: INI ALAMAT TABLENYA :  D:\Work\ARYA-WMS-SHOPPIE\ANG19\wmshopee\.angular\prerender-root\96fbe2ed-03ce-46b3-9fc8-455de8b4bda0\data\admdb.sqlite
[2025-08-12 12:32:18] INFO: INI ALAMAT TABLENYA :  D:\Work\ARYA-WMS-SHOPPIE\ANG19\wmshopee\.angular\prerender-root\3ccebc94-da47-4450-a4b3-f340d0c4b643\data\admdb.sqlite
[2025-08-12 12:32:26] INFO: INI ALAMAT TABLENYA :  D:\Work\ARYA-WMS-SHOPPIE\ANG19\wmshopee\dist\wmshopee\server\data\admdb.sqlite
[2025-08-12 12:33:00] INFO: INI ALAMAT TABLENYA :  D:\Work\ARYA-WMS-SHOPPIE\ANG19\wmshopee\.angular\prerender-root\5dfe6653-cef0-4366-a9b7-0a6e2294da04\data\admdb.sqlite
[2025-08-12 12:33:01] INFO: INI ALAMAT TABLENYA :  D:\Work\ARYA-WMS-SHOPPIE\ANG19\wmshopee\.angular\prerender-root\06aa0fdb-0cee-4b69-afd9-1759e8d2e7cd\data\admdb.sqlite
[2025-08-12 12:33:01] INFO: INI ALAMAT TABLENYA :  D:\Work\ARYA-WMS-SHOPPIE\ANG19\wmshopee\.angular\prerender-root\d0681b1a-4ac6-40b3-8154-7614a78e06c1\data\admdb.sqlite
[2025-08-12 12:33:01] INFO: INI ALAMAT TABLENYA :  D:\Work\ARYA-WMS-SHOPPIE\ANG19\wmshopee\.angular\prerender-root\0d3bd097-96eb-4df1-b108-6081a79d0fbd\data\admdb.sqlite
[2025-08-12 12:33:01] INFO: INI ALAMAT TABLENYA :  D:\Work\ARYA-WMS-SHOPPIE\ANG19\wmshopee\.angular\prerender-root\1ab58b29-8589-46af-bddf-7ec3cc7ca744\data\admdb.sqlite
[2025-08-12 12:33:09] INFO: INI ALAMAT TABLENYA :  D:\Work\ARYA-WMS-SHOPPIE\ANG19\wmshopee\dist\wmshopee\server\data\admdb.sqlite
[2025-08-12 12:33:57] INFO: INI ALAMAT TABLENYA :  D:\Work\ARYA-WMS-SHOPPIE\ANG19\wmshopee\.angular\prerender-root\38f3e19b-03c2-45f0-a931-41cbe85913b5\data\admdb.sqlite
[2025-08-12 12:33:59] INFO: INI ALAMAT TABLENYA :  D:\Work\ARYA-WMS-SHOPPIE\ANG19\wmshopee\.angular\prerender-root\09f70ee9-45db-4c7d-837d-83b0ad4d69a5\data\admdb.sqlite
[2025-08-12 12:33:59] INFO: INI ALAMAT TABLENYA :  D:\Work\ARYA-WMS-SHOPPIE\ANG19\wmshopee\.angular\prerender-root\5b7a0f92-db5c-4426-82bc-97121f61e09b\data\admdb.sqlite
[2025-08-12 12:33:59] INFO: INI ALAMAT TABLENYA :  D:\Work\ARYA-WMS-SHOPPIE\ANG19\wmshopee\.angular\prerender-root\19852871-91fb-4f03-a3b4-4965cdb4607f\data\admdb.sqlite
[2025-08-12 12:33:59] INFO: INI ALAMAT TABLENYA :  D:\Work\ARYA-WMS-SHOPPIE\ANG19\wmshopee\.angular\prerender-root\3a8df6c3-f4ba-4ada-a5ca-9772ae9c7c77\data\admdb.sqlite
[2025-08-12 12:34:05] INFO: INI ALAMAT TABLENYA :  D:\Work\ARYA-WMS-SHOPPIE\ANG19\wmshopee\dist\wmshopee\server\data\admdb.sqlite
[2025-08-12 12:39:18] INFO: INI ALAMAT TABLENYA :  D:\Work\ARYA-WMS-SHOPPIE\ANG19\wmshopee\.angular\prerender-root\b8b45fee-0806-40c4-8f23-378cc37044cc\data\admdb.sqlite
[2025-08-12 12:39:19] INFO: INI ALAMAT TABLENYA :  D:\Work\ARYA-WMS-SHOPPIE\ANG19\wmshopee\.angular\prerender-root\71470baf-e851-489e-97d7-075ef626e5ea\data\admdb.sqlite
[2025-08-12 12:39:19] INFO: INI ALAMAT TABLENYA :  D:\Work\ARYA-WMS-SHOPPIE\ANG19\wmshopee\.angular\prerender-root\ef02560a-b9b6-4e53-921e-de8b075336df\data\admdb.sqlite
[2025-08-12 12:39:19] INFO: INI ALAMAT TABLENYA :  D:\Work\ARYA-WMS-SHOPPIE\ANG19\wmshopee\.angular\prerender-root\73ed8c6f-52ba-409b-ba23-99d36c2938f9\data\admdb.sqlite
[2025-08-12 12:39:19] INFO: INI ALAMAT TABLENYA :  D:\Work\ARYA-WMS-SHOPPIE\ANG19\wmshopee\.angular\prerender-root\afad9ab1-8ec2-4ff2-8fd6-b071bd922c52\data\admdb.sqlite
[2025-08-12 12:39:29] INFO: INI ALAMAT TABLENYA :  D:\Work\ARYA-WMS-SHOPPIE\ANG19\wmshopee\dist\wmshopee\server\data\admdb.sqlite
[2025-08-12 12:47:26] INFO: INI ALAMAT TABLENYA :  D:\Work\ARYA-WMS-SHOPPIE\ANG19\wmshopee\.angular\prerender-root\20e70001-f563-4901-b602-762840b0eb8f\data\admdb.sqlite
[2025-08-12 12:47:28] INFO: INI ALAMAT TABLENYA :  D:\Work\ARYA-WMS-SHOPPIE\ANG19\wmshopee\.angular\prerender-root\fca14028-59f6-40f5-bd2b-6720eb6f0f00\data\admdb.sqlite
[2025-08-12 12:47:28] INFO: INI ALAMAT TABLENYA :  D:\Work\ARYA-WMS-SHOPPIE\ANG19\wmshopee\.angular\prerender-root\7f621810-004f-462b-abe4-d4800c5c5f97\data\admdb.sqlite
[2025-08-12 12:47:28] INFO: INI ALAMAT TABLENYA :  D:\Work\ARYA-WMS-SHOPPIE\ANG19\wmshopee\.angular\prerender-root\269e3b99-7f54-4f8f-8540-a091b8ff20f5\data\admdb.sqlite
[2025-08-12 12:47:28] INFO: INI ALAMAT TABLENYA :  D:\Work\ARYA-WMS-SHOPPIE\ANG19\wmshopee\.angular\prerender-root\e9d35cd0-1643-4fb2-9ce8-e62018f62db5\data\admdb.sqlite
[2025-08-12 12:47:35] INFO: INI ALAMAT TABLENYA :  D:\Work\ARYA-WMS-SHOPPIE\ANG19\wmshopee\dist\wmshopee\server\data\admdb.sqlite
[2025-08-12 12:57:58] INFO: INI ALAMAT TABLENYA :  D:\Work\ARYA-WMS-SHOPPIE\ANG19\wmshopee\.angular\prerender-root\a5af011d-e7f4-4fcb-b6ff-5e33b9a0effb\data\admdb.sqlite
[2025-08-12 12:58:00] INFO: INI ALAMAT TABLENYA :  D:\Work\ARYA-WMS-SHOPPIE\ANG19\wmshopee\.angular\prerender-root\83cc82fc-0ca1-40dc-8819-61bcdf5d6f95\data\admdb.sqlite
[2025-08-12 12:58:00] INFO: INI ALAMAT TABLENYA :  D:\Work\ARYA-WMS-SHOPPIE\ANG19\wmshopee\.angular\prerender-root\96fb7d04-25f5-43c9-9e49-4af7b17cff18\data\admdb.sqlite
[2025-08-12 12:58:00] INFO: INI ALAMAT TABLENYA :  D:\Work\ARYA-WMS-SHOPPIE\ANG19\wmshopee\.angular\prerender-root\e106d0c4-633c-4b15-becc-3d9100269446\data\admdb.sqlite
[2025-08-12 12:58:00] INFO: INI ALAMAT TABLENYA :  D:\Work\ARYA-WMS-SHOPPIE\ANG19\wmshopee\.angular\prerender-root\fc69afdd-e126-480a-bad8-9fa974ef09df\data\admdb.sqlite
[2025-08-12 12:58:07] INFO: INI ALAMAT TABLENYA :  D:\Work\ARYA-WMS-SHOPPIE\ANG19\wmshopee\dist\wmshopee\server\data\admdb.sqlite
[2025-08-12 12:58:52] INFO: INI ALAMAT TABLENYA :  D:\Work\ARYA-WMS-SHOPPIE\ANG19\wmshopee\.angular\prerender-root\371ec17e-6a98-4e6b-accf-8fa2d958038c\data\admdb.sqlite
[2025-08-12 12:58:54] INFO: INI ALAMAT TABLENYA :  D:\Work\ARYA-WMS-SHOPPIE\ANG19\wmshopee\.angular\prerender-root\b389bd76-e9e5-4633-b807-b75e3361c867\data\admdb.sqlite
[2025-08-12 12:58:54] INFO: INI ALAMAT TABLENYA :  D:\Work\ARYA-WMS-SHOPPIE\ANG19\wmshopee\.angular\prerender-root\8e1c7625-0ce7-4a53-9337-d132be722973\data\admdb.sqlite
[2025-08-12 12:58:54] INFO: INI ALAMAT TABLENYA :  D:\Work\ARYA-WMS-SHOPPIE\ANG19\wmshopee\.angular\prerender-root\0012065c-fd24-4f1a-94b6-1a247162046d\data\admdb.sqlite
[2025-08-12 12:58:54] INFO: INI ALAMAT TABLENYA :  D:\Work\ARYA-WMS-SHOPPIE\ANG19\wmshopee\.angular\prerender-root\5da95a48-1fad-440a-8e06-0c53d34c2308\data\admdb.sqlite
[2025-08-12 12:59:04] INFO: INI ALAMAT TABLENYA :  D:\Work\ARYA-WMS-SHOPPIE\ANG19\wmshopee\dist\wmshopee\server\data\admdb.sqlite
[2025-08-12 13:00:29] INFO: INI ALAMAT TABLENYA :  D:\Work\ARYA-WMS-SHOPPIE\ANG19\wmshopee\.angular\prerender-root\b998376e-2279-4f64-825a-fa41fd72399b\data\admdb.sqlite
[2025-08-12 13:00:31] INFO: INI ALAMAT TABLENYA :  D:\Work\ARYA-WMS-SHOPPIE\ANG19\wmshopee\.angular\prerender-root\6dd749bf-b413-44cf-aae2-79470e54e61e\data\admdb.sqlite
[2025-08-12 13:00:31] INFO: INI ALAMAT TABLENYA :  D:\Work\ARYA-WMS-SHOPPIE\ANG19\wmshopee\.angular\prerender-root\a0c208db-a2c4-44e9-a174-b6c9aa9b49cb\data\admdb.sqlite
[2025-08-12 13:00:31] INFO: INI ALAMAT TABLENYA :  D:\Work\ARYA-WMS-SHOPPIE\ANG19\wmshopee\.angular\prerender-root\e578e9ec-b85e-4e46-8bf9-812d2d4dd26f\data\admdb.sqlite
[2025-08-12 13:00:31] INFO: INI ALAMAT TABLENYA :  D:\Work\ARYA-WMS-SHOPPIE\ANG19\wmshopee\.angular\prerender-root\c5de964f-a23b-4bb0-bdf3-bc1e5b0ff1d0\data\admdb.sqlite
[2025-08-12 13:00:37] INFO: INI ALAMAT TABLENYA :  D:\Work\ARYA-WMS-SHOPPIE\ANG19\wmshopee\dist\wmshopee\server\data\admdb.sqlite
[2025-08-12 13:02:18] INFO: INI ALAMAT TABLENYA :  D:\Work\ARYA-WMS-SHOPPIE\ANG19\wmshopee\.angular\prerender-root\c6b2b5cf-0a68-4441-a5a9-4b60cae9d329\data\admdb.sqlite
[2025-08-12 13:02:19] INFO: INI ALAMAT TABLENYA :  D:\Work\ARYA-WMS-SHOPPIE\ANG19\wmshopee\.angular\prerender-root\b07d5890-c75f-4a9b-a747-047e909137ad\data\admdb.sqlite
[2025-08-12 13:02:19] INFO: INI ALAMAT TABLENYA :  D:\Work\ARYA-WMS-SHOPPIE\ANG19\wmshopee\.angular\prerender-root\81417cb7-09d0-4555-8df5-099e023d99a9\data\admdb.sqlite
[2025-08-12 13:02:19] INFO: INI ALAMAT TABLENYA :  D:\Work\ARYA-WMS-SHOPPIE\ANG19\wmshopee\.angular\prerender-root\d26ce49b-63f4-4c73-9cb6-6a9f8fc78c0a\data\admdb.sqlite
[2025-08-12 13:02:19] INFO: INI ALAMAT TABLENYA :  D:\Work\ARYA-WMS-SHOPPIE\ANG19\wmshopee\.angular\prerender-root\957fe68f-18a0-4b7c-92dd-99ed97bf844e\data\admdb.sqlite
[2025-08-12 13:02:28] INFO: INI ALAMAT TABLENYA :  D:\Work\ARYA-WMS-SHOPPIE\ANG19\wmshopee\dist\wmshopee\server\data\admdb.sqlite
[2025-08-12 13:03:05] INFO: INI ALAMAT TABLENYA :  D:\Work\ARYA-WMS-SHOPPIE\ANG19\wmshopee\.angular\prerender-root\ffe1bb38-6a61-4ec8-afe3-7111310765cb\data\admdb.sqlite
[2025-08-12 13:03:06] INFO: INI ALAMAT TABLENYA :  D:\Work\ARYA-WMS-SHOPPIE\ANG19\wmshopee\.angular\prerender-root\4d9cb45c-3385-440b-9825-d0fcd37278bc\data\admdb.sqlite
[2025-08-12 13:03:06] INFO: INI ALAMAT TABLENYA :  D:\Work\ARYA-WMS-SHOPPIE\ANG19\wmshopee\.angular\prerender-root\b1af5a9c-b539-4254-9fec-956ce122fdf3\data\admdb.sqlite
[2025-08-12 13:03:06] INFO: INI ALAMAT TABLENYA :  D:\Work\ARYA-WMS-SHOPPIE\ANG19\wmshopee\.angular\prerender-root\a9cefc06-2e41-4243-ace0-dbc54eb8eed8\data\admdb.sqlite
[2025-08-12 13:03:06] INFO: INI ALAMAT TABLENYA :  D:\Work\ARYA-WMS-SHOPPIE\ANG19\wmshopee\.angular\prerender-root\fb000230-c399-4645-8592-b70a3874fb74\data\admdb.sqlite
[2025-08-12 13:03:13] INFO: INI ALAMAT TABLENYA :  D:\Work\ARYA-WMS-SHOPPIE\ANG19\wmshopee\dist\wmshopee\server\data\admdb.sqlite
[2025-08-12 13:18:00] INFO: INI ALAMAT TABLENYA :  D:\Work\ARYA-WMS-SHOPPIE\ANG19\wmshopee\.angular\prerender-root\4f2e117a-142b-48f9-85cf-f081f5410d7f\data\admdb.sqlite
[2025-08-12 13:18:01] INFO: INI ALAMAT TABLENYA :  D:\Work\ARYA-WMS-SHOPPIE\ANG19\wmshopee\.angular\prerender-root\2c1450a3-42f7-4f58-b524-901987c42a11\data\admdb.sqlite
[2025-08-12 13:18:01] INFO: INI ALAMAT TABLENYA :  D:\Work\ARYA-WMS-SHOPPIE\ANG19\wmshopee\.angular\prerender-root\eb43ce61-27bf-49d0-87fc-1f56f39d4006\data\admdb.sqlite
[2025-08-12 13:18:01] INFO: INI ALAMAT TABLENYA :  D:\Work\ARYA-WMS-SHOPPIE\ANG19\wmshopee\.angular\prerender-root\be12f99b-6805-4a73-ba69-53cee72a55b5\data\admdb.sqlite
[2025-08-12 13:18:01] INFO: INI ALAMAT TABLENYA :  D:\Work\ARYA-WMS-SHOPPIE\ANG19\wmshopee\.angular\prerender-root\99ad1839-974a-4185-9f97-2592eabace47\data\admdb.sqlite
[2025-08-12 13:18:08] INFO: INI ALAMAT TABLENYA :  D:\Work\ARYA-WMS-SHOPPIE\ANG19\wmshopee\dist\wmshopee\server\data\admdb.sqlite
[2025-08-12 13:19:52] INFO: INI ALAMAT TABLENYA :  D:\Work\ARYA-WMS-SHOPPIE\ANG19\wmshopee\.angular\prerender-root\fe5fe841-f51a-407e-9f46-e2be711b0e03\data\admdb.sqlite
[2025-08-12 13:19:54] INFO: INI ALAMAT TABLENYA :  D:\Work\ARYA-WMS-SHOPPIE\ANG19\wmshopee\.angular\prerender-root\ef5d0aee-1fd8-4d1b-958b-b68aded97eaf\data\admdb.sqlite
[2025-08-12 13:19:54] INFO: INI ALAMAT TABLENYA :  D:\Work\ARYA-WMS-SHOPPIE\ANG19\wmshopee\.angular\prerender-root\d321933b-6868-48ff-b3a0-c1dec1aafadf\data\admdb.sqlite
[2025-08-12 13:19:54] INFO: INI ALAMAT TABLENYA :  D:\Work\ARYA-WMS-SHOPPIE\ANG19\wmshopee\.angular\prerender-root\3db49be2-f865-441a-bb44-aa15507f9a1d\data\admdb.sqlite
[2025-08-12 13:19:54] INFO: INI ALAMAT TABLENYA :  D:\Work\ARYA-WMS-SHOPPIE\ANG19\wmshopee\.angular\prerender-root\00640fe3-8c82-48c1-a5f5-8d46b1b56b2a\data\admdb.sqlite
[2025-08-12 13:20:00] INFO: INI ALAMAT TABLENYA :  D:\Work\ARYA-WMS-SHOPPIE\ANG19\wmshopee\dist\wmshopee\server\data\admdb.sqlite
[2025-08-12 13:21:37] INFO: INI ALAMAT TABLENYA :  D:\Work\ARYA-WMS-SHOPPIE\ANG19\wmshopee\.angular\prerender-root\d1867f2a-1911-4470-b57e-11e361a21633\data\admdb.sqlite
[2025-08-12 13:21:38] INFO: INI ALAMAT TABLENYA :  D:\Work\ARYA-WMS-SHOPPIE\ANG19\wmshopee\.angular\prerender-root\5ba21ed6-4289-486f-9610-21656adf76a6\data\admdb.sqlite
[2025-08-12 13:21:38] INFO: INI ALAMAT TABLENYA :  D:\Work\ARYA-WMS-SHOPPIE\ANG19\wmshopee\.angular\prerender-root\42fad9ee-9b3e-4a31-90f9-2dc95234f4d5\data\admdb.sqlite
[2025-08-12 13:21:38] INFO: INI ALAMAT TABLENYA :  D:\Work\ARYA-WMS-SHOPPIE\ANG19\wmshopee\.angular\prerender-root\a9a35c9e-0d95-47fb-920a-14d9692c652f\data\admdb.sqlite
[2025-08-12 13:21:38] INFO: INI ALAMAT TABLENYA :  D:\Work\ARYA-WMS-SHOPPIE\ANG19\wmshopee\.angular\prerender-root\d831f18c-bb2b-4401-800f-e8865d71fc2d\data\admdb.sqlite
[2025-08-12 13:21:44] INFO: INI ALAMAT TABLENYA :  D:\Work\ARYA-WMS-SHOPPIE\ANG19\wmshopee\dist\wmshopee\server\data\admdb.sqlite
[2025-08-12 13:22:30] INFO: INI ALAMAT TABLENYA :  D:\Work\ARYA-WMS-SHOPPIE\ANG19\wmshopee\.angular\prerender-root\c261c119-73c9-4c5f-8e13-bc6c84dcaf13\data\admdb.sqlite
[2025-08-12 13:22:31] INFO: INI ALAMAT TABLENYA :  D:\Work\ARYA-WMS-SHOPPIE\ANG19\wmshopee\.angular\prerender-root\2fa89723-e37e-402f-9db7-0345781a225e\data\admdb.sqlite
[2025-08-12 13:22:31] INFO: INI ALAMAT TABLENYA :  D:\Work\ARYA-WMS-SHOPPIE\ANG19\wmshopee\.angular\prerender-root\4ddd5d3f-ecd9-4964-9bc3-3d4dc5e4eb97\data\admdb.sqlite
[2025-08-12 13:22:31] INFO: INI ALAMAT TABLENYA :  D:\Work\ARYA-WMS-SHOPPIE\ANG19\wmshopee\.angular\prerender-root\425ad8a7-214b-4917-9b71-02462aaa7c5b\data\admdb.sqlite
[2025-08-12 13:22:31] INFO: INI ALAMAT TABLENYA :  D:\Work\ARYA-WMS-SHOPPIE\ANG19\wmshopee\.angular\prerender-root\bd06cd0a-6cd7-4758-8a8d-c76547cdd079\data\admdb.sqlite
[2025-08-12 13:22:37] INFO: INI ALAMAT TABLENYA :  D:\Work\ARYA-WMS-SHOPPIE\ANG19\wmshopee\dist\wmshopee\server\data\admdb.sqlite
[2025-08-12 13:23:37] INFO: INI ALAMAT TABLENYA :  D:\Work\ARYA-WMS-SHOPPIE\ANG19\wmshopee\.angular\prerender-root\367546de-1ffa-4213-8254-22814f9a8c9a\data\admdb.sqlite
[2025-08-12 13:23:39] INFO: INI ALAMAT TABLENYA :  D:\Work\ARYA-WMS-SHOPPIE\ANG19\wmshopee\.angular\prerender-root\7bd2f50f-f58d-4e92-8cea-57df87c4d7e9\data\admdb.sqlite
[2025-08-12 13:23:39] INFO: INI ALAMAT TABLENYA :  D:\Work\ARYA-WMS-SHOPPIE\ANG19\wmshopee\.angular\prerender-root\8e85e378-da84-4e6e-9385-0b8878fc9d9b\data\admdb.sqlite
[2025-08-12 13:23:39] INFO: INI ALAMAT TABLENYA :  D:\Work\ARYA-WMS-SHOPPIE\ANG19\wmshopee\.angular\prerender-root\337bb182-96c6-435b-8912-38ea6833a5bf\data\admdb.sqlite
[2025-08-12 13:23:39] INFO: INI ALAMAT TABLENYA :  D:\Work\ARYA-WMS-SHOPPIE\ANG19\wmshopee\.angular\prerender-root\db16b28f-67a1-442d-b450-a9cb160f35e1\data\admdb.sqlite
[2025-08-12 13:23:45] INFO: INI ALAMAT TABLENYA :  D:\Work\ARYA-WMS-SHOPPIE\ANG19\wmshopee\dist\wmshopee\server\data\admdb.sqlite
[2025-08-12 17:46:58] INFO: INI ALAMAT TABLENYA :  D:\Work\ARYA-WMS-SHOPPIE\ANG19\wmshopee\.angular\prerender-root\7ed22d65-4080-4bca-ae57-ba54c142802f\data\admdb.sqlite
[2025-08-12 17:47:01] INFO: INI ALAMAT TABLENYA :  D:\Work\ARYA-WMS-SHOPPIE\ANG19\wmshopee\.angular\prerender-root\1a046a44-6820-49df-af4d-98842c84e633\data\admdb.sqlite
[2025-08-12 17:47:01] INFO: INI ALAMAT TABLENYA :  D:\Work\ARYA-WMS-SHOPPIE\ANG19\wmshopee\.angular\prerender-root\83a4daf7-74ec-4f55-a2ff-d6d4ba2a29b1\data\admdb.sqlite
[2025-08-12 17:47:01] INFO: INI ALAMAT TABLENYA :  D:\Work\ARYA-WMS-SHOPPIE\ANG19\wmshopee\.angular\prerender-root\d77a05a4-0cad-46a0-ac28-63f40081a004\data\admdb.sqlite
[2025-08-12 17:47:01] INFO: INI ALAMAT TABLENYA :  D:\Work\ARYA-WMS-SHOPPIE\ANG19\wmshopee\.angular\prerender-root\f5717f7c-e5f8-40f0-8301-97f0280c4397\data\admdb.sqlite
[2025-08-12 17:47:10] INFO: INI ALAMAT TABLENYA :  D:\Work\ARYA-WMS-SHOPPIE\ANG19\wmshopee\dist\wmshopee\server\data\admdb.sqlite
[2025-08-12 17:47:15] INFO: Update data token : 
[2025-08-12 17:47:15] INFO: Update data token : 
[2025-08-12 17:51:12] INFO: INI ALAMAT TABLENYA :  D:\Work\ARYA-WMS-SHOPPIE\ANG19\wmshopee\.angular\prerender-root\291647ef-b0e9-4abb-8350-d19370134ff9\data\admdb.sqlite
[2025-08-12 17:51:14] INFO: INI ALAMAT TABLENYA :  D:\Work\ARYA-WMS-SHOPPIE\ANG19\wmshopee\.angular\prerender-root\78cd3021-3fbf-4bcd-a923-f0c576d73f07\data\admdb.sqlite
[2025-08-12 17:51:14] INFO: INI ALAMAT TABLENYA :  D:\Work\ARYA-WMS-SHOPPIE\ANG19\wmshopee\.angular\prerender-root\7de35fa9-5374-47f4-8042-3d990769d88a\data\admdb.sqlite
[2025-08-12 17:51:14] INFO: INI ALAMAT TABLENYA :  D:\Work\ARYA-WMS-SHOPPIE\ANG19\wmshopee\.angular\prerender-root\47fcedc5-104a-44b6-9683-2f4e1894dc32\data\admdb.sqlite
[2025-08-12 17:51:14] INFO: INI ALAMAT TABLENYA :  D:\Work\ARYA-WMS-SHOPPIE\ANG19\wmshopee\.angular\prerender-root\ba5e3c99-67bf-4e32-a331-24db4fcbe39b\data\admdb.sqlite
[2025-08-12 17:51:24] INFO: INI ALAMAT TABLENYA :  D:\Work\ARYA-WMS-SHOPPIE\ANG19\wmshopee\dist\wmshopee\server\data\admdb.sqlite
[2025-08-12 17:51:30] INFO: Update data token : 
[2025-08-12 17:51:30] INFO: Update data token : 
[2025-08-12 19:27:43] INFO: INI ALAMAT TABLENYA :  D:\Work\ARYA-WMS-SHOPPIE\ANG19\wmshopee\.angular\prerender-root\70248541-874a-48e1-8133-a0fa6aa6e966\data\admdb.sqlite
[2025-08-12 19:27:49] INFO: INI ALAMAT TABLENYA :  D:\Work\ARYA-WMS-SHOPPIE\ANG19\wmshopee\.angular\prerender-root\027cd79b-e195-414f-a718-9cb5fd8806e0\data\admdb.sqlite
[2025-08-12 19:27:49] INFO: INI ALAMAT TABLENYA :  D:\Work\ARYA-WMS-SHOPPIE\ANG19\wmshopee\.angular\prerender-root\09431614-3db8-4cab-a338-a320c6362a44\data\admdb.sqlite
[2025-08-12 19:27:49] INFO: INI ALAMAT TABLENYA :  D:\Work\ARYA-WMS-SHOPPIE\ANG19\wmshopee\.angular\prerender-root\7a29d114-ec3d-4e1c-a6a4-bb9e1befd9e4\data\admdb.sqlite
[2025-08-12 19:27:49] INFO: INI ALAMAT TABLENYA :  D:\Work\ARYA-WMS-SHOPPIE\ANG19\wmshopee\.angular\prerender-root\13685c66-94b0-4d4f-a375-0b7f9a6fe3bf\data\admdb.sqlite
[2025-08-12 19:27:59] INFO: INI ALAMAT TABLENYA :  D:\Work\ARYA-WMS-SHOPPIE\ANG19\wmshopee\dist\wmshopee\server\data\admdb.sqlite
[2025-08-12 19:28:03] INFO: Update data token : 
[2025-08-12 19:28:03] INFO: Update data token : 
[2025-08-12 19:39:09] INFO: INI ALAMAT TABLENYA :  D:\Work\ARYA-WMS-SHOPPIE\ANG19\wmshopee\.angular\prerender-root\f59f40d0-eef5-4917-8765-7d75596a33a1\data\admdb.sqlite
[2025-08-12 19:39:11] INFO: INI ALAMAT TABLENYA :  D:\Work\ARYA-WMS-SHOPPIE\ANG19\wmshopee\.angular\prerender-root\9b9ca140-ca2e-4f4c-8b26-9c1109a8bf00\data\admdb.sqlite
[2025-08-12 19:39:11] INFO: INI ALAMAT TABLENYA :  D:\Work\ARYA-WMS-SHOPPIE\ANG19\wmshopee\.angular\prerender-root\a381c268-b35f-4f5a-90ae-3620db65dcf2\data\admdb.sqlite
[2025-08-12 19:39:11] INFO: INI ALAMAT TABLENYA :  D:\Work\ARYA-WMS-SHOPPIE\ANG19\wmshopee\.angular\prerender-root\d35c86b8-6b7f-4100-800c-dc642dadd9a4\data\admdb.sqlite
[2025-08-12 19:39:11] INFO: INI ALAMAT TABLENYA :  D:\Work\ARYA-WMS-SHOPPIE\ANG19\wmshopee\.angular\prerender-root\5d16b8f4-91a8-4596-9ec4-c7d716867516\data\admdb.sqlite
[2025-08-12 19:39:19] INFO: INI ALAMAT TABLENYA :  D:\Work\ARYA-WMS-SHOPPIE\ANG19\wmshopee\dist\wmshopee\server\data\admdb.sqlite
[2025-08-12 19:39:22] INFO: Update data token : 
[2025-08-12 19:39:22] INFO: Update data token : 
[2025-08-12 19:52:54] INFO: INI ALAMAT TABLENYA :  D:\Work\ARYA-WMS-SHOPPIE\ANG19\wmshopee\.angular\prerender-root\0e5af70e-8f38-479f-9d2e-e723c0d7bfec\data\admdb.sqlite
[2025-08-12 19:52:57] INFO: INI ALAMAT TABLENYA :  D:\Work\ARYA-WMS-SHOPPIE\ANG19\wmshopee\.angular\prerender-root\fb888913-6c74-4e94-ad8d-db0b390ea60d\data\admdb.sqlite
[2025-08-12 19:52:57] INFO: INI ALAMAT TABLENYA :  D:\Work\ARYA-WMS-SHOPPIE\ANG19\wmshopee\.angular\prerender-root\33804ff0-0799-4fee-9737-4ee5ee781f7c\data\admdb.sqlite
[2025-08-12 19:52:57] INFO: INI ALAMAT TABLENYA :  D:\Work\ARYA-WMS-SHOPPIE\ANG19\wmshopee\.angular\prerender-root\835d73a4-9e33-4a78-86c5-182b14273063\data\admdb.sqlite
[2025-08-12 19:52:57] INFO: INI ALAMAT TABLENYA :  D:\Work\ARYA-WMS-SHOPPIE\ANG19\wmshopee\.angular\prerender-root\1ff9bdf9-0320-4a80-bd91-e7422348e526\data\admdb.sqlite
[2025-08-12 19:54:03] INFO: INI ALAMAT TABLENYA :  D:\Work\ARYA-WMS-SHOPPIE\ANG19\wmshopee\dist\wmshopee\server\data\admdb.sqlite
[2025-08-12 19:54:10] INFO: Update data token : 
[2025-08-12 19:54:10] INFO: Update data token : 
[2025-08-12 19:56:14] INFO: INI ALAMAT TABLENYA :  D:\Work\ARYA-WMS-SHOPPIE\ANG19\wmshopee\.angular\prerender-root\60a8ec2b-6a87-421e-b728-629c55accf0a\data\admdb.sqlite
[2025-08-12 19:56:17] INFO: INI ALAMAT TABLENYA :  D:\Work\ARYA-WMS-SHOPPIE\ANG19\wmshopee\.angular\prerender-root\c8bb5bdb-8b06-431e-ac81-b8f1d2b850c7\data\admdb.sqlite
[2025-08-12 19:56:17] INFO: INI ALAMAT TABLENYA :  D:\Work\ARYA-WMS-SHOPPIE\ANG19\wmshopee\.angular\prerender-root\3683cf29-a602-4da7-9f4b-fb042d53739a\data\admdb.sqlite
[2025-08-12 19:56:17] INFO: INI ALAMAT TABLENYA :  D:\Work\ARYA-WMS-SHOPPIE\ANG19\wmshopee\.angular\prerender-root\c3b60c1f-8127-4a98-8a26-b571e4fdaf73\data\admdb.sqlite
[2025-08-12 19:56:17] INFO: INI ALAMAT TABLENYA :  D:\Work\ARYA-WMS-SHOPPIE\ANG19\wmshopee\.angular\prerender-root\1296b4ca-151a-48e2-8ba4-19aac682b5c3\data\admdb.sqlite
[2025-08-12 19:56:25] INFO: INI ALAMAT TABLENYA :  D:\Work\ARYA-WMS-SHOPPIE\ANG19\wmshopee\dist\wmshopee\server\data\admdb.sqlite
[2025-08-12 19:56:28] INFO: Update data token : 
[2025-08-12 19:56:28] INFO: Update data token : 
[2025-08-12 20:02:44] INFO: INI ALAMAT TABLENYA :  D:\Work\ARYA-WMS-SHOPPIE\ANG19\wmshopee\.angular\prerender-root\2cd12cd2-3cf9-4ba7-96ac-5c07e1a4f63b\data\admdb.sqlite
[2025-08-12 20:02:46] INFO: INI ALAMAT TABLENYA :  D:\Work\ARYA-WMS-SHOPPIE\ANG19\wmshopee\.angular\prerender-root\4969fe20-fb2b-4b7d-868d-1cb69e99d0d9\data\admdb.sqlite
[2025-08-12 20:02:46] INFO: INI ALAMAT TABLENYA :  D:\Work\ARYA-WMS-SHOPPIE\ANG19\wmshopee\.angular\prerender-root\b96333a5-ae3f-430f-81fe-550c2a46d11e\data\admdb.sqlite
[2025-08-12 20:02:46] INFO: INI ALAMAT TABLENYA :  D:\Work\ARYA-WMS-SHOPPIE\ANG19\wmshopee\.angular\prerender-root\c058de3c-e216-4d64-99b7-e1d518d36b67\data\admdb.sqlite
[2025-08-12 20:02:46] INFO: INI ALAMAT TABLENYA :  D:\Work\ARYA-WMS-SHOPPIE\ANG19\wmshopee\.angular\prerender-root\81705c29-f58c-4b29-a3cc-12b6ae00a1e4\data\admdb.sqlite
[2025-08-12 20:02:55] INFO: INI ALAMAT TABLENYA :  D:\Work\ARYA-WMS-SHOPPIE\ANG19\wmshopee\dist\wmshopee\server\data\admdb.sqlite
[2025-08-12 20:03:00] INFO: Update data token : 
[2025-08-12 20:03:00] INFO: Update data token : 
[2025-08-12 20:17:03] INFO: INI ALAMAT TABLENYA :  D:\Work\ARYA-WMS-SHOPPIE\ANG19\wmshopee\dist\wmshopee\server\data\admdb.sqlite
[2025-08-12 20:26:29] INFO: INI ALAMAT TABLENYA :  D:\Work\ARYA-WMS-SHOPPIE\ANG19\wmshopee\.angular\prerender-root\7d4a748f-7976-4811-858c-a2f83c44b634\data\admdb.sqlite
[2025-08-12 20:26:31] INFO: INI ALAMAT TABLENYA :  D:\Work\ARYA-WMS-SHOPPIE\ANG19\wmshopee\.angular\prerender-root\439c7b0c-66e7-4eff-bd6f-f76d8e8ae62f\data\admdb.sqlite
[2025-08-12 20:26:31] INFO: INI ALAMAT TABLENYA :  D:\Work\ARYA-WMS-SHOPPIE\ANG19\wmshopee\.angular\prerender-root\936265c2-bc82-4419-944e-93e37f104e74\data\admdb.sqlite
[2025-08-12 20:26:31] INFO: INI ALAMAT TABLENYA :  D:\Work\ARYA-WMS-SHOPPIE\ANG19\wmshopee\.angular\prerender-root\34591519-2a9e-4d5e-926e-38073610e02a\data\admdb.sqlite
[2025-08-12 20:26:31] INFO: INI ALAMAT TABLENYA :  D:\Work\ARYA-WMS-SHOPPIE\ANG19\wmshopee\.angular\prerender-root\ba2926be-8d80-4352-9bbd-c141372d76ac\data\admdb.sqlite
[2025-08-12 20:26:41] INFO: INI ALAMAT TABLENYA :  D:\Work\ARYA-WMS-SHOPPIE\ANG19\wmshopee\dist\wmshopee\server\data\admdb.sqlite
[2025-08-12 20:26:48] INFO: Update data token : 
[2025-08-12 20:26:48] INFO: Update data token : 
[2025-08-12 20:29:45] INFO: INI ALAMAT TABLENYA :  D:\Work\ARYA-WMS-SHOPPIE\ANG19\wmshopee\.angular\prerender-root\18efef7e-0dc3-4ca0-ac16-db929bb2399c\data\admdb.sqlite
[2025-08-12 20:29:47] INFO: INI ALAMAT TABLENYA :  D:\Work\ARYA-WMS-SHOPPIE\ANG19\wmshopee\.angular\prerender-root\93f5f52d-c520-467d-9a09-5029788e3627\data\admdb.sqlite
[2025-08-12 20:29:47] INFO: INI ALAMAT TABLENYA :  D:\Work\ARYA-WMS-SHOPPIE\ANG19\wmshopee\.angular\prerender-root\e10bce17-229a-4719-a42e-0e78d2d3d558\data\admdb.sqlite
[2025-08-12 20:29:47] INFO: INI ALAMAT TABLENYA :  D:\Work\ARYA-WMS-SHOPPIE\ANG19\wmshopee\.angular\prerender-root\d789b598-d2aa-46d0-86da-af8e80f485fd\data\admdb.sqlite
[2025-08-12 20:29:47] INFO: INI ALAMAT TABLENYA :  D:\Work\ARYA-WMS-SHOPPIE\ANG19\wmshopee\.angular\prerender-root\7c567ed1-603b-4426-bd02-9e1ab9a55578\data\admdb.sqlite
[2025-08-12 20:29:56] INFO: INI ALAMAT TABLENYA :  D:\Work\ARYA-WMS-SHOPPIE\ANG19\wmshopee\dist\wmshopee\server\data\admdb.sqlite
[2025-08-12 20:31:01] INFO: INI ALAMAT TABLENYA :  D:\Work\ARYA-WMS-SHOPPIE\ANG19\wmshopee\.angular\prerender-root\5f31fe17-fe58-4145-9b9d-7db876787ee3\data\admdb.sqlite
[2025-08-12 20:31:03] INFO: INI ALAMAT TABLENYA :  D:\Work\ARYA-WMS-SHOPPIE\ANG19\wmshopee\.angular\prerender-root\4aa66ee3-df76-4a30-8e75-0ebc2aa62190\data\admdb.sqlite
[2025-08-12 20:31:03] INFO: INI ALAMAT TABLENYA :  D:\Work\ARYA-WMS-SHOPPIE\ANG19\wmshopee\.angular\prerender-root\cc722ad9-fec8-4af4-93d5-3066f8e0a2dc\data\admdb.sqlite
[2025-08-12 20:31:03] INFO: INI ALAMAT TABLENYA :  D:\Work\ARYA-WMS-SHOPPIE\ANG19\wmshopee\.angular\prerender-root\f81c96f9-a8e7-4f9b-9356-e765dd3e8dd1\data\admdb.sqlite
[2025-08-12 20:31:03] INFO: INI ALAMAT TABLENYA :  D:\Work\ARYA-WMS-SHOPPIE\ANG19\wmshopee\.angular\prerender-root\4d94ba0b-e6b5-4ba5-a914-a5a030f912b6\data\admdb.sqlite
[2025-08-12 20:31:12] INFO: INI ALAMAT TABLENYA :  D:\Work\ARYA-WMS-SHOPPIE\ANG19\wmshopee\dist\wmshopee\server\data\admdb.sqlite
[2025-08-12 20:32:53] INFO: INI ALAMAT TABLENYA :  D:\Work\ARYA-WMS-SHOPPIE\ANG19\wmshopee\.angular\prerender-root\cdcaea83-586f-4c84-9506-b4d750c1e088\data\admdb.sqlite
[2025-08-12 20:32:55] INFO: INI ALAMAT TABLENYA :  D:\Work\ARYA-WMS-SHOPPIE\ANG19\wmshopee\.angular\prerender-root\16c907f7-1f81-461f-80a1-00baf6f3dc95\data\admdb.sqlite
[2025-08-12 20:32:55] INFO: INI ALAMAT TABLENYA :  D:\Work\ARYA-WMS-SHOPPIE\ANG19\wmshopee\.angular\prerender-root\5fea94aa-619a-45c5-ad28-5bb43add116f\data\admdb.sqlite
[2025-08-12 20:32:55] INFO: INI ALAMAT TABLENYA :  D:\Work\ARYA-WMS-SHOPPIE\ANG19\wmshopee\.angular\prerender-root\305a044d-a8f9-47eb-af4f-f63b16791614\data\admdb.sqlite
[2025-08-12 20:32:55] INFO: INI ALAMAT TABLENYA :  D:\Work\ARYA-WMS-SHOPPIE\ANG19\wmshopee\.angular\prerender-root\b906e6ed-8af7-4ad9-861b-bab144eb13e0\data\admdb.sqlite
[2025-08-12 20:33:03] INFO: INI ALAMAT TABLENYA :  D:\Work\ARYA-WMS-SHOPPIE\ANG19\wmshopee\dist\wmshopee\server\data\admdb.sqlite
[2025-08-12 20:36:26] INFO: INI ALAMAT TABLENYA :  D:\Work\ARYA-WMS-SHOPPIE\ANG19\wmshopee\.angular\prerender-root\b7e2a8cc-4468-4cce-8e0b-7617ffd8cf95\data\admdb.sqlite
[2025-08-12 20:36:28] INFO: INI ALAMAT TABLENYA :  D:\Work\ARYA-WMS-SHOPPIE\ANG19\wmshopee\.angular\prerender-root\bfe2409c-c36d-4964-8519-c8f8ccc7f5bd\data\admdb.sqlite
[2025-08-12 20:36:28] INFO: INI ALAMAT TABLENYA :  D:\Work\ARYA-WMS-SHOPPIE\ANG19\wmshopee\.angular\prerender-root\c5ba5881-5b69-42ba-acf5-1db0f50806b3\data\admdb.sqlite
[2025-08-12 20:36:28] INFO: INI ALAMAT TABLENYA :  D:\Work\ARYA-WMS-SHOPPIE\ANG19\wmshopee\.angular\prerender-root\f10b6381-5085-49b7-bb1c-114eec65ef06\data\admdb.sqlite
[2025-08-12 20:36:28] INFO: INI ALAMAT TABLENYA :  D:\Work\ARYA-WMS-SHOPPIE\ANG19\wmshopee\.angular\prerender-root\ce389d96-e671-4397-8777-32bb44463e2f\data\admdb.sqlite
[2025-08-12 20:36:37] INFO: INI ALAMAT TABLENYA :  D:\Work\ARYA-WMS-SHOPPIE\ANG19\wmshopee\dist\wmshopee\server\data\admdb.sqlite
[2025-08-12 20:40:51] INFO: INI ALAMAT TABLENYA :  D:\Work\ARYA-WMS-SHOPPIE\ANG19\wmshopee\.angular\prerender-root\a114e6a0-8e5b-42ba-bbeb-c38c33e183fb\data\admdb.sqlite
[2025-08-12 20:40:53] INFO: INI ALAMAT TABLENYA :  D:\Work\ARYA-WMS-SHOPPIE\ANG19\wmshopee\.angular\prerender-root\5b94a816-5064-4023-b304-8867a93712a4\data\admdb.sqlite
[2025-08-12 20:40:53] INFO: INI ALAMAT TABLENYA :  D:\Work\ARYA-WMS-SHOPPIE\ANG19\wmshopee\.angular\prerender-root\05312c53-e42f-4acb-b643-4447e78fd7af\data\admdb.sqlite
[2025-08-12 20:40:53] INFO: INI ALAMAT TABLENYA :  D:\Work\ARYA-WMS-SHOPPIE\ANG19\wmshopee\.angular\prerender-root\5394d027-cfd3-438d-be71-a165719e7dcb\data\admdb.sqlite
[2025-08-12 20:40:53] INFO: INI ALAMAT TABLENYA :  D:\Work\ARYA-WMS-SHOPPIE\ANG19\wmshopee\.angular\prerender-root\0568576f-6006-4102-8a6d-4cdb02b8e414\data\admdb.sqlite
[2025-08-12 20:41:06] INFO: INI ALAMAT TABLENYA :  D:\Work\ARYA-WMS-SHOPPIE\ANG19\wmshopee\dist\wmshopee\server\data\admdb.sqlite
