[2025-08-22 08:31:36] INFO: INI ALAMAT TABLENYA :  D:\Work\ARYA-WMS-SHOPPIE\ANG19\wmshopee\.angular\prerender-root\6336eac5-b8c5-488c-9fa3-8756f2ac3760\data\admdb.sqlite
[2025-08-22 08:31:45] INFO: INI ALAMAT TABLENYA :  D:\Work\ARYA-WMS-SHOPPIE\ANG19\wmshopee\.angular\prerender-root\4f26e8bf-3dc6-4df5-916c-c93f5326fc8a\data\admdb.sqlite
[2025-08-22 08:31:45] INFO: INI ALAMAT TABLENYA :  D:\Work\ARYA-WMS-SHOPPIE\ANG19\wmshopee\.angular\prerender-root\9d88de87-5416-4ff6-b45d-73cff34f17e9\data\admdb.sqlite
[2025-08-22 08:31:45] INFO: INI ALAMAT TABLENYA :  D:\Work\ARYA-WMS-SHOPPIE\ANG19\wmshopee\.angular\prerender-root\50266f71-e755-48e5-8ab0-6732eb0aa4f5\data\admdb.sqlite
[2025-08-22 08:31:45] INFO: INI ALAMAT TABLENYA :  D:\Work\ARYA-WMS-SHOPPIE\ANG19\wmshopee\.angular\prerender-root\3c4a7a1f-6d45-4ece-ab5e-9c0de6c9d26e\data\admdb.sqlite
[2025-08-22 08:32:07] INFO: INI ALAMAT TABLENYA :  D:\Work\ARYA-WMS-SHOPPIE\ANG19\wmshopee\dist\wmshopee\server\data\admdb.sqlite
[2025-08-22 08:32:12] INFO: ✅ Shopee refresh on fetchWithAuth Error: {"error":"invalid_acceess_token","message":"Invalid access_token, please have a check.","request_id":"e3e3e7f33cea2ce9da00732a820d2100"}
[2025-08-22 08:32:12] INFO: ✅ Shopee refresh on fetchWithAuth Error: {"error":"invalid_acceess_token","message":"Invalid access_token, please have a check.","request_id":"e3e3e7f33cea2ce9f3bd9944d29d3f00"}
[2025-08-22 08:32:12] INFO: Update data token : 
[2025-08-22 08:32:12] INFO: Update data token : 
[2025-08-22 08:32:55] INFO: ✅ Sudah di List  51
[2025-08-22 08:32:57] INFO: ✅ package Sudah di List  {"order_sn":"250821DHRNPRP3","package_number":"OFG209465760207086"}
[2025-08-22 08:54:25] INFO: INI ALAMAT TABLENYA :  D:\Work\ARYA-WMS-SHOPPIE\ANG19\wmshopee\.angular\prerender-root\de0af426-f18c-4284-8636-81e1afb4a7c9\data\admdb.sqlite
[2025-08-22 08:54:27] INFO: INI ALAMAT TABLENYA :  D:\Work\ARYA-WMS-SHOPPIE\ANG19\wmshopee\.angular\prerender-root\7fb4c5dc-ba2d-400b-abd9-e79a9871b2b6\data\admdb.sqlite
[2025-08-22 08:54:27] INFO: INI ALAMAT TABLENYA :  D:\Work\ARYA-WMS-SHOPPIE\ANG19\wmshopee\.angular\prerender-root\6c88a747-7ed6-44cc-a0a0-b170dfdab23b\data\admdb.sqlite
[2025-08-22 08:54:27] INFO: INI ALAMAT TABLENYA :  D:\Work\ARYA-WMS-SHOPPIE\ANG19\wmshopee\.angular\prerender-root\cdd94515-2eb1-478a-ba6f-8e26245d9591\data\admdb.sqlite
[2025-08-22 08:54:27] INFO: INI ALAMAT TABLENYA :  D:\Work\ARYA-WMS-SHOPPIE\ANG19\wmshopee\.angular\prerender-root\d4307665-5d21-45d0-8754-620da42a387f\data\admdb.sqlite
[2025-08-22 08:54:49] INFO: INI ALAMAT TABLENYA :  D:\Work\ARYA-WMS-SHOPPIE\ANG19\wmshopee\dist\wmshopee\server\data\admdb.sqlite
[2025-08-22 08:57:33] ERROR: Error api.controller :  {}
[2025-08-22 08:58:18] INFO: ### BANYAK DETAIL #####  [{"id_q_shopee":34,"order_sn":"250822F5US7MKR","item_id":"17792803161.0","item_name":"Indonesia Emblem Bordir Bendera Merah Putih","item_sku":"","model_id":"231349820817.0","model_name":"3x5","model_quantity_purchased":1,"image_url":"https://cf.shopee.co.id/file/id-11134207-7rbkd-m8zq03kvonbhca_tn","status":0,"create_time":"2025-08-22 07:28:17","updated_at":null,"updated_by":null},{"id_q_shopee":34,"order_sn":"250822F5US7MKR","item_id":"23016169848.0","item_name":"Buku Syarat Kecakapan Umum SKU Pramuka Siaga Penggalang Penegak Sd Smp Sma","item_sku":"","model_id":"117880947452.0","model_name":"Buku SKU Siaga","model_quantity_purchased":1,"image_url":"https://cf.shopee.co.id/file/sg-11134201-23010-ncvwkgn3fwlv62_tn","status":0,"create_time":"2025-08-22 07:28:17","updated_at":null,"updated_by":null},{"id_q_shopee":34,"order_sn":"250822F5US7MKR","item_id":"23216184410.0","item_name":"Ring Kacu Hasduk Dasi Pramuka SD SMP SMA Siaga Penegak Penggalang Pembina Anak Dewasa","item_sku":"","model_id":"156880758014.0","model_name":"Kalep Hijau  2 PCS","model_quantity_purchased":1,"image_url":"https://cf.shopee.co.id/file/id-11134207-7rbk6-m9e6yru6qg41f7_tn","status":0,"create_time":"2025-08-22 07:28:17","updated_at":null,"updated_by":null}]
[2025-08-22 09:20:50] INFO: INI ALAMAT TABLENYA :  D:\Work\ARYA-WMS-SHOPPIE\ANG19\wmshopee\.angular\prerender-root\5efe9c83-a289-4f23-a89b-9a7dc27550dc\data\admdb.sqlite
[2025-08-22 09:20:52] INFO: INI ALAMAT TABLENYA :  D:\Work\ARYA-WMS-SHOPPIE\ANG19\wmshopee\.angular\prerender-root\50309c94-ef84-49fe-9273-afd542f9ced9\data\admdb.sqlite
[2025-08-22 09:20:52] INFO: INI ALAMAT TABLENYA :  D:\Work\ARYA-WMS-SHOPPIE\ANG19\wmshopee\.angular\prerender-root\fe483d0a-e15c-462e-98d1-f526273fca8f\data\admdb.sqlite
[2025-08-22 09:20:52] INFO: INI ALAMAT TABLENYA :  D:\Work\ARYA-WMS-SHOPPIE\ANG19\wmshopee\.angular\prerender-root\29f71382-2fe5-43b1-b805-21b0736b869f\data\admdb.sqlite
[2025-08-22 09:20:52] INFO: INI ALAMAT TABLENYA :  D:\Work\ARYA-WMS-SHOPPIE\ANG19\wmshopee\.angular\prerender-root\c198187a-9ccc-4ed8-82ff-ee2d1d20cf4a\data\admdb.sqlite
[2025-08-22 09:20:59] INFO: INI ALAMAT TABLENYA :  D:\Work\ARYA-WMS-SHOPPIE\ANG19\wmshopee\dist\wmshopee\server\data\admdb.sqlite
[2025-08-22 09:21:26] INFO: ### BANYAK DETAIL #####  3
[2025-08-22 09:21:26] INFO: ### BANYAK INVENTORY  3
[2025-08-22 09:28:07] INFO: INI ALAMAT TABLENYA :  D:\Work\ARYA-WMS-SHOPPIE\ANG19\wmshopee\.angular\prerender-root\1acea022-ff11-4278-9862-21873acb7001\data\admdb.sqlite
[2025-08-22 09:28:08] INFO: INI ALAMAT TABLENYA :  D:\Work\ARYA-WMS-SHOPPIE\ANG19\wmshopee\.angular\prerender-root\66ee01cd-ab42-4252-bc88-9cc27194b763\data\admdb.sqlite
[2025-08-22 09:28:08] INFO: INI ALAMAT TABLENYA :  D:\Work\ARYA-WMS-SHOPPIE\ANG19\wmshopee\.angular\prerender-root\c64a178c-8806-4d53-ae42-55d883b7d2aa\data\admdb.sqlite
[2025-08-22 09:28:08] INFO: INI ALAMAT TABLENYA :  D:\Work\ARYA-WMS-SHOPPIE\ANG19\wmshopee\.angular\prerender-root\758b9f5a-c86c-4eaf-a558-82e2d5351d85\data\admdb.sqlite
[2025-08-22 09:28:08] INFO: INI ALAMAT TABLENYA :  D:\Work\ARYA-WMS-SHOPPIE\ANG19\wmshopee\.angular\prerender-root\a5604f79-02d8-4342-ba75-6b13e5a8a2c0\data\admdb.sqlite
[2025-08-22 09:29:31] INFO: INI ALAMAT TABLENYA :  D:\Work\ARYA-WMS-SHOPPIE\ANG19\wmshopee\.angular\prerender-root\c29d24c9-b152-4ee6-be1e-69635e23aeff\data\admdb.sqlite
[2025-08-22 09:29:33] INFO: INI ALAMAT TABLENYA :  D:\Work\ARYA-WMS-SHOPPIE\ANG19\wmshopee\.angular\prerender-root\cdb7be37-a8cf-47f2-9599-37a0f828feb9\data\admdb.sqlite
[2025-08-22 09:29:33] INFO: INI ALAMAT TABLENYA :  D:\Work\ARYA-WMS-SHOPPIE\ANG19\wmshopee\.angular\prerender-root\82da31b5-8934-4f06-95e1-a00460621689\data\admdb.sqlite
[2025-08-22 09:29:33] INFO: INI ALAMAT TABLENYA :  D:\Work\ARYA-WMS-SHOPPIE\ANG19\wmshopee\.angular\prerender-root\ca5974a0-e9ef-4e68-9321-1d6c65c4832f\data\admdb.sqlite
[2025-08-22 09:29:33] INFO: INI ALAMAT TABLENYA :  D:\Work\ARYA-WMS-SHOPPIE\ANG19\wmshopee\.angular\prerender-root\f49a6f7d-9fc9-483a-a792-f4c71f34313f\data\admdb.sqlite
[2025-08-22 09:29:49] INFO: INI ALAMAT TABLENYA :  D:\Work\ARYA-WMS-SHOPPIE\ANG19\wmshopee\dist\wmshopee\server\data\admdb.sqlite
[2025-08-22 09:31:01] INFO: INI ALAMAT TABLENYA :  D:\Work\ARYA-WMS-SHOPPIE\ANG19\wmshopee\.angular\prerender-root\c86c79af-557b-48d3-865f-7667e97c2d82\data\admdb.sqlite
[2025-08-22 09:31:02] INFO: INI ALAMAT TABLENYA :  D:\Work\ARYA-WMS-SHOPPIE\ANG19\wmshopee\.angular\prerender-root\236fe5d3-b4b0-420b-86c1-27cfc5fabc5f\data\admdb.sqlite
[2025-08-22 09:31:02] INFO: INI ALAMAT TABLENYA :  D:\Work\ARYA-WMS-SHOPPIE\ANG19\wmshopee\.angular\prerender-root\2a8a777c-ef9c-4730-97c3-0595520c139b\data\admdb.sqlite
[2025-08-22 09:31:02] INFO: INI ALAMAT TABLENYA :  D:\Work\ARYA-WMS-SHOPPIE\ANG19\wmshopee\.angular\prerender-root\971fe0dc-a02b-494d-92d9-5f5d4c96a2a2\data\admdb.sqlite
[2025-08-22 09:31:02] INFO: INI ALAMAT TABLENYA :  D:\Work\ARYA-WMS-SHOPPIE\ANG19\wmshopee\.angular\prerender-root\22a47afe-51a9-48b2-a58d-5c1d3c168caa\data\admdb.sqlite
[2025-08-22 09:31:09] INFO: INI ALAMAT TABLENYA :  D:\Work\ARYA-WMS-SHOPPIE\ANG19\wmshopee\dist\wmshopee\server\data\admdb.sqlite
[2025-08-22 09:31:32] INFO: Ketika ship order 1  {"error":"","message":"","warning":"","request_id":"e3e3e7f33ceb010dcb8e59c55f40d600:010002e6828fa814:000000278c11773f"}
[2025-08-22 09:31:32] INFO: Ketika ship order 2  
[2025-08-22 09:31:32] ERROR: Error api.controller :  {}
[2025-08-22 09:32:31] INFO: INI ALAMAT TABLENYA :  D:\Work\ARYA-WMS-SHOPPIE\ANG19\wmshopee\.angular\prerender-root\19c4aefa-419e-4250-ad61-65ce38244e9a\data\admdb.sqlite
[2025-08-22 09:32:33] INFO: INI ALAMAT TABLENYA :  D:\Work\ARYA-WMS-SHOPPIE\ANG19\wmshopee\.angular\prerender-root\d36ee8fc-86a3-464d-a50a-c00d030d80e4\data\admdb.sqlite
[2025-08-22 09:32:33] INFO: INI ALAMAT TABLENYA :  D:\Work\ARYA-WMS-SHOPPIE\ANG19\wmshopee\.angular\prerender-root\e4ffcff3-27dc-428d-aa58-7dcce29ee73f\data\admdb.sqlite
[2025-08-22 09:32:33] INFO: INI ALAMAT TABLENYA :  D:\Work\ARYA-WMS-SHOPPIE\ANG19\wmshopee\.angular\prerender-root\101cf5f6-6f7d-4d6c-9409-ec56f8113ed1\data\admdb.sqlite
[2025-08-22 09:32:33] INFO: INI ALAMAT TABLENYA :  D:\Work\ARYA-WMS-SHOPPIE\ANG19\wmshopee\.angular\prerender-root\ea2ca088-3292-4d3f-98f7-b7774a40806f\data\admdb.sqlite
[2025-08-22 09:32:40] INFO: INI ALAMAT TABLENYA :  D:\Work\ARYA-WMS-SHOPPIE\ANG19\wmshopee\dist\wmshopee\server\data\admdb.sqlite
[2025-08-22 09:32:47] ERROR: Error api.controller :  {}
[2025-08-22 09:33:18] INFO: ### BANYAK DETAIL #####  1
[2025-08-22 09:33:18] INFO: ### BANYAK INVENTORY  1
[2025-08-22 09:38:34] INFO: INI ALAMAT TABLENYA :  D:\Work\ARYA-WMS-SHOPPIE\ANG19\wmshopee\.angular\prerender-root\8d736c9d-6571-4144-9b71-6229f6dc2be4\data\admdb.sqlite
[2025-08-22 09:38:36] INFO: INI ALAMAT TABLENYA :  D:\Work\ARYA-WMS-SHOPPIE\ANG19\wmshopee\.angular\prerender-root\dc2beda8-8688-403b-9064-5b8925f26140\data\admdb.sqlite
[2025-08-22 09:38:36] INFO: INI ALAMAT TABLENYA :  D:\Work\ARYA-WMS-SHOPPIE\ANG19\wmshopee\.angular\prerender-root\95a53549-9d05-4274-9fac-ce72961ced47\data\admdb.sqlite
[2025-08-22 09:38:36] INFO: INI ALAMAT TABLENYA :  D:\Work\ARYA-WMS-SHOPPIE\ANG19\wmshopee\.angular\prerender-root\262676ff-8fbf-40d3-9d22-64bfa9fcfe4b\data\admdb.sqlite
[2025-08-22 09:38:36] INFO: INI ALAMAT TABLENYA :  D:\Work\ARYA-WMS-SHOPPIE\ANG19\wmshopee\.angular\prerender-root\a02e64b7-f75b-4074-b7cb-a1d63fe70537\data\admdb.sqlite
[2025-08-22 09:38:53] INFO: INI ALAMAT TABLENYA :  D:\Work\ARYA-WMS-SHOPPIE\ANG19\wmshopee\dist\wmshopee\server\data\admdb.sqlite
[2025-08-22 09:39:18] INFO: Ketika ship order 1  {"error":"","message":"","warning":"","request_id":"e3e3e7f33ceb1cc60d0f791b309f2600:010002f66620ccec:00000008b31a3836"}
[2025-08-22 09:39:18] INFO: Ketika ship order 2  
[2025-08-22 09:39:18] ERROR: Error api.controller :  {}
[2025-08-22 09:40:42] INFO: INI ALAMAT TABLENYA :  D:\Work\ARYA-WMS-SHOPPIE\ANG19\wmshopee\.angular\prerender-root\8b5972f5-9df1-41ba-9c1e-a5f52070beb7\data\admdb.sqlite
[2025-08-22 09:40:44] INFO: INI ALAMAT TABLENYA :  D:\Work\ARYA-WMS-SHOPPIE\ANG19\wmshopee\.angular\prerender-root\4f47519d-c073-4d70-9d32-9f418541369b\data\admdb.sqlite
[2025-08-22 09:40:44] INFO: INI ALAMAT TABLENYA :  D:\Work\ARYA-WMS-SHOPPIE\ANG19\wmshopee\.angular\prerender-root\a9b6a765-a150-41d5-8513-3bf2633478fa\data\admdb.sqlite
[2025-08-22 09:40:44] INFO: INI ALAMAT TABLENYA :  D:\Work\ARYA-WMS-SHOPPIE\ANG19\wmshopee\.angular\prerender-root\6d5ab948-255e-4702-b0ed-320f037e603d\data\admdb.sqlite
[2025-08-22 09:40:44] INFO: INI ALAMAT TABLENYA :  D:\Work\ARYA-WMS-SHOPPIE\ANG19\wmshopee\.angular\prerender-root\3d92aec6-0fa0-40c2-932f-a8e14c8bb587\data\admdb.sqlite
[2025-08-22 09:40:51] INFO: INI ALAMAT TABLENYA :  D:\Work\ARYA-WMS-SHOPPIE\ANG19\wmshopee\dist\wmshopee\server\data\admdb.sqlite
[2025-08-22 09:40:58] INFO: ### BANYAK DETAIL #####  1
[2025-08-22 09:40:58] INFO: ### BANYAK INVENTORY  1
[2025-08-22 09:43:04] INFO: INI ALAMAT TABLENYA :  D:\Work\ARYA-WMS-SHOPPIE\ANG19\wmshopee\.angular\prerender-root\a13514f5-f554-43e0-a7a7-88555762b6ee\data\admdb.sqlite
[2025-08-22 09:43:06] INFO: INI ALAMAT TABLENYA :  D:\Work\ARYA-WMS-SHOPPIE\ANG19\wmshopee\.angular\prerender-root\530428f7-2e17-474e-acd0-1f9cbd5a8eb6\data\admdb.sqlite
[2025-08-22 09:43:06] INFO: INI ALAMAT TABLENYA :  D:\Work\ARYA-WMS-SHOPPIE\ANG19\wmshopee\.angular\prerender-root\271b38a0-60a9-4564-a103-8d7cb0fddfd8\data\admdb.sqlite
[2025-08-22 09:43:06] INFO: INI ALAMAT TABLENYA :  D:\Work\ARYA-WMS-SHOPPIE\ANG19\wmshopee\.angular\prerender-root\36984d2c-6656-4fc7-a087-2dc3c55070d9\data\admdb.sqlite
[2025-08-22 09:43:06] INFO: INI ALAMAT TABLENYA :  D:\Work\ARYA-WMS-SHOPPIE\ANG19\wmshopee\.angular\prerender-root\e3b4e2ad-20e8-4bf1-8b18-c1a9ae4613fe\data\admdb.sqlite
[2025-08-22 09:43:24] INFO: INI ALAMAT TABLENYA :  D:\Work\ARYA-WMS-SHOPPIE\ANG19\wmshopee\dist\wmshopee\server\data\admdb.sqlite
[2025-08-22 09:44:00] INFO: Ketika ship order 1  {"error":"","message":"","warning":"","request_id":"e3e3e7f33ceb2d8297f278ce443d0d00:010002eb8abe5200:00000061c7f8268e"}
[2025-08-22 09:44:00] INFO: Ketika ship order 2  
[2025-08-22 09:44:01] ERROR: Error api.controller :  {}
[2025-08-22 09:45:39] INFO: INI ALAMAT TABLENYA :  D:\Work\ARYA-WMS-SHOPPIE\ANG19\wmshopee\.angular\prerender-root\676b1b2a-b514-4054-a8a5-9d46e5b00253\data\admdb.sqlite
[2025-08-22 09:45:41] INFO: INI ALAMAT TABLENYA :  D:\Work\ARYA-WMS-SHOPPIE\ANG19\wmshopee\.angular\prerender-root\8be5fa63-cb0a-49ca-a241-228d1853b69b\data\admdb.sqlite
[2025-08-22 09:45:41] INFO: INI ALAMAT TABLENYA :  D:\Work\ARYA-WMS-SHOPPIE\ANG19\wmshopee\.angular\prerender-root\426d2487-9a0d-470f-8963-ffacc25f7f81\data\admdb.sqlite
[2025-08-22 09:45:41] INFO: INI ALAMAT TABLENYA :  D:\Work\ARYA-WMS-SHOPPIE\ANG19\wmshopee\.angular\prerender-root\24f11a0b-73ae-4e07-b7df-687d78722dd5\data\admdb.sqlite
[2025-08-22 09:45:41] INFO: INI ALAMAT TABLENYA :  D:\Work\ARYA-WMS-SHOPPIE\ANG19\wmshopee\.angular\prerender-root\918a8a63-1f82-4cfb-bc50-0e5235153f04\data\admdb.sqlite
[2025-08-22 09:45:47] INFO: INI ALAMAT TABLENYA :  D:\Work\ARYA-WMS-SHOPPIE\ANG19\wmshopee\dist\wmshopee\server\data\admdb.sqlite
[2025-08-22 09:45:59] INFO: ### BANYAK DETAIL #####  6
[2025-08-22 09:45:59] INFO: ### BANYAK INVENTORY  6
[2025-08-22 09:53:03] INFO: INI ALAMAT TABLENYA :  D:\Work\ARYA-WMS-SHOPPIE\ANG19\wmshopee\.angular\prerender-root\508b7509-4571-4ad1-ac0f-79fee5ee7d49\data\admdb.sqlite
[2025-08-22 09:53:04] INFO: INI ALAMAT TABLENYA :  D:\Work\ARYA-WMS-SHOPPIE\ANG19\wmshopee\.angular\prerender-root\7914e9a2-ba4a-4a7a-95b3-2ed803decdad\data\admdb.sqlite
[2025-08-22 09:53:04] INFO: INI ALAMAT TABLENYA :  D:\Work\ARYA-WMS-SHOPPIE\ANG19\wmshopee\.angular\prerender-root\904a1fbf-7c23-457d-a9c1-57a4ed8924e8\data\admdb.sqlite
[2025-08-22 09:53:04] INFO: INI ALAMAT TABLENYA :  D:\Work\ARYA-WMS-SHOPPIE\ANG19\wmshopee\.angular\prerender-root\529b278f-e041-4ec9-8cf5-49cb8e2fe60b\data\admdb.sqlite
[2025-08-22 09:53:04] INFO: INI ALAMAT TABLENYA :  D:\Work\ARYA-WMS-SHOPPIE\ANG19\wmshopee\.angular\prerender-root\5f13abb3-79d8-49a0-8d6b-36c18b22f69d\data\admdb.sqlite
[2025-08-22 09:53:23] INFO: INI ALAMAT TABLENYA :  D:\Work\ARYA-WMS-SHOPPIE\ANG19\wmshopee\dist\wmshopee\server\data\admdb.sqlite
[2025-08-22 09:54:03] INFO: Ketika ship order 1  {"error":"","message":"","warning":"","request_id":"e3e3e7f33ceb5186b1b27161dc9c3200:010002305ec3a1b0:000000832217ace0"}
[2025-08-22 09:54:03] INFO: Ketika ship order 2  
[2025-08-22 09:54:07] INFO: ### BANYAK DETAIL #####  1
[2025-08-22 09:54:07] INFO: ### BANYAK INVENTORY  1
[2025-08-22 09:58:43] INFO: INI ALAMAT TABLENYA :  D:\Work\ARYA-WMS-SHOPPIE\ANG19\wmshopee\.angular\prerender-root\4e1a0826-1a92-466d-8b5a-6b063bd2c236\data\admdb.sqlite
[2025-08-22 09:58:44] INFO: INI ALAMAT TABLENYA :  D:\Work\ARYA-WMS-SHOPPIE\ANG19\wmshopee\.angular\prerender-root\88f4f9e4-bb75-4f73-bf86-bab048da4d49\data\admdb.sqlite
[2025-08-22 09:58:44] INFO: INI ALAMAT TABLENYA :  D:\Work\ARYA-WMS-SHOPPIE\ANG19\wmshopee\.angular\prerender-root\68b94ca2-d3b8-44c2-a959-ceceed33904a\data\admdb.sqlite
[2025-08-22 09:58:44] INFO: INI ALAMAT TABLENYA :  D:\Work\ARYA-WMS-SHOPPIE\ANG19\wmshopee\.angular\prerender-root\665dd50f-e417-486d-a065-9d21b9d8cbe8\data\admdb.sqlite
[2025-08-22 09:58:44] INFO: INI ALAMAT TABLENYA :  D:\Work\ARYA-WMS-SHOPPIE\ANG19\wmshopee\.angular\prerender-root\eed5173d-7ffd-4516-b138-1429dd7d8712\data\admdb.sqlite
[2025-08-22 09:58:56] INFO: INI ALAMAT TABLENYA :  D:\Work\ARYA-WMS-SHOPPIE\ANG19\wmshopee\dist\wmshopee\server\data\admdb.sqlite
[2025-08-22 10:07:51] INFO: INI ALAMAT TABLENYA :  D:\Work\ARYA-WMS-SHOPPIE\ANG19\wmshopee\.angular\prerender-root\e813c95e-d2fd-4ef3-900d-61cd58ec68f3\data\admdb.sqlite
[2025-08-22 10:07:52] INFO: INI ALAMAT TABLENYA :  D:\Work\ARYA-WMS-SHOPPIE\ANG19\wmshopee\.angular\prerender-root\ff38ec3e-27eb-4cfb-9e42-633063b4eb89\data\admdb.sqlite
[2025-08-22 10:07:52] INFO: INI ALAMAT TABLENYA :  D:\Work\ARYA-WMS-SHOPPIE\ANG19\wmshopee\.angular\prerender-root\173f9215-e2f5-46a3-815a-5b1ddb72315c\data\admdb.sqlite
[2025-08-22 10:07:52] INFO: INI ALAMAT TABLENYA :  D:\Work\ARYA-WMS-SHOPPIE\ANG19\wmshopee\.angular\prerender-root\ef683c72-d48a-456f-a4fc-e90076d80ea6\data\admdb.sqlite
[2025-08-22 10:07:52] INFO: INI ALAMAT TABLENYA :  D:\Work\ARYA-WMS-SHOPPIE\ANG19\wmshopee\.angular\prerender-root\8f6adfc8-e881-4e6b-97ed-58d67992143f\data\admdb.sqlite
[2025-08-22 10:08:00] INFO: INI ALAMAT TABLENYA :  D:\Work\ARYA-WMS-SHOPPIE\ANG19\wmshopee\dist\wmshopee\server\data\admdb.sqlite
[2025-08-22 10:09:02] INFO: INI ALAMAT TABLENYA :  D:\Work\ARYA-WMS-SHOPPIE\ANG19\wmshopee\.angular\prerender-root\a16fdb83-d071-4d00-b5ca-40f3d7c08b9d\data\admdb.sqlite
[2025-08-22 10:09:04] INFO: INI ALAMAT TABLENYA :  D:\Work\ARYA-WMS-SHOPPIE\ANG19\wmshopee\.angular\prerender-root\43e3f074-25f6-461d-b426-a4d4bce19723\data\admdb.sqlite
[2025-08-22 10:09:04] INFO: INI ALAMAT TABLENYA :  D:\Work\ARYA-WMS-SHOPPIE\ANG19\wmshopee\.angular\prerender-root\030f5906-68be-46d5-8ae5-baf83798ce09\data\admdb.sqlite
[2025-08-22 10:09:04] INFO: INI ALAMAT TABLENYA :  D:\Work\ARYA-WMS-SHOPPIE\ANG19\wmshopee\.angular\prerender-root\530f8f27-f765-4854-9f6c-67d1a4b51acb\data\admdb.sqlite
[2025-08-22 10:09:04] INFO: INI ALAMAT TABLENYA :  D:\Work\ARYA-WMS-SHOPPIE\ANG19\wmshopee\.angular\prerender-root\cbadb201-0ebc-4f33-b7e8-20332fc9a0ab\data\admdb.sqlite
[2025-08-22 10:09:21] INFO: INI ALAMAT TABLENYA :  D:\Work\ARYA-WMS-SHOPPIE\ANG19\wmshopee\.angular\prerender-root\d0f79926-1946-464f-ae5f-583d8e8c9096\data\admdb.sqlite
[2025-08-22 10:09:23] INFO: INI ALAMAT TABLENYA :  D:\Work\ARYA-WMS-SHOPPIE\ANG19\wmshopee\.angular\prerender-root\02ee212d-fda9-4861-b6e8-f3a8f94ab3e2\data\admdb.sqlite
[2025-08-22 10:09:23] INFO: INI ALAMAT TABLENYA :  D:\Work\ARYA-WMS-SHOPPIE\ANG19\wmshopee\.angular\prerender-root\22afb6fa-d7c7-46a3-bdae-de081a6c8530\data\admdb.sqlite
[2025-08-22 10:09:23] INFO: INI ALAMAT TABLENYA :  D:\Work\ARYA-WMS-SHOPPIE\ANG19\wmshopee\.angular\prerender-root\b03cd4be-430e-4abc-9a62-7b772926c14c\data\admdb.sqlite
[2025-08-22 10:09:23] INFO: INI ALAMAT TABLENYA :  D:\Work\ARYA-WMS-SHOPPIE\ANG19\wmshopee\.angular\prerender-root\ff61be84-85a5-49d7-9031-33a7e13ad238\data\admdb.sqlite
[2025-08-22 10:09:30] INFO: INI ALAMAT TABLENYA :  D:\Work\ARYA-WMS-SHOPPIE\ANG19\wmshopee\dist\wmshopee\server\data\admdb.sqlite
[2025-08-22 10:24:14] INFO: INI ALAMAT TABLENYA :  D:\Work\ARYA-WMS-SHOPPIE\ANG19\wmshopee\.angular\prerender-root\0ae6fc80-cd50-49d8-9b14-1d7b8c2ec320\data\admdb.sqlite
[2025-08-22 10:24:16] INFO: INI ALAMAT TABLENYA :  D:\Work\ARYA-WMS-SHOPPIE\ANG19\wmshopee\.angular\prerender-root\b99ce9b3-4920-4d8e-b146-108a28794d35\data\admdb.sqlite
[2025-08-22 10:24:16] INFO: INI ALAMAT TABLENYA :  D:\Work\ARYA-WMS-SHOPPIE\ANG19\wmshopee\.angular\prerender-root\368b4f6a-b1b1-4b8a-9f3b-3d54c086c22f\data\admdb.sqlite
[2025-08-22 10:24:16] INFO: INI ALAMAT TABLENYA :  D:\Work\ARYA-WMS-SHOPPIE\ANG19\wmshopee\.angular\prerender-root\dafac0a9-ff6e-4fb3-a30a-ce5126862dce\data\admdb.sqlite
[2025-08-22 10:24:16] INFO: INI ALAMAT TABLENYA :  D:\Work\ARYA-WMS-SHOPPIE\ANG19\wmshopee\.angular\prerender-root\ff89f14a-c5fa-4158-8560-3d3aca9d2279\data\admdb.sqlite
