[2025-07-28 00:00:01] INFO: Data datepick :  2025-07-27
[2025-07-28 00:00:02] ERROR: Error auth.controller :  {}
[2025-07-28 00:01:34] INFO: INI ALAMAT TABLENYA :  D:\Work\ARYA-WMS-SHOPPIE\ANG19\wmshopee\.angular\prerender-root\0d4b05e6-9a53-4b41-ac77-eafba1269ac5\data\admdb.sqlite
[2025-07-28 00:01:36] INFO: INI ALAMAT TABLENYA :  D:\Work\ARYA-WMS-SHOPPIE\ANG19\wmshopee\.angular\prerender-root\86c37a05-81a7-444f-9f0d-e1c8cff28e7d\data\admdb.sqlite
[2025-07-28 00:01:36] INFO: INI ALAMAT TABLENYA :  D:\Work\ARYA-WMS-SHOPPIE\ANG19\wmshopee\.angular\prerender-root\85a002fe-e87a-413a-9292-300a088f747e\data\admdb.sqlite
[2025-07-28 00:01:36] INFO: INI ALAMAT TABLENYA :  D:\Work\ARYA-WMS-SHOPPIE\ANG19\wmshopee\.angular\prerender-root\ac1adc18-f05e-48a1-b4ee-29c54ad5fed1\data\admdb.sqlite
[2025-07-28 00:01:41] INFO: INI ALAMAT TABLENYA :  D:\Work\ARYA-WMS-SHOPPIE\ANG19\wmshopee\dist\wmshopee\server\data\admdb.sqlite
[2025-07-28 00:01:46] INFO: Data datepick :  2025-07-27
[2025-07-28 00:01:46] ERROR: Error auth.controller :  {}
[2025-07-28 00:05:16] INFO: INI ALAMAT TABLENYA :  D:\Work\ARYA-WMS-SHOPPIE\ANG19\wmshopee\.angular\prerender-root\e388d6dc-087c-4fe8-8aaf-9e2f93ba5fdd\data\admdb.sqlite
[2025-07-28 00:05:17] INFO: INI ALAMAT TABLENYA :  D:\Work\ARYA-WMS-SHOPPIE\ANG19\wmshopee\.angular\prerender-root\1fc0db01-f230-41df-81f3-e8f31488227b\data\admdb.sqlite
[2025-07-28 00:05:17] INFO: INI ALAMAT TABLENYA :  D:\Work\ARYA-WMS-SHOPPIE\ANG19\wmshopee\.angular\prerender-root\e760cc5f-0178-4161-a37b-efce0374ba93\data\admdb.sqlite
[2025-07-28 00:05:17] INFO: INI ALAMAT TABLENYA :  D:\Work\ARYA-WMS-SHOPPIE\ANG19\wmshopee\.angular\prerender-root\c045c1e9-e05e-431b-8287-5bad1f277921\data\admdb.sqlite
[2025-07-28 00:05:22] INFO: INI ALAMAT TABLENYA :  D:\Work\ARYA-WMS-SHOPPIE\ANG19\wmshopee\dist\wmshopee\server\data\admdb.sqlite
[2025-07-28 00:05:31] INFO: Data datepick :  2025-07-27
[2025-07-28 00:05:31] ERROR: Error auth.controller :  {}
[2025-07-28 00:08:14] INFO: INI ALAMAT TABLENYA :  D:\Work\ARYA-WMS-SHOPPIE\ANG19\wmshopee\.angular\prerender-root\9d7b7f77-2952-4b0d-9613-8c555bd52aec\data\admdb.sqlite
[2025-07-28 00:08:16] INFO: INI ALAMAT TABLENYA :  D:\Work\ARYA-WMS-SHOPPIE\ANG19\wmshopee\.angular\prerender-root\1927e9d3-8e15-4883-b6d1-2b07d2fd6d1e\data\admdb.sqlite
[2025-07-28 00:08:16] INFO: INI ALAMAT TABLENYA :  D:\Work\ARYA-WMS-SHOPPIE\ANG19\wmshopee\.angular\prerender-root\9ea03359-3e19-49d6-953e-a1585ca4d94c\data\admdb.sqlite
[2025-07-28 00:08:16] INFO: INI ALAMAT TABLENYA :  D:\Work\ARYA-WMS-SHOPPIE\ANG19\wmshopee\.angular\prerender-root\795551e5-ed4f-45f6-80be-581c11bf23ff\data\admdb.sqlite
[2025-07-28 00:08:22] INFO: INI ALAMAT TABLENYA :  D:\Work\ARYA-WMS-SHOPPIE\ANG19\wmshopee\dist\wmshopee\server\data\admdb.sqlite
[2025-07-28 00:08:32] INFO: Data datepick :  2025-07-27
[2025-07-28 00:08:32] ERROR: Error auth.controller :  {}
[2025-07-28 00:11:48] INFO: INI ALAMAT TABLENYA :  D:\Work\ARYA-WMS-SHOPPIE\ANG19\wmshopee\.angular\prerender-root\25d51456-4112-409d-a6a8-9fda50a1075b\data\admdb.sqlite
[2025-07-28 00:11:50] INFO: INI ALAMAT TABLENYA :  D:\Work\ARYA-WMS-SHOPPIE\ANG19\wmshopee\.angular\prerender-root\7bd951a1-63a4-4ef9-94b6-b46bb63c8ee5\data\admdb.sqlite
[2025-07-28 00:11:50] INFO: INI ALAMAT TABLENYA :  D:\Work\ARYA-WMS-SHOPPIE\ANG19\wmshopee\.angular\prerender-root\7d175b3f-496f-4e0d-be3c-4f50d160f6cd\data\admdb.sqlite
[2025-07-28 00:11:50] INFO: INI ALAMAT TABLENYA :  D:\Work\ARYA-WMS-SHOPPIE\ANG19\wmshopee\.angular\prerender-root\047d1ef9-0221-40d3-888f-bf39217baf40\data\admdb.sqlite
[2025-07-28 00:12:01] INFO: INI ALAMAT TABLENYA :  D:\Work\ARYA-WMS-SHOPPIE\ANG19\wmshopee\dist\wmshopee\server\data\admdb.sqlite
[2025-07-28 00:12:07] INFO: Data datepick :  2025-07-27
[2025-07-28 00:12:08] ERROR: Error auth.controller :  {}
[2025-07-28 00:14:57] INFO: INI ALAMAT TABLENYA :  D:\Work\ARYA-WMS-SHOPPIE\ANG19\wmshopee\.angular\prerender-root\c78803e9-c40d-4c00-937b-0ab0a5ea148f\data\admdb.sqlite
[2025-07-28 00:14:59] INFO: INI ALAMAT TABLENYA :  D:\Work\ARYA-WMS-SHOPPIE\ANG19\wmshopee\.angular\prerender-root\6095d0bd-105d-413d-b725-e0b200e0f4dd\data\admdb.sqlite
[2025-07-28 00:14:59] INFO: INI ALAMAT TABLENYA :  D:\Work\ARYA-WMS-SHOPPIE\ANG19\wmshopee\.angular\prerender-root\bda9fb09-c062-4208-bcb0-a03cf06f1607\data\admdb.sqlite
[2025-07-28 00:14:59] INFO: INI ALAMAT TABLENYA :  D:\Work\ARYA-WMS-SHOPPIE\ANG19\wmshopee\.angular\prerender-root\c7641e62-dc1b-453c-afc5-ac22ce0ff040\data\admdb.sqlite
[2025-07-28 00:15:07] INFO: INI ALAMAT TABLENYA :  D:\Work\ARYA-WMS-SHOPPIE\ANG19\wmshopee\dist\wmshopee\server\data\admdb.sqlite
[2025-07-28 00:15:15] INFO: Data datepick :  2025-07-27
[2025-07-28 00:15:15] ERROR: Error auth.controller :  {}
[2025-07-28 00:20:09] INFO: INI ALAMAT TABLENYA :  D:\Work\ARYA-WMS-SHOPPIE\ANG19\wmshopee\.angular\prerender-root\7cdc9c10-bfb8-4110-91ed-7cf51dc96abf\data\admdb.sqlite
[2025-07-28 00:20:11] INFO: INI ALAMAT TABLENYA :  D:\Work\ARYA-WMS-SHOPPIE\ANG19\wmshopee\.angular\prerender-root\1b922ac4-889d-46fb-924d-846c59dabde1\data\admdb.sqlite
[2025-07-28 00:20:11] INFO: INI ALAMAT TABLENYA :  D:\Work\ARYA-WMS-SHOPPIE\ANG19\wmshopee\.angular\prerender-root\7e69b5ed-1dc2-4b41-bf04-a18f60c6109f\data\admdb.sqlite
[2025-07-28 00:20:11] INFO: INI ALAMAT TABLENYA :  D:\Work\ARYA-WMS-SHOPPIE\ANG19\wmshopee\.angular\prerender-root\fb5d3b2d-d9fc-42eb-92c1-010e15434503\data\admdb.sqlite
[2025-07-28 00:20:16] INFO: INI ALAMAT TABLENYA :  D:\Work\ARYA-WMS-SHOPPIE\ANG19\wmshopee\dist\wmshopee\server\data\admdb.sqlite
[2025-07-28 00:20:29] INFO: Data datepick :  2025-07-27
[2025-07-28 00:20:30] ERROR: Error auth.controller :  {}
[2025-07-28 00:25:21] INFO: INI ALAMAT TABLENYA :  D:\Work\ARYA-WMS-SHOPPIE\ANG19\wmshopee\dist\wmshopee\server\data\admdb.sqlite
[2025-07-28 00:25:30] INFO: INI ALAMAT TABLENYA :  D:\Work\ARYA-WMS-SHOPPIE\ANG19\wmshopee\.angular\prerender-root\6558b692-12ca-4a00-bfcd-be508a55b714\data\admdb.sqlite
[2025-07-28 00:25:32] INFO: INI ALAMAT TABLENYA :  D:\Work\ARYA-WMS-SHOPPIE\ANG19\wmshopee\.angular\prerender-root\25c39748-846c-4581-bbeb-1f6ccb789664\data\admdb.sqlite
[2025-07-28 00:25:32] INFO: INI ALAMAT TABLENYA :  D:\Work\ARYA-WMS-SHOPPIE\ANG19\wmshopee\.angular\prerender-root\2194d388-4867-4fca-ace4-6481a4dd28b3\data\admdb.sqlite
[2025-07-28 00:25:32] INFO: INI ALAMAT TABLENYA :  D:\Work\ARYA-WMS-SHOPPIE\ANG19\wmshopee\.angular\prerender-root\4b72a187-446c-4354-9dd4-49704942ee6f\data\admdb.sqlite
[2025-07-28 00:25:37] INFO: INI ALAMAT TABLENYA :  D:\Work\ARYA-WMS-SHOPPIE\ANG19\wmshopee\dist\wmshopee\server\data\admdb.sqlite
[2025-07-28 00:25:43] INFO: Data datepick :  2025-07-27
[2025-07-28 00:25:43] ERROR: Error auth.controller :  {}
[2025-07-28 00:28:05] INFO: INI ALAMAT TABLENYA :  D:\Work\ARYA-WMS-SHOPPIE\ANG19\wmshopee\.angular\prerender-root\30ddee0c-adbd-4620-bc27-ce3676d79e15\data\admdb.sqlite
[2025-07-28 00:28:06] INFO: INI ALAMAT TABLENYA :  D:\Work\ARYA-WMS-SHOPPIE\ANG19\wmshopee\.angular\prerender-root\232aef0a-441b-47a5-9a77-6de44b76cb8e\data\admdb.sqlite
[2025-07-28 00:28:06] INFO: INI ALAMAT TABLENYA :  D:\Work\ARYA-WMS-SHOPPIE\ANG19\wmshopee\.angular\prerender-root\54ea07f2-6a67-4ef9-9b13-c08e815f735e\data\admdb.sqlite
[2025-07-28 00:28:06] INFO: INI ALAMAT TABLENYA :  D:\Work\ARYA-WMS-SHOPPIE\ANG19\wmshopee\.angular\prerender-root\2008a436-57b5-482e-be91-15d01fc7ddc1\data\admdb.sqlite
[2025-07-28 00:28:13] INFO: INI ALAMAT TABLENYA :  D:\Work\ARYA-WMS-SHOPPIE\ANG19\wmshopee\dist\wmshopee\server\data\admdb.sqlite
[2025-07-28 00:28:19] INFO: Data datepick :  2025-07-27
[2025-07-28 00:28:20] ERROR: Error auth.controller :  {}
[2025-07-28 00:29:56] INFO: INI ALAMAT TABLENYA :  D:\Work\ARYA-WMS-SHOPPIE\ANG19\wmshopee\.angular\prerender-root\8aef7755-1b60-47d4-b8da-8707fc20f3f2\data\admdb.sqlite
[2025-07-28 00:29:57] INFO: INI ALAMAT TABLENYA :  D:\Work\ARYA-WMS-SHOPPIE\ANG19\wmshopee\.angular\prerender-root\4876cf8d-390a-4f49-b045-e31fee0af9a3\data\admdb.sqlite
[2025-07-28 00:29:57] INFO: INI ALAMAT TABLENYA :  D:\Work\ARYA-WMS-SHOPPIE\ANG19\wmshopee\.angular\prerender-root\d747efff-b883-42cc-925f-5aa5820ca8db\data\admdb.sqlite
[2025-07-28 00:29:57] INFO: INI ALAMAT TABLENYA :  D:\Work\ARYA-WMS-SHOPPIE\ANG19\wmshopee\.angular\prerender-root\98bdabb3-5487-4655-9680-c8f990509aaa\data\admdb.sqlite
[2025-07-28 00:30:04] INFO: INI ALAMAT TABLENYA :  D:\Work\ARYA-WMS-SHOPPIE\ANG19\wmshopee\dist\wmshopee\server\data\admdb.sqlite
[2025-07-28 00:30:11] INFO: Data datepick :  2025-07-27
[2025-07-28 00:30:12] ERROR: Error auth.controller :  {}
[2025-07-28 00:33:17] INFO: INI ALAMAT TABLENYA :  D:\Work\ARYA-WMS-SHOPPIE\ANG19\wmshopee\.angular\prerender-root\52cb15f9-50e7-4610-91d8-789f2261c9d4\data\admdb.sqlite
[2025-07-28 00:33:19] INFO: INI ALAMAT TABLENYA :  D:\Work\ARYA-WMS-SHOPPIE\ANG19\wmshopee\.angular\prerender-root\34744c4c-dd4e-4edb-aab0-f2ee99c04cd8\data\admdb.sqlite
[2025-07-28 00:33:19] INFO: INI ALAMAT TABLENYA :  D:\Work\ARYA-WMS-SHOPPIE\ANG19\wmshopee\.angular\prerender-root\3fc857ef-9e9d-4e47-b671-86a2d7fcd9b1\data\admdb.sqlite
[2025-07-28 00:33:19] INFO: INI ALAMAT TABLENYA :  D:\Work\ARYA-WMS-SHOPPIE\ANG19\wmshopee\.angular\prerender-root\62da9c09-48a9-4cc0-aa6d-8f1dcf973bca\data\admdb.sqlite
[2025-07-28 00:33:24] INFO: INI ALAMAT TABLENYA :  D:\Work\ARYA-WMS-SHOPPIE\ANG19\wmshopee\dist\wmshopee\server\data\admdb.sqlite
[2025-07-28 00:33:30] INFO: Data datepick :  2025-07-27
[2025-07-28 00:33:31] ERROR: Error auth.controller :  {}
[2025-07-28 00:40:07] INFO: INI ALAMAT TABLENYA :  D:\Work\ARYA-WMS-SHOPPIE\ANG19\wmshopee\.angular\prerender-root\b30c899d-d556-4022-8e0a-9df89935b663\data\admdb.sqlite
[2025-07-28 00:40:08] INFO: INI ALAMAT TABLENYA :  D:\Work\ARYA-WMS-SHOPPIE\ANG19\wmshopee\.angular\prerender-root\db342b95-58d5-4f3a-b7b9-8656826e0cd5\data\admdb.sqlite
[2025-07-28 00:40:08] INFO: INI ALAMAT TABLENYA :  D:\Work\ARYA-WMS-SHOPPIE\ANG19\wmshopee\.angular\prerender-root\d31db1d4-8246-4739-8c9c-e75eb52d03b9\data\admdb.sqlite
[2025-07-28 00:40:08] INFO: INI ALAMAT TABLENYA :  D:\Work\ARYA-WMS-SHOPPIE\ANG19\wmshopee\.angular\prerender-root\a953a8ba-2c58-4e0f-a303-6ecd30d21e92\data\admdb.sqlite
[2025-07-28 00:40:20] INFO: INI ALAMAT TABLENYA :  D:\Work\ARYA-WMS-SHOPPIE\ANG19\wmshopee\dist\wmshopee\server\data\admdb.sqlite
[2025-07-28 00:40:24] INFO: Data datepick :  2025-07-27
[2025-07-28 00:40:24] INFO: SIGN TS :  cd66d6c9ffb4733d10443c6b25384b9e849bc012767741627733a53dfc78e6dd
[2025-07-28 00:40:25] ERROR: Error auth.controller :  {}
[2025-07-28 00:41:32] INFO: INI ALAMAT TABLENYA :  D:\Work\ARYA-WMS-SHOPPIE\ANG19\wmshopee\.angular\prerender-root\76e5e878-fe4b-42e0-97aa-70b50cce6590\data\admdb.sqlite
[2025-07-28 00:41:33] INFO: INI ALAMAT TABLENYA :  D:\Work\ARYA-WMS-SHOPPIE\ANG19\wmshopee\.angular\prerender-root\69f7b974-fe8d-438b-86c7-ca7cc52c0589\data\admdb.sqlite
[2025-07-28 00:41:33] INFO: INI ALAMAT TABLENYA :  D:\Work\ARYA-WMS-SHOPPIE\ANG19\wmshopee\.angular\prerender-root\acf64543-311a-4498-935f-afcdb697e3a6\data\admdb.sqlite
[2025-07-28 00:41:33] INFO: INI ALAMAT TABLENYA :  D:\Work\ARYA-WMS-SHOPPIE\ANG19\wmshopee\.angular\prerender-root\93a375b9-2661-43e8-ac7b-fc75c5a3a71f\data\admdb.sqlite
[2025-07-28 00:41:42] INFO: INI ALAMAT TABLENYA :  D:\Work\ARYA-WMS-SHOPPIE\ANG19\wmshopee\dist\wmshopee\server\data\admdb.sqlite
[2025-07-28 00:41:48] INFO: Data datepick :  2025-07-27
[2025-07-28 00:41:48] INFO: SIGN TS :  4d8810b2f4f50eaf20d37d8559737d392d04b5f362074bacf81c978a6fa77578
[2025-07-28 00:41:49] ERROR: Error auth.controller :  {}
[2025-07-28 00:43:07] INFO: INI ALAMAT TABLENYA :  D:\Work\ARYA-WMS-SHOPPIE\ANG19\wmshopee\.angular\prerender-root\99c612f6-f55b-4e93-99b7-e53176309096\data\admdb.sqlite
[2025-07-28 00:43:09] INFO: INI ALAMAT TABLENYA :  D:\Work\ARYA-WMS-SHOPPIE\ANG19\wmshopee\.angular\prerender-root\56724fd3-a1b7-4e37-b4c7-5fe8ec28904a\data\admdb.sqlite
[2025-07-28 00:43:09] INFO: INI ALAMAT TABLENYA :  D:\Work\ARYA-WMS-SHOPPIE\ANG19\wmshopee\.angular\prerender-root\082703b6-f701-48ec-acb0-ce163850482e\data\admdb.sqlite
[2025-07-28 00:43:09] INFO: INI ALAMAT TABLENYA :  D:\Work\ARYA-WMS-SHOPPIE\ANG19\wmshopee\.angular\prerender-root\d44349d6-d6cb-4a5b-9e74-64186bb30ab0\data\admdb.sqlite
[2025-07-28 00:43:14] INFO: INI ALAMAT TABLENYA :  D:\Work\ARYA-WMS-SHOPPIE\ANG19\wmshopee\dist\wmshopee\server\data\admdb.sqlite
[2025-07-28 00:43:18] INFO: Data datepick :  2025-07-27
[2025-07-28 00:43:18] INFO: SIGN TS :  cd66d6c9ffb4733d10443c6b25384b9e849bc012767741627733a53dfc78e6dd
[2025-07-28 00:43:18] ERROR: Error auth.controller :  {}
[2025-07-28 00:44:25] INFO: INI ALAMAT TABLENYA :  D:\Work\ARYA-WMS-SHOPPIE\ANG19\wmshopee\.angular\prerender-root\ae0fb9c2-2712-4eec-bde0-dc75c082e8f1\data\admdb.sqlite
[2025-07-28 00:44:26] INFO: INI ALAMAT TABLENYA :  D:\Work\ARYA-WMS-SHOPPIE\ANG19\wmshopee\.angular\prerender-root\bb15060f-802d-4cbc-b588-1586c656ac7f\data\admdb.sqlite
[2025-07-28 00:44:26] INFO: INI ALAMAT TABLENYA :  D:\Work\ARYA-WMS-SHOPPIE\ANG19\wmshopee\.angular\prerender-root\fbe169e5-a42a-4fed-954e-db60db81c749\data\admdb.sqlite
[2025-07-28 00:44:26] INFO: INI ALAMAT TABLENYA :  D:\Work\ARYA-WMS-SHOPPIE\ANG19\wmshopee\.angular\prerender-root\8fd63da1-a83e-493a-96ae-59e644c29fc3\data\admdb.sqlite
[2025-07-28 00:44:32] INFO: INI ALAMAT TABLENYA :  D:\Work\ARYA-WMS-SHOPPIE\ANG19\wmshopee\dist\wmshopee\server\data\admdb.sqlite
[2025-07-28 00:44:37] INFO: Data datepick :  2025-07-27
[2025-07-28 00:44:37] INFO: SIGN TS :  4d8810b2f4f50eaf20d37d8559737d392d04b5f362074bacf81c978a6fa77578
[2025-07-28 00:44:37] ERROR: Error auth.controller :  {}
[2025-07-28 00:45:04] INFO: INI ALAMAT TABLENYA :  D:\Work\ARYA-WMS-SHOPPIE\ANG19\wmshopee\.angular\prerender-root\e3758cda-597a-4337-94d3-25e34896e342\data\admdb.sqlite
[2025-07-28 00:45:06] INFO: INI ALAMAT TABLENYA :  D:\Work\ARYA-WMS-SHOPPIE\ANG19\wmshopee\.angular\prerender-root\6ee8b3e7-60b4-4f0e-b65d-22f8b4f6fcc1\data\admdb.sqlite
[2025-07-28 00:45:06] INFO: INI ALAMAT TABLENYA :  D:\Work\ARYA-WMS-SHOPPIE\ANG19\wmshopee\.angular\prerender-root\d4e1a71b-bfda-4a3c-947f-5508918ae22c\data\admdb.sqlite
[2025-07-28 00:45:06] INFO: INI ALAMAT TABLENYA :  D:\Work\ARYA-WMS-SHOPPIE\ANG19\wmshopee\.angular\prerender-root\d1406dee-c753-4e92-81de-b083cf8952a5\data\admdb.sqlite
[2025-07-28 00:45:12] INFO: INI ALAMAT TABLENYA :  D:\Work\ARYA-WMS-SHOPPIE\ANG19\wmshopee\dist\wmshopee\server\data\admdb.sqlite
[2025-07-28 00:45:18] INFO: Data datepick :  2025-07-27
[2025-07-28 00:45:18] INFO: SIGN TS :  4d8810b2f4f50eaf20d37d8559737d392d04b5f362074bacf81c978a6fa77578
[2025-07-28 00:45:18] ERROR: Error auth.controller :  {}
[2025-07-28 00:46:54] INFO: INI ALAMAT TABLENYA :  D:\Work\ARYA-WMS-SHOPPIE\ANG19\wmshopee\.angular\prerender-root\91ee079a-e542-4cd8-b5c0-1902767dd73f\data\admdb.sqlite
[2025-07-28 00:46:56] INFO: INI ALAMAT TABLENYA :  D:\Work\ARYA-WMS-SHOPPIE\ANG19\wmshopee\.angular\prerender-root\0a65c88a-7b51-4b5f-b475-a442cfad433e\data\admdb.sqlite
[2025-07-28 00:46:56] INFO: INI ALAMAT TABLENYA :  D:\Work\ARYA-WMS-SHOPPIE\ANG19\wmshopee\.angular\prerender-root\e111714f-958a-4d70-89ec-1b7bccd429b3\data\admdb.sqlite
[2025-07-28 00:46:56] INFO: INI ALAMAT TABLENYA :  D:\Work\ARYA-WMS-SHOPPIE\ANG19\wmshopee\.angular\prerender-root\20a5e10a-4f4e-4ed3-b641-2532030b6882\data\admdb.sqlite
[2025-07-28 00:47:08] INFO: INI ALAMAT TABLENYA :  D:\Work\ARYA-WMS-SHOPPIE\ANG19\wmshopee\dist\wmshopee\server\data\admdb.sqlite
[2025-07-28 00:47:13] INFO: Data datepick :  2025-07-27
[2025-07-28 00:47:13] INFO: SIGN TS :  4d8810b2f4f50eaf20d37d8559737d392d04b5f362074bacf81c978a6fa77578
[2025-07-28 00:47:13] ERROR: Error auth.controller :  {}
[2025-07-28 00:48:41] INFO: INI ALAMAT TABLENYA :  D:\Work\ARYA-WMS-SHOPPIE\ANG19\wmshopee\.angular\prerender-root\0f3b6600-1409-4851-bf36-818ae8b9e133\data\admdb.sqlite
[2025-07-28 00:48:42] INFO: INI ALAMAT TABLENYA :  D:\Work\ARYA-WMS-SHOPPIE\ANG19\wmshopee\.angular\prerender-root\de1c36ac-ba1e-4038-8a3f-68935601fe50\data\admdb.sqlite
[2025-07-28 00:48:42] INFO: INI ALAMAT TABLENYA :  D:\Work\ARYA-WMS-SHOPPIE\ANG19\wmshopee\.angular\prerender-root\b2c28c2c-6d44-4bcc-be6a-46d6e56b8667\data\admdb.sqlite
[2025-07-28 00:48:42] INFO: INI ALAMAT TABLENYA :  D:\Work\ARYA-WMS-SHOPPIE\ANG19\wmshopee\.angular\prerender-root\88346037-a633-4f6b-8f91-00a60f6b5705\data\admdb.sqlite
[2025-07-28 00:48:48] INFO: INI ALAMAT TABLENYA :  D:\Work\ARYA-WMS-SHOPPIE\ANG19\wmshopee\dist\wmshopee\server\data\admdb.sqlite
[2025-07-28 00:48:53] INFO: Data datepick :  2025-07-27
[2025-07-28 00:48:53] INFO: SIGN TS :  4d8810b2f4f50eaf20d37d8559737d392d04b5f362074bacf81c978a6fa77578
[2025-07-28 00:48:53] ERROR: Error auth.controller :  {}
[2025-07-28 00:50:26] INFO: INI ALAMAT TABLENYA :  D:\Work\ARYA-WMS-SHOPPIE\ANG19\wmshopee\.angular\prerender-root\7b5facee-3608-45fa-9ae7-553d89b4bdf2\data\admdb.sqlite
[2025-07-28 00:50:28] INFO: INI ALAMAT TABLENYA :  D:\Work\ARYA-WMS-SHOPPIE\ANG19\wmshopee\.angular\prerender-root\e929563e-e872-49b4-bc42-baa1a4637446\data\admdb.sqlite
[2025-07-28 00:50:28] INFO: INI ALAMAT TABLENYA :  D:\Work\ARYA-WMS-SHOPPIE\ANG19\wmshopee\.angular\prerender-root\d5863e49-4f8e-4d35-aa5e-4b9faa4af8f4\data\admdb.sqlite
[2025-07-28 00:50:28] INFO: INI ALAMAT TABLENYA :  D:\Work\ARYA-WMS-SHOPPIE\ANG19\wmshopee\.angular\prerender-root\4faf7cf2-5a6c-45c6-9cca-213f1b8f7d6d\data\admdb.sqlite
[2025-07-28 00:50:33] INFO: INI ALAMAT TABLENYA :  D:\Work\ARYA-WMS-SHOPPIE\ANG19\wmshopee\dist\wmshopee\server\data\admdb.sqlite
[2025-07-28 00:50:38] INFO: Data datepick :  2025-07-27
[2025-07-28 00:50:38] INFO: BASESTRING  2011942/api/v2/auth/access_token/get1753638638119070787
[2025-07-28 00:50:38] INFO: SIGN TS :  4d8810b2f4f50eaf20d37d8559737d392d04b5f362074bacf81c978a6fa77578
[2025-07-28 00:50:38] ERROR: Error auth.controller :  {}
[2025-07-28 00:51:27] INFO: INI ALAMAT TABLENYA :  D:\Work\ARYA-WMS-SHOPPIE\ANG19\wmshopee\.angular\prerender-root\afafda3d-ea6f-4327-bc3e-3077885ede69\data\admdb.sqlite
[2025-07-28 00:51:29] INFO: INI ALAMAT TABLENYA :  D:\Work\ARYA-WMS-SHOPPIE\ANG19\wmshopee\.angular\prerender-root\e7ff05f2-0866-4312-ae9b-1ff92a2843ce\data\admdb.sqlite
[2025-07-28 00:51:29] INFO: INI ALAMAT TABLENYA :  D:\Work\ARYA-WMS-SHOPPIE\ANG19\wmshopee\.angular\prerender-root\06437f2a-8b88-4ca0-89d4-e8ed0285fc13\data\admdb.sqlite
[2025-07-28 00:51:29] INFO: INI ALAMAT TABLENYA :  D:\Work\ARYA-WMS-SHOPPIE\ANG19\wmshopee\.angular\prerender-root\20e8f02f-a7cd-4081-bfbd-32301d95c95b\data\admdb.sqlite
[2025-07-28 00:51:34] INFO: INI ALAMAT TABLENYA :  D:\Work\ARYA-WMS-SHOPPIE\ANG19\wmshopee\dist\wmshopee\server\data\admdb.sqlite
[2025-07-28 00:51:37] INFO: Data datepick :  2025-07-27
[2025-07-28 00:51:37] INFO: BASESTRING  2011942/api/v2/auth/access_token/get1753638697119070787
[2025-07-28 00:51:37] INFO: SIGN TS :  f29e5d89e05923bfa7795a53b9d0e914800575550118f7b600b7649149c13d2c
[2025-07-28 00:51:38] ERROR: Error auth.controller :  {}
[2025-07-28 00:53:13] INFO: INI ALAMAT TABLENYA :  D:\Work\ARYA-WMS-SHOPPIE\ANG19\wmshopee\.angular\prerender-root\e31430c5-2fbe-4ab4-a0a2-3e8abd3d6e74\data\admdb.sqlite
[2025-07-28 00:53:14] INFO: INI ALAMAT TABLENYA :  D:\Work\ARYA-WMS-SHOPPIE\ANG19\wmshopee\.angular\prerender-root\86dc4c36-35b0-4594-a17d-031e6d284630\data\admdb.sqlite
[2025-07-28 00:53:14] INFO: INI ALAMAT TABLENYA :  D:\Work\ARYA-WMS-SHOPPIE\ANG19\wmshopee\.angular\prerender-root\eb9bea67-23c5-4d27-abb4-8a0e9ea29112\data\admdb.sqlite
[2025-07-28 00:53:14] INFO: INI ALAMAT TABLENYA :  D:\Work\ARYA-WMS-SHOPPIE\ANG19\wmshopee\.angular\prerender-root\c5053920-20ef-49c7-bea7-67f17b537788\data\admdb.sqlite
[2025-07-28 00:53:20] INFO: INI ALAMAT TABLENYA :  D:\Work\ARYA-WMS-SHOPPIE\ANG19\wmshopee\dist\wmshopee\server\data\admdb.sqlite
[2025-07-28 00:53:24] INFO: Data datepick :  2025-07-27
[2025-07-28 00:53:24] INFO: BASESTRING  2011942/api/v2/auth/access_token/get1753638804119070787
[2025-07-28 00:53:24] INFO: SIGN TS :  f29e5d89e05923bfa7795a53b9d0e914800575550118f7b600b7649149c13d2c
[2025-07-28 00:53:24] ERROR: Error auth.controller :  {}
[2025-07-28 00:55:36] INFO: INI ALAMAT TABLENYA :  D:\Work\ARYA-WMS-SHOPPIE\ANG19\wmshopee\.angular\prerender-root\8acfd99d-1666-44f9-9550-0348a336e8e6\data\admdb.sqlite
[2025-07-28 00:55:38] INFO: INI ALAMAT TABLENYA :  D:\Work\ARYA-WMS-SHOPPIE\ANG19\wmshopee\.angular\prerender-root\5ac53709-7732-4f62-a3ae-0172559bca81\data\admdb.sqlite
[2025-07-28 00:55:38] INFO: INI ALAMAT TABLENYA :  D:\Work\ARYA-WMS-SHOPPIE\ANG19\wmshopee\.angular\prerender-root\22b50a7b-789f-456d-a2b0-e82d81973d41\data\admdb.sqlite
[2025-07-28 00:55:38] INFO: INI ALAMAT TABLENYA :  D:\Work\ARYA-WMS-SHOPPIE\ANG19\wmshopee\.angular\prerender-root\1d89a09f-a894-4bd3-ade4-c7af516ba98a\data\admdb.sqlite
[2025-07-28 00:55:43] INFO: INI ALAMAT TABLENYA :  D:\Work\ARYA-WMS-SHOPPIE\ANG19\wmshopee\dist\wmshopee\server\data\admdb.sqlite
[2025-07-28 00:56:04] INFO: Data datepick :  2025-07-27
[2025-07-28 00:56:05] INFO: BASESTRING  2011942/api/v2/auth/access_token/get1753638965119070787
[2025-07-28 00:56:05] INFO: SIGN TS :  f29e5d89e05923bfa7795a53b9d0e914800575550118f7b600b7649149c13d2c
[2025-07-28 00:56:05] ERROR: Error auth.controller :  {}
[2025-07-28 01:04:53] INFO: INI ALAMAT TABLENYA :  D:\Work\ARYA-WMS-SHOPPIE\ANG19\wmshopee\.angular\prerender-root\6204aebe-78b5-45cb-ba05-b07c457c8cf6\data\admdb.sqlite
[2025-07-28 01:04:55] INFO: INI ALAMAT TABLENYA :  D:\Work\ARYA-WMS-SHOPPIE\ANG19\wmshopee\.angular\prerender-root\e054bccf-5732-4549-acdc-c270cbe20590\data\admdb.sqlite
[2025-07-28 01:04:55] INFO: INI ALAMAT TABLENYA :  D:\Work\ARYA-WMS-SHOPPIE\ANG19\wmshopee\.angular\prerender-root\7d2270ec-9e5b-4177-97bc-0fe5c54bfb5d\data\admdb.sqlite
[2025-07-28 01:04:55] INFO: INI ALAMAT TABLENYA :  D:\Work\ARYA-WMS-SHOPPIE\ANG19\wmshopee\.angular\prerender-root\522acb88-9ee6-4091-8d07-989a99fc6e10\data\admdb.sqlite
[2025-07-28 01:05:02] INFO: INI ALAMAT TABLENYA :  D:\Work\ARYA-WMS-SHOPPIE\ANG19\wmshopee\dist\wmshopee\server\data\admdb.sqlite
[2025-07-28 01:05:07] INFO: Data datepick :  2025-07-27
[2025-07-28 01:05:07] INFO: BASESTRING  2011942/api/v2/auth/access_token/get1753639221119070787
[2025-07-28 01:05:07] INFO: SIGN TS :  176925eed67e9565669a689145ec9d6cee60c2f9d8b4f408d3777439a36984ce
[2025-07-28 01:05:07] ERROR: Error auth.controller :  {}
[2025-07-28 01:06:03] INFO: INI ALAMAT TABLENYA :  D:\Work\ARYA-WMS-SHOPPIE\ANG19\wmshopee\.angular\prerender-root\d0e4805b-dd1e-48c1-8a34-2b8c8d6185c4\data\admdb.sqlite
[2025-07-28 01:06:04] INFO: INI ALAMAT TABLENYA :  D:\Work\ARYA-WMS-SHOPPIE\ANG19\wmshopee\.angular\prerender-root\c4d29a91-4878-4bab-99f5-de260c1778df\data\admdb.sqlite
[2025-07-28 01:06:04] INFO: INI ALAMAT TABLENYA :  D:\Work\ARYA-WMS-SHOPPIE\ANG19\wmshopee\.angular\prerender-root\f30111ea-2e9f-4698-af9f-293365e745cd\data\admdb.sqlite
[2025-07-28 01:06:04] INFO: INI ALAMAT TABLENYA :  D:\Work\ARYA-WMS-SHOPPIE\ANG19\wmshopee\.angular\prerender-root\3b0e9a89-3725-49be-a4d2-62046b803bab\data\admdb.sqlite
[2025-07-28 01:06:10] INFO: INI ALAMAT TABLENYA :  D:\Work\ARYA-WMS-SHOPPIE\ANG19\wmshopee\dist\wmshopee\server\data\admdb.sqlite
[2025-07-28 01:06:15] INFO: Data datepick :  2025-07-27
[2025-07-28 01:06:15] INFO: BASESTRING  2011942/api/v2/auth/access_token/get1753639221119070787
[2025-07-28 01:06:15] INFO: SIGN TS :  176925eed67e9565669a689145ec9d6cee60c2f9d8b4f408d3777439a36984ce
[2025-07-28 01:06:16] ERROR: Error auth.controller :  {}
[2025-07-28 01:10:29] INFO: INI ALAMAT TABLENYA :  D:\Work\ARYA-WMS-SHOPPIE\ANG19\wmshopee\.angular\prerender-root\c193f228-ff0a-4ed8-abf7-4f86a2f08848\data\admdb.sqlite
[2025-07-28 01:10:30] INFO: INI ALAMAT TABLENYA :  D:\Work\ARYA-WMS-SHOPPIE\ANG19\wmshopee\.angular\prerender-root\bf93907f-a09a-42ee-ad16-c26b60b27dd2\data\admdb.sqlite
[2025-07-28 01:10:30] INFO: INI ALAMAT TABLENYA :  D:\Work\ARYA-WMS-SHOPPIE\ANG19\wmshopee\.angular\prerender-root\cf157621-16bc-4a7e-a96b-0cee9e0bfdeb\data\admdb.sqlite
[2025-07-28 01:10:30] INFO: INI ALAMAT TABLENYA :  D:\Work\ARYA-WMS-SHOPPIE\ANG19\wmshopee\.angular\prerender-root\fc801dd7-ad1f-4f35-91d7-66dc32560572\data\admdb.sqlite
[2025-07-28 01:10:41] INFO: INI ALAMAT TABLENYA :  D:\Work\ARYA-WMS-SHOPPIE\ANG19\wmshopee\dist\wmshopee\server\data\admdb.sqlite
[2025-07-28 01:10:47] INFO: Data datepick :  2025-07-27
[2025-07-28 01:10:47] INFO: BASESTRING  2011942/api/v2/auth/access_token/get1753639686
[2025-07-28 01:10:47] INFO: SIGN TS :  5b0d59eaa31d95b9bd881d3904bd27dd9c16b442d35858701b16e37df104106e
[2025-07-28 01:10:47] ERROR: Error auth.controller :  {}
[2025-07-28 01:12:38] INFO: INI ALAMAT TABLENYA :  D:\Work\ARYA-WMS-SHOPPIE\ANG19\wmshopee\.angular\prerender-root\8bfe1ccc-0ee4-4f4a-9eb1-9cbf7f1172fb\data\admdb.sqlite
[2025-07-28 01:12:39] INFO: INI ALAMAT TABLENYA :  D:\Work\ARYA-WMS-SHOPPIE\ANG19\wmshopee\.angular\prerender-root\1472c2e5-9f07-43b0-8ce4-7f39ae64cf3e\data\admdb.sqlite
[2025-07-28 01:12:39] INFO: INI ALAMAT TABLENYA :  D:\Work\ARYA-WMS-SHOPPIE\ANG19\wmshopee\.angular\prerender-root\90d823eb-1380-488f-ab63-e1f9eb3e9e11\data\admdb.sqlite
[2025-07-28 01:12:39] INFO: INI ALAMAT TABLENYA :  D:\Work\ARYA-WMS-SHOPPIE\ANG19\wmshopee\.angular\prerender-root\d6d02478-241a-466f-9e6b-7341a1c223ef\data\admdb.sqlite
[2025-07-28 01:12:45] INFO: INI ALAMAT TABLENYA :  D:\Work\ARYA-WMS-SHOPPIE\ANG19\wmshopee\dist\wmshopee\server\data\admdb.sqlite
[2025-07-28 01:13:01] INFO: Data datepick :  2025-07-27
[2025-07-28 01:13:01] INFO: BASESTRING  2011942/api/v2/auth/access_token/get1753639981119070787119070787
[2025-07-28 01:13:02] ERROR: Error auth.controller :  {}
[2025-07-28 01:14:11] INFO: INI ALAMAT TABLENYA :  D:\Work\ARYA-WMS-SHOPPIE\ANG19\wmshopee\.angular\prerender-root\31a27a00-dd72-473e-8663-3f892d69e2a3\data\admdb.sqlite
[2025-07-28 01:14:12] INFO: INI ALAMAT TABLENYA :  D:\Work\ARYA-WMS-SHOPPIE\ANG19\wmshopee\.angular\prerender-root\82f80685-afd7-4693-ad9e-189e0ffee141\data\admdb.sqlite
[2025-07-28 01:14:12] INFO: INI ALAMAT TABLENYA :  D:\Work\ARYA-WMS-SHOPPIE\ANG19\wmshopee\.angular\prerender-root\91695719-006c-4d43-98af-f8750214a0ed\data\admdb.sqlite
[2025-07-28 01:14:12] INFO: INI ALAMAT TABLENYA :  D:\Work\ARYA-WMS-SHOPPIE\ANG19\wmshopee\.angular\prerender-root\1e61b4af-bf2e-4b4a-b639-78b1579eca6d\data\admdb.sqlite
[2025-07-28 01:14:18] INFO: INI ALAMAT TABLENYA :  D:\Work\ARYA-WMS-SHOPPIE\ANG19\wmshopee\dist\wmshopee\server\data\admdb.sqlite
[2025-07-28 01:14:26] INFO: Data datepick :  2025-07-27
[2025-07-28 01:14:27] INFO: BASESTRING  2011942/api/v2/auth/access_token/get1753640067
[2025-07-28 01:14:27] INFO: Data order list :  undefined
[2025-07-28 11:16:53] INFO: INI ALAMAT TABLENYA :  D:\Work\ARYA-WMS-SHOPPIE\ANG19\wmshopee\.angular\prerender-root\9db33f9d-2a8f-41a1-89c9-644ad5381611\data\admdb.sqlite
[2025-07-28 11:17:00] INFO: INI ALAMAT TABLENYA :  D:\Work\ARYA-WMS-SHOPPIE\ANG19\wmshopee\.angular\prerender-root\72149e7f-dd94-4b40-9ff9-28f67ad85b73\data\admdb.sqlite
[2025-07-28 11:17:00] INFO: INI ALAMAT TABLENYA :  D:\Work\ARYA-WMS-SHOPPIE\ANG19\wmshopee\.angular\prerender-root\eceb91f2-25ad-4d5f-ad1a-58f2c55d716b\data\admdb.sqlite
[2025-07-28 11:17:00] INFO: INI ALAMAT TABLENYA :  D:\Work\ARYA-WMS-SHOPPIE\ANG19\wmshopee\.angular\prerender-root\8fbfaf89-6c1e-4174-ac21-1500ad96338e\data\admdb.sqlite
[2025-07-28 11:17:21] INFO: INI ALAMAT TABLENYA :  D:\Work\ARYA-WMS-SHOPPIE\ANG19\wmshopee\dist\wmshopee\server\data\admdb.sqlite
[2025-07-28 11:17:45] INFO: Data datepick :  2025-07-28
[2025-07-28 11:17:45] INFO: Data order list :  undefined
[2025-07-28 11:20:53] INFO: INI ALAMAT TABLENYA :  D:\Work\ARYA-WMS-SHOPPIE\ANG19\wmshopee\.angular\prerender-root\b169bf94-d77f-481c-8e22-e46079cb3761\data\admdb.sqlite
[2025-07-28 11:20:55] INFO: INI ALAMAT TABLENYA :  D:\Work\ARYA-WMS-SHOPPIE\ANG19\wmshopee\.angular\prerender-root\82cdcd0d-058a-4ba2-a630-d483bd0e85f6\data\admdb.sqlite
[2025-07-28 11:20:55] INFO: INI ALAMAT TABLENYA :  D:\Work\ARYA-WMS-SHOPPIE\ANG19\wmshopee\.angular\prerender-root\2b174d0b-9d7a-4044-8263-881eeae2117f\data\admdb.sqlite
[2025-07-28 11:20:55] INFO: INI ALAMAT TABLENYA :  D:\Work\ARYA-WMS-SHOPPIE\ANG19\wmshopee\.angular\prerender-root\bc899fb8-8d70-4a75-a042-c144b0bc548f\data\admdb.sqlite
[2025-07-28 11:21:07] INFO: INI ALAMAT TABLENYA :  D:\Work\ARYA-WMS-SHOPPIE\ANG19\wmshopee\dist\wmshopee\server\data\admdb.sqlite
[2025-07-28 11:21:22] INFO: Data datepick :  2025-07-28
[2025-07-28 11:21:22] INFO: Data order list :  undefined
[2025-07-28 11:38:51] INFO: INI ALAMAT TABLENYA :  D:\Work\ARYA-WMS-SHOPPIE\ANG19\wmshopee\.angular\prerender-root\b93dd716-b948-4c50-9134-87bf2452c421\data\admdb.sqlite
[2025-07-28 11:39:01] INFO: INI ALAMAT TABLENYA :  D:\Work\ARYA-WMS-SHOPPIE\ANG19\wmshopee\.angular\prerender-root\9c3d621a-c691-4a86-b4f9-b292b15bba56\data\admdb.sqlite
[2025-07-28 11:39:01] INFO: INI ALAMAT TABLENYA :  D:\Work\ARYA-WMS-SHOPPIE\ANG19\wmshopee\.angular\prerender-root\44292817-f62e-4472-b4ff-039dfbcbc450\data\admdb.sqlite
[2025-07-28 11:39:01] INFO: INI ALAMAT TABLENYA :  D:\Work\ARYA-WMS-SHOPPIE\ANG19\wmshopee\.angular\prerender-root\ad8716ac-19c2-4698-ae2c-f19baba4080b\data\admdb.sqlite
[2025-07-28 11:42:43] INFO: INI ALAMAT TABLENYA :  D:\Work\ARYA-WMS-SHOPPIE\ANG19\wmshopee\.angular\prerender-root\9f34eb8c-709d-463e-b8c0-3df5aefd89e0\data\admdb.sqlite
[2025-07-28 11:42:45] INFO: INI ALAMAT TABLENYA :  D:\Work\ARYA-WMS-SHOPPIE\ANG19\wmshopee\.angular\prerender-root\33f75511-9903-443b-bf81-f2d53e9ec231\data\admdb.sqlite
[2025-07-28 11:42:45] INFO: INI ALAMAT TABLENYA :  D:\Work\ARYA-WMS-SHOPPIE\ANG19\wmshopee\.angular\prerender-root\ab212b3d-275d-44a4-ab6a-dffceb8ff678\data\admdb.sqlite
[2025-07-28 11:42:45] INFO: INI ALAMAT TABLENYA :  D:\Work\ARYA-WMS-SHOPPIE\ANG19\wmshopee\.angular\prerender-root\e55ae547-b7e4-4c98-8b7c-370537df0ea0\data\admdb.sqlite
[2025-07-28 11:42:52] INFO: INI ALAMAT TABLENYA :  D:\Work\ARYA-WMS-SHOPPIE\ANG19\wmshopee\dist\wmshopee\server\data\admdb.sqlite
[2025-07-28 11:43:17] INFO: Data datepick :  2025-07-28
[2025-07-28 11:43:17] ERROR: Error auth.controller :  {}
[2025-07-28 11:48:22] INFO: INI ALAMAT TABLENYA :  D:\Work\ARYA-WMS-SHOPPIE\ANG19\wmshopee\.angular\prerender-root\f7e520cc-90a3-4c8d-8511-61f80d69a92c\data\admdb.sqlite
[2025-07-28 11:48:25] INFO: INI ALAMAT TABLENYA :  D:\Work\ARYA-WMS-SHOPPIE\ANG19\wmshopee\.angular\prerender-root\8142e30d-7cf2-4a8f-8d13-24b030e6a55d\data\admdb.sqlite
[2025-07-28 11:48:25] INFO: INI ALAMAT TABLENYA :  D:\Work\ARYA-WMS-SHOPPIE\ANG19\wmshopee\.angular\prerender-root\a0c516c0-1505-4a55-a8e7-e0ffa8400232\data\admdb.sqlite
[2025-07-28 11:48:25] INFO: INI ALAMAT TABLENYA :  D:\Work\ARYA-WMS-SHOPPIE\ANG19\wmshopee\.angular\prerender-root\6a7e75ea-304d-4fd4-9476-7a51622d597d\data\admdb.sqlite
