[2025-08-19 09:40:24] INFO: INI ALAMAT TABLENYA :  D:\Work\ARYA-WMS-SHOPPIE\ANG19\wmshopee\.angular\prerender-root\8ba8fc55-c0ea-4137-9029-6628e2092e0c\data\admdb.sqlite
[2025-08-19 09:40:34] INFO: INI ALAMAT TABLENYA :  D:\Work\ARYA-WMS-SHOPPIE\ANG19\wmshopee\.angular\prerender-root\d7a9e915-6e05-45cd-abcf-a408934a935b\data\admdb.sqlite
[2025-08-19 09:40:34] INFO: INI ALAMAT TABLENYA :  D:\Work\ARYA-WMS-SHOPPIE\ANG19\wmshopee\.angular\prerender-root\3cc09363-c146-47c3-b024-d3f5af5e219c\data\admdb.sqlite
[2025-08-19 09:40:34] INFO: INI ALAMAT TABLENYA :  D:\Work\ARYA-WMS-SHOPPIE\ANG19\wmshopee\.angular\prerender-root\50c16ff5-dee1-4f7e-8480-120ff88300b5\data\admdb.sqlite
[2025-08-19 09:40:34] INFO: INI ALAMAT TABLENYA :  D:\Work\ARYA-WMS-SHOPPIE\ANG19\wmshopee\.angular\prerender-root\e6c24126-3d06-4d41-a21d-816e71317f47\data\admdb.sqlite
[2025-08-19 09:40:55] INFO: INI ALAMAT TABLENYA :  D:\Work\ARYA-WMS-SHOPPIE\ANG19\wmshopee\dist\wmshopee\server\data\admdb.sqlite
[2025-08-19 09:41:08] INFO: ✅ Shopee refresh on fetchWithAuth Error: {"error":"invalid_acceess_token","message":"Invalid access_token, please have a check.","request_id":"e3e3e7f33caec9db623522805830d000"}
[2025-08-19 09:41:08] INFO: ✅ Shopee refresh on fetchWithAuth Error: {"error":"invalid_acceess_token","message":"Invalid access_token, please have a check.","request_id":"e3e3e7f33caec9db918e975057a40400"}
[2025-08-19 09:41:08] INFO: Update data token : 
[2025-08-19 09:41:08] INFO: Update data token : 
[2025-08-19 09:41:17] INFO: ✅ Sudah di List  68
[2025-08-19 09:41:17] INFO: ✅ package Sudah di List  {"order_sn":"2508186CQ5U5AQ","package_number":"OFG209219821249460"}
[2025-08-19 09:44:18] INFO: INI ALAMAT TABLENYA :  D:\Work\ARYA-WMS-SHOPPIE\ANG19\wmshopee\.angular\prerender-root\cf418d3a-03f0-40f9-8d93-b6c3f5cb5204\data\admdb.sqlite
[2025-08-19 09:44:19] INFO: INI ALAMAT TABLENYA :  D:\Work\ARYA-WMS-SHOPPIE\ANG19\wmshopee\.angular\prerender-root\81df9078-23b2-43bf-a407-b6136fe322a6\data\admdb.sqlite
[2025-08-19 09:44:19] INFO: INI ALAMAT TABLENYA :  D:\Work\ARYA-WMS-SHOPPIE\ANG19\wmshopee\.angular\prerender-root\55484f30-69a5-42a2-b5cd-369c7207340c\data\admdb.sqlite
[2025-08-19 09:44:19] INFO: INI ALAMAT TABLENYA :  D:\Work\ARYA-WMS-SHOPPIE\ANG19\wmshopee\.angular\prerender-root\a3f58867-a325-44f9-9dda-0378eb5272f9\data\admdb.sqlite
[2025-08-19 09:44:19] INFO: INI ALAMAT TABLENYA :  D:\Work\ARYA-WMS-SHOPPIE\ANG19\wmshopee\.angular\prerender-root\68e255e2-54d8-4d81-8102-358ec0ab093c\data\admdb.sqlite
[2025-08-19 09:44:25] INFO: INI ALAMAT TABLENYA :  D:\Work\ARYA-WMS-SHOPPIE\ANG19\wmshopee\dist\wmshopee\server\data\admdb.sqlite
[2025-08-19 09:47:25] INFO: INI ALAMAT TABLENYA :  D:\Work\ARYA-WMS-SHOPPIE\ANG19\wmshopee\.angular\prerender-root\1438fa8d-c862-4783-8ebc-597ff9523b3d\data\admdb.sqlite
[2025-08-19 09:47:27] INFO: INI ALAMAT TABLENYA :  D:\Work\ARYA-WMS-SHOPPIE\ANG19\wmshopee\.angular\prerender-root\5608d0c9-b642-4b84-a0ad-814d745c3ff5\data\admdb.sqlite
[2025-08-19 09:47:27] INFO: INI ALAMAT TABLENYA :  D:\Work\ARYA-WMS-SHOPPIE\ANG19\wmshopee\.angular\prerender-root\9b119559-2573-4c8c-a5dd-0d46e174575b\data\admdb.sqlite
[2025-08-19 09:47:27] INFO: INI ALAMAT TABLENYA :  D:\Work\ARYA-WMS-SHOPPIE\ANG19\wmshopee\.angular\prerender-root\7275904e-f099-43cc-a90d-1ed133f34b44\data\admdb.sqlite
[2025-08-19 09:47:27] INFO: INI ALAMAT TABLENYA :  D:\Work\ARYA-WMS-SHOPPIE\ANG19\wmshopee\.angular\prerender-root\0b3a9ef2-e347-40ac-9212-90fe732fc258\data\admdb.sqlite
[2025-08-19 09:47:35] INFO: INI ALAMAT TABLENYA :  D:\Work\ARYA-WMS-SHOPPIE\ANG19\wmshopee\dist\wmshopee\server\data\admdb.sqlite
[2025-08-19 09:52:47] INFO: INI ALAMAT TABLENYA :  D:\Work\ARYA-WMS-SHOPPIE\ANG19\wmshopee\.angular\prerender-root\ff470f78-27b5-450b-932e-e6881678b985\data\admdb.sqlite
[2025-08-19 09:52:56] INFO: INI ALAMAT TABLENYA :  D:\Work\ARYA-WMS-SHOPPIE\ANG19\wmshopee\.angular\prerender-root\a5fe7821-57db-4a92-a89f-575acad472b0\data\admdb.sqlite
[2025-08-19 09:52:56] INFO: INI ALAMAT TABLENYA :  D:\Work\ARYA-WMS-SHOPPIE\ANG19\wmshopee\.angular\prerender-root\46734391-47b9-498b-8586-994672b9dea3\data\admdb.sqlite
[2025-08-19 09:52:56] INFO: INI ALAMAT TABLENYA :  D:\Work\ARYA-WMS-SHOPPIE\ANG19\wmshopee\.angular\prerender-root\1b00cdd6-f55e-4c33-822d-388cb7d15fd5\data\admdb.sqlite
[2025-08-19 09:52:56] INFO: INI ALAMAT TABLENYA :  D:\Work\ARYA-WMS-SHOPPIE\ANG19\wmshopee\.angular\prerender-root\75cd182e-1436-45bd-bebd-56ffc05693da\data\admdb.sqlite
[2025-08-19 09:53:20] INFO: INI ALAMAT TABLENYA :  D:\Work\ARYA-WMS-SHOPPIE\ANG19\wmshopee\dist\wmshopee\server\data\admdb.sqlite
[2025-08-19 10:04:10] INFO: INI ALAMAT TABLENYA :  D:\Work\ARYA-WMS-SHOPPIE\ANG19\wmshopee\.angular\prerender-root\48b33fd8-29df-4332-a88a-bbbc2efa47d8\data\admdb.sqlite
[2025-08-19 10:04:12] INFO: INI ALAMAT TABLENYA :  D:\Work\ARYA-WMS-SHOPPIE\ANG19\wmshopee\.angular\prerender-root\88558f17-4347-4300-8ded-c6b3c2b5362a\data\admdb.sqlite
[2025-08-19 10:04:12] INFO: INI ALAMAT TABLENYA :  D:\Work\ARYA-WMS-SHOPPIE\ANG19\wmshopee\.angular\prerender-root\a2445041-7d16-4969-97dd-df5d9d2f9c0b\data\admdb.sqlite
[2025-08-19 10:04:12] INFO: INI ALAMAT TABLENYA :  D:\Work\ARYA-WMS-SHOPPIE\ANG19\wmshopee\.angular\prerender-root\972c3709-7274-4a9b-aa00-61da31a2d079\data\admdb.sqlite
[2025-08-19 10:04:12] INFO: INI ALAMAT TABLENYA :  D:\Work\ARYA-WMS-SHOPPIE\ANG19\wmshopee\.angular\prerender-root\48c24b97-e870-4716-b374-e2727194a5c3\data\admdb.sqlite
[2025-08-19 10:04:21] INFO: INI ALAMAT TABLENYA :  D:\Work\ARYA-WMS-SHOPPIE\ANG19\wmshopee\dist\wmshopee\server\data\admdb.sqlite
[2025-08-19 10:05:50] INFO: INI ALAMAT TABLENYA :  D:\Work\ARYA-WMS-SHOPPIE\ANG19\wmshopee\.angular\prerender-root\975bb054-aea2-4c40-92df-9df0cb60dbc1\data\admdb.sqlite
[2025-08-19 10:05:51] INFO: INI ALAMAT TABLENYA :  D:\Work\ARYA-WMS-SHOPPIE\ANG19\wmshopee\.angular\prerender-root\0cf8a660-46f3-49b0-8e22-26730e801fb9\data\admdb.sqlite
[2025-08-19 10:05:51] INFO: INI ALAMAT TABLENYA :  D:\Work\ARYA-WMS-SHOPPIE\ANG19\wmshopee\.angular\prerender-root\80e87cae-8679-43a0-864d-6fd93ae70c2f\data\admdb.sqlite
[2025-08-19 10:05:51] INFO: INI ALAMAT TABLENYA :  D:\Work\ARYA-WMS-SHOPPIE\ANG19\wmshopee\.angular\prerender-root\b53cb8ad-6fcf-44c4-ac3e-2ed5f1e0196b\data\admdb.sqlite
[2025-08-19 10:05:51] INFO: INI ALAMAT TABLENYA :  D:\Work\ARYA-WMS-SHOPPIE\ANG19\wmshopee\.angular\prerender-root\cd923aac-553d-4e97-8918-ac5dd5903000\data\admdb.sqlite
[2025-08-19 10:05:59] INFO: INI ALAMAT TABLENYA :  D:\Work\ARYA-WMS-SHOPPIE\ANG19\wmshopee\dist\wmshopee\server\data\admdb.sqlite
[2025-08-19 10:09:35] INFO: INI ALAMAT TABLENYA :  D:\Work\ARYA-WMS-SHOPPIE\ANG19\wmshopee\.angular\prerender-root\78b4a1e5-06a2-4697-8371-dc48301ececf\data\admdb.sqlite
[2025-08-19 10:09:36] INFO: INI ALAMAT TABLENYA :  D:\Work\ARYA-WMS-SHOPPIE\ANG19\wmshopee\.angular\prerender-root\e511567f-b386-474c-9b24-23a37184eddb\data\admdb.sqlite
[2025-08-19 10:09:36] INFO: INI ALAMAT TABLENYA :  D:\Work\ARYA-WMS-SHOPPIE\ANG19\wmshopee\.angular\prerender-root\a3accb5c-503a-49a1-8d28-1b7bb91359ae\data\admdb.sqlite
[2025-08-19 10:09:36] INFO: INI ALAMAT TABLENYA :  D:\Work\ARYA-WMS-SHOPPIE\ANG19\wmshopee\.angular\prerender-root\35134ac8-05f6-4ce2-a0b9-307c6a9b304e\data\admdb.sqlite
[2025-08-19 10:09:36] INFO: INI ALAMAT TABLENYA :  D:\Work\ARYA-WMS-SHOPPIE\ANG19\wmshopee\.angular\prerender-root\3dba4b77-2309-47fd-b663-142b139dbe7a\data\admdb.sqlite
[2025-08-19 10:09:59] INFO: INI ALAMAT TABLENYA :  D:\Work\ARYA-WMS-SHOPPIE\ANG19\wmshopee\.angular\prerender-root\46de0819-72cc-4bf8-96c9-6251ac8684ca\data\admdb.sqlite
[2025-08-19 10:10:01] INFO: INI ALAMAT TABLENYA :  D:\Work\ARYA-WMS-SHOPPIE\ANG19\wmshopee\.angular\prerender-root\4af30f4a-77e3-421c-bf89-10484ae0e8ee\data\admdb.sqlite
[2025-08-19 10:10:01] INFO: INI ALAMAT TABLENYA :  D:\Work\ARYA-WMS-SHOPPIE\ANG19\wmshopee\.angular\prerender-root\75de7686-f1f3-430d-942a-c0d656e9dbea\data\admdb.sqlite
[2025-08-19 10:10:01] INFO: INI ALAMAT TABLENYA :  D:\Work\ARYA-WMS-SHOPPIE\ANG19\wmshopee\.angular\prerender-root\faeaee64-88cb-45b1-a305-e4954892fcd7\data\admdb.sqlite
[2025-08-19 10:10:01] INFO: INI ALAMAT TABLENYA :  D:\Work\ARYA-WMS-SHOPPIE\ANG19\wmshopee\.angular\prerender-root\46f412d7-c035-4dbe-aa1d-36d6a3d9f139\data\admdb.sqlite
[2025-08-19 10:10:19] INFO: INI ALAMAT TABLENYA :  D:\Work\ARYA-WMS-SHOPPIE\ANG19\wmshopee\dist\wmshopee\server\data\admdb.sqlite
[2025-08-19 10:16:43] INFO: INI ALAMAT TABLENYA :  D:\Work\ARYA-WMS-SHOPPIE\ANG19\wmshopee\.angular\prerender-root\a690e0fb-cd29-4c58-b4de-059360c9a103\data\admdb.sqlite
[2025-08-19 10:16:44] INFO: INI ALAMAT TABLENYA :  D:\Work\ARYA-WMS-SHOPPIE\ANG19\wmshopee\.angular\prerender-root\2d468661-1a0d-451c-8ccb-9f7723eb2063\data\admdb.sqlite
[2025-08-19 10:16:44] INFO: INI ALAMAT TABLENYA :  D:\Work\ARYA-WMS-SHOPPIE\ANG19\wmshopee\.angular\prerender-root\61ec4538-05a4-4bd3-946c-d60db2764c92\data\admdb.sqlite
[2025-08-19 10:16:44] INFO: INI ALAMAT TABLENYA :  D:\Work\ARYA-WMS-SHOPPIE\ANG19\wmshopee\.angular\prerender-root\d998103f-db51-4d50-86fb-2a01a075a511\data\admdb.sqlite
[2025-08-19 10:16:44] INFO: INI ALAMAT TABLENYA :  D:\Work\ARYA-WMS-SHOPPIE\ANG19\wmshopee\.angular\prerender-root\909f88f2-06cd-469f-89ad-37b204cfaed7\data\admdb.sqlite
[2025-08-19 10:16:53] INFO: INI ALAMAT TABLENYA :  D:\Work\ARYA-WMS-SHOPPIE\ANG19\wmshopee\dist\wmshopee\server\data\admdb.sqlite
[2025-08-19 10:18:36] INFO: INI ALAMAT TABLENYA :  D:\Work\ARYA-WMS-SHOPPIE\ANG19\wmshopee\.angular\prerender-root\3101131a-23ef-4528-826d-c10ab9c760a3\data\admdb.sqlite
[2025-08-19 10:18:37] INFO: INI ALAMAT TABLENYA :  D:\Work\ARYA-WMS-SHOPPIE\ANG19\wmshopee\.angular\prerender-root\44c2e04a-666f-432a-b62b-32491c65d3ba\data\admdb.sqlite
[2025-08-19 10:18:37] INFO: INI ALAMAT TABLENYA :  D:\Work\ARYA-WMS-SHOPPIE\ANG19\wmshopee\.angular\prerender-root\02081078-af19-4ae5-a226-cb397012a307\data\admdb.sqlite
[2025-08-19 10:18:37] INFO: INI ALAMAT TABLENYA :  D:\Work\ARYA-WMS-SHOPPIE\ANG19\wmshopee\.angular\prerender-root\5480a4c9-b3e8-4440-959d-716a23e99548\data\admdb.sqlite
[2025-08-19 10:18:37] INFO: INI ALAMAT TABLENYA :  D:\Work\ARYA-WMS-SHOPPIE\ANG19\wmshopee\.angular\prerender-root\80ae1ac8-42c4-42b7-952e-b8d9c035c61d\data\admdb.sqlite
[2025-08-19 10:18:44] INFO: INI ALAMAT TABLENYA :  D:\Work\ARYA-WMS-SHOPPIE\ANG19\wmshopee\dist\wmshopee\server\data\admdb.sqlite
[2025-08-19 10:19:55] INFO: INI ALAMAT TABLENYA :  D:\Work\ARYA-WMS-SHOPPIE\ANG19\wmshopee\.angular\prerender-root\81c7b3f5-9898-4665-b82b-a1e176db6484\data\admdb.sqlite
[2025-08-19 10:19:57] INFO: INI ALAMAT TABLENYA :  D:\Work\ARYA-WMS-SHOPPIE\ANG19\wmshopee\.angular\prerender-root\6be55af9-c62b-474c-b165-f63a808c7dd6\data\admdb.sqlite
[2025-08-19 10:19:57] INFO: INI ALAMAT TABLENYA :  D:\Work\ARYA-WMS-SHOPPIE\ANG19\wmshopee\.angular\prerender-root\9e912831-3647-4a34-97d5-17fe28037c1f\data\admdb.sqlite
[2025-08-19 10:19:57] INFO: INI ALAMAT TABLENYA :  D:\Work\ARYA-WMS-SHOPPIE\ANG19\wmshopee\.angular\prerender-root\20f910b2-aadd-40d5-8af8-9a67c7e5af34\data\admdb.sqlite
[2025-08-19 10:19:57] INFO: INI ALAMAT TABLENYA :  D:\Work\ARYA-WMS-SHOPPIE\ANG19\wmshopee\.angular\prerender-root\9f7af3cb-13f2-4c08-acc9-53e0cedcb10a\data\admdb.sqlite
[2025-08-19 10:20:07] INFO: INI ALAMAT TABLENYA :  D:\Work\ARYA-WMS-SHOPPIE\ANG19\wmshopee\dist\wmshopee\server\data\admdb.sqlite
[2025-08-19 10:23:40] INFO: INI ALAMAT TABLENYA :  D:\Work\ARYA-WMS-SHOPPIE\ANG19\wmshopee\.angular\prerender-root\ebfb1b50-f13a-4791-ba01-a5c0602abae8\data\admdb.sqlite
[2025-08-19 10:23:41] INFO: INI ALAMAT TABLENYA :  D:\Work\ARYA-WMS-SHOPPIE\ANG19\wmshopee\.angular\prerender-root\f0794ef9-31e6-4bd2-9e85-f200d3277407\data\admdb.sqlite
[2025-08-19 10:23:41] INFO: INI ALAMAT TABLENYA :  D:\Work\ARYA-WMS-SHOPPIE\ANG19\wmshopee\.angular\prerender-root\735e2b4a-8742-4ae1-bc98-ecb40e9651c5\data\admdb.sqlite
[2025-08-19 10:23:41] INFO: INI ALAMAT TABLENYA :  D:\Work\ARYA-WMS-SHOPPIE\ANG19\wmshopee\.angular\prerender-root\e46ebe73-5627-4109-87a7-548f393ff4bc\data\admdb.sqlite
[2025-08-19 10:23:41] INFO: INI ALAMAT TABLENYA :  D:\Work\ARYA-WMS-SHOPPIE\ANG19\wmshopee\.angular\prerender-root\50726b18-0059-47fd-b78f-3404e29ff8ce\data\admdb.sqlite
[2025-08-19 10:23:48] INFO: INI ALAMAT TABLENYA :  D:\Work\ARYA-WMS-SHOPPIE\ANG19\wmshopee\dist\wmshopee\server\data\admdb.sqlite
[2025-08-19 10:24:46] INFO: INI ALAMAT TABLENYA :  D:\Work\ARYA-WMS-SHOPPIE\ANG19\wmshopee\.angular\prerender-root\a0dc4ca3-e2d8-4d7b-9daa-5127f3cc3c51\data\admdb.sqlite
[2025-08-19 10:24:47] INFO: INI ALAMAT TABLENYA :  D:\Work\ARYA-WMS-SHOPPIE\ANG19\wmshopee\.angular\prerender-root\dc1aca33-7d20-4554-8180-04064db7fd86\data\admdb.sqlite
[2025-08-19 10:24:47] INFO: INI ALAMAT TABLENYA :  D:\Work\ARYA-WMS-SHOPPIE\ANG19\wmshopee\.angular\prerender-root\a9963f0c-3e42-443f-924a-10f95a82de77\data\admdb.sqlite
[2025-08-19 10:24:47] INFO: INI ALAMAT TABLENYA :  D:\Work\ARYA-WMS-SHOPPIE\ANG19\wmshopee\.angular\prerender-root\38b02048-9a61-47c2-9065-4367eda298d5\data\admdb.sqlite
[2025-08-19 10:24:47] INFO: INI ALAMAT TABLENYA :  D:\Work\ARYA-WMS-SHOPPIE\ANG19\wmshopee\.angular\prerender-root\7656303c-dc65-4f0d-b710-95a1aecb9f3e\data\admdb.sqlite
[2025-08-19 10:24:53] INFO: INI ALAMAT TABLENYA :  D:\Work\ARYA-WMS-SHOPPIE\ANG19\wmshopee\dist\wmshopee\server\data\admdb.sqlite
[2025-08-19 10:29:49] INFO: INI ALAMAT TABLENYA :  D:\Work\ARYA-WMS-SHOPPIE\ANG19\wmshopee\.angular\prerender-root\7f240808-5754-4dd4-9a43-8445b5582fb5\data\admdb.sqlite
[2025-08-19 10:29:50] INFO: INI ALAMAT TABLENYA :  D:\Work\ARYA-WMS-SHOPPIE\ANG19\wmshopee\.angular\prerender-root\6cae2d10-4fe6-45ee-920f-c8bf21b96c4e\data\admdb.sqlite
[2025-08-19 10:29:50] INFO: INI ALAMAT TABLENYA :  D:\Work\ARYA-WMS-SHOPPIE\ANG19\wmshopee\.angular\prerender-root\7ec9f5c6-c87b-400c-85d6-0dd3b38a528b\data\admdb.sqlite
[2025-08-19 10:29:50] INFO: INI ALAMAT TABLENYA :  D:\Work\ARYA-WMS-SHOPPIE\ANG19\wmshopee\.angular\prerender-root\4a4d0cc7-8a4f-4f11-98f1-493567851504\data\admdb.sqlite
[2025-08-19 10:29:50] INFO: INI ALAMAT TABLENYA :  D:\Work\ARYA-WMS-SHOPPIE\ANG19\wmshopee\.angular\prerender-root\37f57c8a-1235-49fa-8108-8218b488decc\data\admdb.sqlite
[2025-08-19 10:29:58] INFO: INI ALAMAT TABLENYA :  D:\Work\ARYA-WMS-SHOPPIE\ANG19\wmshopee\dist\wmshopee\server\data\admdb.sqlite
[2025-08-19 10:31:37] INFO: INI ALAMAT TABLENYA :  D:\Work\ARYA-WMS-SHOPPIE\ANG19\wmshopee\.angular\prerender-root\f0f5c9aa-c356-4ab3-97d4-3e103e886ceb\data\admdb.sqlite
[2025-08-19 10:31:38] INFO: INI ALAMAT TABLENYA :  D:\Work\ARYA-WMS-SHOPPIE\ANG19\wmshopee\.angular\prerender-root\a4ff4bfd-8303-4f82-bcbc-453c1ffd916f\data\admdb.sqlite
[2025-08-19 10:31:38] INFO: INI ALAMAT TABLENYA :  D:\Work\ARYA-WMS-SHOPPIE\ANG19\wmshopee\.angular\prerender-root\75a2d3dd-a25a-4fdc-9029-430610042e31\data\admdb.sqlite
[2025-08-19 10:31:38] INFO: INI ALAMAT TABLENYA :  D:\Work\ARYA-WMS-SHOPPIE\ANG19\wmshopee\.angular\prerender-root\5f1b8890-c6fe-4c72-9c51-f91b208caf17\data\admdb.sqlite
[2025-08-19 10:31:38] INFO: INI ALAMAT TABLENYA :  D:\Work\ARYA-WMS-SHOPPIE\ANG19\wmshopee\.angular\prerender-root\beb5110e-32e0-47b5-a401-64e747c46acb\data\admdb.sqlite
[2025-08-19 10:31:45] INFO: INI ALAMAT TABLENYA :  D:\Work\ARYA-WMS-SHOPPIE\ANG19\wmshopee\dist\wmshopee\server\data\admdb.sqlite
[2025-08-19 10:32:50] INFO: INI ALAMAT TABLENYA :  D:\Work\ARYA-WMS-SHOPPIE\ANG19\wmshopee\.angular\prerender-root\c69107f6-4a32-40b5-805a-69248d1e23da\data\admdb.sqlite
[2025-08-19 10:32:51] INFO: INI ALAMAT TABLENYA :  D:\Work\ARYA-WMS-SHOPPIE\ANG19\wmshopee\.angular\prerender-root\c7b09db9-f0df-4648-9191-3cf218a69875\data\admdb.sqlite
[2025-08-19 10:32:51] INFO: INI ALAMAT TABLENYA :  D:\Work\ARYA-WMS-SHOPPIE\ANG19\wmshopee\.angular\prerender-root\e6a7fc0e-5d1e-43ea-866d-ccf7c4fb06cc\data\admdb.sqlite
[2025-08-19 10:32:51] INFO: INI ALAMAT TABLENYA :  D:\Work\ARYA-WMS-SHOPPIE\ANG19\wmshopee\.angular\prerender-root\f7bd27fb-cc54-408d-8eb5-4f7a7dd31469\data\admdb.sqlite
[2025-08-19 10:32:51] INFO: INI ALAMAT TABLENYA :  D:\Work\ARYA-WMS-SHOPPIE\ANG19\wmshopee\.angular\prerender-root\7e5c5beb-227e-48b5-a361-02c9a9699d7e\data\admdb.sqlite
[2025-08-19 10:32:57] INFO: INI ALAMAT TABLENYA :  D:\Work\ARYA-WMS-SHOPPIE\ANG19\wmshopee\dist\wmshopee\server\data\admdb.sqlite
[2025-08-19 10:34:00] INFO: INI ALAMAT TABLENYA :  D:\Work\ARYA-WMS-SHOPPIE\ANG19\wmshopee\.angular\prerender-root\03c64891-04d5-4e05-bb0f-a5a59968cea8\data\admdb.sqlite
[2025-08-19 10:34:01] INFO: INI ALAMAT TABLENYA :  D:\Work\ARYA-WMS-SHOPPIE\ANG19\wmshopee\.angular\prerender-root\b7560077-6aa2-46de-b468-1ab5605644a3\data\admdb.sqlite
[2025-08-19 10:34:01] INFO: INI ALAMAT TABLENYA :  D:\Work\ARYA-WMS-SHOPPIE\ANG19\wmshopee\.angular\prerender-root\c2a0268c-08da-46c2-a7ad-9f1942491b2d\data\admdb.sqlite
[2025-08-19 10:34:01] INFO: INI ALAMAT TABLENYA :  D:\Work\ARYA-WMS-SHOPPIE\ANG19\wmshopee\.angular\prerender-root\de63c7d6-7bd2-47ef-8c8f-1bb609a928b1\data\admdb.sqlite
[2025-08-19 10:34:01] INFO: INI ALAMAT TABLENYA :  D:\Work\ARYA-WMS-SHOPPIE\ANG19\wmshopee\.angular\prerender-root\830375f8-fa62-4d26-9c7c-153e0c397694\data\admdb.sqlite
[2025-08-19 10:34:08] INFO: INI ALAMAT TABLENYA :  D:\Work\ARYA-WMS-SHOPPIE\ANG19\wmshopee\dist\wmshopee\server\data\admdb.sqlite
[2025-08-19 10:39:07] INFO: INI ALAMAT TABLENYA :  D:\Work\ARYA-WMS-SHOPPIE\ANG19\wmshopee\.angular\prerender-root\19cc4130-0e4d-48fe-86ec-7fa64457801b\data\admdb.sqlite
[2025-08-19 10:39:09] INFO: INI ALAMAT TABLENYA :  D:\Work\ARYA-WMS-SHOPPIE\ANG19\wmshopee\.angular\prerender-root\2983c89e-3f70-422c-9193-d6cfda3b2589\data\admdb.sqlite
[2025-08-19 10:39:09] INFO: INI ALAMAT TABLENYA :  D:\Work\ARYA-WMS-SHOPPIE\ANG19\wmshopee\.angular\prerender-root\a90d3ab5-6631-419f-9a0a-c5619057be69\data\admdb.sqlite
[2025-08-19 10:39:09] INFO: INI ALAMAT TABLENYA :  D:\Work\ARYA-WMS-SHOPPIE\ANG19\wmshopee\.angular\prerender-root\441b93c0-6d12-4fcc-8992-9262c372bf8b\data\admdb.sqlite
[2025-08-19 10:39:09] INFO: INI ALAMAT TABLENYA :  D:\Work\ARYA-WMS-SHOPPIE\ANG19\wmshopee\.angular\prerender-root\e815dc56-b9d8-45d4-a13c-865c457ad999\data\admdb.sqlite
[2025-08-19 10:39:15] INFO: INI ALAMAT TABLENYA :  D:\Work\ARYA-WMS-SHOPPIE\ANG19\wmshopee\dist\wmshopee\server\data\admdb.sqlite
[2025-08-19 10:40:57] INFO: INI ALAMAT TABLENYA :  D:\Work\ARYA-WMS-SHOPPIE\ANG19\wmshopee\.angular\prerender-root\e1df102b-a070-4b99-8bd9-2f3f141a78dc\data\admdb.sqlite
[2025-08-19 10:40:58] INFO: INI ALAMAT TABLENYA :  D:\Work\ARYA-WMS-SHOPPIE\ANG19\wmshopee\.angular\prerender-root\9d3035d7-0837-4391-9777-59a60d6df968\data\admdb.sqlite
[2025-08-19 10:40:58] INFO: INI ALAMAT TABLENYA :  D:\Work\ARYA-WMS-SHOPPIE\ANG19\wmshopee\.angular\prerender-root\b20fbd1a-7d20-4139-ae3d-6e8922a7b659\data\admdb.sqlite
[2025-08-19 10:40:58] INFO: INI ALAMAT TABLENYA :  D:\Work\ARYA-WMS-SHOPPIE\ANG19\wmshopee\.angular\prerender-root\e729f27e-dc5e-497e-ae9b-0b2dfc5dca72\data\admdb.sqlite
[2025-08-19 10:40:58] INFO: INI ALAMAT TABLENYA :  D:\Work\ARYA-WMS-SHOPPIE\ANG19\wmshopee\.angular\prerender-root\8766b619-2761-4526-b27d-d030803401bd\data\admdb.sqlite
[2025-08-19 10:41:05] INFO: INI ALAMAT TABLENYA :  D:\Work\ARYA-WMS-SHOPPIE\ANG19\wmshopee\dist\wmshopee\server\data\admdb.sqlite
