[2025-07-30 08:53:16] INFO: INI ALAMAT TABLENYA :  D:\Work\ARYA-WMS-SHOPPIE\ANG19\wmshopee\.angular\prerender-root\0d10bd8e-3029-496e-87db-7d0c40612f56\data\admdb.sqlite
[2025-07-30 08:53:30] INFO: INI ALAMAT TABLENYA :  D:\Work\ARYA-WMS-SHOPPIE\ANG19\wmshopee\.angular\prerender-root\82fd439f-05ad-4314-9563-f6652be84092\data\admdb.sqlite
[2025-07-30 08:53:30] INFO: INI ALAMAT TABLENYA :  D:\Work\ARYA-WMS-SHOPPIE\ANG19\wmshopee\.angular\prerender-root\93e0d945-ddf3-49cd-a6bc-89065fb38b8c\data\admdb.sqlite
[2025-07-30 08:53:30] INFO: INI ALAMAT TABLENYA :  D:\Work\ARYA-WMS-SHOPPIE\ANG19\wmshopee\.angular\prerender-root\ff3a38a7-d9f4-464f-97f7-5b4ba8664d98\data\admdb.sqlite
[2025-07-30 09:03:17] INFO: INI ALAMAT TABLENYA :  D:\Work\ARYA-WMS-SHOPPIE\ANG19\wmshopee\dist\wmshopee\server\data\admdb.sqlite
[2025-07-30 09:06:08] INFO: INI ALAMAT TABLENYA :  D:\Work\ARYA-WMS-SHOPPIE\ANG19\wmshopee\.angular\prerender-root\fd97df91-0996-486b-bd73-eeecf2610859\data\admdb.sqlite
[2025-07-30 09:06:17] INFO: INI ALAMAT TABLENYA :  D:\Work\ARYA-WMS-SHOPPIE\ANG19\wmshopee\.angular\prerender-root\e54052b4-7158-4cd9-8688-60e916b81852\data\admdb.sqlite
[2025-07-30 09:06:17] INFO: INI ALAMAT TABLENYA :  D:\Work\ARYA-WMS-SHOPPIE\ANG19\wmshopee\.angular\prerender-root\f9dfb0bd-698b-4145-a128-06eb1b69a3ee\data\admdb.sqlite
[2025-07-30 09:06:17] INFO: INI ALAMAT TABLENYA :  D:\Work\ARYA-WMS-SHOPPIE\ANG19\wmshopee\.angular\prerender-root\610aca78-5000-4270-bfae-46e05755842d\data\admdb.sqlite
[2025-07-30 09:06:34] INFO: INI ALAMAT TABLENYA :  D:\Work\ARYA-WMS-SHOPPIE\ANG19\wmshopee\dist\wmshopee\server\data\admdb.sqlite
[2025-07-30 09:06:50] INFO: ✅ Shopee get List Error: {"error":"invalid_acceess_token","message":"Invalid access_token, please have a check.","request_id":"e3e3e7f33b1bfa607fc6ce5f8030ad00"}
[2025-07-30 09:06:50] INFO: Update data token : 
[2025-07-30 09:06:51] INFO: ✅ Sudah di List  8
[2025-07-30 09:07:01] INFO: JOB RESPONSE  {"code":20000,"message":"Records found","data":[{"id":3,"datepick":"2025-07-30","fromtime":"00:00:01","totime":"03:00:01","created_by":"102345690","fullname":"Super Admin","status":1,"totalresi":8,"created_at":"2025-07-30 09:06:51"}]}
[2025-07-30 09:07:18] INFO: ✅ Sudah di List  16
[2025-07-30 09:07:26] INFO: JOB RESPONSE  {"code":20000,"message":"Records found","data":[{"id":4,"datepick":"2025-07-30","fromtime":"03:00:01","totime":"06:00:01","created_by":"102345690","fullname":"Super Admin","status":1,"totalresi":16,"created_at":"2025-07-30 09:07:18"},{"id":3,"datepick":"2025-07-30","fromtime":"00:00:01","totime":"03:00:01","created_by":"102345690","fullname":"Super Admin","status":1,"totalresi":8,"created_at":"2025-07-30 09:06:51"}]}
[2025-07-30 09:07:43] INFO: ✅ Sudah di List  145
[2025-07-30 09:07:57] INFO: JOB RESPONSE  {"code":20000,"message":"Records found","data":[{"id":5,"datepick":"2025-07-30","fromtime":"06:00:01","totime":"09:00:01","created_by":"102345690","fullname":"Super Admin","status":1,"totalresi":145,"created_at":"2025-07-30 09:07:43"},{"id":4,"datepick":"2025-07-30","fromtime":"03:00:01","totime":"06:00:01","created_by":"102345690","fullname":"Super Admin","status":1,"totalresi":16,"created_at":"2025-07-30 09:07:18"},{"id":3,"datepick":"2025-07-30","fromtime":"00:00:01","totime":"03:00:01","created_by":"102345690","fullname":"Super Admin","status":1,"totalresi":8,"created_at":"2025-07-30 09:06:51"}]}
[2025-07-30 09:49:51] INFO: INI ALAMAT TABLENYA :  D:\Work\ARYA-WMS-SHOPPIE\ANG19\wmshopee\dist\wmshopee\server\data\admdb.sqlite
[2025-07-30 10:24:43] INFO: INI ALAMAT TABLENYA :  D:\Work\ARYA-WMS-SHOPPIE\ANG19\wmshopee\.angular\prerender-root\b35bf7cc-d0bb-4eb9-a406-46cdd2471f1b\data\admdb.sqlite
[2025-07-30 10:24:45] INFO: INI ALAMAT TABLENYA :  D:\Work\ARYA-WMS-SHOPPIE\ANG19\wmshopee\.angular\prerender-root\a03c9011-ffaf-40ac-b692-63bea9657ceb\data\admdb.sqlite
[2025-07-30 10:24:45] INFO: INI ALAMAT TABLENYA :  D:\Work\ARYA-WMS-SHOPPIE\ANG19\wmshopee\.angular\prerender-root\c3e9c31d-1d33-48eb-949c-39c51182be6c\data\admdb.sqlite
[2025-07-30 10:24:45] INFO: INI ALAMAT TABLENYA :  D:\Work\ARYA-WMS-SHOPPIE\ANG19\wmshopee\.angular\prerender-root\9cb2e9a3-aad0-41a6-836f-aadf3b01d6b3\data\admdb.sqlite
[2025-07-30 10:24:45] INFO: INI ALAMAT TABLENYA :  D:\Work\ARYA-WMS-SHOPPIE\ANG19\wmshopee\.angular\prerender-root\1cef046b-be89-4c5b-9348-ad284e6f56da\data\admdb.sqlite
[2025-07-30 10:25:35] INFO: INI ALAMAT TABLENYA :  D:\Work\ARYA-WMS-SHOPPIE\ANG19\wmshopee\dist\wmshopee\server\data\admdb.sqlite
[2025-07-30 10:30:35] INFO: INI ALAMAT TABLENYA :  D:\Work\ARYA-WMS-SHOPPIE\ANG19\wmshopee\.angular\prerender-root\a28c5c0a-d49a-45c8-b6be-ddd323758058\data\admdb.sqlite
[2025-07-30 10:30:37] INFO: INI ALAMAT TABLENYA :  D:\Work\ARYA-WMS-SHOPPIE\ANG19\wmshopee\.angular\prerender-root\f2ce1ab2-60d9-4e62-8c32-53164c29a13a\data\admdb.sqlite
[2025-07-30 10:30:37] INFO: INI ALAMAT TABLENYA :  D:\Work\ARYA-WMS-SHOPPIE\ANG19\wmshopee\.angular\prerender-root\7c0c8491-36b7-4f7d-accb-0b43d60ded3d\data\admdb.sqlite
[2025-07-30 10:30:37] INFO: INI ALAMAT TABLENYA :  D:\Work\ARYA-WMS-SHOPPIE\ANG19\wmshopee\.angular\prerender-root\1f899413-92bf-4bce-9944-2f32e63a217e\data\admdb.sqlite
[2025-07-30 10:30:37] INFO: INI ALAMAT TABLENYA :  D:\Work\ARYA-WMS-SHOPPIE\ANG19\wmshopee\.angular\prerender-root\f3a50fec-d5d9-471e-8c0b-71afc1269ad5\data\admdb.sqlite
[2025-07-30 10:30:42] INFO: INI ALAMAT TABLENYA :  D:\Work\ARYA-WMS-SHOPPIE\ANG19\wmshopee\dist\wmshopee\server\data\admdb.sqlite
[2025-07-30 10:31:21] INFO: INI ALAMAT TABLENYA :  D:\Work\ARYA-WMS-SHOPPIE\ANG19\wmshopee\.angular\prerender-root\c00e7435-2a36-485d-9532-1a1c04dcd404\data\admdb.sqlite
[2025-07-30 10:31:23] INFO: INI ALAMAT TABLENYA :  D:\Work\ARYA-WMS-SHOPPIE\ANG19\wmshopee\.angular\prerender-root\cda635c9-66e7-406c-99ed-081993fffd9f\data\admdb.sqlite
[2025-07-30 10:31:23] INFO: INI ALAMAT TABLENYA :  D:\Work\ARYA-WMS-SHOPPIE\ANG19\wmshopee\.angular\prerender-root\099c7550-93f2-490e-be5f-31e57fb50baf\data\admdb.sqlite
[2025-07-30 10:31:23] INFO: INI ALAMAT TABLENYA :  D:\Work\ARYA-WMS-SHOPPIE\ANG19\wmshopee\.angular\prerender-root\3ac2928b-6e13-4282-a44a-0b5d9d9b2c9b\data\admdb.sqlite
[2025-07-30 10:31:23] INFO: INI ALAMAT TABLENYA :  D:\Work\ARYA-WMS-SHOPPIE\ANG19\wmshopee\.angular\prerender-root\9cd9df59-c574-4036-b9f2-9da511eba597\data\admdb.sqlite
[2025-07-30 10:31:33] INFO: INI ALAMAT TABLENYA :  D:\Work\ARYA-WMS-SHOPPIE\ANG19\wmshopee\dist\wmshopee\server\data\admdb.sqlite
[2025-07-30 10:33:17] INFO: INI ALAMAT TABLENYA :  D:\Work\ARYA-WMS-SHOPPIE\ANG19\wmshopee\.angular\prerender-root\c6897c97-3c11-4783-9c66-02da60b07f3c\data\admdb.sqlite
[2025-07-30 10:33:18] INFO: INI ALAMAT TABLENYA :  D:\Work\ARYA-WMS-SHOPPIE\ANG19\wmshopee\.angular\prerender-root\0023a41b-7ae0-4055-9386-087067f21f10\data\admdb.sqlite
[2025-07-30 10:33:18] INFO: INI ALAMAT TABLENYA :  D:\Work\ARYA-WMS-SHOPPIE\ANG19\wmshopee\.angular\prerender-root\9d4e6f2a-1322-444c-aa89-8018e441994e\data\admdb.sqlite
[2025-07-30 10:33:18] INFO: INI ALAMAT TABLENYA :  D:\Work\ARYA-WMS-SHOPPIE\ANG19\wmshopee\.angular\prerender-root\5ba7b232-bb24-4de7-b10a-24c5b63ee9c8\data\admdb.sqlite
[2025-07-30 10:33:18] INFO: INI ALAMAT TABLENYA :  D:\Work\ARYA-WMS-SHOPPIE\ANG19\wmshopee\.angular\prerender-root\d99706e4-8162-49ba-a6f0-5947851dff5f\data\admdb.sqlite
[2025-07-30 10:36:40] INFO: INI ALAMAT TABLENYA :  D:\Work\ARYA-WMS-SHOPPIE\ANG19\wmshopee\.angular\prerender-root\708bc8df-9e86-4f21-85a8-754e0548caa2\data\admdb.sqlite
[2025-07-30 10:36:41] INFO: INI ALAMAT TABLENYA :  D:\Work\ARYA-WMS-SHOPPIE\ANG19\wmshopee\.angular\prerender-root\01579d67-bca1-4a54-8687-8ea9cd315226\data\admdb.sqlite
[2025-07-30 10:36:41] INFO: INI ALAMAT TABLENYA :  D:\Work\ARYA-WMS-SHOPPIE\ANG19\wmshopee\.angular\prerender-root\0d6499a1-68e3-49cf-ac6a-413a5d750546\data\admdb.sqlite
[2025-07-30 10:36:41] INFO: INI ALAMAT TABLENYA :  D:\Work\ARYA-WMS-SHOPPIE\ANG19\wmshopee\.angular\prerender-root\cc748497-76d7-473b-af4b-13cca59abbc7\data\admdb.sqlite
[2025-07-30 10:36:41] INFO: INI ALAMAT TABLENYA :  D:\Work\ARYA-WMS-SHOPPIE\ANG19\wmshopee\.angular\prerender-root\562d066c-a6d9-4499-8522-4758bbf2fd0e\data\admdb.sqlite
[2025-07-30 10:36:46] INFO: INI ALAMAT TABLENYA :  D:\Work\ARYA-WMS-SHOPPIE\ANG19\wmshopee\dist\wmshopee\server\data\admdb.sqlite
[2025-07-30 10:38:28] INFO: INI ALAMAT TABLENYA :  D:\Work\ARYA-WMS-SHOPPIE\ANG19\wmshopee\.angular\prerender-root\fac72b4b-92a2-401e-9b88-c428063db93d\data\admdb.sqlite
[2025-07-30 10:38:30] INFO: INI ALAMAT TABLENYA :  D:\Work\ARYA-WMS-SHOPPIE\ANG19\wmshopee\.angular\prerender-root\d46d3567-466d-4f9f-95e2-139cdcff8afa\data\admdb.sqlite
[2025-07-30 10:38:30] INFO: INI ALAMAT TABLENYA :  D:\Work\ARYA-WMS-SHOPPIE\ANG19\wmshopee\.angular\prerender-root\7958a83e-1720-4d9f-bf98-59b2ca70f6c0\data\admdb.sqlite
[2025-07-30 10:38:30] INFO: INI ALAMAT TABLENYA :  D:\Work\ARYA-WMS-SHOPPIE\ANG19\wmshopee\.angular\prerender-root\98cac07d-be9a-4655-b65e-109d7f35c7f9\data\admdb.sqlite
[2025-07-30 10:38:30] INFO: INI ALAMAT TABLENYA :  D:\Work\ARYA-WMS-SHOPPIE\ANG19\wmshopee\.angular\prerender-root\8939b54a-3c40-4368-a476-83b110b60f51\data\admdb.sqlite
[2025-07-30 10:38:36] INFO: INI ALAMAT TABLENYA :  D:\Work\ARYA-WMS-SHOPPIE\ANG19\wmshopee\dist\wmshopee\server\data\admdb.sqlite
[2025-07-30 10:40:30] INFO: INI ALAMAT TABLENYA :  D:\Work\ARYA-WMS-SHOPPIE\ANG19\wmshopee\.angular\prerender-root\6cca7cb2-48b1-45d1-9c2f-a9b373b43b64\data\admdb.sqlite
[2025-07-30 10:40:31] INFO: INI ALAMAT TABLENYA :  D:\Work\ARYA-WMS-SHOPPIE\ANG19\wmshopee\.angular\prerender-root\0b3e7cb9-cc36-4c13-917c-e9dc87bd47c3\data\admdb.sqlite
[2025-07-30 10:40:31] INFO: INI ALAMAT TABLENYA :  D:\Work\ARYA-WMS-SHOPPIE\ANG19\wmshopee\.angular\prerender-root\8a2cd709-4c22-4716-9f0a-48195d48d9e6\data\admdb.sqlite
[2025-07-30 10:40:31] INFO: INI ALAMAT TABLENYA :  D:\Work\ARYA-WMS-SHOPPIE\ANG19\wmshopee\.angular\prerender-root\61cfd309-897e-4bbd-89ad-251f5c6866af\data\admdb.sqlite
[2025-07-30 10:40:31] INFO: INI ALAMAT TABLENYA :  D:\Work\ARYA-WMS-SHOPPIE\ANG19\wmshopee\.angular\prerender-root\fd40d0e5-0b94-4146-9146-422fed09401c\data\admdb.sqlite
[2025-07-30 10:40:39] INFO: INI ALAMAT TABLENYA :  D:\Work\ARYA-WMS-SHOPPIE\ANG19\wmshopee\dist\wmshopee\server\data\admdb.sqlite
[2025-07-30 10:41:43] INFO: INI ALAMAT TABLENYA :  D:\Work\ARYA-WMS-SHOPPIE\ANG19\wmshopee\.angular\prerender-root\41bbb469-2046-4802-a38e-b25552366f0f\data\admdb.sqlite
[2025-07-30 10:41:44] INFO: INI ALAMAT TABLENYA :  D:\Work\ARYA-WMS-SHOPPIE\ANG19\wmshopee\.angular\prerender-root\3db82cce-cd93-489e-87f5-e06c9097fcae\data\admdb.sqlite
[2025-07-30 10:41:44] INFO: INI ALAMAT TABLENYA :  D:\Work\ARYA-WMS-SHOPPIE\ANG19\wmshopee\.angular\prerender-root\f8249e51-d149-49eb-bbcc-443d9f3ded29\data\admdb.sqlite
[2025-07-30 10:41:44] INFO: INI ALAMAT TABLENYA :  D:\Work\ARYA-WMS-SHOPPIE\ANG19\wmshopee\.angular\prerender-root\2156d377-0371-414d-b9f6-1bde6d2d4b5e\data\admdb.sqlite
[2025-07-30 10:41:44] INFO: INI ALAMAT TABLENYA :  D:\Work\ARYA-WMS-SHOPPIE\ANG19\wmshopee\.angular\prerender-root\eb4eef41-3064-41af-900d-3febd2d70c81\data\admdb.sqlite
[2025-07-30 10:41:51] INFO: INI ALAMAT TABLENYA :  D:\Work\ARYA-WMS-SHOPPIE\ANG19\wmshopee\dist\wmshopee\server\data\admdb.sqlite
[2025-07-30 10:44:40] INFO: INI ALAMAT TABLENYA :  D:\Work\ARYA-WMS-SHOPPIE\ANG19\wmshopee\.angular\prerender-root\ffa317a6-34c1-4931-a6db-24d542a53cc4\data\admdb.sqlite
[2025-07-30 10:44:41] INFO: INI ALAMAT TABLENYA :  D:\Work\ARYA-WMS-SHOPPIE\ANG19\wmshopee\.angular\prerender-root\d7247c38-24ef-4eb7-a1a5-4678cba2ad49\data\admdb.sqlite
[2025-07-30 10:44:41] INFO: INI ALAMAT TABLENYA :  D:\Work\ARYA-WMS-SHOPPIE\ANG19\wmshopee\.angular\prerender-root\84e641f7-64ae-4c59-83cd-eaa2b5883d8c\data\admdb.sqlite
[2025-07-30 10:44:41] INFO: INI ALAMAT TABLENYA :  D:\Work\ARYA-WMS-SHOPPIE\ANG19\wmshopee\.angular\prerender-root\422d0f7d-07d2-4843-985a-850faf907225\data\admdb.sqlite
[2025-07-30 10:44:41] INFO: INI ALAMAT TABLENYA :  D:\Work\ARYA-WMS-SHOPPIE\ANG19\wmshopee\.angular\prerender-root\c59a7a86-01b3-499e-ac1b-95affa86f5d7\data\admdb.sqlite
[2025-07-30 10:45:19] INFO: INI ALAMAT TABLENYA :  D:\Work\ARYA-WMS-SHOPPIE\ANG19\wmshopee\.angular\prerender-root\6f0f98b6-d415-49c7-a556-f6dc83070674\data\admdb.sqlite
[2025-07-30 10:45:21] INFO: INI ALAMAT TABLENYA :  D:\Work\ARYA-WMS-SHOPPIE\ANG19\wmshopee\.angular\prerender-root\86bf9b59-ea99-4441-9402-e5711d9f39e3\data\admdb.sqlite
[2025-07-30 10:45:21] INFO: INI ALAMAT TABLENYA :  D:\Work\ARYA-WMS-SHOPPIE\ANG19\wmshopee\.angular\prerender-root\402a352d-1361-42bb-85fc-db730eccb49d\data\admdb.sqlite
[2025-07-30 10:45:21] INFO: INI ALAMAT TABLENYA :  D:\Work\ARYA-WMS-SHOPPIE\ANG19\wmshopee\.angular\prerender-root\8b4052f2-8be7-47bd-bf0b-a0b9efaa144b\data\admdb.sqlite
[2025-07-30 10:45:21] INFO: INI ALAMAT TABLENYA :  D:\Work\ARYA-WMS-SHOPPIE\ANG19\wmshopee\.angular\prerender-root\4976f3f6-276d-40d7-8d15-0a2dea469116\data\admdb.sqlite
[2025-07-30 10:45:27] INFO: INI ALAMAT TABLENYA :  D:\Work\ARYA-WMS-SHOPPIE\ANG19\wmshopee\dist\wmshopee\server\data\admdb.sqlite
[2025-07-30 10:48:44] INFO: INI ALAMAT TABLENYA :  D:\Work\ARYA-WMS-SHOPPIE\ANG19\wmshopee\.angular\prerender-root\1624d280-98d0-4ef1-8efa-4bb4e51c6fc4\data\admdb.sqlite
[2025-07-30 10:48:45] INFO: INI ALAMAT TABLENYA :  D:\Work\ARYA-WMS-SHOPPIE\ANG19\wmshopee\.angular\prerender-root\a5b24bb7-e11b-4b16-945e-22854a4e74af\data\admdb.sqlite
[2025-07-30 10:48:45] INFO: INI ALAMAT TABLENYA :  D:\Work\ARYA-WMS-SHOPPIE\ANG19\wmshopee\.angular\prerender-root\1a192767-33f3-4c0c-abf3-afc88b90ae2b\data\admdb.sqlite
[2025-07-30 10:48:45] INFO: INI ALAMAT TABLENYA :  D:\Work\ARYA-WMS-SHOPPIE\ANG19\wmshopee\.angular\prerender-root\cac81c3f-ca61-44eb-8f84-238957d23e61\data\admdb.sqlite
[2025-07-30 10:48:45] INFO: INI ALAMAT TABLENYA :  D:\Work\ARYA-WMS-SHOPPIE\ANG19\wmshopee\.angular\prerender-root\856decde-4b95-4303-9d83-226840bb03e0\data\admdb.sqlite
[2025-07-30 10:48:51] INFO: INI ALAMAT TABLENYA :  D:\Work\ARYA-WMS-SHOPPIE\ANG19\wmshopee\dist\wmshopee\server\data\admdb.sqlite
[2025-07-30 10:49:12] INFO: INI ALAMAT TABLENYA :  D:\Work\ARYA-WMS-SHOPPIE\ANG19\wmshopee\.angular\prerender-root\e46220ff-9f72-4221-a319-8b92697d2b35\data\admdb.sqlite
[2025-07-30 10:49:14] INFO: INI ALAMAT TABLENYA :  D:\Work\ARYA-WMS-SHOPPIE\ANG19\wmshopee\.angular\prerender-root\d95c038c-954e-43ef-ab53-45a73b585b3b\data\admdb.sqlite
[2025-07-30 10:49:14] INFO: INI ALAMAT TABLENYA :  D:\Work\ARYA-WMS-SHOPPIE\ANG19\wmshopee\.angular\prerender-root\dd797f76-a728-48f5-af8b-e33a1a0bdf73\data\admdb.sqlite
[2025-07-30 10:49:14] INFO: INI ALAMAT TABLENYA :  D:\Work\ARYA-WMS-SHOPPIE\ANG19\wmshopee\.angular\prerender-root\483f0f81-46d9-46e0-997d-ccf31cdf92d3\data\admdb.sqlite
[2025-07-30 10:49:14] INFO: INI ALAMAT TABLENYA :  D:\Work\ARYA-WMS-SHOPPIE\ANG19\wmshopee\.angular\prerender-root\8ce8c76d-dd38-45d0-b777-a2337181c5c2\data\admdb.sqlite
[2025-07-30 10:49:19] INFO: INI ALAMAT TABLENYA :  D:\Work\ARYA-WMS-SHOPPIE\ANG19\wmshopee\dist\wmshopee\server\data\admdb.sqlite
[2025-07-30 10:52:17] INFO: INI ALAMAT TABLENYA :  D:\Work\ARYA-WMS-SHOPPIE\ANG19\wmshopee\.angular\prerender-root\65825fe4-9a80-4cc0-9773-7feb49a44b8a\data\admdb.sqlite
[2025-07-30 10:52:19] INFO: INI ALAMAT TABLENYA :  D:\Work\ARYA-WMS-SHOPPIE\ANG19\wmshopee\.angular\prerender-root\8d2aa9d4-8c74-4bab-95eb-9646cb311ac0\data\admdb.sqlite
[2025-07-30 10:52:19] INFO: INI ALAMAT TABLENYA :  D:\Work\ARYA-WMS-SHOPPIE\ANG19\wmshopee\.angular\prerender-root\1c1db034-18a5-49e8-a785-63b39e2d59b9\data\admdb.sqlite
[2025-07-30 10:52:19] INFO: INI ALAMAT TABLENYA :  D:\Work\ARYA-WMS-SHOPPIE\ANG19\wmshopee\.angular\prerender-root\a2530900-0997-4455-9186-5b2f9124ff60\data\admdb.sqlite
[2025-07-30 10:52:19] INFO: INI ALAMAT TABLENYA :  D:\Work\ARYA-WMS-SHOPPIE\ANG19\wmshopee\.angular\prerender-root\1ced9ab2-dc2e-4e15-9ead-04bc34e33f92\data\admdb.sqlite
[2025-07-30 10:52:26] INFO: INI ALAMAT TABLENYA :  D:\Work\ARYA-WMS-SHOPPIE\ANG19\wmshopee\dist\wmshopee\server\data\admdb.sqlite
[2025-07-30 10:54:30] INFO: INI ALAMAT TABLENYA :  D:\Work\ARYA-WMS-SHOPPIE\ANG19\wmshopee\.angular\prerender-root\dd18ef18-9104-41a0-ae59-2f4796e1e01d\data\admdb.sqlite
[2025-07-30 10:54:31] INFO: INI ALAMAT TABLENYA :  D:\Work\ARYA-WMS-SHOPPIE\ANG19\wmshopee\.angular\prerender-root\400178a7-3f14-4025-8474-6bd5049fa22c\data\admdb.sqlite
[2025-07-30 10:54:31] INFO: INI ALAMAT TABLENYA :  D:\Work\ARYA-WMS-SHOPPIE\ANG19\wmshopee\.angular\prerender-root\94f8cc33-5a95-428a-a97d-4cd42b47d792\data\admdb.sqlite
[2025-07-30 10:54:31] INFO: INI ALAMAT TABLENYA :  D:\Work\ARYA-WMS-SHOPPIE\ANG19\wmshopee\.angular\prerender-root\98606ca0-00b5-418e-b791-a429b75062a7\data\admdb.sqlite
[2025-07-30 10:54:31] INFO: INI ALAMAT TABLENYA :  D:\Work\ARYA-WMS-SHOPPIE\ANG19\wmshopee\.angular\prerender-root\8866f430-5c0d-4a58-ab4e-8c25bd2c1aaa\data\admdb.sqlite
[2025-07-30 10:54:53] INFO: INI ALAMAT TABLENYA :  D:\Work\ARYA-WMS-SHOPPIE\ANG19\wmshopee\.angular\prerender-root\0ccdb79d-f9b5-4530-955e-c6ab5d6f3381\data\admdb.sqlite
[2025-07-30 10:54:54] INFO: INI ALAMAT TABLENYA :  D:\Work\ARYA-WMS-SHOPPIE\ANG19\wmshopee\.angular\prerender-root\da96327f-50f0-4368-b66d-59c4d12319d2\data\admdb.sqlite
[2025-07-30 10:54:54] INFO: INI ALAMAT TABLENYA :  D:\Work\ARYA-WMS-SHOPPIE\ANG19\wmshopee\.angular\prerender-root\a2e6cbea-0983-4173-98e3-824efe593764\data\admdb.sqlite
[2025-07-30 10:54:55] INFO: INI ALAMAT TABLENYA :  D:\Work\ARYA-WMS-SHOPPIE\ANG19\wmshopee\.angular\prerender-root\14d62a49-5b1c-4442-ada8-5e3fefa3ed53\data\admdb.sqlite
[2025-07-30 10:54:54] INFO: INI ALAMAT TABLENYA :  D:\Work\ARYA-WMS-SHOPPIE\ANG19\wmshopee\.angular\prerender-root\c2384763-bc4b-4a56-a1fb-2257a108d0f9\data\admdb.sqlite
[2025-07-30 10:55:00] INFO: INI ALAMAT TABLENYA :  D:\Work\ARYA-WMS-SHOPPIE\ANG19\wmshopee\dist\wmshopee\server\data\admdb.sqlite
[2025-07-30 10:57:03] INFO: INI ALAMAT TABLENYA :  D:\Work\ARYA-WMS-SHOPPIE\ANG19\wmshopee\.angular\prerender-root\45b88297-2cef-4942-b4ce-38ce3f52a18d\data\admdb.sqlite
[2025-07-30 10:57:05] INFO: INI ALAMAT TABLENYA :  D:\Work\ARYA-WMS-SHOPPIE\ANG19\wmshopee\.angular\prerender-root\056d3f59-8fda-423a-9de2-864643b7fc62\data\admdb.sqlite
[2025-07-30 10:57:05] INFO: INI ALAMAT TABLENYA :  D:\Work\ARYA-WMS-SHOPPIE\ANG19\wmshopee\.angular\prerender-root\83e3cfba-2c17-4737-a9e8-c049876b5238\data\admdb.sqlite
[2025-07-30 10:57:05] INFO: INI ALAMAT TABLENYA :  D:\Work\ARYA-WMS-SHOPPIE\ANG19\wmshopee\.angular\prerender-root\ec7b181f-950f-48b5-9f74-b5b42b271190\data\admdb.sqlite
[2025-07-30 10:57:05] INFO: INI ALAMAT TABLENYA :  D:\Work\ARYA-WMS-SHOPPIE\ANG19\wmshopee\.angular\prerender-root\b5e5356e-02d5-4961-b3bd-d91aab2585f5\data\admdb.sqlite
[2025-07-30 10:57:10] INFO: INI ALAMAT TABLENYA :  D:\Work\ARYA-WMS-SHOPPIE\ANG19\wmshopee\dist\wmshopee\server\data\admdb.sqlite
[2025-07-30 10:58:02] INFO: INI ALAMAT TABLENYA :  D:\Work\ARYA-WMS-SHOPPIE\ANG19\wmshopee\.angular\prerender-root\112953e6-0933-4053-94f9-5d78bcb7ce23\data\admdb.sqlite
[2025-07-30 10:58:03] INFO: INI ALAMAT TABLENYA :  D:\Work\ARYA-WMS-SHOPPIE\ANG19\wmshopee\.angular\prerender-root\0bbe97cf-2469-4de1-8fce-86d9d6e99bc1\data\admdb.sqlite
[2025-07-30 10:58:03] INFO: INI ALAMAT TABLENYA :  D:\Work\ARYA-WMS-SHOPPIE\ANG19\wmshopee\.angular\prerender-root\def3f080-562a-4b4b-ab9f-15fc7e6a17b2\data\admdb.sqlite
[2025-07-30 10:58:03] INFO: INI ALAMAT TABLENYA :  D:\Work\ARYA-WMS-SHOPPIE\ANG19\wmshopee\.angular\prerender-root\ca20a6fa-18ff-40d0-b5d1-ab158eba18b8\data\admdb.sqlite
[2025-07-30 10:58:03] INFO: INI ALAMAT TABLENYA :  D:\Work\ARYA-WMS-SHOPPIE\ANG19\wmshopee\.angular\prerender-root\b200611e-fbf3-40e4-b2eb-751f0cc31b9c\data\admdb.sqlite
[2025-07-30 10:59:31] INFO: INI ALAMAT TABLENYA :  D:\Work\ARYA-WMS-SHOPPIE\ANG19\wmshopee\.angular\prerender-root\fd6fd7b6-90e4-4f4b-8bb0-cf1e848b6910\data\admdb.sqlite
[2025-07-30 10:59:32] INFO: INI ALAMAT TABLENYA :  D:\Work\ARYA-WMS-SHOPPIE\ANG19\wmshopee\.angular\prerender-root\120d8051-af3f-48b2-9a7c-dd6b9691d0cc\data\admdb.sqlite
[2025-07-30 10:59:32] INFO: INI ALAMAT TABLENYA :  D:\Work\ARYA-WMS-SHOPPIE\ANG19\wmshopee\.angular\prerender-root\6c377a0c-9ae8-4bd1-905c-4dce48afdc32\data\admdb.sqlite
[2025-07-30 10:59:32] INFO: INI ALAMAT TABLENYA :  D:\Work\ARYA-WMS-SHOPPIE\ANG19\wmshopee\.angular\prerender-root\a0dffedb-1f5f-4de0-9d80-ee1157514f1e\data\admdb.sqlite
[2025-07-30 10:59:32] INFO: INI ALAMAT TABLENYA :  D:\Work\ARYA-WMS-SHOPPIE\ANG19\wmshopee\.angular\prerender-root\b5f28e2f-420f-4861-bade-a14a2f7297f1\data\admdb.sqlite
[2025-07-30 10:59:42] INFO: INI ALAMAT TABLENYA :  D:\Work\ARYA-WMS-SHOPPIE\ANG19\wmshopee\dist\wmshopee\server\data\admdb.sqlite
[2025-07-30 11:07:58] INFO: INI ALAMAT TABLENYA :  D:\Work\ARYA-WMS-SHOPPIE\ANG19\wmshopee\.angular\prerender-root\27b038ea-7cbd-48b2-9dd4-63aee3e4f742\data\admdb.sqlite
[2025-07-30 11:07:59] INFO: INI ALAMAT TABLENYA :  D:\Work\ARYA-WMS-SHOPPIE\ANG19\wmshopee\.angular\prerender-root\7111ea41-715c-4188-af8c-b351aa9b4191\data\admdb.sqlite
[2025-07-30 11:07:59] INFO: INI ALAMAT TABLENYA :  D:\Work\ARYA-WMS-SHOPPIE\ANG19\wmshopee\.angular\prerender-root\88b979e9-d2de-4b11-878f-4bca681e5cd5\data\admdb.sqlite
[2025-07-30 11:07:59] INFO: INI ALAMAT TABLENYA :  D:\Work\ARYA-WMS-SHOPPIE\ANG19\wmshopee\.angular\prerender-root\f2787382-fc28-43a1-8561-9221d2f80f8f\data\admdb.sqlite
[2025-07-30 11:07:59] INFO: INI ALAMAT TABLENYA :  D:\Work\ARYA-WMS-SHOPPIE\ANG19\wmshopee\.angular\prerender-root\d21081a0-ddb4-4e73-8912-bfecdd9837c9\data\admdb.sqlite
[2025-07-30 11:08:07] INFO: INI ALAMAT TABLENYA :  D:\Work\ARYA-WMS-SHOPPIE\ANG19\wmshopee\dist\wmshopee\server\data\admdb.sqlite
[2025-07-30 11:10:57] INFO: INI ALAMAT TABLENYA :  D:\Work\ARYA-WMS-SHOPPIE\ANG19\wmshopee\.angular\prerender-root\03a4ec20-7292-416c-821f-89f17b9b94ad\data\admdb.sqlite
[2025-07-30 11:10:59] INFO: INI ALAMAT TABLENYA :  D:\Work\ARYA-WMS-SHOPPIE\ANG19\wmshopee\.angular\prerender-root\a7c674a3-e7ae-4d5d-8154-c8d57aad8c71\data\admdb.sqlite
[2025-07-30 11:10:59] INFO: INI ALAMAT TABLENYA :  D:\Work\ARYA-WMS-SHOPPIE\ANG19\wmshopee\.angular\prerender-root\21f94c5e-e3fb-450a-9371-37f4005c4394\data\admdb.sqlite
[2025-07-30 11:10:59] INFO: INI ALAMAT TABLENYA :  D:\Work\ARYA-WMS-SHOPPIE\ANG19\wmshopee\.angular\prerender-root\5f3fe884-ae86-4700-a555-3e0e80fcf8b8\data\admdb.sqlite
[2025-07-30 11:10:59] INFO: INI ALAMAT TABLENYA :  D:\Work\ARYA-WMS-SHOPPIE\ANG19\wmshopee\.angular\prerender-root\63aa0ca6-32f3-44ed-bc56-b8c70822b7d3\data\admdb.sqlite
[2025-07-30 11:11:07] INFO: INI ALAMAT TABLENYA :  D:\Work\ARYA-WMS-SHOPPIE\ANG19\wmshopee\dist\wmshopee\server\data\admdb.sqlite
[2025-07-30 11:18:02] INFO: INI ALAMAT TABLENYA :  D:\Work\ARYA-WMS-SHOPPIE\ANG19\wmshopee\.angular\prerender-root\631998e0-1950-41bf-97e8-c9b44e372206\data\admdb.sqlite
[2025-07-30 11:18:03] INFO: INI ALAMAT TABLENYA :  D:\Work\ARYA-WMS-SHOPPIE\ANG19\wmshopee\.angular\prerender-root\17b5faf4-9212-4e1a-874b-29c36b17e81d\data\admdb.sqlite
[2025-07-30 11:18:03] INFO: INI ALAMAT TABLENYA :  D:\Work\ARYA-WMS-SHOPPIE\ANG19\wmshopee\.angular\prerender-root\592462d8-781a-4239-b443-36e9a0e97543\data\admdb.sqlite
[2025-07-30 11:18:03] INFO: INI ALAMAT TABLENYA :  D:\Work\ARYA-WMS-SHOPPIE\ANG19\wmshopee\.angular\prerender-root\b498bc55-d6f9-4776-923e-00761fbf255d\data\admdb.sqlite
[2025-07-30 11:18:03] INFO: INI ALAMAT TABLENYA :  D:\Work\ARYA-WMS-SHOPPIE\ANG19\wmshopee\.angular\prerender-root\5db6dbce-9296-459e-840a-46c4ac8a30e5\data\admdb.sqlite
[2025-07-30 11:18:12] INFO: INI ALAMAT TABLENYA :  D:\Work\ARYA-WMS-SHOPPIE\ANG19\wmshopee\dist\wmshopee\server\data\admdb.sqlite
[2025-07-30 11:23:49] INFO: INI ALAMAT TABLENYA :  D:\Work\ARYA-WMS-SHOPPIE\ANG19\wmshopee\dist\wmshopee\server\data\admdb.sqlite
[2025-07-30 11:34:36] INFO: INI ALAMAT TABLENYA :  D:\Work\ARYA-WMS-SHOPPIE\ANG19\wmshopee\.angular\prerender-root\ad8bd522-9dea-4e46-b95c-eb245b84f013\data\admdb.sqlite
[2025-07-30 11:34:37] INFO: INI ALAMAT TABLENYA :  D:\Work\ARYA-WMS-SHOPPIE\ANG19\wmshopee\.angular\prerender-root\5c97af13-9ecc-417b-a93f-03be2e96bda9\data\admdb.sqlite
[2025-07-30 11:34:37] INFO: INI ALAMAT TABLENYA :  D:\Work\ARYA-WMS-SHOPPIE\ANG19\wmshopee\.angular\prerender-root\6e0948e5-4b3c-4b1f-b30e-03e2710b8c74\data\admdb.sqlite
[2025-07-30 11:34:37] INFO: INI ALAMAT TABLENYA :  D:\Work\ARYA-WMS-SHOPPIE\ANG19\wmshopee\.angular\prerender-root\47385277-c467-4ec7-8221-df46d04ad6d2\data\admdb.sqlite
[2025-07-30 11:34:37] INFO: INI ALAMAT TABLENYA :  D:\Work\ARYA-WMS-SHOPPIE\ANG19\wmshopee\.angular\prerender-root\38b5422b-ad9f-432a-bb72-65077bccf1bb\data\admdb.sqlite
[2025-07-30 11:34:43] INFO: INI ALAMAT TABLENYA :  D:\Work\ARYA-WMS-SHOPPIE\ANG19\wmshopee\dist\wmshopee\server\data\admdb.sqlite
[2025-07-30 11:49:55] INFO: INI ALAMAT TABLENYA :  D:\Work\ARYA-WMS-SHOPPIE\ANG19\wmshopee\.angular\prerender-root\1c394382-f749-4327-9814-34398af31568\data\admdb.sqlite
[2025-07-30 11:49:57] INFO: INI ALAMAT TABLENYA :  D:\Work\ARYA-WMS-SHOPPIE\ANG19\wmshopee\.angular\prerender-root\e88aeff9-0009-4c01-8e21-e98b8265ad36\data\admdb.sqlite
[2025-07-30 11:49:57] INFO: INI ALAMAT TABLENYA :  D:\Work\ARYA-WMS-SHOPPIE\ANG19\wmshopee\.angular\prerender-root\fd0684cd-e7e8-46b9-b11e-3699bbfc4fd7\data\admdb.sqlite
[2025-07-30 11:49:57] INFO: INI ALAMAT TABLENYA :  D:\Work\ARYA-WMS-SHOPPIE\ANG19\wmshopee\.angular\prerender-root\0ae9922f-317d-4710-bf51-a304d59d0250\data\admdb.sqlite
[2025-07-30 11:49:57] INFO: INI ALAMAT TABLENYA :  D:\Work\ARYA-WMS-SHOPPIE\ANG19\wmshopee\.angular\prerender-root\1c036a6b-26d8-433f-b5fd-7374c417f8b6\data\admdb.sqlite
[2025-07-30 11:50:03] INFO: INI ALAMAT TABLENYA :  D:\Work\ARYA-WMS-SHOPPIE\ANG19\wmshopee\dist\wmshopee\server\data\admdb.sqlite
[2025-07-30 11:51:17] INFO: INI ALAMAT TABLENYA :  D:\Work\ARYA-WMS-SHOPPIE\ANG19\wmshopee\.angular\prerender-root\aaff87c3-db03-4c99-ab81-42cd77974838\data\admdb.sqlite
[2025-07-30 11:51:18] INFO: INI ALAMAT TABLENYA :  D:\Work\ARYA-WMS-SHOPPIE\ANG19\wmshopee\.angular\prerender-root\5a6441d6-d0c2-4c75-83c6-13ff8a013074\data\admdb.sqlite
[2025-07-30 11:51:18] INFO: INI ALAMAT TABLENYA :  D:\Work\ARYA-WMS-SHOPPIE\ANG19\wmshopee\.angular\prerender-root\1510ecf7-64a9-42b2-8450-b70921a5a47e\data\admdb.sqlite
[2025-07-30 11:51:18] INFO: INI ALAMAT TABLENYA :  D:\Work\ARYA-WMS-SHOPPIE\ANG19\wmshopee\.angular\prerender-root\16ab8cbd-c7de-4712-af77-1b1b9ab027fd\data\admdb.sqlite
[2025-07-30 11:51:18] INFO: INI ALAMAT TABLENYA :  D:\Work\ARYA-WMS-SHOPPIE\ANG19\wmshopee\.angular\prerender-root\baebf8f4-c2e7-42f6-a9fb-e11f7167a4fc\data\admdb.sqlite
[2025-07-30 11:51:24] INFO: INI ALAMAT TABLENYA :  D:\Work\ARYA-WMS-SHOPPIE\ANG19\wmshopee\dist\wmshopee\server\data\admdb.sqlite
[2025-07-30 11:57:27] INFO: INI ALAMAT TABLENYA :  D:\Work\ARYA-WMS-SHOPPIE\ANG19\wmshopee\.angular\prerender-root\96c33009-6a6c-4504-86ea-6389aaa185e8\data\admdb.sqlite
[2025-07-30 11:57:29] INFO: INI ALAMAT TABLENYA :  D:\Work\ARYA-WMS-SHOPPIE\ANG19\wmshopee\.angular\prerender-root\79cad66a-27a4-4c8c-bac1-ab766ef9f4f3\data\admdb.sqlite
[2025-07-30 11:57:29] INFO: INI ALAMAT TABLENYA :  D:\Work\ARYA-WMS-SHOPPIE\ANG19\wmshopee\.angular\prerender-root\9ce67b8b-1c51-40b8-a7ce-9d8ec78dbe66\data\admdb.sqlite
[2025-07-30 11:57:29] INFO: INI ALAMAT TABLENYA :  D:\Work\ARYA-WMS-SHOPPIE\ANG19\wmshopee\.angular\prerender-root\564d975f-8d73-49fa-8102-100abd81cc68\data\admdb.sqlite
[2025-07-30 11:57:29] INFO: INI ALAMAT TABLENYA :  D:\Work\ARYA-WMS-SHOPPIE\ANG19\wmshopee\.angular\prerender-root\700cdee3-370f-47b6-8639-f5d0a32d9c51\data\admdb.sqlite
[2025-07-30 11:57:40] INFO: INI ALAMAT TABLENYA :  D:\Work\ARYA-WMS-SHOPPIE\ANG19\wmshopee\dist\wmshopee\server\data\admdb.sqlite
[2025-07-30 12:01:00] INFO: INI ALAMAT TABLENYA :  D:\Work\ARYA-WMS-SHOPPIE\ANG19\wmshopee\.angular\prerender-root\1333b490-8e44-40ee-aa23-9061d2d1d220\data\admdb.sqlite
[2025-07-30 12:01:01] INFO: INI ALAMAT TABLENYA :  D:\Work\ARYA-WMS-SHOPPIE\ANG19\wmshopee\.angular\prerender-root\6c0a2927-7ec5-4687-a52d-47b661017d80\data\admdb.sqlite
[2025-07-30 12:01:01] INFO: INI ALAMAT TABLENYA :  D:\Work\ARYA-WMS-SHOPPIE\ANG19\wmshopee\.angular\prerender-root\464924be-2097-4485-be5e-bc2db6fa0317\data\admdb.sqlite
[2025-07-30 12:01:01] INFO: INI ALAMAT TABLENYA :  D:\Work\ARYA-WMS-SHOPPIE\ANG19\wmshopee\.angular\prerender-root\dcee3711-fc19-4d2c-9eba-b66fb5fc716a\data\admdb.sqlite
[2025-07-30 12:01:01] INFO: INI ALAMAT TABLENYA :  D:\Work\ARYA-WMS-SHOPPIE\ANG19\wmshopee\.angular\prerender-root\e910f71e-f2ad-4309-9a92-e1b833e234de\data\admdb.sqlite
[2025-07-30 12:01:10] INFO: INI ALAMAT TABLENYA :  D:\Work\ARYA-WMS-SHOPPIE\ANG19\wmshopee\dist\wmshopee\server\data\admdb.sqlite
[2025-07-30 12:07:29] INFO: INI ALAMAT TABLENYA :  D:\Work\ARYA-WMS-SHOPPIE\ANG19\wmshopee\.angular\prerender-root\9960853b-13dd-43f2-a1d6-a26f8007e551\data\admdb.sqlite
[2025-07-30 12:07:31] INFO: INI ALAMAT TABLENYA :  D:\Work\ARYA-WMS-SHOPPIE\ANG19\wmshopee\.angular\prerender-root\a230eaa2-4869-438b-aa12-9453e64e6bea\data\admdb.sqlite
[2025-07-30 12:07:31] INFO: INI ALAMAT TABLENYA :  D:\Work\ARYA-WMS-SHOPPIE\ANG19\wmshopee\.angular\prerender-root\4dd94e54-b85a-44ba-899a-33671e26720a\data\admdb.sqlite
[2025-07-30 12:07:31] INFO: INI ALAMAT TABLENYA :  D:\Work\ARYA-WMS-SHOPPIE\ANG19\wmshopee\.angular\prerender-root\5ca16711-5fdc-4534-9648-8f7b7a83037f\data\admdb.sqlite
[2025-07-30 12:07:31] INFO: INI ALAMAT TABLENYA :  D:\Work\ARYA-WMS-SHOPPIE\ANG19\wmshopee\.angular\prerender-root\0f6b29aa-0594-4275-99e5-7255e123f70a\data\admdb.sqlite
[2025-07-30 12:07:54] INFO: INI ALAMAT TABLENYA :  D:\Work\ARYA-WMS-SHOPPIE\ANG19\wmshopee\dist\wmshopee\server\data\admdb.sqlite
[2025-07-30 13:11:18] INFO: INI ALAMAT TABLENYA :  D:\Work\ARYA-WMS-SHOPPIE\ANG19\wmshopee\.angular\prerender-root\24c71e39-dd86-4f9d-b0ca-5619ab163f9c\data\admdb.sqlite
[2025-07-30 13:11:20] INFO: INI ALAMAT TABLENYA :  D:\Work\ARYA-WMS-SHOPPIE\ANG19\wmshopee\.angular\prerender-root\bf095a71-2981-4388-b272-d65ad7e297ff\data\admdb.sqlite
[2025-07-30 13:11:20] INFO: INI ALAMAT TABLENYA :  D:\Work\ARYA-WMS-SHOPPIE\ANG19\wmshopee\.angular\prerender-root\2bb2816d-d7d7-4606-84ea-cf29f2a50bca\data\admdb.sqlite
[2025-07-30 13:11:20] INFO: INI ALAMAT TABLENYA :  D:\Work\ARYA-WMS-SHOPPIE\ANG19\wmshopee\.angular\prerender-root\1e454f37-5e04-4e85-b796-e60caebd3aac\data\admdb.sqlite
[2025-07-30 13:11:20] INFO: INI ALAMAT TABLENYA :  D:\Work\ARYA-WMS-SHOPPIE\ANG19\wmshopee\.angular\prerender-root\4b383f44-29d4-48f3-a8e2-97792774bfcd\data\admdb.sqlite
[2025-07-30 13:11:26] INFO: INI ALAMAT TABLENYA :  D:\Work\ARYA-WMS-SHOPPIE\ANG19\wmshopee\dist\wmshopee\server\data\admdb.sqlite
[2025-07-30 13:13:25] INFO: INI ALAMAT TABLENYA :  D:\Work\ARYA-WMS-SHOPPIE\ANG19\wmshopee\.angular\prerender-root\49bb4e50-1995-44a9-a8f8-a6a8a188b475\data\admdb.sqlite
[2025-07-30 13:13:26] INFO: INI ALAMAT TABLENYA :  D:\Work\ARYA-WMS-SHOPPIE\ANG19\wmshopee\.angular\prerender-root\85625f80-e3b3-4f39-8775-7308bde970ef\data\admdb.sqlite
[2025-07-30 13:13:26] INFO: INI ALAMAT TABLENYA :  D:\Work\ARYA-WMS-SHOPPIE\ANG19\wmshopee\.angular\prerender-root\cda9a2b2-9e8e-451d-9df4-ae2442179deb\data\admdb.sqlite
[2025-07-30 13:13:26] INFO: INI ALAMAT TABLENYA :  D:\Work\ARYA-WMS-SHOPPIE\ANG19\wmshopee\.angular\prerender-root\bcd076f4-4eb0-4850-8e53-e924b60825d2\data\admdb.sqlite
[2025-07-30 13:13:26] INFO: INI ALAMAT TABLENYA :  D:\Work\ARYA-WMS-SHOPPIE\ANG19\wmshopee\.angular\prerender-root\9885cb63-189f-4de4-8041-6dea83a48b8c\data\admdb.sqlite
[2025-07-30 13:13:32] INFO: INI ALAMAT TABLENYA :  D:\Work\ARYA-WMS-SHOPPIE\ANG19\wmshopee\dist\wmshopee\server\data\admdb.sqlite
[2025-07-30 13:15:32] INFO: INI ALAMAT TABLENYA :  D:\Work\ARYA-WMS-SHOPPIE\ANG19\wmshopee\.angular\prerender-root\fbd2bb92-a636-4cd3-9be4-a8aa527ddfbd\data\admdb.sqlite
[2025-07-30 13:15:33] INFO: INI ALAMAT TABLENYA :  D:\Work\ARYA-WMS-SHOPPIE\ANG19\wmshopee\.angular\prerender-root\3efb43a7-9f32-4f2a-ad9c-3294a196843c\data\admdb.sqlite
[2025-07-30 13:15:33] INFO: INI ALAMAT TABLENYA :  D:\Work\ARYA-WMS-SHOPPIE\ANG19\wmshopee\.angular\prerender-root\096bf9ae-ecb1-473b-b6dd-c0ee31c1854d\data\admdb.sqlite
[2025-07-30 13:15:33] INFO: INI ALAMAT TABLENYA :  D:\Work\ARYA-WMS-SHOPPIE\ANG19\wmshopee\.angular\prerender-root\4f2344bf-8e03-4bc2-803b-2fd16e4b5b3b\data\admdb.sqlite
[2025-07-30 13:15:33] INFO: INI ALAMAT TABLENYA :  D:\Work\ARYA-WMS-SHOPPIE\ANG19\wmshopee\.angular\prerender-root\15b2a21e-9554-49e5-b6db-a8414191fe5d\data\admdb.sqlite
[2025-07-30 13:15:45] INFO: INI ALAMAT TABLENYA :  D:\Work\ARYA-WMS-SHOPPIE\ANG19\wmshopee\dist\wmshopee\server\data\admdb.sqlite
[2025-07-30 13:17:48] INFO: INI ALAMAT TABLENYA :  D:\Work\ARYA-WMS-SHOPPIE\ANG19\wmshopee\.angular\prerender-root\6f33607a-0b0f-404d-b6a3-26c1ef636d6f\data\admdb.sqlite
[2025-07-30 13:17:49] INFO: INI ALAMAT TABLENYA :  D:\Work\ARYA-WMS-SHOPPIE\ANG19\wmshopee\.angular\prerender-root\962e2773-3659-4b80-9513-a41d5b06878c\data\admdb.sqlite
[2025-07-30 13:17:49] INFO: INI ALAMAT TABLENYA :  D:\Work\ARYA-WMS-SHOPPIE\ANG19\wmshopee\.angular\prerender-root\0539b2a3-3dec-4848-baa8-174f92890700\data\admdb.sqlite
[2025-07-30 13:17:49] INFO: INI ALAMAT TABLENYA :  D:\Work\ARYA-WMS-SHOPPIE\ANG19\wmshopee\.angular\prerender-root\33c1cd96-e44f-4c12-9fe2-91dd1f71afc0\data\admdb.sqlite
[2025-07-30 13:17:49] INFO: INI ALAMAT TABLENYA :  D:\Work\ARYA-WMS-SHOPPIE\ANG19\wmshopee\.angular\prerender-root\83f173da-e92c-43f3-a7ce-715e854af466\data\admdb.sqlite
[2025-07-30 13:17:58] INFO: INI ALAMAT TABLENYA :  D:\Work\ARYA-WMS-SHOPPIE\ANG19\wmshopee\dist\wmshopee\server\data\admdb.sqlite
[2025-07-30 15:51:38] INFO: INI ALAMAT TABLENYA :  D:\Work\ARYA-WMS-SHOPPIE\ANG19\wmshopee\.angular\prerender-root\87cf86bc-bf78-4943-a683-af6332a1d8e4\data\admdb.sqlite
[2025-07-30 15:51:41] INFO: INI ALAMAT TABLENYA :  D:\Work\ARYA-WMS-SHOPPIE\ANG19\wmshopee\.angular\prerender-root\fb64b6f0-6c6d-4d9b-8b88-0d42a0f80965\data\admdb.sqlite
[2025-07-30 15:51:41] INFO: INI ALAMAT TABLENYA :  D:\Work\ARYA-WMS-SHOPPIE\ANG19\wmshopee\.angular\prerender-root\c741a280-a05f-4c45-8532-90515b51ffa9\data\admdb.sqlite
[2025-07-30 15:51:41] INFO: INI ALAMAT TABLENYA :  D:\Work\ARYA-WMS-SHOPPIE\ANG19\wmshopee\.angular\prerender-root\5aa8424d-4ab1-4466-b24a-256fb46ca051\data\admdb.sqlite
[2025-07-30 15:51:41] INFO: INI ALAMAT TABLENYA :  D:\Work\ARYA-WMS-SHOPPIE\ANG19\wmshopee\.angular\prerender-root\11f22214-ff55-4e9c-acf1-4d581056dce5\data\admdb.sqlite
[2025-07-30 15:51:49] INFO: INI ALAMAT TABLENYA :  D:\Work\ARYA-WMS-SHOPPIE\ANG19\wmshopee\dist\wmshopee\server\data\admdb.sqlite
[2025-07-30 15:53:48] INFO: INI ALAMAT TABLENYA :  D:\Work\ARYA-WMS-SHOPPIE\ANG19\wmshopee\.angular\prerender-root\b5be8c99-6958-449c-a20a-310c683fd4bd\data\admdb.sqlite
[2025-07-30 15:53:51] INFO: INI ALAMAT TABLENYA :  D:\Work\ARYA-WMS-SHOPPIE\ANG19\wmshopee\.angular\prerender-root\d8f2ed02-693c-47af-ae72-91196a201bc3\data\admdb.sqlite
[2025-07-30 15:53:51] INFO: INI ALAMAT TABLENYA :  D:\Work\ARYA-WMS-SHOPPIE\ANG19\wmshopee\.angular\prerender-root\b63fc8ec-c0d8-44b6-8e6f-3e3ae40e7d63\data\admdb.sqlite
[2025-07-30 15:53:51] INFO: INI ALAMAT TABLENYA :  D:\Work\ARYA-WMS-SHOPPIE\ANG19\wmshopee\.angular\prerender-root\0c1be26a-c1af-4715-b00e-94d74fd306cf\data\admdb.sqlite
[2025-07-30 15:53:51] INFO: INI ALAMAT TABLENYA :  D:\Work\ARYA-WMS-SHOPPIE\ANG19\wmshopee\.angular\prerender-root\16eb8ef8-b735-4771-ab4c-44a8b5a79e9f\data\admdb.sqlite
[2025-07-30 15:54:03] INFO: INI ALAMAT TABLENYA :  D:\Work\ARYA-WMS-SHOPPIE\ANG19\wmshopee\dist\wmshopee\server\data\admdb.sqlite
[2025-07-30 15:57:05] INFO: INI ALAMAT TABLENYA :  D:\Work\ARYA-WMS-SHOPPIE\ANG19\wmshopee\.angular\prerender-root\f248c8ab-a610-49c1-b358-99ca107f10f1\data\admdb.sqlite
[2025-07-30 15:57:07] INFO: INI ALAMAT TABLENYA :  D:\Work\ARYA-WMS-SHOPPIE\ANG19\wmshopee\.angular\prerender-root\f84cae12-b9e0-4e9a-a162-6514c15dc3ab\data\admdb.sqlite
[2025-07-30 15:57:07] INFO: INI ALAMAT TABLENYA :  D:\Work\ARYA-WMS-SHOPPIE\ANG19\wmshopee\.angular\prerender-root\d7a19aca-f726-4c4d-a267-d566d94042de\data\admdb.sqlite
[2025-07-30 15:57:07] INFO: INI ALAMAT TABLENYA :  D:\Work\ARYA-WMS-SHOPPIE\ANG19\wmshopee\.angular\prerender-root\6456463d-c67b-4841-b38e-fc528a50bf13\data\admdb.sqlite
[2025-07-30 15:57:07] INFO: INI ALAMAT TABLENYA :  D:\Work\ARYA-WMS-SHOPPIE\ANG19\wmshopee\.angular\prerender-root\35fc69ee-87e6-4063-aa26-65d23f2b1e85\data\admdb.sqlite
[2025-07-30 15:57:15] INFO: INI ALAMAT TABLENYA :  D:\Work\ARYA-WMS-SHOPPIE\ANG19\wmshopee\dist\wmshopee\server\data\admdb.sqlite
[2025-07-30 16:03:33] INFO: INI ALAMAT TABLENYA :  D:\Work\ARYA-WMS-SHOPPIE\ANG19\wmshopee\.angular\prerender-root\da49a1b5-302a-4a50-8d95-e9ceceef062a\data\admdb.sqlite
[2025-07-30 16:03:35] INFO: INI ALAMAT TABLENYA :  D:\Work\ARYA-WMS-SHOPPIE\ANG19\wmshopee\.angular\prerender-root\e0f61a72-6815-4807-8152-9412f4ba4539\data\admdb.sqlite
[2025-07-30 16:03:35] INFO: INI ALAMAT TABLENYA :  D:\Work\ARYA-WMS-SHOPPIE\ANG19\wmshopee\.angular\prerender-root\de73ad5c-b1db-4193-950e-e6811256719e\data\admdb.sqlite
[2025-07-30 16:03:35] INFO: INI ALAMAT TABLENYA :  D:\Work\ARYA-WMS-SHOPPIE\ANG19\wmshopee\.angular\prerender-root\ee3b6682-a4e5-41a3-b5e5-bb287aa4bc3b\data\admdb.sqlite
[2025-07-30 16:03:35] INFO: INI ALAMAT TABLENYA :  D:\Work\ARYA-WMS-SHOPPIE\ANG19\wmshopee\.angular\prerender-root\42b33ab2-df51-468e-a5b9-153bd956338e\data\admdb.sqlite
[2025-07-30 16:03:43] INFO: INI ALAMAT TABLENYA :  D:\Work\ARYA-WMS-SHOPPIE\ANG19\wmshopee\dist\wmshopee\server\data\admdb.sqlite
[2025-07-30 16:05:34] INFO: INI ALAMAT TABLENYA :  D:\Work\ARYA-WMS-SHOPPIE\ANG19\wmshopee\.angular\prerender-root\1508b03d-f7b9-4945-aa04-56cfd95aedd2\data\admdb.sqlite
[2025-07-30 16:05:36] INFO: INI ALAMAT TABLENYA :  D:\Work\ARYA-WMS-SHOPPIE\ANG19\wmshopee\.angular\prerender-root\ef238cf9-43ed-483c-a487-8cdd908f65c3\data\admdb.sqlite
[2025-07-30 16:05:36] INFO: INI ALAMAT TABLENYA :  D:\Work\ARYA-WMS-SHOPPIE\ANG19\wmshopee\.angular\prerender-root\92ca347d-0651-4f29-9356-26d81dbcb7ff\data\admdb.sqlite
[2025-07-30 16:05:36] INFO: INI ALAMAT TABLENYA :  D:\Work\ARYA-WMS-SHOPPIE\ANG19\wmshopee\.angular\prerender-root\a4a65d38-7da2-4a42-97ba-06f72e5187d2\data\admdb.sqlite
[2025-07-30 16:05:36] INFO: INI ALAMAT TABLENYA :  D:\Work\ARYA-WMS-SHOPPIE\ANG19\wmshopee\.angular\prerender-root\9b9f4b84-36b1-4c92-a0d0-2672892948a3\data\admdb.sqlite
[2025-07-30 16:05:45] INFO: INI ALAMAT TABLENYA :  D:\Work\ARYA-WMS-SHOPPIE\ANG19\wmshopee\dist\wmshopee\server\data\admdb.sqlite
