[2025-08-01 08:58:39] INFO: INI ALAMAT TABLENYA :  D:\Work\ARYA-WMS-SHOPPIE\ANG19\wmshopee\dist\wmshopee\server\data\admdb.sqlite
[2025-08-01 08:59:09] INFO: ✅ Shopee get List Error: {"error":"invalid_acceess_token","message":"Invalid access_token, please have a check.","request_id":"e3e3e7f33b441a9ea71606467bf2b200"}
[2025-08-01 08:59:09] INFO: Update data token : 
[2025-08-01 08:59:10] INFO: ✅ Sudah di List  20
[2025-08-01 08:59:38] INFO: ✅ Sudah di List  44
[2025-08-01 10:09:48] INFO: INI ALAMAT TABLENYA :  D:\Work\ARYA-WMS-SHOPPIE\ANG19\wmshopee\.angular\prerender-root\b74abf9c-324d-42dc-b3b6-132deea5573a\data\admdb.sqlite
[2025-08-01 10:09:56] INFO: INI ALAMAT TABLENYA :  D:\Work\ARYA-WMS-SHOPPIE\ANG19\wmshopee\.angular\prerender-root\ad8788de-46fe-4911-82c6-ab90eb1146c0\data\admdb.sqlite
[2025-08-01 10:09:56] INFO: INI ALAMAT TABLENYA :  D:\Work\ARYA-WMS-SHOPPIE\ANG19\wmshopee\.angular\prerender-root\5804b861-fd1c-448c-8978-f5543a1d0eb5\data\admdb.sqlite
[2025-08-01 10:09:56] INFO: INI ALAMAT TABLENYA :  D:\Work\ARYA-WMS-SHOPPIE\ANG19\wmshopee\.angular\prerender-root\65280b88-70e9-47df-8fd6-442fc7aa3cdb\data\admdb.sqlite
[2025-08-01 10:09:56] INFO: INI ALAMAT TABLENYA :  D:\Work\ARYA-WMS-SHOPPIE\ANG19\wmshopee\.angular\prerender-root\7f341456-a8bb-4633-ac61-e448280b8ba6\data\admdb.sqlite
[2025-08-01 10:10:13] INFO: INI ALAMAT TABLENYA :  D:\Work\ARYA-WMS-SHOPPIE\ANG19\wmshopee\dist\wmshopee\server\data\admdb.sqlite
[2025-08-01 10:12:23] INFO: INI ALAMAT TABLENYA :  D:\Work\ARYA-WMS-SHOPPIE\ANG19\wmshopee\.angular\prerender-root\2e31ba40-f017-4ce7-8719-8d89dfd6bfab\data\admdb.sqlite
[2025-08-01 10:12:26] INFO: INI ALAMAT TABLENYA :  D:\Work\ARYA-WMS-SHOPPIE\ANG19\wmshopee\.angular\prerender-root\50a4d722-447d-4e23-a5fa-9964889f6fd5\data\admdb.sqlite
[2025-08-01 10:12:26] INFO: INI ALAMAT TABLENYA :  D:\Work\ARYA-WMS-SHOPPIE\ANG19\wmshopee\.angular\prerender-root\aaa05013-d448-4512-940b-5bbd9e32f54c\data\admdb.sqlite
[2025-08-01 10:12:26] INFO: INI ALAMAT TABLENYA :  D:\Work\ARYA-WMS-SHOPPIE\ANG19\wmshopee\.angular\prerender-root\f2952033-2a80-468e-8ca5-7f3520c90613\data\admdb.sqlite
[2025-08-01 10:12:26] INFO: INI ALAMAT TABLENYA :  D:\Work\ARYA-WMS-SHOPPIE\ANG19\wmshopee\.angular\prerender-root\86a860e7-8642-4482-8771-d8e7c42c3b1c\data\admdb.sqlite
[2025-08-01 10:12:35] INFO: INI ALAMAT TABLENYA :  D:\Work\ARYA-WMS-SHOPPIE\ANG19\wmshopee\dist\wmshopee\server\data\admdb.sqlite
[2025-08-01 16:22:03] INFO: INI ALAMAT TABLENYA :  D:\Work\ARYA-WMS-SHOPPIE\ANG19\wmshopee\.angular\prerender-root\9eb0f674-f4aa-4476-a1c3-0ba42ca7f331\data\admdb.sqlite
[2025-08-01 16:22:10] INFO: INI ALAMAT TABLENYA :  D:\Work\ARYA-WMS-SHOPPIE\ANG19\wmshopee\.angular\prerender-root\b7b0e896-e1c8-4095-9c43-b1e54dbf6fcf\data\admdb.sqlite
[2025-08-01 16:22:10] INFO: INI ALAMAT TABLENYA :  D:\Work\ARYA-WMS-SHOPPIE\ANG19\wmshopee\.angular\prerender-root\c354fc62-5a14-412e-a93b-5f0bf73e97f3\data\admdb.sqlite
[2025-08-01 16:22:10] INFO: INI ALAMAT TABLENYA :  D:\Work\ARYA-WMS-SHOPPIE\ANG19\wmshopee\.angular\prerender-root\3287583e-dc6c-4154-9f51-c2c59690f006\data\admdb.sqlite
[2025-08-01 16:22:10] INFO: INI ALAMAT TABLENYA :  D:\Work\ARYA-WMS-SHOPPIE\ANG19\wmshopee\.angular\prerender-root\ae993b05-82cc-4963-ac15-bd1eed869725\data\admdb.sqlite
[2025-08-01 16:22:34] INFO: INI ALAMAT TABLENYA :  D:\Work\ARYA-WMS-SHOPPIE\ANG19\wmshopee\dist\wmshopee\server\data\admdb.sqlite
[2025-08-01 16:32:18] INFO: INI ALAMAT TABLENYA :  D:\Work\ARYA-WMS-SHOPPIE\ANG19\wmshopee\.angular\prerender-root\4f850d73-8395-4fa5-8a97-41a6ad8fb90e\data\admdb.sqlite
[2025-08-01 16:32:28] INFO: INI ALAMAT TABLENYA :  D:\Work\ARYA-WMS-SHOPPIE\ANG19\wmshopee\.angular\prerender-root\b764ff01-e729-4752-bd76-23de5a6ce498\data\admdb.sqlite
[2025-08-01 16:32:28] INFO: INI ALAMAT TABLENYA :  D:\Work\ARYA-WMS-SHOPPIE\ANG19\wmshopee\.angular\prerender-root\4645f342-260a-48cd-984c-cdec081671c6\data\admdb.sqlite
[2025-08-01 16:32:28] INFO: INI ALAMAT TABLENYA :  D:\Work\ARYA-WMS-SHOPPIE\ANG19\wmshopee\.angular\prerender-root\12dcff23-b16b-4afb-a143-ecf59727034a\data\admdb.sqlite
[2025-08-01 16:32:28] INFO: INI ALAMAT TABLENYA :  D:\Work\ARYA-WMS-SHOPPIE\ANG19\wmshopee\.angular\prerender-root\7d0903e3-1986-483e-b090-e675b7325e5d\data\admdb.sqlite
[2025-08-01 16:33:22] INFO: INI ALAMAT TABLENYA :  D:\Work\ARYA-WMS-SHOPPIE\ANG19\wmshopee\dist\wmshopee\server\data\admdb.sqlite
[2025-08-01 16:34:58] INFO: INI ALAMAT TABLENYA :  D:\Work\ARYA-WMS-SHOPPIE\ANG19\wmshopee\.angular\prerender-root\1de0638b-9a57-4839-a0ff-8a1b29eb85f1\data\admdb.sqlite
[2025-08-01 16:35:00] INFO: INI ALAMAT TABLENYA :  D:\Work\ARYA-WMS-SHOPPIE\ANG19\wmshopee\.angular\prerender-root\859d339d-924e-4912-ae14-8204068ffeb2\data\admdb.sqlite
[2025-08-01 16:35:00] INFO: INI ALAMAT TABLENYA :  D:\Work\ARYA-WMS-SHOPPIE\ANG19\wmshopee\.angular\prerender-root\9f6989a5-4d01-4e0c-a4d4-875bd0824b85\data\admdb.sqlite
[2025-08-01 16:35:00] INFO: INI ALAMAT TABLENYA :  D:\Work\ARYA-WMS-SHOPPIE\ANG19\wmshopee\.angular\prerender-root\051765b8-b0d7-42bc-bf40-fbbdb1bdf4cc\data\admdb.sqlite
[2025-08-01 16:35:00] INFO: INI ALAMAT TABLENYA :  D:\Work\ARYA-WMS-SHOPPIE\ANG19\wmshopee\.angular\prerender-root\58ab0cd7-3b2d-4459-bca6-0183bdea486f\data\admdb.sqlite
[2025-08-01 16:50:58] INFO: INI ALAMAT TABLENYA :  D:\Work\ARYA-WMS-SHOPPIE\ANG19\wmshopee\.angular\prerender-root\14c2d514-58b9-4459-9200-48cce3a329d7\data\admdb.sqlite
[2025-08-01 16:51:00] INFO: INI ALAMAT TABLENYA :  D:\Work\ARYA-WMS-SHOPPIE\ANG19\wmshopee\.angular\prerender-root\d4ae6b2c-1a54-4ea5-9db0-74f75b4ebd3e\data\admdb.sqlite
[2025-08-01 16:51:00] INFO: INI ALAMAT TABLENYA :  D:\Work\ARYA-WMS-SHOPPIE\ANG19\wmshopee\.angular\prerender-root\79f5471f-1386-4eb4-8776-72d7e0c7840a\data\admdb.sqlite
[2025-08-01 16:51:00] INFO: INI ALAMAT TABLENYA :  D:\Work\ARYA-WMS-SHOPPIE\ANG19\wmshopee\.angular\prerender-root\a1ab1872-ba2b-4b9b-9da2-7fe513e777ac\data\admdb.sqlite
[2025-08-01 16:51:00] INFO: INI ALAMAT TABLENYA :  D:\Work\ARYA-WMS-SHOPPIE\ANG19\wmshopee\.angular\prerender-root\e628c9fd-8576-49f7-920b-2d4e43d8cd38\data\admdb.sqlite
[2025-08-01 16:51:10] INFO: INI ALAMAT TABLENYA :  D:\Work\ARYA-WMS-SHOPPIE\ANG19\wmshopee\dist\wmshopee\server\data\admdb.sqlite
[2025-08-01 17:19:23] INFO: INI ALAMAT TABLENYA :  D:\Work\ARYA-WMS-SHOPPIE\ANG19\wmshopee\.angular\prerender-root\cf729614-58ef-4232-9192-084d08b5bf1d\data\admdb.sqlite
[2025-08-01 17:19:26] INFO: INI ALAMAT TABLENYA :  D:\Work\ARYA-WMS-SHOPPIE\ANG19\wmshopee\.angular\prerender-root\08aa2897-a89f-4f09-80ad-a99123eba194\data\admdb.sqlite
[2025-08-01 17:19:26] INFO: INI ALAMAT TABLENYA :  D:\Work\ARYA-WMS-SHOPPIE\ANG19\wmshopee\.angular\prerender-root\de89f17b-ffde-4ee4-8e98-59d86dfff219\data\admdb.sqlite
[2025-08-01 17:19:26] INFO: INI ALAMAT TABLENYA :  D:\Work\ARYA-WMS-SHOPPIE\ANG19\wmshopee\.angular\prerender-root\4331549d-e0aa-4684-8990-1b841da9a796\data\admdb.sqlite
[2025-08-01 17:19:26] INFO: INI ALAMAT TABLENYA :  D:\Work\ARYA-WMS-SHOPPIE\ANG19\wmshopee\.angular\prerender-root\4590fba6-9088-4010-9f66-7304085175e7\data\admdb.sqlite
[2025-08-01 17:19:35] INFO: INI ALAMAT TABLENYA :  D:\Work\ARYA-WMS-SHOPPIE\ANG19\wmshopee\dist\wmshopee\server\data\admdb.sqlite
[2025-08-01 17:20:14] INFO: INI ALAMAT TABLENYA :  D:\Work\ARYA-WMS-SHOPPIE\ANG19\wmshopee\.angular\prerender-root\7fd22a36-1724-49bd-86a7-a91fb061c4cf\data\admdb.sqlite
[2025-08-01 17:20:17] INFO: INI ALAMAT TABLENYA :  D:\Work\ARYA-WMS-SHOPPIE\ANG19\wmshopee\.angular\prerender-root\8b6287ff-a70d-4cf0-a41d-4a0c7e8ed3b2\data\admdb.sqlite
[2025-08-01 17:20:17] INFO: INI ALAMAT TABLENYA :  D:\Work\ARYA-WMS-SHOPPIE\ANG19\wmshopee\.angular\prerender-root\299a0dbc-24e4-487b-ab5a-5f58d90c59ca\data\admdb.sqlite
[2025-08-01 17:20:17] INFO: INI ALAMAT TABLENYA :  D:\Work\ARYA-WMS-SHOPPIE\ANG19\wmshopee\.angular\prerender-root\3d55e352-31d5-4ead-be6a-79b8c37bd081\data\admdb.sqlite
[2025-08-01 17:20:17] INFO: INI ALAMAT TABLENYA :  D:\Work\ARYA-WMS-SHOPPIE\ANG19\wmshopee\.angular\prerender-root\dcf55e06-4009-49e3-9a71-c5a92116fb0c\data\admdb.sqlite
[2025-08-01 17:20:42] INFO: INI ALAMAT TABLENYA :  D:\Work\ARYA-WMS-SHOPPIE\ANG19\wmshopee\dist\wmshopee\server\data\admdb.sqlite
[2025-08-01 17:20:46] INFO: ✅ Shopee get List Error: {"error":"invalid_acceess_token","message":"Invalid access_token, please have a check.","request_id":"e3e3e7f33b4b1c712455388bca607c00"}
[2025-08-01 17:20:46] INFO: Update data token : 
