[2025-09-27 08:41:19] INFO: INI ALAMAT TABLENYA :  D:\Work\ARYA-WMS-SHOPPIE\ANG19\wmshopee\.angular\prerender-root\8115e0f5-6137-4955-8397-f3f880898f39\data\admdb.sqlite
[2025-09-27 08:41:25] INFO: INI ALAMAT TABLENYA :  D:\Work\ARYA-WMS-SHOPPIE\ANG19\wmshopee\.angular\prerender-root\c57f385f-882b-4334-8b42-c47ea3b67e65\data\admdb.sqlite
[2025-09-27 08:41:25] INFO: INI ALAMAT TABLENYA :  D:\Work\ARYA-WMS-SHOPPIE\ANG19\wmshopee\.angular\prerender-root\3853aeef-bb31-4101-a068-1e76203769a7\data\admdb.sqlite
[2025-09-27 08:41:25] INFO: INI ALAMAT TABLENYA :  D:\Work\ARYA-WMS-SHOPPIE\ANG19\wmshopee\.angular\prerender-root\e260d71e-c33a-4587-be14-5fdd415dbc26\data\admdb.sqlite
[2025-09-27 08:41:25] INFO: INI ALAMAT TABLENYA :  D:\Work\ARYA-WMS-SHOPPIE\ANG19\wmshopee\.angular\prerender-root\4f6072a2-8774-4bce-9dab-a79d816fb21f\data\admdb.sqlite
[2025-09-27 08:42:01] INFO: INI ALAMAT TABLENYA :  D:\Work\ARYA-WMS-SHOPPIE\ANG19\wmshopee\dist\wmshopee\server\data\admdb.sqlite
[2025-09-27 08:42:24] INFO: ✅ Shopee refresh on fetchWithAuth Error: {"error":"invalid_acceess_token","message":"Invalid access_token, please have a check.","request_id":"e3e3e7f33fbe83ab4a4cfd722a658f00"}
[2025-09-27 08:42:24] INFO: ✅ Shopee refresh on fetchWithAuth Error: {"error":"invalid_acceess_token","message":"Invalid access_token, please have a check.","request_id":"e3e3e7f33fbe83abe8120ed5ee5ab500"}
[2025-09-27 08:42:24] INFO: Update data token : 
[2025-09-27 08:42:24] INFO: Update data token : 
[2025-09-27 08:45:33] INFO: INI ALAMAT TABLENYA :  D:\Work\ARYA-WMS-SHOPPIE\ANG19\wmshopee\.angular\prerender-root\d231ef6f-bc2a-41ad-9027-6b6b2dfbaeca\data\admdb.sqlite
[2025-09-27 08:45:34] INFO: INI ALAMAT TABLENYA :  D:\Work\ARYA-WMS-SHOPPIE\ANG19\wmshopee\.angular\prerender-root\6a3bc4f3-ef68-4ece-8af2-c7de8fdd4f1b\data\admdb.sqlite
[2025-09-27 08:45:34] INFO: INI ALAMAT TABLENYA :  D:\Work\ARYA-WMS-SHOPPIE\ANG19\wmshopee\.angular\prerender-root\da6f5196-5c26-47bc-bcb2-4c455f39ff0d\data\admdb.sqlite
[2025-09-27 08:45:34] INFO: INI ALAMAT TABLENYA :  D:\Work\ARYA-WMS-SHOPPIE\ANG19\wmshopee\.angular\prerender-root\601e5581-bde3-42df-a151-8afc08529e0c\data\admdb.sqlite
[2025-09-27 08:45:34] INFO: INI ALAMAT TABLENYA :  D:\Work\ARYA-WMS-SHOPPIE\ANG19\wmshopee\.angular\prerender-root\a8b22f4f-beae-4971-b7d5-123b42ac62d8\data\admdb.sqlite
[2025-09-27 08:45:43] INFO: INI ALAMAT TABLENYA :  D:\Work\ARYA-WMS-SHOPPIE\ANG19\wmshopee\dist\wmshopee\server\data\admdb.sqlite
[2025-09-27 08:45:54] INFO: ✅ Shopee refresh on fetchWithAuth Error: {"error":"invalid_acceess_token","message":"Invalid access_token, please have a check.","request_id":"e3e3e7f33fbe902734bba6cf615e3300"}
[2025-09-27 08:45:54] INFO: ✅ Shopee refresh on fetchWithAuth Error: {"error":"invalid_acceess_token","message":"Invalid access_token, please have a check.","request_id":"e3e3e7f33fbe90273565b3950369fb00"}
[2025-09-27 08:45:54] INFO: Update data token : 
[2025-09-27 08:45:54] INFO: Update data token : 
[2025-09-27 08:48:37] INFO: ✅ Sudah di List  68
[2025-09-27 08:48:39] INFO: ✅ package Sudah di List  {"order_sn":"250925E6HM364E","package_number":"OFG212488070244508"}
[2025-09-27 08:56:19] INFO: INI ALAMAT TABLENYA :  D:\Work\ARYA-WMS-SHOPPIE\ANG19\wmshopee\.angular\prerender-root\caf6c848-108f-470b-ba11-3684032d1bad\data\admdb.sqlite
[2025-09-27 08:56:30] INFO: INI ALAMAT TABLENYA :  D:\Work\ARYA-WMS-SHOPPIE\ANG19\wmshopee\.angular\prerender-root\218ee917-46cc-4eee-bb06-ea8cb864b4fb\data\admdb.sqlite
[2025-09-27 08:56:30] INFO: INI ALAMAT TABLENYA :  D:\Work\ARYA-WMS-SHOPPIE\ANG19\wmshopee\.angular\prerender-root\94c011ca-b7e2-4594-bf65-a1c45e2910e3\data\admdb.sqlite
[2025-09-27 08:56:30] INFO: INI ALAMAT TABLENYA :  D:\Work\ARYA-WMS-SHOPPIE\ANG19\wmshopee\.angular\prerender-root\c29ed643-27f3-41bb-a04e-cad81c8d2ab8\data\admdb.sqlite
[2025-09-27 08:56:30] INFO: INI ALAMAT TABLENYA :  D:\Work\ARYA-WMS-SHOPPIE\ANG19\wmshopee\.angular\prerender-root\81b83e58-af7c-4066-8fcf-5b176df60c3c\data\admdb.sqlite
[2025-09-27 09:00:07] INFO: INI ALAMAT TABLENYA :  D:\Work\ARYA-WMS-SHOPPIE\ANG19\wmshopee\.angular\prerender-root\eb375164-a07a-48ef-951d-b2ad6428b8f3\data\admdb.sqlite
[2025-09-27 09:00:09] INFO: INI ALAMAT TABLENYA :  D:\Work\ARYA-WMS-SHOPPIE\ANG19\wmshopee\.angular\prerender-root\bd3ec75f-4571-4e6a-beed-8c9c82c78270\data\admdb.sqlite
[2025-09-27 09:00:09] INFO: INI ALAMAT TABLENYA :  D:\Work\ARYA-WMS-SHOPPIE\ANG19\wmshopee\.angular\prerender-root\a438a780-001c-43ee-ae3e-200274f56856\data\admdb.sqlite
[2025-09-27 09:00:09] INFO: INI ALAMAT TABLENYA :  D:\Work\ARYA-WMS-SHOPPIE\ANG19\wmshopee\.angular\prerender-root\9ffc2f9b-aeb4-45ce-a86f-d8593d6c16ed\data\admdb.sqlite
[2025-09-27 09:00:09] INFO: INI ALAMAT TABLENYA :  D:\Work\ARYA-WMS-SHOPPIE\ANG19\wmshopee\.angular\prerender-root\413e6ea2-3dcb-42ef-b158-85fc18bfb4ee\data\admdb.sqlite
[2025-09-27 09:00:23] INFO: INI ALAMAT TABLENYA :  D:\Work\ARYA-WMS-SHOPPIE\ANG19\wmshopee\dist\wmshopee\server\data\admdb.sqlite
[2025-09-27 09:01:22] INFO: INI ALAMAT TABLENYA :  D:\Work\ARYA-WMS-SHOPPIE\ANG19\wmshopee\.angular\prerender-root\09f1ab0e-8bbd-456c-94d4-91b7a4d397fe\data\admdb.sqlite
[2025-09-27 09:01:23] INFO: INI ALAMAT TABLENYA :  D:\Work\ARYA-WMS-SHOPPIE\ANG19\wmshopee\.angular\prerender-root\85cf8c32-f064-4b97-92b6-3e3932f20a11\data\admdb.sqlite
[2025-09-27 09:01:23] INFO: INI ALAMAT TABLENYA :  D:\Work\ARYA-WMS-SHOPPIE\ANG19\wmshopee\.angular\prerender-root\e318f0be-b6f8-47da-bd32-8bba4375d84b\data\admdb.sqlite
[2025-09-27 09:01:23] INFO: INI ALAMAT TABLENYA :  D:\Work\ARYA-WMS-SHOPPIE\ANG19\wmshopee\.angular\prerender-root\7d2af355-44b8-42da-a2fa-f592a1c6ecdc\data\admdb.sqlite
[2025-09-27 09:01:23] INFO: INI ALAMAT TABLENYA :  D:\Work\ARYA-WMS-SHOPPIE\ANG19\wmshopee\.angular\prerender-root\5c186964-88b5-440b-baca-89d94f6c6004\data\admdb.sqlite
[2025-09-27 09:02:26] INFO: INI ALAMAT TABLENYA :  D:\Work\ARYA-WMS-SHOPPIE\ANG19\wmshopee\.angular\prerender-root\b7ff1c53-0f8a-4823-8aeb-fcc6b8190d3a\data\admdb.sqlite
[2025-09-27 09:02:28] INFO: INI ALAMAT TABLENYA :  D:\Work\ARYA-WMS-SHOPPIE\ANG19\wmshopee\.angular\prerender-root\9637a662-0a2a-4a79-9541-387dda8ab33e\data\admdb.sqlite
[2025-09-27 09:02:28] INFO: INI ALAMAT TABLENYA :  D:\Work\ARYA-WMS-SHOPPIE\ANG19\wmshopee\.angular\prerender-root\ae2824f7-42b4-4d87-870b-c196ce8f8796\data\admdb.sqlite
[2025-09-27 09:02:28] INFO: INI ALAMAT TABLENYA :  D:\Work\ARYA-WMS-SHOPPIE\ANG19\wmshopee\.angular\prerender-root\9c298e3f-6a71-4521-bdf0-fbe3793cec46\data\admdb.sqlite
[2025-09-27 09:02:28] INFO: INI ALAMAT TABLENYA :  D:\Work\ARYA-WMS-SHOPPIE\ANG19\wmshopee\.angular\prerender-root\1b700448-a11d-4d6f-8e0e-95255bbf41f8\data\admdb.sqlite
[2025-09-27 09:02:35] INFO: INI ALAMAT TABLENYA :  D:\Work\ARYA-WMS-SHOPPIE\ANG19\wmshopee\dist\wmshopee\server\data\admdb.sqlite
[2025-09-27 09:03:10] INFO: INI ALAMAT TABLENYA :  D:\Work\ARYA-WMS-SHOPPIE\ANG19\wmshopee\.angular\prerender-root\12e99da1-77cc-4257-b361-8b9197662b8c\data\admdb.sqlite
[2025-09-27 09:03:11] INFO: INI ALAMAT TABLENYA :  D:\Work\ARYA-WMS-SHOPPIE\ANG19\wmshopee\.angular\prerender-root\b1fb7c85-6fc9-48e5-9e6e-3e257fde6c72\data\admdb.sqlite
[2025-09-27 09:03:11] INFO: INI ALAMAT TABLENYA :  D:\Work\ARYA-WMS-SHOPPIE\ANG19\wmshopee\.angular\prerender-root\9c6714dd-e29d-4f0e-867b-ab8e91867b1a\data\admdb.sqlite
[2025-09-27 09:03:11] INFO: INI ALAMAT TABLENYA :  D:\Work\ARYA-WMS-SHOPPIE\ANG19\wmshopee\.angular\prerender-root\e178363c-a9c1-4a69-b53c-abbe5b7cb091\data\admdb.sqlite
[2025-09-27 09:03:11] INFO: INI ALAMAT TABLENYA :  D:\Work\ARYA-WMS-SHOPPIE\ANG19\wmshopee\.angular\prerender-root\80ea9686-2856-4baf-b852-c7361a42a4c7\data\admdb.sqlite
[2025-09-27 09:03:29] INFO: INI ALAMAT TABLENYA :  D:\Work\ARYA-WMS-SHOPPIE\ANG19\wmshopee\dist\wmshopee\server\data\admdb.sqlite
[2025-09-27 09:03:56] INFO: INI ALAMAT TABLENYA :  D:\Work\ARYA-WMS-SHOPPIE\ANG19\wmshopee\.angular\prerender-root\ee051ba8-58f1-4015-8536-872c69b6fc8d\data\admdb.sqlite
[2025-09-27 09:03:58] INFO: INI ALAMAT TABLENYA :  D:\Work\ARYA-WMS-SHOPPIE\ANG19\wmshopee\.angular\prerender-root\7d4a0973-cda2-4b7c-be27-9067aae56e7e\data\admdb.sqlite
[2025-09-27 09:03:58] INFO: INI ALAMAT TABLENYA :  D:\Work\ARYA-WMS-SHOPPIE\ANG19\wmshopee\.angular\prerender-root\0573f965-5a47-4cac-8292-3e2bf3caa532\data\admdb.sqlite
[2025-09-27 09:03:58] INFO: INI ALAMAT TABLENYA :  D:\Work\ARYA-WMS-SHOPPIE\ANG19\wmshopee\.angular\prerender-root\aed43324-0020-4c0e-99ea-a91f4b8c2e2d\data\admdb.sqlite
[2025-09-27 09:03:58] INFO: INI ALAMAT TABLENYA :  D:\Work\ARYA-WMS-SHOPPIE\ANG19\wmshopee\.angular\prerender-root\6ef583cf-2c19-4e27-9628-b88dfd7c2217\data\admdb.sqlite
[2025-09-27 09:04:06] INFO: INI ALAMAT TABLENYA :  D:\Work\ARYA-WMS-SHOPPIE\ANG19\wmshopee\dist\wmshopee\server\data\admdb.sqlite
[2025-09-27 09:04:56] INFO: INI ALAMAT TABLENYA :  D:\Work\ARYA-WMS-SHOPPIE\ANG19\wmshopee\.angular\prerender-root\e3e35b3d-eba5-4390-bf00-77c6799b2a8e\data\admdb.sqlite
[2025-09-27 09:04:58] INFO: INI ALAMAT TABLENYA :  D:\Work\ARYA-WMS-SHOPPIE\ANG19\wmshopee\.angular\prerender-root\348d1db3-86db-48a5-b3e4-9ecdefe87122\data\admdb.sqlite
[2025-09-27 09:04:58] INFO: INI ALAMAT TABLENYA :  D:\Work\ARYA-WMS-SHOPPIE\ANG19\wmshopee\.angular\prerender-root\edbaad82-b22e-492a-b14f-518624663c31\data\admdb.sqlite
[2025-09-27 09:04:58] INFO: INI ALAMAT TABLENYA :  D:\Work\ARYA-WMS-SHOPPIE\ANG19\wmshopee\.angular\prerender-root\bfd8b17d-d930-43e9-b3d5-48d56dc024cf\data\admdb.sqlite
[2025-09-27 09:04:58] INFO: INI ALAMAT TABLENYA :  D:\Work\ARYA-WMS-SHOPPIE\ANG19\wmshopee\.angular\prerender-root\1a5daf03-b2e3-48b9-8235-90b5515df369\data\admdb.sqlite
[2025-09-27 09:05:40] INFO: INI ALAMAT TABLENYA :  D:\Work\ARYA-WMS-SHOPPIE\ANG19\wmshopee\.angular\prerender-root\1f677044-faef-4901-b2ff-e52ceb1fd063\data\admdb.sqlite
[2025-09-27 09:05:42] INFO: INI ALAMAT TABLENYA :  D:\Work\ARYA-WMS-SHOPPIE\ANG19\wmshopee\.angular\prerender-root\fee49b94-1e04-4f9e-b118-39e0af667d2f\data\admdb.sqlite
[2025-09-27 09:05:42] INFO: INI ALAMAT TABLENYA :  D:\Work\ARYA-WMS-SHOPPIE\ANG19\wmshopee\.angular\prerender-root\16e8ca2b-4c59-4483-99dd-449bc07f3383\data\admdb.sqlite
[2025-09-27 09:05:42] INFO: INI ALAMAT TABLENYA :  D:\Work\ARYA-WMS-SHOPPIE\ANG19\wmshopee\.angular\prerender-root\9c301ea6-b6ad-41d1-8607-af958fb01331\data\admdb.sqlite
[2025-09-27 09:05:42] INFO: INI ALAMAT TABLENYA :  D:\Work\ARYA-WMS-SHOPPIE\ANG19\wmshopee\.angular\prerender-root\5236a061-c946-46ac-aa60-a1e8d2c9fbf3\data\admdb.sqlite
[2025-09-27 09:07:03] INFO: INI ALAMAT TABLENYA :  D:\Work\ARYA-WMS-SHOPPIE\ANG19\wmshopee\.angular\prerender-root\95dad05f-583e-4b44-9a51-46e9446a2066\data\admdb.sqlite
[2025-09-27 09:07:04] INFO: INI ALAMAT TABLENYA :  D:\Work\ARYA-WMS-SHOPPIE\ANG19\wmshopee\.angular\prerender-root\bfdccd0f-4384-4611-8e27-ed81ccca4f84\data\admdb.sqlite
[2025-09-27 09:07:04] INFO: INI ALAMAT TABLENYA :  D:\Work\ARYA-WMS-SHOPPIE\ANG19\wmshopee\.angular\prerender-root\2cece7b8-ca2f-4442-a065-0dc5eee7dd64\data\admdb.sqlite
[2025-09-27 09:07:04] INFO: INI ALAMAT TABLENYA :  D:\Work\ARYA-WMS-SHOPPIE\ANG19\wmshopee\.angular\prerender-root\7dbe7b79-afff-47ad-8c4f-02d87c14ebd3\data\admdb.sqlite
[2025-09-27 09:07:04] INFO: INI ALAMAT TABLENYA :  D:\Work\ARYA-WMS-SHOPPIE\ANG19\wmshopee\.angular\prerender-root\b5298b70-e129-40d7-99a7-7c251f86e1cd\data\admdb.sqlite
[2025-09-27 09:07:45] INFO: INI ALAMAT TABLENYA :  D:\Work\ARYA-WMS-SHOPPIE\ANG19\wmshopee\dist\wmshopee\server\data\admdb.sqlite
[2025-09-27 09:08:32] INFO: INI ALAMAT TABLENYA :  D:\Work\ARYA-WMS-SHOPPIE\ANG19\wmshopee\.angular\prerender-root\452b31df-d374-413a-bf1f-e4d3fd66fa3a\data\admdb.sqlite
[2025-09-27 09:08:33] INFO: INI ALAMAT TABLENYA :  D:\Work\ARYA-WMS-SHOPPIE\ANG19\wmshopee\.angular\prerender-root\454cf70f-3c61-4579-a210-101dde510469\data\admdb.sqlite
[2025-09-27 09:08:33] INFO: INI ALAMAT TABLENYA :  D:\Work\ARYA-WMS-SHOPPIE\ANG19\wmshopee\.angular\prerender-root\d891321a-1887-4a5a-b8c5-298154e9bcb4\data\admdb.sqlite
[2025-09-27 09:08:33] INFO: INI ALAMAT TABLENYA :  D:\Work\ARYA-WMS-SHOPPIE\ANG19\wmshopee\.angular\prerender-root\610ee2a8-089d-4fe2-99f9-313d30050c89\data\admdb.sqlite
[2025-09-27 09:08:33] INFO: INI ALAMAT TABLENYA :  D:\Work\ARYA-WMS-SHOPPIE\ANG19\wmshopee\.angular\prerender-root\382d2418-1d25-47aa-a6f4-7d39b7f41980\data\admdb.sqlite
[2025-09-27 09:08:42] INFO: INI ALAMAT TABLENYA :  D:\Work\ARYA-WMS-SHOPPIE\ANG19\wmshopee\dist\wmshopee\server\data\admdb.sqlite
[2025-09-27 09:16:44] INFO: INI ALAMAT TABLENYA :  D:\Work\ARYA-WMS-SHOPPIE\ANG19\wmshopee\.angular\prerender-root\e7c94f4e-e7e4-4589-80bc-f6a99e201206\data\admdb.sqlite
[2025-09-27 09:16:45] INFO: INI ALAMAT TABLENYA :  D:\Work\ARYA-WMS-SHOPPIE\ANG19\wmshopee\.angular\prerender-root\f1bd4b17-3286-4a68-ac03-81e35fe68fcd\data\admdb.sqlite
[2025-09-27 09:16:45] INFO: INI ALAMAT TABLENYA :  D:\Work\ARYA-WMS-SHOPPIE\ANG19\wmshopee\.angular\prerender-root\21d987d6-2572-46ea-99d9-a1106d2b0297\data\admdb.sqlite
[2025-09-27 09:16:45] INFO: INI ALAMAT TABLENYA :  D:\Work\ARYA-WMS-SHOPPIE\ANG19\wmshopee\.angular\prerender-root\a904ec85-e4c0-4e76-8e62-49c7c68c51f1\data\admdb.sqlite
[2025-09-27 09:16:45] INFO: INI ALAMAT TABLENYA :  D:\Work\ARYA-WMS-SHOPPIE\ANG19\wmshopee\.angular\prerender-root\aa244d51-ea17-4342-982f-6073de5e0a44\data\admdb.sqlite
[2025-09-27 09:16:59] INFO: INI ALAMAT TABLENYA :  D:\Work\ARYA-WMS-SHOPPIE\ANG19\wmshopee\dist\wmshopee\server\data\admdb.sqlite
[2025-09-27 09:19:48] INFO: INI ALAMAT TABLENYA :  D:\Work\ARYA-WMS-SHOPPIE\ANG19\wmshopee\.angular\prerender-root\753eccdf-58ca-4295-b366-e3d615c7deb6\data\admdb.sqlite
[2025-09-27 09:19:49] INFO: INI ALAMAT TABLENYA :  D:\Work\ARYA-WMS-SHOPPIE\ANG19\wmshopee\.angular\prerender-root\0057787a-ae7a-4fbf-be77-216955657ce4\data\admdb.sqlite
[2025-09-27 09:19:49] INFO: INI ALAMAT TABLENYA :  D:\Work\ARYA-WMS-SHOPPIE\ANG19\wmshopee\.angular\prerender-root\c34b0668-54c4-4dac-9be8-92f7e1647158\data\admdb.sqlite
[2025-09-27 09:19:49] INFO: INI ALAMAT TABLENYA :  D:\Work\ARYA-WMS-SHOPPIE\ANG19\wmshopee\.angular\prerender-root\6395f411-3ffd-4286-b58b-b55ef932c996\data\admdb.sqlite
[2025-09-27 09:19:49] INFO: INI ALAMAT TABLENYA :  D:\Work\ARYA-WMS-SHOPPIE\ANG19\wmshopee\.angular\prerender-root\2148f056-1894-4820-9cb1-be026c0aedc4\data\admdb.sqlite
[2025-09-27 09:20:06] INFO: INI ALAMAT TABLENYA :  D:\Work\ARYA-WMS-SHOPPIE\ANG19\wmshopee\dist\wmshopee\server\data\admdb.sqlite
[2025-09-27 09:21:50] INFO: INI ALAMAT TABLENYA :  D:\Work\ARYA-WMS-SHOPPIE\ANG19\wmshopee\.angular\prerender-root\932d412d-d59a-463d-81cc-990a66de97da\data\admdb.sqlite
[2025-09-27 09:21:52] INFO: INI ALAMAT TABLENYA :  D:\Work\ARYA-WMS-SHOPPIE\ANG19\wmshopee\.angular\prerender-root\29bb0f77-f3ee-43ec-8582-c416a38fd58a\data\admdb.sqlite
[2025-09-27 09:21:52] INFO: INI ALAMAT TABLENYA :  D:\Work\ARYA-WMS-SHOPPIE\ANG19\wmshopee\.angular\prerender-root\192f254c-2f6b-4d0d-b732-d1614bf96cd2\data\admdb.sqlite
[2025-09-27 09:21:52] INFO: INI ALAMAT TABLENYA :  D:\Work\ARYA-WMS-SHOPPIE\ANG19\wmshopee\.angular\prerender-root\0cd41d42-20c8-430a-adef-be4c4d9fc89e\data\admdb.sqlite
[2025-09-27 09:21:52] INFO: INI ALAMAT TABLENYA :  D:\Work\ARYA-WMS-SHOPPIE\ANG19\wmshopee\.angular\prerender-root\98e75239-9000-4998-b936-368e847ccba5\data\admdb.sqlite
[2025-09-27 09:22:20] INFO: INI ALAMAT TABLENYA :  D:\Work\ARYA-WMS-SHOPPIE\ANG19\wmshopee\dist\wmshopee\server\data\admdb.sqlite
[2025-09-27 09:22:55] INFO: INI ALAMAT TABLENYA :  D:\Work\ARYA-WMS-SHOPPIE\ANG19\wmshopee\.angular\prerender-root\e6307b12-e274-4225-b15f-acfd97a5c68f\data\admdb.sqlite
[2025-09-27 09:22:56] INFO: INI ALAMAT TABLENYA :  D:\Work\ARYA-WMS-SHOPPIE\ANG19\wmshopee\.angular\prerender-root\9e457185-93f1-4f24-b454-a691f6f7d522\data\admdb.sqlite
[2025-09-27 09:22:56] INFO: INI ALAMAT TABLENYA :  D:\Work\ARYA-WMS-SHOPPIE\ANG19\wmshopee\.angular\prerender-root\5d789545-b6dd-47bb-9023-660260824873\data\admdb.sqlite
[2025-09-27 09:22:56] INFO: INI ALAMAT TABLENYA :  D:\Work\ARYA-WMS-SHOPPIE\ANG19\wmshopee\.angular\prerender-root\c78eb41a-dc47-4606-9d8e-b3add161d782\data\admdb.sqlite
[2025-09-27 09:22:56] INFO: INI ALAMAT TABLENYA :  D:\Work\ARYA-WMS-SHOPPIE\ANG19\wmshopee\.angular\prerender-root\00c9cf15-da62-4950-8683-b2e4c6b5dd94\data\admdb.sqlite
[2025-09-27 09:23:07] INFO: INI ALAMAT TABLENYA :  D:\Work\ARYA-WMS-SHOPPIE\ANG19\wmshopee\dist\wmshopee\server\data\admdb.sqlite
[2025-09-27 09:24:11] INFO: INI ALAMAT TABLENYA :  D:\Work\ARYA-WMS-SHOPPIE\ANG19\wmshopee\.angular\prerender-root\80757ff0-a3ed-4b2e-a66f-4c51087400ca\data\admdb.sqlite
[2025-09-27 09:24:12] INFO: INI ALAMAT TABLENYA :  D:\Work\ARYA-WMS-SHOPPIE\ANG19\wmshopee\.angular\prerender-root\0118b74d-65cb-43a4-a112-baa9429efb02\data\admdb.sqlite
[2025-09-27 09:24:12] INFO: INI ALAMAT TABLENYA :  D:\Work\ARYA-WMS-SHOPPIE\ANG19\wmshopee\.angular\prerender-root\aa59f90b-1859-4516-90d3-34233ca3077b\data\admdb.sqlite
[2025-09-27 09:24:12] INFO: INI ALAMAT TABLENYA :  D:\Work\ARYA-WMS-SHOPPIE\ANG19\wmshopee\.angular\prerender-root\71f384fa-feee-4143-b661-577f79892d3a\data\admdb.sqlite
[2025-09-27 09:24:12] INFO: INI ALAMAT TABLENYA :  D:\Work\ARYA-WMS-SHOPPIE\ANG19\wmshopee\.angular\prerender-root\f948f31f-094e-4120-bf13-e6b9d354e0d0\data\admdb.sqlite
[2025-09-27 09:24:47] INFO: INI ALAMAT TABLENYA :  D:\Work\ARYA-WMS-SHOPPIE\ANG19\wmshopee\dist\wmshopee\server\data\admdb.sqlite
[2025-09-27 09:29:54] INFO: INI ALAMAT TABLENYA :  D:\Work\ARYA-WMS-SHOPPIE\ANG19\wmshopee\.angular\prerender-root\8c476a4f-2ff1-48f0-838b-304289b420a0\data\admdb.sqlite
[2025-09-27 09:29:55] INFO: INI ALAMAT TABLENYA :  D:\Work\ARYA-WMS-SHOPPIE\ANG19\wmshopee\.angular\prerender-root\2480b8f8-cd83-4883-93aa-c31a7ce6c43e\data\admdb.sqlite
[2025-09-27 09:29:55] INFO: INI ALAMAT TABLENYA :  D:\Work\ARYA-WMS-SHOPPIE\ANG19\wmshopee\.angular\prerender-root\2da29471-d507-4c8d-9d98-ff7d0b601894\data\admdb.sqlite
[2025-09-27 09:29:55] INFO: INI ALAMAT TABLENYA :  D:\Work\ARYA-WMS-SHOPPIE\ANG19\wmshopee\.angular\prerender-root\6e0da297-04e9-4892-82f9-ff1eec03bc3f\data\admdb.sqlite
[2025-09-27 09:29:55] INFO: INI ALAMAT TABLENYA :  D:\Work\ARYA-WMS-SHOPPIE\ANG19\wmshopee\.angular\prerender-root\f5fc3cc8-0fc5-4bc0-8ed7-70deeabf807a\data\admdb.sqlite
[2025-09-27 09:30:02] INFO: INI ALAMAT TABLENYA :  D:\Work\ARYA-WMS-SHOPPIE\ANG19\wmshopee\dist\wmshopee\server\data\admdb.sqlite
[2025-09-27 09:31:32] INFO: INI ALAMAT TABLENYA :  D:\Work\ARYA-WMS-SHOPPIE\ANG19\wmshopee\.angular\prerender-root\232ad9fc-e3ff-41d2-acd1-83d85d9326b5\data\admdb.sqlite
[2025-09-27 09:31:34] INFO: INI ALAMAT TABLENYA :  D:\Work\ARYA-WMS-SHOPPIE\ANG19\wmshopee\.angular\prerender-root\a9029371-2b14-40c6-9670-f53728249ff1\data\admdb.sqlite
[2025-09-27 09:31:34] INFO: INI ALAMAT TABLENYA :  D:\Work\ARYA-WMS-SHOPPIE\ANG19\wmshopee\.angular\prerender-root\f8b609eb-95db-46b6-9d17-3f74b887b8dd\data\admdb.sqlite
[2025-09-27 09:31:34] INFO: INI ALAMAT TABLENYA :  D:\Work\ARYA-WMS-SHOPPIE\ANG19\wmshopee\.angular\prerender-root\45e1294f-3abf-4ac1-9015-8864ed5d6d11\data\admdb.sqlite
[2025-09-27 09:31:34] INFO: INI ALAMAT TABLENYA :  D:\Work\ARYA-WMS-SHOPPIE\ANG19\wmshopee\.angular\prerender-root\4a67ab2a-5356-441b-a374-23270199c789\data\admdb.sqlite
[2025-09-27 09:35:59] INFO: INI ALAMAT TABLENYA :  D:\Work\ARYA-WMS-SHOPPIE\ANG19\wmshopee\.angular\prerender-root\f5b2adf5-aae3-4e43-8b9a-09f6bdefe6be\data\admdb.sqlite
[2025-09-27 09:36:00] INFO: INI ALAMAT TABLENYA :  D:\Work\ARYA-WMS-SHOPPIE\ANG19\wmshopee\.angular\prerender-root\b65cc501-3ae3-4abc-bfe4-c39b38735c77\data\admdb.sqlite
[2025-09-27 09:36:00] INFO: INI ALAMAT TABLENYA :  D:\Work\ARYA-WMS-SHOPPIE\ANG19\wmshopee\.angular\prerender-root\722a2333-5b00-4ca5-bcbb-a8e8c0205f4e\data\admdb.sqlite
[2025-09-27 09:36:00] INFO: INI ALAMAT TABLENYA :  D:\Work\ARYA-WMS-SHOPPIE\ANG19\wmshopee\.angular\prerender-root\6aec0204-02c5-471f-a7e3-4050b59cabf6\data\admdb.sqlite
[2025-09-27 09:36:00] INFO: INI ALAMAT TABLENYA :  D:\Work\ARYA-WMS-SHOPPIE\ANG19\wmshopee\.angular\prerender-root\cc30d137-3022-4351-a3a4-108a4f76e013\data\admdb.sqlite
[2025-09-27 09:36:08] INFO: INI ALAMAT TABLENYA :  D:\Work\ARYA-WMS-SHOPPIE\ANG19\wmshopee\dist\wmshopee\server\data\admdb.sqlite
