[2025-10-11 08:30:45] INFO: INI ALAMAT TABLENYA :  D:\Work\ARYA-WMS-SHOPPIE\ANG19\wmshopee\.angular\prerender-root\36fc3b38-ade2-4a27-8dc5-63a0d21ef07e\data\admdb.sqlite
[2025-10-11 08:30:59] INFO: INI ALAMAT TABLENYA :  D:\Work\ARYA-WMS-SHOPPIE\ANG19\wmshopee\.angular\prerender-root\7ae8ad6d-95b1-449a-a502-2d229f5928e4\data\admdb.sqlite
[2025-10-11 08:30:59] INFO: INI ALAMAT TABLENYA :  D:\Work\ARYA-WMS-SHOPPIE\ANG19\wmshopee\.angular\prerender-root\64e58ca8-0e69-49d3-acab-7b4a3955983f\data\admdb.sqlite
[2025-10-11 08:30:59] INFO: INI ALAMAT TABLENYA :  D:\Work\ARYA-WMS-SHOPPIE\ANG19\wmshopee\.angular\prerender-root\acc11582-79d9-4a67-97e6-b6ab297ee47a\data\admdb.sqlite
[2025-10-11 08:30:59] INFO: INI ALAMAT TABLENYA :  D:\Work\ARYA-WMS-SHOPPIE\ANG19\wmshopee\.angular\prerender-root\42b2d627-19cc-4f89-b6cb-dc49e6419a3d\data\admdb.sqlite
[2025-10-11 08:31:33] INFO: INI ALAMAT TABLENYA :  D:\Work\ARYA-WMS-SHOPPIE\ANG19\wmshopee\dist\wmshopee\server\data\admdb.sqlite
[2025-10-11 08:31:38] INFO: ✅ Shopee refresh on fetchWithAuth Error: {"error":"invalid_acceess_token","message":"Invalid access_token, please have a check.","request_id":"e3e3e7f340d7fee2063a1f7f38c10d00"}
[2025-10-11 08:31:38] INFO: ✅ Shopee refresh on fetchWithAuth Error: {"error":"invalid_acceess_token","message":"Invalid access_token, please have a check.","request_id":"e3e3e7f340d7fee3d0a21bb107d3ce00"}
[2025-10-11 08:31:38] INFO: Update data token : 
[2025-10-11 08:31:38] INFO: Update data token : 
[2025-10-11 08:32:46] INFO: ✅ package Sudah di List  154
[2025-10-11 08:36:39] INFO: INI ALAMAT TABLENYA :  D:\Work\ARYA-WMS-SHOPPIE\ANG19\wmshopee\dist\wmshopee\server\data\admdb.sqlite
[2025-10-11 08:44:53] INFO: INI ALAMAT TABLENYA :  D:\Work\ARYA-WMS-SHOPPIE\ANG19\wmshopee\.angular\prerender-root\f51ed905-20fb-4b26-bd21-fcdbd418f486\data\admdb.sqlite
[2025-10-11 08:44:55] INFO: INI ALAMAT TABLENYA :  D:\Work\ARYA-WMS-SHOPPIE\ANG19\wmshopee\.angular\prerender-root\f231872d-ebe7-49ed-9d91-fcec9bab9acd\data\admdb.sqlite
[2025-10-11 08:44:55] INFO: INI ALAMAT TABLENYA :  D:\Work\ARYA-WMS-SHOPPIE\ANG19\wmshopee\.angular\prerender-root\7e627d69-09fc-4cc8-9f96-6d2ac3949536\data\admdb.sqlite
[2025-10-11 08:44:55] INFO: INI ALAMAT TABLENYA :  D:\Work\ARYA-WMS-SHOPPIE\ANG19\wmshopee\.angular\prerender-root\19bfc798-ebd4-41b4-bc59-2db4af925ef9\data\admdb.sqlite
[2025-10-11 08:44:55] INFO: INI ALAMAT TABLENYA :  D:\Work\ARYA-WMS-SHOPPIE\ANG19\wmshopee\.angular\prerender-root\ba73fcec-0314-4078-bd49-3d7360758436\data\admdb.sqlite
[2025-10-11 08:45:05] INFO: INI ALAMAT TABLENYA :  D:\Work\ARYA-WMS-SHOPPIE\ANG19\wmshopee\dist\wmshopee\server\data\admdb.sqlite
[2025-10-11 08:46:34] INFO: INI ALAMAT TABLENYA :  D:\Work\ARYA-WMS-SHOPPIE\ANG19\wmshopee\.angular\prerender-root\1e55bb36-bf3f-4e88-8f09-89d3c24503a3\data\admdb.sqlite
[2025-10-11 08:46:40] INFO: INI ALAMAT TABLENYA :  D:\Work\ARYA-WMS-SHOPPIE\ANG19\wmshopee\.angular\prerender-root\e95d6fc1-079a-4e88-a021-a2cd95c4213e\data\admdb.sqlite
[2025-10-11 08:46:40] INFO: INI ALAMAT TABLENYA :  D:\Work\ARYA-WMS-SHOPPIE\ANG19\wmshopee\.angular\prerender-root\6ee0abd4-99fd-403d-8ccf-6bc99f93afaa\data\admdb.sqlite
[2025-10-11 08:46:40] INFO: INI ALAMAT TABLENYA :  D:\Work\ARYA-WMS-SHOPPIE\ANG19\wmshopee\.angular\prerender-root\9dc67064-bba5-4f34-8f7f-4f7571e7b53e\data\admdb.sqlite
[2025-10-11 08:46:40] INFO: INI ALAMAT TABLENYA :  D:\Work\ARYA-WMS-SHOPPIE\ANG19\wmshopee\.angular\prerender-root\526c2b1a-84f4-40d1-9c37-3d222b0b82a8\data\admdb.sqlite
[2025-10-11 08:49:07] INFO: INI ALAMAT TABLENYA :  D:\Work\ARYA-WMS-SHOPPIE\ANG19\wmshopee\.angular\prerender-root\63f92e3b-0841-4166-a379-c120408d5ede\data\admdb.sqlite
[2025-10-11 08:49:09] INFO: INI ALAMAT TABLENYA :  D:\Work\ARYA-WMS-SHOPPIE\ANG19\wmshopee\.angular\prerender-root\7d7585e0-4f0a-4ff1-a795-24eddb4023f5\data\admdb.sqlite
[2025-10-11 08:49:09] INFO: INI ALAMAT TABLENYA :  D:\Work\ARYA-WMS-SHOPPIE\ANG19\wmshopee\.angular\prerender-root\f4ac919d-0421-4abc-ba41-3b314d12848e\data\admdb.sqlite
[2025-10-11 08:49:09] INFO: INI ALAMAT TABLENYA :  D:\Work\ARYA-WMS-SHOPPIE\ANG19\wmshopee\.angular\prerender-root\8cbdf6ff-3f93-48e6-a8a8-d2126b4c8dc1\data\admdb.sqlite
[2025-10-11 08:49:09] INFO: INI ALAMAT TABLENYA :  D:\Work\ARYA-WMS-SHOPPIE\ANG19\wmshopee\.angular\prerender-root\37166d0c-3e91-4d84-996a-b854d71512fe\data\admdb.sqlite
[2025-10-11 08:49:20] INFO: INI ALAMAT TABLENYA :  D:\Work\ARYA-WMS-SHOPPIE\ANG19\wmshopee\dist\wmshopee\server\data\admdb.sqlite
[2025-10-11 08:51:53] INFO: INI ALAMAT TABLENYA :  D:\Work\ARYA-WMS-SHOPPIE\ANG19\wmshopee\.angular\prerender-root\a64569fb-0ed4-45e8-b58e-ebf4cb643e32\data\admdb.sqlite
[2025-10-11 08:51:55] INFO: INI ALAMAT TABLENYA :  D:\Work\ARYA-WMS-SHOPPIE\ANG19\wmshopee\.angular\prerender-root\be96e61b-7e46-4f9f-b221-873feece833d\data\admdb.sqlite
[2025-10-11 08:51:55] INFO: INI ALAMAT TABLENYA :  D:\Work\ARYA-WMS-SHOPPIE\ANG19\wmshopee\.angular\prerender-root\cb21e5af-ef25-4533-a019-dd5cbec2b5bb\data\admdb.sqlite
[2025-10-11 08:51:55] INFO: INI ALAMAT TABLENYA :  D:\Work\ARYA-WMS-SHOPPIE\ANG19\wmshopee\.angular\prerender-root\e76cba72-2564-4cf9-8928-8b6c4c2057ab\data\admdb.sqlite
[2025-10-11 08:51:55] INFO: INI ALAMAT TABLENYA :  D:\Work\ARYA-WMS-SHOPPIE\ANG19\wmshopee\.angular\prerender-root\27b1814d-0b91-4b4b-b845-da623d02c574\data\admdb.sqlite
[2025-10-11 08:52:05] INFO: INI ALAMAT TABLENYA :  D:\Work\ARYA-WMS-SHOPPIE\ANG19\wmshopee\dist\wmshopee\server\data\admdb.sqlite
[2025-10-11 08:53:02] INFO: INI ALAMAT TABLENYA :  D:\Work\ARYA-WMS-SHOPPIE\ANG19\wmshopee\.angular\prerender-root\a9a138a2-ff35-485b-89f9-270bc8a14f24\data\admdb.sqlite
[2025-10-11 08:53:09] INFO: INI ALAMAT TABLENYA :  D:\Work\ARYA-WMS-SHOPPIE\ANG19\wmshopee\.angular\prerender-root\f46a6559-0825-4725-916f-7f4a2373a829\data\admdb.sqlite
[2025-10-11 08:53:09] INFO: INI ALAMAT TABLENYA :  D:\Work\ARYA-WMS-SHOPPIE\ANG19\wmshopee\.angular\prerender-root\46bd3e47-fd59-40c0-9de3-7dc3bb59fd7d\data\admdb.sqlite
[2025-10-11 08:53:09] INFO: INI ALAMAT TABLENYA :  D:\Work\ARYA-WMS-SHOPPIE\ANG19\wmshopee\.angular\prerender-root\6d8b5146-f435-4d1b-a57e-e502943cbc3b\data\admdb.sqlite
[2025-10-11 08:53:09] INFO: INI ALAMAT TABLENYA :  D:\Work\ARYA-WMS-SHOPPIE\ANG19\wmshopee\.angular\prerender-root\22a85327-21a0-498e-bf08-aa16817035bc\data\admdb.sqlite
[2025-10-11 08:55:11] INFO: INI ALAMAT TABLENYA :  D:\Work\ARYA-WMS-SHOPPIE\ANG19\wmshopee\.angular\prerender-root\b06b978c-7079-4255-a257-be0532ca807d\data\admdb.sqlite
[2025-10-11 08:55:14] INFO: INI ALAMAT TABLENYA :  D:\Work\ARYA-WMS-SHOPPIE\ANG19\wmshopee\.angular\prerender-root\c6a6620f-605c-45a0-a14a-b892f62ffa9c\data\admdb.sqlite
[2025-10-11 08:55:14] INFO: INI ALAMAT TABLENYA :  D:\Work\ARYA-WMS-SHOPPIE\ANG19\wmshopee\.angular\prerender-root\7e591100-4c2c-4b0c-ac1c-51abf1dcc215\data\admdb.sqlite
[2025-10-11 08:55:14] INFO: INI ALAMAT TABLENYA :  D:\Work\ARYA-WMS-SHOPPIE\ANG19\wmshopee\.angular\prerender-root\b8d1112f-b4a5-4df9-a35e-83e04e4eb6d5\data\admdb.sqlite
[2025-10-11 08:55:14] INFO: INI ALAMAT TABLENYA :  D:\Work\ARYA-WMS-SHOPPIE\ANG19\wmshopee\.angular\prerender-root\b5bed4fb-e42b-4661-aa3e-a21cb276d42c\data\admdb.sqlite
[2025-10-11 08:55:35] INFO: INI ALAMAT TABLENYA :  D:\Work\ARYA-WMS-SHOPPIE\ANG19\wmshopee\dist\wmshopee\server\data\admdb.sqlite
[2025-10-11 08:57:11] INFO: INI ALAMAT TABLENYA :  D:\Work\ARYA-WMS-SHOPPIE\ANG19\wmshopee\.angular\prerender-root\f25d263a-d65d-49ae-a106-c286b6cad08c\data\admdb.sqlite
[2025-10-11 08:57:14] INFO: INI ALAMAT TABLENYA :  D:\Work\ARYA-WMS-SHOPPIE\ANG19\wmshopee\.angular\prerender-root\a90182a2-25e9-4d72-b609-7ca2759714fe\data\admdb.sqlite
[2025-10-11 08:57:14] INFO: INI ALAMAT TABLENYA :  D:\Work\ARYA-WMS-SHOPPIE\ANG19\wmshopee\.angular\prerender-root\42905750-0a31-4cb3-8ed9-f79915e3dc1a\data\admdb.sqlite
[2025-10-11 08:57:14] INFO: INI ALAMAT TABLENYA :  D:\Work\ARYA-WMS-SHOPPIE\ANG19\wmshopee\.angular\prerender-root\34348392-709a-4f97-889b-eea637200585\data\admdb.sqlite
[2025-10-11 08:57:14] INFO: INI ALAMAT TABLENYA :  D:\Work\ARYA-WMS-SHOPPIE\ANG19\wmshopee\.angular\prerender-root\6fe7cb83-e5ae-4590-abb5-bef1b92620ac\data\admdb.sqlite
[2025-10-11 08:57:50] INFO: INI ALAMAT TABLENYA :  D:\Work\ARYA-WMS-SHOPPIE\ANG19\wmshopee\.angular\prerender-root\cb08de9f-4f1f-4db6-ac52-c470aaa39a49\data\admdb.sqlite
[2025-10-11 08:57:55] INFO: INI ALAMAT TABLENYA :  D:\Work\ARYA-WMS-SHOPPIE\ANG19\wmshopee\.angular\prerender-root\26caf0d1-8365-40e1-b6f0-a79f120398da\data\admdb.sqlite
[2025-10-11 08:57:55] INFO: INI ALAMAT TABLENYA :  D:\Work\ARYA-WMS-SHOPPIE\ANG19\wmshopee\.angular\prerender-root\ac6e2991-ddaa-4cec-b2e0-2982f64b58a0\data\admdb.sqlite
[2025-10-11 08:57:55] INFO: INI ALAMAT TABLENYA :  D:\Work\ARYA-WMS-SHOPPIE\ANG19\wmshopee\.angular\prerender-root\b9e0ea9e-f6f2-452c-8ae5-04a6d3d7a90a\data\admdb.sqlite
[2025-10-11 08:57:55] INFO: INI ALAMAT TABLENYA :  D:\Work\ARYA-WMS-SHOPPIE\ANG19\wmshopee\.angular\prerender-root\6b3a3d85-dd14-4f1c-9519-605847aab9ab\data\admdb.sqlite
[2025-10-11 08:58:51] INFO: INI ALAMAT TABLENYA :  D:\Work\ARYA-WMS-SHOPPIE\ANG19\wmshopee\dist\wmshopee\server\data\admdb.sqlite
[2025-10-11 09:04:38] INFO: INI ALAMAT TABLENYA :  D:\Work\ARYA-WMS-SHOPPIE\ANG19\wmshopee\.angular\prerender-root\05262a83-6e70-45f4-aa3b-35347484d931\data\admdb.sqlite
[2025-10-11 09:04:40] INFO: INI ALAMAT TABLENYA :  D:\Work\ARYA-WMS-SHOPPIE\ANG19\wmshopee\.angular\prerender-root\470abcad-8ba7-484b-a19a-51aac8411624\data\admdb.sqlite
[2025-10-11 09:04:40] INFO: INI ALAMAT TABLENYA :  D:\Work\ARYA-WMS-SHOPPIE\ANG19\wmshopee\.angular\prerender-root\76291d35-3c9b-4d70-8474-007215e4060f\data\admdb.sqlite
[2025-10-11 09:04:40] INFO: INI ALAMAT TABLENYA :  D:\Work\ARYA-WMS-SHOPPIE\ANG19\wmshopee\.angular\prerender-root\7fbd3f15-e3c2-4d7b-a72a-1449112cea1b\data\admdb.sqlite
[2025-10-11 09:04:40] INFO: INI ALAMAT TABLENYA :  D:\Work\ARYA-WMS-SHOPPIE\ANG19\wmshopee\.angular\prerender-root\1c3c79dd-01cb-4879-9ca4-42866aedbbc4\data\admdb.sqlite
[2025-10-11 09:04:52] INFO: INI ALAMAT TABLENYA :  D:\Work\ARYA-WMS-SHOPPIE\ANG19\wmshopee\dist\wmshopee\server\data\admdb.sqlite
[2025-10-11 09:09:27] INFO: INI ALAMAT TABLENYA :  D:\Work\ARYA-WMS-SHOPPIE\ANG19\wmshopee\.angular\prerender-root\8a37509a-9870-4428-8df1-9a7de7dc83af\data\admdb.sqlite
[2025-10-11 09:09:29] INFO: INI ALAMAT TABLENYA :  D:\Work\ARYA-WMS-SHOPPIE\ANG19\wmshopee\.angular\prerender-root\15886e31-124a-4f33-9467-becf975a97a4\data\admdb.sqlite
[2025-10-11 09:09:29] INFO: INI ALAMAT TABLENYA :  D:\Work\ARYA-WMS-SHOPPIE\ANG19\wmshopee\.angular\prerender-root\c63105d0-53e3-4f29-a5c3-f1b9f30ea7bb\data\admdb.sqlite
[2025-10-11 09:09:29] INFO: INI ALAMAT TABLENYA :  D:\Work\ARYA-WMS-SHOPPIE\ANG19\wmshopee\.angular\prerender-root\23e9f3c7-eed8-4942-9718-a778c741fdc4\data\admdb.sqlite
[2025-10-11 09:09:29] INFO: INI ALAMAT TABLENYA :  D:\Work\ARYA-WMS-SHOPPIE\ANG19\wmshopee\.angular\prerender-root\24782231-187a-46e2-a28e-6fd8072f9c0d\data\admdb.sqlite
[2025-10-11 09:10:43] INFO: INI ALAMAT TABLENYA :  D:\Work\ARYA-WMS-SHOPPIE\ANG19\wmshopee\.angular\prerender-root\8676b9fd-e318-49e0-bd38-62942370820b\data\admdb.sqlite
[2025-10-11 09:10:45] INFO: INI ALAMAT TABLENYA :  D:\Work\ARYA-WMS-SHOPPIE\ANG19\wmshopee\.angular\prerender-root\0bed63e5-f775-40af-8f14-a54f502afaba\data\admdb.sqlite
[2025-10-11 09:10:45] INFO: INI ALAMAT TABLENYA :  D:\Work\ARYA-WMS-SHOPPIE\ANG19\wmshopee\.angular\prerender-root\77c978d4-e3a1-4364-8e1e-33942faeb4a1\data\admdb.sqlite
[2025-10-11 09:10:45] INFO: INI ALAMAT TABLENYA :  D:\Work\ARYA-WMS-SHOPPIE\ANG19\wmshopee\.angular\prerender-root\fa716575-3a45-4d74-a908-99e7dc479f3b\data\admdb.sqlite
[2025-10-11 09:10:45] INFO: INI ALAMAT TABLENYA :  D:\Work\ARYA-WMS-SHOPPIE\ANG19\wmshopee\.angular\prerender-root\0644739c-2ca8-49b9-8887-2427cc35ae17\data\admdb.sqlite
[2025-10-11 09:10:56] INFO: INI ALAMAT TABLENYA :  D:\Work\ARYA-WMS-SHOPPIE\ANG19\wmshopee\dist\wmshopee\server\data\admdb.sqlite
[2025-10-11 09:12:04] INFO: INI ALAMAT TABLENYA :  D:\Work\ARYA-WMS-SHOPPIE\ANG19\wmshopee\.angular\prerender-root\5d028ece-540f-4ca2-b15a-905f54eab271\data\admdb.sqlite
[2025-10-11 09:12:11] INFO: INI ALAMAT TABLENYA :  D:\Work\ARYA-WMS-SHOPPIE\ANG19\wmshopee\.angular\prerender-root\739ab24a-308f-4b91-91de-d28f5ca34a82\data\admdb.sqlite
[2025-10-11 09:12:11] INFO: INI ALAMAT TABLENYA :  D:\Work\ARYA-WMS-SHOPPIE\ANG19\wmshopee\.angular\prerender-root\548251c9-c3e7-424a-b323-dcd7e03049f4\data\admdb.sqlite
[2025-10-11 09:12:11] INFO: INI ALAMAT TABLENYA :  D:\Work\ARYA-WMS-SHOPPIE\ANG19\wmshopee\.angular\prerender-root\6b7034ae-754b-4353-a09b-76a266cc2e70\data\admdb.sqlite
[2025-10-11 09:12:11] INFO: INI ALAMAT TABLENYA :  D:\Work\ARYA-WMS-SHOPPIE\ANG19\wmshopee\.angular\prerender-root\15a5cddc-59f8-4466-a676-5a947ccb772c\data\admdb.sqlite
[2025-10-11 09:39:16] INFO: INI ALAMAT TABLENYA :  D:\Work\ARYA-WMS-SHOPPIE\ANG19\wmshopee\.angular\prerender-root\bc25e2cb-cf1b-46de-8e67-b11db4515b5e\data\admdb.sqlite
[2025-10-11 09:39:19] INFO: INI ALAMAT TABLENYA :  D:\Work\ARYA-WMS-SHOPPIE\ANG19\wmshopee\.angular\prerender-root\868b4aff-dee0-4583-a825-a60b92323155\data\admdb.sqlite
[2025-10-11 09:39:19] INFO: INI ALAMAT TABLENYA :  D:\Work\ARYA-WMS-SHOPPIE\ANG19\wmshopee\.angular\prerender-root\dd43c13c-1630-4228-bb53-4f54cf8665ca\data\admdb.sqlite
[2025-10-11 09:39:19] INFO: INI ALAMAT TABLENYA :  D:\Work\ARYA-WMS-SHOPPIE\ANG19\wmshopee\.angular\prerender-root\97127994-d751-4f28-b80c-c78671ef39a2\data\admdb.sqlite
[2025-10-11 09:39:19] INFO: INI ALAMAT TABLENYA :  D:\Work\ARYA-WMS-SHOPPIE\ANG19\wmshopee\.angular\prerender-root\993d7fb3-c774-49b5-8561-650e711208be\data\admdb.sqlite
[2025-10-11 09:39:28] INFO: INI ALAMAT TABLENYA :  D:\Work\ARYA-WMS-SHOPPIE\ANG19\wmshopee\dist\wmshopee\server\data\admdb.sqlite
[2025-10-11 09:39:30] ERROR: Error api.controller :  {"code":"SQLITE_ERROR"}
[2025-10-11 09:39:35] ERROR: Error api.controller :  {"code":"SQLITE_ERROR"}
[2025-10-11 09:39:48] ERROR: Error api.controller :  {"code":"SQLITE_ERROR"}
[2025-10-11 09:40:18] INFO: INI ALAMAT TABLENYA :  D:\Work\ARYA-WMS-SHOPPIE\ANG19\wmshopee\.angular\prerender-root\24e938c3-471d-4353-9fd7-4ca1ee39b733\data\admdb.sqlite
[2025-10-11 09:40:20] INFO: INI ALAMAT TABLENYA :  D:\Work\ARYA-WMS-SHOPPIE\ANG19\wmshopee\.angular\prerender-root\0bfaff36-e158-47d5-ad1c-1c450d3f94b0\data\admdb.sqlite
[2025-10-11 09:40:20] INFO: INI ALAMAT TABLENYA :  D:\Work\ARYA-WMS-SHOPPIE\ANG19\wmshopee\.angular\prerender-root\3509f6bc-4935-4275-a19d-420d6023e73c\data\admdb.sqlite
[2025-10-11 09:40:20] INFO: INI ALAMAT TABLENYA :  D:\Work\ARYA-WMS-SHOPPIE\ANG19\wmshopee\.angular\prerender-root\f1df73cb-3ca9-4c19-b4fa-9f84a5c480c6\data\admdb.sqlite
[2025-10-11 09:40:20] INFO: INI ALAMAT TABLENYA :  D:\Work\ARYA-WMS-SHOPPIE\ANG19\wmshopee\.angular\prerender-root\ca8cce37-65e9-49da-b447-b160d68a1de5\data\admdb.sqlite
[2025-10-11 09:40:29] INFO: INI ALAMAT TABLENYA :  D:\Work\ARYA-WMS-SHOPPIE\ANG19\wmshopee\dist\wmshopee\server\data\admdb.sqlite
[2025-10-11 09:42:54] INFO: INI ALAMAT TABLENYA :  D:\Work\ARYA-WMS-SHOPPIE\ANG19\wmshopee\.angular\prerender-root\a41b8ab1-4ebd-4604-9ed1-0ac602978b69\data\admdb.sqlite
[2025-10-11 09:42:56] INFO: INI ALAMAT TABLENYA :  D:\Work\ARYA-WMS-SHOPPIE\ANG19\wmshopee\.angular\prerender-root\84be23a0-6d63-4ece-87b9-44a44524e427\data\admdb.sqlite
[2025-10-11 09:42:56] INFO: INI ALAMAT TABLENYA :  D:\Work\ARYA-WMS-SHOPPIE\ANG19\wmshopee\.angular\prerender-root\f31c4862-ce10-4225-97c5-716e2657abaf\data\admdb.sqlite
[2025-10-11 09:42:56] INFO: INI ALAMAT TABLENYA :  D:\Work\ARYA-WMS-SHOPPIE\ANG19\wmshopee\.angular\prerender-root\c75a6949-3d36-4d35-a20c-7e9fbaa011c6\data\admdb.sqlite
[2025-10-11 09:42:56] INFO: INI ALAMAT TABLENYA :  D:\Work\ARYA-WMS-SHOPPIE\ANG19\wmshopee\.angular\prerender-root\f1e069ac-fbf2-4f03-9c31-7e8543668f12\data\admdb.sqlite
[2025-10-11 09:43:10] INFO: INI ALAMAT TABLENYA :  D:\Work\ARYA-WMS-SHOPPIE\ANG19\wmshopee\dist\wmshopee\server\data\admdb.sqlite
[2025-10-11 09:46:32] INFO: INI ALAMAT TABLENYA :  D:\Work\ARYA-WMS-SHOPPIE\ANG19\wmshopee\.angular\prerender-root\211a1669-8acc-4562-b10c-449922b95d02\data\admdb.sqlite
[2025-10-11 09:46:34] INFO: INI ALAMAT TABLENYA :  D:\Work\ARYA-WMS-SHOPPIE\ANG19\wmshopee\.angular\prerender-root\4fa66672-b0ba-48fd-90c8-65a024313322\data\admdb.sqlite
[2025-10-11 09:46:34] INFO: INI ALAMAT TABLENYA :  D:\Work\ARYA-WMS-SHOPPIE\ANG19\wmshopee\.angular\prerender-root\ca6fd9c8-2dd1-4738-9bbc-7a953d6bb29f\data\admdb.sqlite
[2025-10-11 09:46:34] INFO: INI ALAMAT TABLENYA :  D:\Work\ARYA-WMS-SHOPPIE\ANG19\wmshopee\.angular\prerender-root\1aa0f8b9-08b1-4fe7-97b6-3260a30f3aff\data\admdb.sqlite
[2025-10-11 09:46:34] INFO: INI ALAMAT TABLENYA :  D:\Work\ARYA-WMS-SHOPPIE\ANG19\wmshopee\.angular\prerender-root\fd6b9f82-28a7-4695-9018-4054ae42fd86\data\admdb.sqlite
[2025-10-11 09:46:47] INFO: INI ALAMAT TABLENYA :  D:\Work\ARYA-WMS-SHOPPIE\ANG19\wmshopee\dist\wmshopee\server\data\admdb.sqlite
[2025-10-11 09:52:09] INFO: INI ALAMAT TABLENYA :  D:\Work\ARYA-WMS-SHOPPIE\ANG19\wmshopee\.angular\prerender-root\92e781bc-d1bc-484c-bad4-e3701bd0ddf7\data\admdb.sqlite
[2025-10-11 09:52:16] INFO: INI ALAMAT TABLENYA :  D:\Work\ARYA-WMS-SHOPPIE\ANG19\wmshopee\.angular\prerender-root\26191e91-2cb2-4043-94d9-7bc3ed1f54b6\data\admdb.sqlite
[2025-10-11 09:52:16] INFO: INI ALAMAT TABLENYA :  D:\Work\ARYA-WMS-SHOPPIE\ANG19\wmshopee\.angular\prerender-root\b1728ea5-17df-42ea-8322-75a33f79151a\data\admdb.sqlite
[2025-10-11 09:52:16] INFO: INI ALAMAT TABLENYA :  D:\Work\ARYA-WMS-SHOPPIE\ANG19\wmshopee\.angular\prerender-root\bca40742-ba9a-4d9d-84a6-e689d6d8c6e8\data\admdb.sqlite
[2025-10-11 09:52:16] INFO: INI ALAMAT TABLENYA :  D:\Work\ARYA-WMS-SHOPPIE\ANG19\wmshopee\.angular\prerender-root\6af045c1-92f7-4b99-a2b5-123481f7abec\data\admdb.sqlite
[2025-10-11 09:52:28] INFO: INI ALAMAT TABLENYA :  D:\Work\ARYA-WMS-SHOPPIE\ANG19\wmshopee\dist\wmshopee\server\data\admdb.sqlite
[2025-10-11 09:58:35] INFO: INI ALAMAT TABLENYA :  D:\Work\ARYA-WMS-SHOPPIE\ANG19\wmshopee\.angular\prerender-root\088eb3a3-9a91-47ce-8f48-43fa1914b057\data\admdb.sqlite
[2025-10-11 09:58:37] INFO: INI ALAMAT TABLENYA :  D:\Work\ARYA-WMS-SHOPPIE\ANG19\wmshopee\.angular\prerender-root\15a52b90-c22c-400c-a602-d598ebca456b\data\admdb.sqlite
[2025-10-11 09:58:37] INFO: INI ALAMAT TABLENYA :  D:\Work\ARYA-WMS-SHOPPIE\ANG19\wmshopee\.angular\prerender-root\a0aae1be-26d3-4d15-ade9-1aa982bc0d84\data\admdb.sqlite
[2025-10-11 09:58:37] INFO: INI ALAMAT TABLENYA :  D:\Work\ARYA-WMS-SHOPPIE\ANG19\wmshopee\.angular\prerender-root\efe8087a-7250-40f7-8455-74d0e739eaa2\data\admdb.sqlite
[2025-10-11 09:58:37] INFO: INI ALAMAT TABLENYA :  D:\Work\ARYA-WMS-SHOPPIE\ANG19\wmshopee\.angular\prerender-root\aa90cfd0-3bc9-4c6d-802b-b7d1c80d6bc2\data\admdb.sqlite
[2025-10-11 09:58:47] INFO: INI ALAMAT TABLENYA :  D:\Work\ARYA-WMS-SHOPPIE\ANG19\wmshopee\dist\wmshopee\server\data\admdb.sqlite
[2025-10-11 10:01:45] INFO: INI ALAMAT TABLENYA :  D:\Work\ARYA-WMS-SHOPPIE\ANG19\wmshopee\.angular\prerender-root\71f3dfd6-3930-48ce-a630-99be55dba075\data\admdb.sqlite
[2025-10-11 10:01:48] INFO: INI ALAMAT TABLENYA :  D:\Work\ARYA-WMS-SHOPPIE\ANG19\wmshopee\.angular\prerender-root\ec30d49f-d04b-431a-ba67-bea707d201e6\data\admdb.sqlite
[2025-10-11 10:01:48] INFO: INI ALAMAT TABLENYA :  D:\Work\ARYA-WMS-SHOPPIE\ANG19\wmshopee\.angular\prerender-root\7c8987aa-408a-4c71-a8c0-516d90b5cbd0\data\admdb.sqlite
[2025-10-11 10:01:48] INFO: INI ALAMAT TABLENYA :  D:\Work\ARYA-WMS-SHOPPIE\ANG19\wmshopee\.angular\prerender-root\234faf07-255b-4d2d-9ee8-c83a99b1300d\data\admdb.sqlite
[2025-10-11 10:01:48] INFO: INI ALAMAT TABLENYA :  D:\Work\ARYA-WMS-SHOPPIE\ANG19\wmshopee\.angular\prerender-root\d65af17f-3482-45aa-80c0-611d87c9617f\data\admdb.sqlite
[2025-10-11 10:01:58] INFO: INI ALAMAT TABLENYA :  D:\Work\ARYA-WMS-SHOPPIE\ANG19\wmshopee\dist\wmshopee\server\data\admdb.sqlite
