[2025-08-09 15:48:29] INFO: INI ALAMAT TABLENYA :  D:\Work\ARYA-WMS-SHOPPIE\ANG19\wmshopee\.angular\prerender-root\354a0988-4839-491e-9eb1-5585c84244e1\data\admdb.sqlite
[2025-08-09 15:48:36] INFO: INI ALAMAT TABLENYA :  D:\Work\ARYA-WMS-SHOPPIE\ANG19\wmshopee\.angular\prerender-root\c87c6654-77ab-484c-8288-3f27d1246fd5\data\admdb.sqlite
[2025-08-09 15:48:36] INFO: INI ALAMAT TABLENYA :  D:\Work\ARYA-WMS-SHOPPIE\ANG19\wmshopee\.angular\prerender-root\3881fb65-25fc-41a8-bc99-9f430dc69810\data\admdb.sqlite
[2025-08-09 15:48:36] INFO: INI ALAMAT TABLENYA :  D:\Work\ARYA-WMS-SHOPPIE\ANG19\wmshopee\.angular\prerender-root\9ebbb32a-be32-4bcf-837f-57d1d4d3b2f5\data\admdb.sqlite
[2025-08-09 15:48:36] INFO: INI ALAMAT TABLENYA :  D:\Work\ARYA-WMS-SHOPPIE\ANG19\wmshopee\.angular\prerender-root\8a948865-2b74-4521-b29d-962c1343d646\data\admdb.sqlite
[2025-08-09 15:48:57] INFO: INI ALAMAT TABLENYA :  D:\Work\ARYA-WMS-SHOPPIE\ANG19\wmshopee\dist\wmshopee\server\data\admdb.sqlite
[2025-08-09 15:49:07] INFO: ✅ Shopee get List Error: {"error":"invalid_acceess_token","message":"Invalid access_token, please have a check.","request_id":"e3e3e7f33beac36e0d770cddb0738a00"}
[2025-08-09 15:49:07] INFO: ✅ Shopee get List Error: {"error":"invalid_acceess_token","message":"Invalid access_token, please have a check.","request_id":"e3e3e7f33beac36e25c3d239990a9700"}
[2025-08-09 15:49:07] INFO: Update data token : 
[2025-08-09 15:49:07] INFO: Update data token : 
[2025-08-09 15:50:14] INFO: ✅ Sudah di List  0
[2025-08-09 15:50:28] INFO: ✅ Sudah di List  0
[2025-08-09 15:50:35] INFO: ✅ Sudah di List  0
[2025-08-09 15:50:41] INFO: ✅ Sudah di List  0
[2025-08-09 15:50:52] INFO: ✅ Sudah di List  0
[2025-08-09 15:52:18] INFO: INI ALAMAT TABLENYA :  D:\Work\ARYA-WMS-SHOPPIE\ANG19\wmshopee\.angular\prerender-root\a63c2403-c908-4a7b-8d58-b86312e08f3f\data\admdb.sqlite
[2025-08-09 15:52:20] INFO: INI ALAMAT TABLENYA :  D:\Work\ARYA-WMS-SHOPPIE\ANG19\wmshopee\.angular\prerender-root\e5e767e8-d9c8-4891-b43c-a282c10f6b80\data\admdb.sqlite
[2025-08-09 15:52:20] INFO: INI ALAMAT TABLENYA :  D:\Work\ARYA-WMS-SHOPPIE\ANG19\wmshopee\.angular\prerender-root\5af83c0e-4282-4a70-8971-775c3e4f22e8\data\admdb.sqlite
[2025-08-09 15:52:20] INFO: INI ALAMAT TABLENYA :  D:\Work\ARYA-WMS-SHOPPIE\ANG19\wmshopee\.angular\prerender-root\8560af6a-d5b7-42f7-8b18-1d1fd17e9599\data\admdb.sqlite
[2025-08-09 15:52:20] INFO: INI ALAMAT TABLENYA :  D:\Work\ARYA-WMS-SHOPPIE\ANG19\wmshopee\.angular\prerender-root\2d201fda-932d-4774-8dfe-de664278020c\data\admdb.sqlite
[2025-08-09 15:52:28] INFO: INI ALAMAT TABLENYA :  D:\Work\ARYA-WMS-SHOPPIE\ANG19\wmshopee\dist\wmshopee\server\data\admdb.sqlite
[2025-08-09 15:52:43] INFO: ✅ Sudah di List  18
[2025-08-09 15:52:50] INFO: ✅ Sudah di List  45
[2025-08-09 15:52:58] INFO: ✅ Sudah di List  172
[2025-08-09 15:53:19] INFO: ✅ Sudah di List  226
[2025-08-09 15:53:37] INFO: ✅ Sudah di List  209
[2025-08-09 15:56:01] INFO: INI ALAMAT TABLENYA :  D:\Work\ARYA-WMS-SHOPPIE\ANG19\wmshopee\dist\wmshopee\server\data\admdb.sqlite
[2025-08-09 15:56:22] INFO: INI ALAMAT TABLENYA :  D:\Work\ARYA-WMS-SHOPPIE\ANG19\wmshopee\.angular\prerender-root\b9793ae5-815a-4cae-a538-2a13a45bc369\data\admdb.sqlite
[2025-08-09 15:56:24] INFO: INI ALAMAT TABLENYA :  D:\Work\ARYA-WMS-SHOPPIE\ANG19\wmshopee\.angular\prerender-root\80c424d9-0537-4655-8225-de4b945b1573\data\admdb.sqlite
[2025-08-09 15:56:24] INFO: INI ALAMAT TABLENYA :  D:\Work\ARYA-WMS-SHOPPIE\ANG19\wmshopee\.angular\prerender-root\280fba75-97b9-4ade-a15d-87237b1c55b5\data\admdb.sqlite
[2025-08-09 15:56:24] INFO: INI ALAMAT TABLENYA :  D:\Work\ARYA-WMS-SHOPPIE\ANG19\wmshopee\.angular\prerender-root\aa4062ed-0634-4335-be77-9e638ade049c\data\admdb.sqlite
[2025-08-09 15:56:24] INFO: INI ALAMAT TABLENYA :  D:\Work\ARYA-WMS-SHOPPIE\ANG19\wmshopee\.angular\prerender-root\25a41db0-1682-468f-9c66-0f9508743dd7\data\admdb.sqlite
[2025-08-09 15:56:33] INFO: INI ALAMAT TABLENYA :  D:\Work\ARYA-WMS-SHOPPIE\ANG19\wmshopee\dist\wmshopee\server\data\admdb.sqlite
[2025-08-09 16:05:58] INFO: ✅ Sudah di List  32
[2025-08-09 16:33:22] INFO: INI ALAMAT TABLENYA :  D:\Work\ARYA-WMS-SHOPPIE\ANG19\wmshopee\.angular\prerender-root\49804353-20ed-476b-8fe2-15808c87b671\data\admdb.sqlite
[2025-08-09 16:33:32] INFO: INI ALAMAT TABLENYA :  D:\Work\ARYA-WMS-SHOPPIE\ANG19\wmshopee\.angular\prerender-root\d4e65f84-d218-40bf-8070-6b27e9f4535f\data\admdb.sqlite
[2025-08-09 16:33:32] INFO: INI ALAMAT TABLENYA :  D:\Work\ARYA-WMS-SHOPPIE\ANG19\wmshopee\.angular\prerender-root\5bfadc3d-d4ab-4e57-8b70-c52a1d50802d\data\admdb.sqlite
[2025-08-09 16:33:32] INFO: INI ALAMAT TABLENYA :  D:\Work\ARYA-WMS-SHOPPIE\ANG19\wmshopee\.angular\prerender-root\599a1845-7247-4a46-999c-1a8deb616ebd\data\admdb.sqlite
[2025-08-09 16:33:32] INFO: INI ALAMAT TABLENYA :  D:\Work\ARYA-WMS-SHOPPIE\ANG19\wmshopee\.angular\prerender-root\d497f9d2-e3a2-419c-bd7f-25177ec2c1dc\data\admdb.sqlite
[2025-08-09 16:33:49] INFO: INI ALAMAT TABLENYA :  D:\Work\ARYA-WMS-SHOPPIE\ANG19\wmshopee\dist\wmshopee\server\data\admdb.sqlite
[2025-08-09 16:34:15] INFO: ✅ Sudah di List  57
[2025-08-09 16:34:58] ERROR: Error api.controller :  {}
[2025-08-09 16:38:41] INFO: INI ALAMAT TABLENYA :  D:\Work\ARYA-WMS-SHOPPIE\ANG19\wmshopee\.angular\prerender-root\49d00687-510d-454c-9b04-79bc43d3636b\data\admdb.sqlite
[2025-08-09 16:38:44] INFO: INI ALAMAT TABLENYA :  D:\Work\ARYA-WMS-SHOPPIE\ANG19\wmshopee\.angular\prerender-root\13f95087-6e5a-4803-b1c7-9d512b80bdc9\data\admdb.sqlite
[2025-08-09 16:38:44] INFO: INI ALAMAT TABLENYA :  D:\Work\ARYA-WMS-SHOPPIE\ANG19\wmshopee\.angular\prerender-root\a027f2c7-fa7f-419f-bdb6-c1b3a12e98be\data\admdb.sqlite
[2025-08-09 16:38:44] INFO: INI ALAMAT TABLENYA :  D:\Work\ARYA-WMS-SHOPPIE\ANG19\wmshopee\.angular\prerender-root\f84fb344-7878-4e4d-91e5-e5f33554b642\data\admdb.sqlite
[2025-08-09 16:38:44] INFO: INI ALAMAT TABLENYA :  D:\Work\ARYA-WMS-SHOPPIE\ANG19\wmshopee\.angular\prerender-root\b7d5bce3-ebee-4e90-a370-e18e9c572625\data\admdb.sqlite
[2025-08-09 16:38:52] INFO: INI ALAMAT TABLENYA :  D:\Work\ARYA-WMS-SHOPPIE\ANG19\wmshopee\dist\wmshopee\server\data\admdb.sqlite
[2025-08-09 16:39:38] ERROR: Error api.controller :  {}
[2025-08-09 16:41:49] INFO: INI ALAMAT TABLENYA :  D:\Work\ARYA-WMS-SHOPPIE\ANG19\wmshopee\.angular\prerender-root\657d02a0-3042-4717-88cc-7544d28f8a2e\data\admdb.sqlite
[2025-08-09 16:41:52] INFO: INI ALAMAT TABLENYA :  D:\Work\ARYA-WMS-SHOPPIE\ANG19\wmshopee\.angular\prerender-root\6740793b-8126-46ed-b74e-c0fc18c972ae\data\admdb.sqlite
[2025-08-09 16:41:52] INFO: INI ALAMAT TABLENYA :  D:\Work\ARYA-WMS-SHOPPIE\ANG19\wmshopee\.angular\prerender-root\c571b45a-b6af-4d6e-a5af-5c8efeac9cbc\data\admdb.sqlite
[2025-08-09 16:41:52] INFO: INI ALAMAT TABLENYA :  D:\Work\ARYA-WMS-SHOPPIE\ANG19\wmshopee\.angular\prerender-root\98800e01-c4cb-4306-a93d-1c8b031197c7\data\admdb.sqlite
[2025-08-09 16:41:52] INFO: INI ALAMAT TABLENYA :  D:\Work\ARYA-WMS-SHOPPIE\ANG19\wmshopee\.angular\prerender-root\57bb2510-03f9-4345-aff9-04eb94e82050\data\admdb.sqlite
[2025-08-09 16:44:14] INFO: INI ALAMAT TABLENYA :  D:\Work\ARYA-WMS-SHOPPIE\ANG19\wmshopee\.angular\prerender-root\db6293cf-d957-45b8-a0b8-5fa5faaf2401\data\admdb.sqlite
[2025-08-09 16:44:16] INFO: INI ALAMAT TABLENYA :  D:\Work\ARYA-WMS-SHOPPIE\ANG19\wmshopee\.angular\prerender-root\0300fb0d-735f-4ded-bf66-b5f5fbefd067\data\admdb.sqlite
[2025-08-09 16:44:16] INFO: INI ALAMAT TABLENYA :  D:\Work\ARYA-WMS-SHOPPIE\ANG19\wmshopee\.angular\prerender-root\956fed1d-6a71-4c86-8c0f-82e60c840618\data\admdb.sqlite
[2025-08-09 16:44:16] INFO: INI ALAMAT TABLENYA :  D:\Work\ARYA-WMS-SHOPPIE\ANG19\wmshopee\.angular\prerender-root\6263acd3-d984-4301-bc3b-e245085bf826\data\admdb.sqlite
[2025-08-09 16:44:16] INFO: INI ALAMAT TABLENYA :  D:\Work\ARYA-WMS-SHOPPIE\ANG19\wmshopee\.angular\prerender-root\c965f1f3-85ed-4b02-877e-c05aea71b55b\data\admdb.sqlite
[2025-08-09 16:44:24] INFO: INI ALAMAT TABLENYA :  D:\Work\ARYA-WMS-SHOPPIE\ANG19\wmshopee\dist\wmshopee\server\data\admdb.sqlite
[2025-08-09 16:44:42] ERROR: Error api.controller :  {}
[2025-08-09 16:45:57] INFO: INI ALAMAT TABLENYA :  D:\Work\ARYA-WMS-SHOPPIE\ANG19\wmshopee\.angular\prerender-root\66bc13c2-ef7c-45cd-8eae-f8441b68bebb\data\admdb.sqlite
[2025-08-09 16:45:59] INFO: INI ALAMAT TABLENYA :  D:\Work\ARYA-WMS-SHOPPIE\ANG19\wmshopee\.angular\prerender-root\58ac6744-c61c-4468-b26f-2d62c4c92a57\data\admdb.sqlite
[2025-08-09 16:45:59] INFO: INI ALAMAT TABLENYA :  D:\Work\ARYA-WMS-SHOPPIE\ANG19\wmshopee\.angular\prerender-root\d96dd601-fe4e-4fc2-a261-011da04e72ac\data\admdb.sqlite
[2025-08-09 16:45:59] INFO: INI ALAMAT TABLENYA :  D:\Work\ARYA-WMS-SHOPPIE\ANG19\wmshopee\.angular\prerender-root\cad6b6e9-6892-49fc-ba21-bb30aeedb037\data\admdb.sqlite
[2025-08-09 16:45:59] INFO: INI ALAMAT TABLENYA :  D:\Work\ARYA-WMS-SHOPPIE\ANG19\wmshopee\.angular\prerender-root\aabdea94-2ac6-40f6-ab82-807aa3b61633\data\admdb.sqlite
[2025-08-09 16:46:07] INFO: INI ALAMAT TABLENYA :  D:\Work\ARYA-WMS-SHOPPIE\ANG19\wmshopee\dist\wmshopee\server\data\admdb.sqlite
[2025-08-09 16:46:16] ERROR: Error api.controller :  {}
[2025-08-09 17:00:16] INFO: INI ALAMAT TABLENYA :  D:\Work\ARYA-WMS-SHOPPIE\ANG19\wmshopee\.angular\prerender-root\ecf05d1f-3204-4bad-a024-4a49e8ca687f\data\admdb.sqlite
[2025-08-09 17:00:18] INFO: INI ALAMAT TABLENYA :  D:\Work\ARYA-WMS-SHOPPIE\ANG19\wmshopee\.angular\prerender-root\53e97ce8-7dd9-470b-9323-d8c98c2381c3\data\admdb.sqlite
[2025-08-09 17:00:18] INFO: INI ALAMAT TABLENYA :  D:\Work\ARYA-WMS-SHOPPIE\ANG19\wmshopee\.angular\prerender-root\ba4f0b56-bffd-4385-bb84-3a28142d3ba7\data\admdb.sqlite
[2025-08-09 17:00:18] INFO: INI ALAMAT TABLENYA :  D:\Work\ARYA-WMS-SHOPPIE\ANG19\wmshopee\.angular\prerender-root\d7a86db0-981a-4382-b2af-4302c8f1bdbb\data\admdb.sqlite
[2025-08-09 17:00:18] INFO: INI ALAMAT TABLENYA :  D:\Work\ARYA-WMS-SHOPPIE\ANG19\wmshopee\.angular\prerender-root\d396c71b-1e6e-4916-b573-3a6473a250fa\data\admdb.sqlite
[2025-08-09 17:00:28] INFO: INI ALAMAT TABLENYA :  D:\Work\ARYA-WMS-SHOPPIE\ANG19\wmshopee\dist\wmshopee\server\data\admdb.sqlite
[2025-08-09 17:00:52] ERROR: Error api.controller :  {}
[2025-08-09 17:02:21] INFO: INI ALAMAT TABLENYA :  D:\Work\ARYA-WMS-SHOPPIE\ANG19\wmshopee\.angular\prerender-root\bd89e45f-9eed-47b4-aed7-8095aae74847\data\admdb.sqlite
[2025-08-09 17:02:23] INFO: INI ALAMAT TABLENYA :  D:\Work\ARYA-WMS-SHOPPIE\ANG19\wmshopee\.angular\prerender-root\575dbcd1-c2d9-4676-87b1-251f7f72e57a\data\admdb.sqlite
[2025-08-09 17:02:23] INFO: INI ALAMAT TABLENYA :  D:\Work\ARYA-WMS-SHOPPIE\ANG19\wmshopee\.angular\prerender-root\86d4b7dd-9f34-4ee4-8743-94d1d59d9df6\data\admdb.sqlite
[2025-08-09 17:02:23] INFO: INI ALAMAT TABLENYA :  D:\Work\ARYA-WMS-SHOPPIE\ANG19\wmshopee\.angular\prerender-root\f1969af9-b81a-4498-abae-4e78110c1f47\data\admdb.sqlite
[2025-08-09 17:02:23] INFO: INI ALAMAT TABLENYA :  D:\Work\ARYA-WMS-SHOPPIE\ANG19\wmshopee\.angular\prerender-root\e0c78791-8a9a-40e2-8596-99233745f7ce\data\admdb.sqlite
[2025-08-09 17:02:32] INFO: INI ALAMAT TABLENYA :  D:\Work\ARYA-WMS-SHOPPIE\ANG19\wmshopee\dist\wmshopee\server\data\admdb.sqlite
[2025-08-09 17:02:53] INFO: ✅✅ fetchWithAuthMETHOD : {}
[2025-08-09 17:02:53] ERROR: Error api.controller :  {}
[2025-08-09 17:07:55] INFO: INI ALAMAT TABLENYA :  D:\Work\ARYA-WMS-SHOPPIE\ANG19\wmshopee\.angular\prerender-root\220a9804-2ea1-451b-8cc4-6363c39f50a5\data\admdb.sqlite
[2025-08-09 17:07:57] INFO: INI ALAMAT TABLENYA :  D:\Work\ARYA-WMS-SHOPPIE\ANG19\wmshopee\.angular\prerender-root\741a6676-7972-4749-9d35-15d6ee2620fb\data\admdb.sqlite
[2025-08-09 17:07:57] INFO: INI ALAMAT TABLENYA :  D:\Work\ARYA-WMS-SHOPPIE\ANG19\wmshopee\.angular\prerender-root\a881df66-36d3-492a-8c61-e0e7ddb4bbc2\data\admdb.sqlite
[2025-08-09 17:07:57] INFO: INI ALAMAT TABLENYA :  D:\Work\ARYA-WMS-SHOPPIE\ANG19\wmshopee\.angular\prerender-root\e1c44b8c-6574-4edf-ae47-39d3ed2d74ac\data\admdb.sqlite
[2025-08-09 17:07:57] INFO: INI ALAMAT TABLENYA :  D:\Work\ARYA-WMS-SHOPPIE\ANG19\wmshopee\.angular\prerender-root\581cfefc-75ed-4e3f-81e5-3fac84b8620c\data\admdb.sqlite
[2025-08-09 17:10:03] INFO: INI ALAMAT TABLENYA :  D:\Work\ARYA-WMS-SHOPPIE\ANG19\wmshopee\dist\wmshopee\server\data\admdb.sqlite
[2025-08-09 17:11:04] ERROR: Error api.controller :  {}
[2025-08-09 17:14:08] INFO: INI ALAMAT TABLENYA :  D:\Work\ARYA-WMS-SHOPPIE\ANG19\wmshopee\.angular\prerender-root\53993670-f64f-46ca-9e7c-42024a934843\data\admdb.sqlite
[2025-08-09 17:14:09] INFO: INI ALAMAT TABLENYA :  D:\Work\ARYA-WMS-SHOPPIE\ANG19\wmshopee\.angular\prerender-root\e8166ba0-df7d-4f3d-b65c-dd75a4e3eea9\data\admdb.sqlite
[2025-08-09 17:14:09] INFO: INI ALAMAT TABLENYA :  D:\Work\ARYA-WMS-SHOPPIE\ANG19\wmshopee\.angular\prerender-root\0260a103-a1c8-4f10-a80f-bec133cf6767\data\admdb.sqlite
[2025-08-09 17:14:09] INFO: INI ALAMAT TABLENYA :  D:\Work\ARYA-WMS-SHOPPIE\ANG19\wmshopee\.angular\prerender-root\579c4fa4-4fa7-4800-9a21-c4c163a57a8d\data\admdb.sqlite
[2025-08-09 17:14:09] INFO: INI ALAMAT TABLENYA :  D:\Work\ARYA-WMS-SHOPPIE\ANG19\wmshopee\.angular\prerender-root\e427341b-cbc6-4398-9499-3745083cbdf4\data\admdb.sqlite
[2025-08-09 17:15:20] INFO: INI ALAMAT TABLENYA :  D:\Work\ARYA-WMS-SHOPPIE\ANG19\wmshopee\dist\wmshopee\server\data\admdb.sqlite
[2025-08-09 17:15:41] ERROR: Error api.controller :  {}
[2025-08-09 17:24:43] INFO: INI ALAMAT TABLENYA :  D:\Work\ARYA-WMS-SHOPPIE\ANG19\wmshopee\.angular\prerender-root\936d7dd7-f125-4f14-833c-742ff75676ad\data\admdb.sqlite
[2025-08-09 17:24:45] INFO: INI ALAMAT TABLENYA :  D:\Work\ARYA-WMS-SHOPPIE\ANG19\wmshopee\.angular\prerender-root\88f498bc-ccdb-4a44-b156-49856a62ba33\data\admdb.sqlite
[2025-08-09 17:24:45] INFO: INI ALAMAT TABLENYA :  D:\Work\ARYA-WMS-SHOPPIE\ANG19\wmshopee\.angular\prerender-root\f134f846-32d2-41a4-be9b-fdd33943f3df\data\admdb.sqlite
[2025-08-09 17:24:45] INFO: INI ALAMAT TABLENYA :  D:\Work\ARYA-WMS-SHOPPIE\ANG19\wmshopee\.angular\prerender-root\8bc9987d-9142-4648-85de-a5e2951d5c40\data\admdb.sqlite
[2025-08-09 17:24:45] INFO: INI ALAMAT TABLENYA :  D:\Work\ARYA-WMS-SHOPPIE\ANG19\wmshopee\.angular\prerender-root\6029e6b4-2342-4ca1-96de-5a52007e4fb3\data\admdb.sqlite
[2025-08-09 17:27:13] INFO: INI ALAMAT TABLENYA :  D:\Work\ARYA-WMS-SHOPPIE\ANG19\wmshopee\.angular\prerender-root\85816215-416d-4cc3-9347-3da31ed93a75\data\admdb.sqlite
[2025-08-09 17:27:15] INFO: INI ALAMAT TABLENYA :  D:\Work\ARYA-WMS-SHOPPIE\ANG19\wmshopee\.angular\prerender-root\4adf3ca9-628c-42dd-ad1a-7efffbda8854\data\admdb.sqlite
[2025-08-09 17:27:15] INFO: INI ALAMAT TABLENYA :  D:\Work\ARYA-WMS-SHOPPIE\ANG19\wmshopee\.angular\prerender-root\99e46e68-f4ca-4b4b-951d-52e4a64371fd\data\admdb.sqlite
[2025-08-09 17:27:15] INFO: INI ALAMAT TABLENYA :  D:\Work\ARYA-WMS-SHOPPIE\ANG19\wmshopee\.angular\prerender-root\dea22a6e-8da2-4c1d-9cab-8c8ff235278f\data\admdb.sqlite
[2025-08-09 17:27:15] INFO: INI ALAMAT TABLENYA :  D:\Work\ARYA-WMS-SHOPPIE\ANG19\wmshopee\.angular\prerender-root\d08f75b9-566c-49a6-93d7-f453a6e6e3a8\data\admdb.sqlite
[2025-08-09 17:27:20] INFO: INI ALAMAT TABLENYA :  D:\Work\ARYA-WMS-SHOPPIE\ANG19\wmshopee\dist\wmshopee\server\data\admdb.sqlite
[2025-08-09 17:27:38] ERROR: Error api.controller :  {}
[2025-08-09 17:30:10] INFO: INI ALAMAT TABLENYA :  D:\Work\ARYA-WMS-SHOPPIE\ANG19\wmshopee\.angular\prerender-root\37d92ef7-53fd-4205-8aae-2a57f240721b\data\admdb.sqlite
[2025-08-09 17:30:11] INFO: INI ALAMAT TABLENYA :  D:\Work\ARYA-WMS-SHOPPIE\ANG19\wmshopee\.angular\prerender-root\546ff3a7-9669-4357-b821-a93578ae36b8\data\admdb.sqlite
[2025-08-09 17:30:11] INFO: INI ALAMAT TABLENYA :  D:\Work\ARYA-WMS-SHOPPIE\ANG19\wmshopee\.angular\prerender-root\c4240a20-2e7b-4954-8c5f-0c667a39f831\data\admdb.sqlite
[2025-08-09 17:30:11] INFO: INI ALAMAT TABLENYA :  D:\Work\ARYA-WMS-SHOPPIE\ANG19\wmshopee\.angular\prerender-root\ffff2ea7-601a-4567-9cbf-0a1fd8b447ee\data\admdb.sqlite
[2025-08-09 17:30:11] INFO: INI ALAMAT TABLENYA :  D:\Work\ARYA-WMS-SHOPPIE\ANG19\wmshopee\.angular\prerender-root\14de0947-5274-43f1-b70b-b1d3690baa8b\data\admdb.sqlite
[2025-08-09 17:30:59] INFO: INI ALAMAT TABLENYA :  D:\Work\ARYA-WMS-SHOPPIE\ANG19\wmshopee\dist\wmshopee\server\data\admdb.sqlite
[2025-08-09 17:31:20] ERROR: Error api.controller :  {}
[2025-08-09 17:33:08] INFO: ✅ Sudah di List  0
[2025-08-09 17:35:41] INFO: ✅ Sudah di List  23
[2025-08-09 17:36:25] ERROR: Error api.controller :  {}
[2025-08-09 17:41:02] INFO: INI ALAMAT TABLENYA :  D:\Work\ARYA-WMS-SHOPPIE\ANG19\wmshopee\dist\wmshopee\server\data\admdb.sqlite
[2025-08-09 17:47:12] INFO: ✅ Sudah di List  0
[2025-08-09 17:52:39] ERROR: Error api.controller :  {}
[2025-08-09 17:52:39] ERROR: Error api.controller :  {}
[2025-08-09 17:52:46] ERROR: Error api.controller :  {}
[2025-08-09 17:52:46] ERROR: Error api.controller :  {}
[2025-08-09 17:53:03] INFO: INI ALAMAT TABLENYA :  D:\Work\ARYA-WMS-SHOPPIE\ANG19\wmshopee\dist\wmshopee\server\data\admdb.sqlite
[2025-08-09 17:59:41] ERROR: Error api.controller :  {}
[2025-08-09 18:08:24] ERROR: Error api.controller :  {}
[2025-08-09 18:15:36] INFO: ✅ Sudah di List  2
[2025-08-09 18:17:42] INFO: ✅ Sudah di List  0
[2025-08-09 19:10:35] INFO: ✅ Sudah di List  3
[2025-08-09 19:17:47] ERROR: Error api.controller :  {}
[2025-08-09 19:19:23] ERROR: Error api.controller :  {}
[2025-08-09 19:53:04] INFO: Update data token : 
[2025-08-09 19:53:04] INFO: Update data token : 
