[2025-08-16 08:07:03] INFO: INI ALAMAT TABLENYA :  D:\Work\ARYA-WMS-SHOPPIE\ANG19\wmshopee\.angular\prerender-root\f72ace1d-8c5e-42e8-acd6-1d952969dd3b\data\admdb.sqlite
[2025-08-16 08:07:11] INFO: INI ALAMAT TABLENYA :  D:\Work\ARYA-WMS-SHOPPIE\ANG19\wmshopee\.angular\prerender-root\6721d544-5078-439e-9349-b0bb9a3eebe3\data\admdb.sqlite
[2025-08-16 08:07:11] INFO: INI ALAMAT TABLENYA :  D:\Work\ARYA-WMS-SHOPPIE\ANG19\wmshopee\.angular\prerender-root\454de8bc-ee07-4d29-9178-6a08c8a072fd\data\admdb.sqlite
[2025-08-16 08:07:11] INFO: INI ALAMAT TABLENYA :  D:\Work\ARYA-WMS-SHOPPIE\ANG19\wmshopee\.angular\prerender-root\1b9e4894-e29f-4cd7-8272-6402a2347564\data\admdb.sqlite
[2025-08-16 08:07:11] INFO: INI ALAMAT TABLENYA :  D:\Work\ARYA-WMS-SHOPPIE\ANG19\wmshopee\.angular\prerender-root\83342358-63e1-4973-a6fa-5f3c52c94064\data\admdb.sqlite
[2025-08-16 08:07:28] INFO: INI ALAMAT TABLENYA :  D:\Work\ARYA-WMS-SHOPPIE\ANG19\wmshopee\dist\wmshopee\server\data\admdb.sqlite
[2025-08-16 08:07:34] INFO: ✅ Shopee refresh on fetchWithAuth Error: {"error":"invalid_acceess_token","message":"Invalid access_token, please have a check.","request_id":"e3e3e7f33c7121afdd174c2b4af50700"}
[2025-08-16 08:07:34] INFO: ✅ Shopee refresh on fetchWithAuth Error: {"error":"invalid_acceess_token","message":"Invalid access_token, please have a check.","request_id":"e3e3e7f33c7121afdf0fdd59fbc06c00"}
[2025-08-16 08:07:34] INFO: Update data token : 
[2025-08-16 08:07:34] INFO: Update data token : 
[2025-08-16 08:08:01] INFO: ✅ Sudah di List  39
[2025-08-16 08:08:02] INFO: ✅ package Sudah di List  {"order_sn":"250815UP0M0B41","package_number":"OFG208951357243083"}
[2025-08-16 08:11:26] INFO: INI ALAMAT TABLENYA :  D:\Work\ARYA-WMS-SHOPPIE\ANG19\wmshopee\.angular\prerender-root\56e5f1eb-e6af-45c6-b0f9-7bf8bef00439\data\admdb.sqlite
[2025-08-16 08:11:29] INFO: INI ALAMAT TABLENYA :  D:\Work\ARYA-WMS-SHOPPIE\ANG19\wmshopee\.angular\prerender-root\3a9c44c4-ab93-488e-b9c3-300b25f3246d\data\admdb.sqlite
[2025-08-16 08:11:29] INFO: INI ALAMAT TABLENYA :  D:\Work\ARYA-WMS-SHOPPIE\ANG19\wmshopee\.angular\prerender-root\b8bab3df-f2ab-4f1f-984d-c0963434f282\data\admdb.sqlite
[2025-08-16 08:11:29] INFO: INI ALAMAT TABLENYA :  D:\Work\ARYA-WMS-SHOPPIE\ANG19\wmshopee\.angular\prerender-root\a9251b67-c285-44b9-af63-76563d790c52\data\admdb.sqlite
[2025-08-16 08:11:29] INFO: INI ALAMAT TABLENYA :  D:\Work\ARYA-WMS-SHOPPIE\ANG19\wmshopee\.angular\prerender-root\35f0f35b-07ba-4c07-ba48-d4746480435e\data\admdb.sqlite
[2025-08-16 08:11:41] INFO: INI ALAMAT TABLENYA :  D:\Work\ARYA-WMS-SHOPPIE\ANG19\wmshopee\dist\wmshopee\server\data\admdb.sqlite
[2025-08-16 08:13:21] INFO: INI ALAMAT TABLENYA :  D:\Work\ARYA-WMS-SHOPPIE\ANG19\wmshopee\.angular\prerender-root\10e2c7eb-9087-4229-a7b4-4be827d96aff\data\admdb.sqlite
[2025-08-16 08:13:23] INFO: INI ALAMAT TABLENYA :  D:\Work\ARYA-WMS-SHOPPIE\ANG19\wmshopee\.angular\prerender-root\284985c8-297a-467c-aea1-1024f472c052\data\admdb.sqlite
[2025-08-16 08:13:23] INFO: INI ALAMAT TABLENYA :  D:\Work\ARYA-WMS-SHOPPIE\ANG19\wmshopee\.angular\prerender-root\add0fc8f-dff7-469f-b3fd-1f4001095815\data\admdb.sqlite
[2025-08-16 08:13:23] INFO: INI ALAMAT TABLENYA :  D:\Work\ARYA-WMS-SHOPPIE\ANG19\wmshopee\.angular\prerender-root\dc7c90e2-60d3-449c-89ee-bdf3406b9df8\data\admdb.sqlite
[2025-08-16 08:13:23] INFO: INI ALAMAT TABLENYA :  D:\Work\ARYA-WMS-SHOPPIE\ANG19\wmshopee\.angular\prerender-root\e16fc31a-81ce-43c1-bb73-1d6bcec6f73c\data\admdb.sqlite
[2025-08-16 08:13:33] INFO: INI ALAMAT TABLENYA :  D:\Work\ARYA-WMS-SHOPPIE\ANG19\wmshopee\dist\wmshopee\server\data\admdb.sqlite
[2025-08-16 08:21:13] INFO: INI ALAMAT TABLENYA :  D:\Work\ARYA-WMS-SHOPPIE\ANG19\wmshopee\.angular\prerender-root\1daec1cc-86e9-445f-8c9c-e5443986679a\data\admdb.sqlite
[2025-08-16 08:21:23] INFO: INI ALAMAT TABLENYA :  D:\Work\ARYA-WMS-SHOPPIE\ANG19\wmshopee\.angular\prerender-root\71631a8e-c584-4af0-9c1b-0c6c13d4e3f6\data\admdb.sqlite
[2025-08-16 08:21:23] INFO: INI ALAMAT TABLENYA :  D:\Work\ARYA-WMS-SHOPPIE\ANG19\wmshopee\.angular\prerender-root\be4f8f9c-0012-4eb6-b833-2efd2d337885\data\admdb.sqlite
[2025-08-16 08:21:23] INFO: INI ALAMAT TABLENYA :  D:\Work\ARYA-WMS-SHOPPIE\ANG19\wmshopee\.angular\prerender-root\5c2a5585-89e4-48fc-ae2a-8fa222383cb5\data\admdb.sqlite
[2025-08-16 08:21:23] INFO: INI ALAMAT TABLENYA :  D:\Work\ARYA-WMS-SHOPPIE\ANG19\wmshopee\.angular\prerender-root\bc92c7ef-b52d-4802-a8c7-971ae2f2887b\data\admdb.sqlite
[2025-08-16 08:22:09] INFO: INI ALAMAT TABLENYA :  D:\Work\ARYA-WMS-SHOPPIE\ANG19\wmshopee\dist\wmshopee\server\data\admdb.sqlite
[2025-08-16 08:23:39] INFO: INI ALAMAT TABLENYA :  D:\Work\ARYA-WMS-SHOPPIE\ANG19\wmshopee\.angular\prerender-root\99b9bc61-c529-472a-8227-334277325bcb\data\admdb.sqlite
[2025-08-16 08:23:42] INFO: INI ALAMAT TABLENYA :  D:\Work\ARYA-WMS-SHOPPIE\ANG19\wmshopee\.angular\prerender-root\5782036c-de8c-418e-855e-86eaab1a292d\data\admdb.sqlite
[2025-08-16 08:23:42] INFO: INI ALAMAT TABLENYA :  D:\Work\ARYA-WMS-SHOPPIE\ANG19\wmshopee\.angular\prerender-root\553d7795-a19c-499b-9529-9159fceae341\data\admdb.sqlite
[2025-08-16 08:23:42] INFO: INI ALAMAT TABLENYA :  D:\Work\ARYA-WMS-SHOPPIE\ANG19\wmshopee\.angular\prerender-root\3c31b5f4-221a-47fe-ab45-a78b75d5298e\data\admdb.sqlite
[2025-08-16 08:23:42] INFO: INI ALAMAT TABLENYA :  D:\Work\ARYA-WMS-SHOPPIE\ANG19\wmshopee\.angular\prerender-root\84586490-4e13-43c2-92ff-28c6a9eb5da3\data\admdb.sqlite
[2025-08-16 08:24:28] INFO: INI ALAMAT TABLENYA :  D:\Work\ARYA-WMS-SHOPPIE\ANG19\wmshopee\.angular\prerender-root\26c1f06f-c5dd-4149-bb63-ab30345fe5d8\data\admdb.sqlite
[2025-08-16 08:24:31] INFO: INI ALAMAT TABLENYA :  D:\Work\ARYA-WMS-SHOPPIE\ANG19\wmshopee\.angular\prerender-root\d3280409-a445-4d15-9c9b-6b4af0643396\data\admdb.sqlite
[2025-08-16 08:24:31] INFO: INI ALAMAT TABLENYA :  D:\Work\ARYA-WMS-SHOPPIE\ANG19\wmshopee\.angular\prerender-root\2d5bf56b-e9eb-48b0-9af2-f1f502a9e46d\data\admdb.sqlite
[2025-08-16 08:24:31] INFO: INI ALAMAT TABLENYA :  D:\Work\ARYA-WMS-SHOPPIE\ANG19\wmshopee\.angular\prerender-root\ee7fc240-1fc2-4163-b490-0fb4f7cb3143\data\admdb.sqlite
[2025-08-16 08:24:31] INFO: INI ALAMAT TABLENYA :  D:\Work\ARYA-WMS-SHOPPIE\ANG19\wmshopee\.angular\prerender-root\88b2cebd-f09f-4099-b465-91a0aa256893\data\admdb.sqlite
[2025-08-16 08:24:40] INFO: INI ALAMAT TABLENYA :  D:\Work\ARYA-WMS-SHOPPIE\ANG19\wmshopee\dist\wmshopee\server\data\admdb.sqlite
[2025-08-16 08:29:32] INFO: INI ALAMAT TABLENYA :  D:\Work\ARYA-WMS-SHOPPIE\ANG19\wmshopee\.angular\prerender-root\a29053b3-ac9e-4e9f-b912-80584a6e5003\data\admdb.sqlite
[2025-08-16 08:29:34] INFO: INI ALAMAT TABLENYA :  D:\Work\ARYA-WMS-SHOPPIE\ANG19\wmshopee\.angular\prerender-root\65caa504-629a-41af-a079-c7b50ac59048\data\admdb.sqlite
[2025-08-16 08:29:34] INFO: INI ALAMAT TABLENYA :  D:\Work\ARYA-WMS-SHOPPIE\ANG19\wmshopee\.angular\prerender-root\6c977efd-cb64-4697-ae29-eefeddaf3234\data\admdb.sqlite
[2025-08-16 08:29:34] INFO: INI ALAMAT TABLENYA :  D:\Work\ARYA-WMS-SHOPPIE\ANG19\wmshopee\.angular\prerender-root\50ccb766-125e-4537-b95c-8dbe26af9bea\data\admdb.sqlite
[2025-08-16 08:29:34] INFO: INI ALAMAT TABLENYA :  D:\Work\ARYA-WMS-SHOPPIE\ANG19\wmshopee\.angular\prerender-root\2a13a413-ab06-4fac-9211-dc28ddbf4c64\data\admdb.sqlite
[2025-08-16 08:29:44] INFO: INI ALAMAT TABLENYA :  D:\Work\ARYA-WMS-SHOPPIE\ANG19\wmshopee\dist\wmshopee\server\data\admdb.sqlite
