[2025-07-31 11:07:58] INFO: INI ALAMAT TABLENYA :  D:\Work\ARYA-WMS-SHOPPIE\ANG19\wmshopee\.angular\prerender-root\2afb74da-1483-4231-b8f5-e11757520eb2\data\admdb.sqlite
[2025-07-31 11:08:04] INFO: INI ALAMAT TABLENYA :  D:\Work\ARYA-WMS-SHOPPIE\ANG19\wmshopee\.angular\prerender-root\080e6bf2-7129-4264-9fd8-6a87f9c2279b\data\admdb.sqlite
[2025-07-31 11:08:04] INFO: INI ALAMAT TABLENYA :  D:\Work\ARYA-WMS-SHOPPIE\ANG19\wmshopee\.angular\prerender-root\7db337f1-203e-4335-8492-28a6ee1eb3dc\data\admdb.sqlite
[2025-07-31 11:08:04] INFO: INI ALAMAT TABLENYA :  D:\Work\ARYA-WMS-SHOPPIE\ANG19\wmshopee\.angular\prerender-root\61d62bc8-2d71-4ae0-b823-87072233f6bc\data\admdb.sqlite
[2025-07-31 11:08:04] INFO: INI ALAMAT TABLENYA :  D:\Work\ARYA-WMS-SHOPPIE\ANG19\wmshopee\.angular\prerender-root\f091178a-d8bd-410d-b9f4-b94e000f0354\data\admdb.sqlite
[2025-07-31 11:08:47] INFO: INI ALAMAT TABLENYA :  D:\Work\ARYA-WMS-SHOPPIE\ANG19\wmshopee\dist\wmshopee\server\data\admdb.sqlite
[2025-07-31 11:12:59] INFO: INI ALAMAT TABLENYA :  D:\Work\ARYA-WMS-SHOPPIE\ANG19\wmshopee\.angular\prerender-root\e0f04b74-70bb-46b6-8165-f0ac89eae611\data\admdb.sqlite
[2025-07-31 11:13:01] INFO: INI ALAMAT TABLENYA :  D:\Work\ARYA-WMS-SHOPPIE\ANG19\wmshopee\.angular\prerender-root\d08fc584-0fa8-42e6-862a-33663bfa0e46\data\admdb.sqlite
[2025-07-31 11:13:01] INFO: INI ALAMAT TABLENYA :  D:\Work\ARYA-WMS-SHOPPIE\ANG19\wmshopee\.angular\prerender-root\8e413b49-9d4c-40a6-a495-45491faaf780\data\admdb.sqlite
[2025-07-31 11:13:01] INFO: INI ALAMAT TABLENYA :  D:\Work\ARYA-WMS-SHOPPIE\ANG19\wmshopee\.angular\prerender-root\95f2a80a-a9f2-4c7d-9549-ad1debe9819d\data\admdb.sqlite
[2025-07-31 11:13:01] INFO: INI ALAMAT TABLENYA :  D:\Work\ARYA-WMS-SHOPPIE\ANG19\wmshopee\.angular\prerender-root\1c93129d-aace-4842-94a1-a14c86872825\data\admdb.sqlite
[2025-07-31 11:13:07] INFO: INI ALAMAT TABLENYA :  D:\Work\ARYA-WMS-SHOPPIE\ANG19\wmshopee\dist\wmshopee\server\data\admdb.sqlite
[2025-07-31 11:15:05] INFO: INI ALAMAT TABLENYA :  D:\Work\ARYA-WMS-SHOPPIE\ANG19\wmshopee\.angular\prerender-root\45f39505-90f3-4e7e-a680-b0714020c5a4\data\admdb.sqlite
[2025-07-31 11:15:06] INFO: INI ALAMAT TABLENYA :  D:\Work\ARYA-WMS-SHOPPIE\ANG19\wmshopee\.angular\prerender-root\70966194-2285-41ed-9914-d8983199c2bb\data\admdb.sqlite
[2025-07-31 11:15:06] INFO: INI ALAMAT TABLENYA :  D:\Work\ARYA-WMS-SHOPPIE\ANG19\wmshopee\.angular\prerender-root\40d2dfaa-a38b-4580-8bd6-13d0b116acb0\data\admdb.sqlite
[2025-07-31 11:15:06] INFO: INI ALAMAT TABLENYA :  D:\Work\ARYA-WMS-SHOPPIE\ANG19\wmshopee\.angular\prerender-root\10c2599a-2b9b-489f-a4ed-2653def5fbac\data\admdb.sqlite
[2025-07-31 11:15:06] INFO: INI ALAMAT TABLENYA :  D:\Work\ARYA-WMS-SHOPPIE\ANG19\wmshopee\.angular\prerender-root\b0331747-7299-491e-9551-b797d97b972c\data\admdb.sqlite
[2025-07-31 11:15:13] INFO: INI ALAMAT TABLENYA :  D:\Work\ARYA-WMS-SHOPPIE\ANG19\wmshopee\dist\wmshopee\server\data\admdb.sqlite
[2025-07-31 11:28:40] INFO: INI ALAMAT TABLENYA :  D:\Work\ARYA-WMS-SHOPPIE\ANG19\wmshopee\.angular\prerender-root\362e716b-2d06-466e-b719-b544f75ea1fe\data\admdb.sqlite
[2025-07-31 11:28:42] INFO: INI ALAMAT TABLENYA :  D:\Work\ARYA-WMS-SHOPPIE\ANG19\wmshopee\.angular\prerender-root\1c8e2106-419d-40c1-ae52-b1e7f318c297\data\admdb.sqlite
[2025-07-31 11:28:42] INFO: INI ALAMAT TABLENYA :  D:\Work\ARYA-WMS-SHOPPIE\ANG19\wmshopee\.angular\prerender-root\2fb152b0-608d-4ddf-b27f-d875bb803644\data\admdb.sqlite
[2025-07-31 11:28:42] INFO: INI ALAMAT TABLENYA :  D:\Work\ARYA-WMS-SHOPPIE\ANG19\wmshopee\.angular\prerender-root\c86d2c0b-6ef5-49a1-9c7a-acc9ae26ecc5\data\admdb.sqlite
[2025-07-31 11:28:42] INFO: INI ALAMAT TABLENYA :  D:\Work\ARYA-WMS-SHOPPIE\ANG19\wmshopee\.angular\prerender-root\76b66d86-8456-44d2-8622-6915168169a9\data\admdb.sqlite
[2025-07-31 11:28:48] INFO: INI ALAMAT TABLENYA :  D:\Work\ARYA-WMS-SHOPPIE\ANG19\wmshopee\dist\wmshopee\server\data\admdb.sqlite
[2025-07-31 11:30:13] INFO: INI ALAMAT TABLENYA :  D:\Work\ARYA-WMS-SHOPPIE\ANG19\wmshopee\.angular\prerender-root\2c2cee1d-b101-4ab3-8e79-9dc8042c003c\data\admdb.sqlite
[2025-07-31 11:30:14] INFO: INI ALAMAT TABLENYA :  D:\Work\ARYA-WMS-SHOPPIE\ANG19\wmshopee\.angular\prerender-root\f32948c4-d436-4825-8859-27ec23fa5fda\data\admdb.sqlite
[2025-07-31 11:30:14] INFO: INI ALAMAT TABLENYA :  D:\Work\ARYA-WMS-SHOPPIE\ANG19\wmshopee\.angular\prerender-root\4624a60f-4793-4790-b392-d5d5c931ac49\data\admdb.sqlite
[2025-07-31 11:30:14] INFO: INI ALAMAT TABLENYA :  D:\Work\ARYA-WMS-SHOPPIE\ANG19\wmshopee\.angular\prerender-root\91ee1263-1b89-4e86-b38f-9b4dc86f3b36\data\admdb.sqlite
[2025-07-31 11:30:14] INFO: INI ALAMAT TABLENYA :  D:\Work\ARYA-WMS-SHOPPIE\ANG19\wmshopee\.angular\prerender-root\b5540baa-0257-4999-8c98-b426cf264295\data\admdb.sqlite
[2025-07-31 11:30:38] INFO: INI ALAMAT TABLENYA :  D:\Work\ARYA-WMS-SHOPPIE\ANG19\wmshopee\dist\wmshopee\server\data\admdb.sqlite
[2025-07-31 12:37:48] INFO: INI ALAMAT TABLENYA :  D:\Work\ARYA-WMS-SHOPPIE\ANG19\wmshopee\.angular\prerender-root\374f33e2-23f0-43b8-bcd2-7af37fb9882e\data\admdb.sqlite
[2025-07-31 12:37:50] INFO: INI ALAMAT TABLENYA :  D:\Work\ARYA-WMS-SHOPPIE\ANG19\wmshopee\.angular\prerender-root\8aebb967-0290-430c-b97c-2a848c7f3ea0\data\admdb.sqlite
[2025-07-31 12:37:50] INFO: INI ALAMAT TABLENYA :  D:\Work\ARYA-WMS-SHOPPIE\ANG19\wmshopee\.angular\prerender-root\62d9f092-bb31-4e64-b3aa-e4d6cca9e305\data\admdb.sqlite
[2025-07-31 12:37:50] INFO: INI ALAMAT TABLENYA :  D:\Work\ARYA-WMS-SHOPPIE\ANG19\wmshopee\.angular\prerender-root\86882579-5121-4f34-af5e-f6aafc389aa4\data\admdb.sqlite
[2025-07-31 12:37:50] INFO: INI ALAMAT TABLENYA :  D:\Work\ARYA-WMS-SHOPPIE\ANG19\wmshopee\.angular\prerender-root\1219793c-c19d-42e6-a0e0-d021c782e7eb\data\admdb.sqlite
[2025-07-31 12:37:59] INFO: INI ALAMAT TABLENYA :  D:\Work\ARYA-WMS-SHOPPIE\ANG19\wmshopee\dist\wmshopee\server\data\admdb.sqlite
[2025-07-31 12:51:13] INFO: INI ALAMAT TABLENYA :  D:\Work\ARYA-WMS-SHOPPIE\ANG19\wmshopee\.angular\prerender-root\d508deee-afc7-4a82-a542-061f5692d3a0\data\admdb.sqlite
[2025-07-31 12:51:14] INFO: INI ALAMAT TABLENYA :  D:\Work\ARYA-WMS-SHOPPIE\ANG19\wmshopee\.angular\prerender-root\d7f991b3-2186-4b7a-906f-2c7b7e55b4c7\data\admdb.sqlite
[2025-07-31 12:51:14] INFO: INI ALAMAT TABLENYA :  D:\Work\ARYA-WMS-SHOPPIE\ANG19\wmshopee\.angular\prerender-root\aee11296-72bb-47c2-8f51-c75cf91b3707\data\admdb.sqlite
[2025-07-31 12:51:14] INFO: INI ALAMAT TABLENYA :  D:\Work\ARYA-WMS-SHOPPIE\ANG19\wmshopee\.angular\prerender-root\e4aa97db-67e5-42f8-bc12-564fdfbca21b\data\admdb.sqlite
[2025-07-31 12:51:14] INFO: INI ALAMAT TABLENYA :  D:\Work\ARYA-WMS-SHOPPIE\ANG19\wmshopee\.angular\prerender-root\f774d057-b1f4-4fd3-a73a-8f092a67d53f\data\admdb.sqlite
[2025-07-31 12:51:24] INFO: INI ALAMAT TABLENYA :  D:\Work\ARYA-WMS-SHOPPIE\ANG19\wmshopee\dist\wmshopee\server\data\admdb.sqlite
[2025-07-31 12:51:29] ERROR: Error api.controller :  {}
[2025-07-31 12:51:41] ERROR: Error api.controller :  {}
[2025-07-31 12:51:57] ERROR: Error api.controller :  {}
[2025-07-31 12:52:33] INFO: INI ALAMAT TABLENYA :  D:\Work\ARYA-WMS-SHOPPIE\ANG19\wmshopee\.angular\prerender-root\753b4d46-4874-4890-bce3-bc4be9ff0f91\data\admdb.sqlite
[2025-07-31 12:52:34] INFO: INI ALAMAT TABLENYA :  D:\Work\ARYA-WMS-SHOPPIE\ANG19\wmshopee\.angular\prerender-root\dad935f6-1507-450d-8fc8-754562b2db74\data\admdb.sqlite
[2025-07-31 12:52:34] INFO: INI ALAMAT TABLENYA :  D:\Work\ARYA-WMS-SHOPPIE\ANG19\wmshopee\.angular\prerender-root\790e8788-a5e7-4072-be33-bcd8472fb31f\data\admdb.sqlite
[2025-07-31 12:52:34] INFO: INI ALAMAT TABLENYA :  D:\Work\ARYA-WMS-SHOPPIE\ANG19\wmshopee\.angular\prerender-root\00c078f5-97c1-4d64-b907-eda17a47d5d6\data\admdb.sqlite
[2025-07-31 12:52:34] INFO: INI ALAMAT TABLENYA :  D:\Work\ARYA-WMS-SHOPPIE\ANG19\wmshopee\.angular\prerender-root\11ccecbf-7d12-4285-9ffc-5e102a239de2\data\admdb.sqlite
[2025-07-31 12:52:42] INFO: INI ALAMAT TABLENYA :  D:\Work\ARYA-WMS-SHOPPIE\ANG19\wmshopee\dist\wmshopee\server\data\admdb.sqlite
[2025-07-31 13:16:54] INFO: INI ALAMAT TABLENYA :  D:\Work\ARYA-WMS-SHOPPIE\ANG19\wmshopee\.angular\prerender-root\f015c5b2-d60e-4d51-bebd-c409342b613e\data\admdb.sqlite
[2025-07-31 13:16:55] INFO: INI ALAMAT TABLENYA :  D:\Work\ARYA-WMS-SHOPPIE\ANG19\wmshopee\.angular\prerender-root\146e3f74-83f5-42b8-b561-585f60b96ac7\data\admdb.sqlite
[2025-07-31 13:16:55] INFO: INI ALAMAT TABLENYA :  D:\Work\ARYA-WMS-SHOPPIE\ANG19\wmshopee\.angular\prerender-root\07662527-397d-4663-8088-d9e093103320\data\admdb.sqlite
[2025-07-31 13:16:55] INFO: INI ALAMAT TABLENYA :  D:\Work\ARYA-WMS-SHOPPIE\ANG19\wmshopee\.angular\prerender-root\ca3eb8b1-fe86-4343-aa30-c76a0ed92c5b\data\admdb.sqlite
[2025-07-31 13:16:55] INFO: INI ALAMAT TABLENYA :  D:\Work\ARYA-WMS-SHOPPIE\ANG19\wmshopee\.angular\prerender-root\033c2f9e-0fb4-4d73-be63-f620052ba82c\data\admdb.sqlite
[2025-07-31 13:17:01] INFO: INI ALAMAT TABLENYA :  D:\Work\ARYA-WMS-SHOPPIE\ANG19\wmshopee\dist\wmshopee\server\data\admdb.sqlite
[2025-07-31 13:17:52] INFO: INI ALAMAT TABLENYA :  D:\Work\ARYA-WMS-SHOPPIE\ANG19\wmshopee\.angular\prerender-root\6b1b06d1-595f-4e7d-9845-b76d3a7c7bf3\data\admdb.sqlite
[2025-07-31 13:17:53] INFO: INI ALAMAT TABLENYA :  D:\Work\ARYA-WMS-SHOPPIE\ANG19\wmshopee\.angular\prerender-root\6c2988aa-2626-4b09-b164-6add79b3fc90\data\admdb.sqlite
[2025-07-31 13:17:53] INFO: INI ALAMAT TABLENYA :  D:\Work\ARYA-WMS-SHOPPIE\ANG19\wmshopee\.angular\prerender-root\3aa19e5b-6a8d-4b58-937d-3b4e5446e41f\data\admdb.sqlite
[2025-07-31 13:17:53] INFO: INI ALAMAT TABLENYA :  D:\Work\ARYA-WMS-SHOPPIE\ANG19\wmshopee\.angular\prerender-root\59749c42-26b5-417a-be8d-abead1008002\data\admdb.sqlite
[2025-07-31 13:17:53] INFO: INI ALAMAT TABLENYA :  D:\Work\ARYA-WMS-SHOPPIE\ANG19\wmshopee\.angular\prerender-root\f84a131f-7146-434c-9582-e008491feff9\data\admdb.sqlite
[2025-07-31 13:18:00] INFO: INI ALAMAT TABLENYA :  D:\Work\ARYA-WMS-SHOPPIE\ANG19\wmshopee\dist\wmshopee\server\data\admdb.sqlite
[2025-07-31 13:19:35] INFO: INI ALAMAT TABLENYA :  D:\Work\ARYA-WMS-SHOPPIE\ANG19\wmshopee\.angular\prerender-root\f08829b8-3139-4906-8e59-ddab26ced1d5\data\admdb.sqlite
[2025-07-31 13:19:36] INFO: INI ALAMAT TABLENYA :  D:\Work\ARYA-WMS-SHOPPIE\ANG19\wmshopee\.angular\prerender-root\0b8e3f26-6b50-4192-9a04-e77de3542200\data\admdb.sqlite
[2025-07-31 13:19:36] INFO: INI ALAMAT TABLENYA :  D:\Work\ARYA-WMS-SHOPPIE\ANG19\wmshopee\.angular\prerender-root\87e1d9b3-3ad4-48c4-947a-817d7c8e5663\data\admdb.sqlite
[2025-07-31 13:19:36] INFO: INI ALAMAT TABLENYA :  D:\Work\ARYA-WMS-SHOPPIE\ANG19\wmshopee\.angular\prerender-root\053dd942-2e37-490c-947d-957d47de784f\data\admdb.sqlite
[2025-07-31 13:19:36] INFO: INI ALAMAT TABLENYA :  D:\Work\ARYA-WMS-SHOPPIE\ANG19\wmshopee\.angular\prerender-root\63e41bf0-3e3b-406c-8377-00a6c681d4c6\data\admdb.sqlite
[2025-07-31 13:19:59] INFO: INI ALAMAT TABLENYA :  D:\Work\ARYA-WMS-SHOPPIE\ANG19\wmshopee\.angular\prerender-root\c9bb9a6e-6c85-4dc4-8a54-71f1d1e76c1b\data\admdb.sqlite
[2025-07-31 13:20:01] INFO: INI ALAMAT TABLENYA :  D:\Work\ARYA-WMS-SHOPPIE\ANG19\wmshopee\.angular\prerender-root\d9f76f80-2fe4-440f-a4bf-37af29e9de3c\data\admdb.sqlite
[2025-07-31 13:20:01] INFO: INI ALAMAT TABLENYA :  D:\Work\ARYA-WMS-SHOPPIE\ANG19\wmshopee\.angular\prerender-root\d3b3e622-3e67-42a1-ae0b-dd8e4ed0da25\data\admdb.sqlite
[2025-07-31 13:20:01] INFO: INI ALAMAT TABLENYA :  D:\Work\ARYA-WMS-SHOPPIE\ANG19\wmshopee\.angular\prerender-root\1282240e-4fd4-4149-8cd8-570d7c7e49b6\data\admdb.sqlite
[2025-07-31 13:20:01] INFO: INI ALAMAT TABLENYA :  D:\Work\ARYA-WMS-SHOPPIE\ANG19\wmshopee\.angular\prerender-root\de10eaed-09a9-49fd-8a35-46f82b1a4b22\data\admdb.sqlite
[2025-07-31 13:20:06] INFO: INI ALAMAT TABLENYA :  D:\Work\ARYA-WMS-SHOPPIE\ANG19\wmshopee\dist\wmshopee\server\data\admdb.sqlite
[2025-07-31 13:20:55] INFO: INI ALAMAT TABLENYA :  D:\Work\ARYA-WMS-SHOPPIE\ANG19\wmshopee\.angular\prerender-root\fbc3d5cc-a1a2-41fc-a25c-8f80cdbc5fc8\data\admdb.sqlite
[2025-07-31 13:20:56] INFO: INI ALAMAT TABLENYA :  D:\Work\ARYA-WMS-SHOPPIE\ANG19\wmshopee\.angular\prerender-root\a4f0df03-cae9-4504-b87f-9f47d56cca86\data\admdb.sqlite
[2025-07-31 13:20:56] INFO: INI ALAMAT TABLENYA :  D:\Work\ARYA-WMS-SHOPPIE\ANG19\wmshopee\.angular\prerender-root\bd43ec65-4897-40bd-b12d-20266abece4a\data\admdb.sqlite
[2025-07-31 13:20:56] INFO: INI ALAMAT TABLENYA :  D:\Work\ARYA-WMS-SHOPPIE\ANG19\wmshopee\.angular\prerender-root\ebf989a0-5c00-4005-9e9b-b0efc0bad04c\data\admdb.sqlite
[2025-07-31 13:20:56] INFO: INI ALAMAT TABLENYA :  D:\Work\ARYA-WMS-SHOPPIE\ANG19\wmshopee\.angular\prerender-root\ac00cb11-0276-43c7-b640-d9b182b5f533\data\admdb.sqlite
[2025-07-31 13:21:05] INFO: INI ALAMAT TABLENYA :  D:\Work\ARYA-WMS-SHOPPIE\ANG19\wmshopee\dist\wmshopee\server\data\admdb.sqlite
[2025-07-31 13:27:01] INFO: INI ALAMAT TABLENYA :  D:\Work\ARYA-WMS-SHOPPIE\ANG19\wmshopee\.angular\prerender-root\753a6f66-61c5-419b-a535-8a4fe014f1df\data\admdb.sqlite
[2025-07-31 13:27:02] INFO: INI ALAMAT TABLENYA :  D:\Work\ARYA-WMS-SHOPPIE\ANG19\wmshopee\.angular\prerender-root\9e77d9e8-b47a-434b-aab0-7d057dfd1565\data\admdb.sqlite
[2025-07-31 13:27:02] INFO: INI ALAMAT TABLENYA :  D:\Work\ARYA-WMS-SHOPPIE\ANG19\wmshopee\.angular\prerender-root\ecefbf24-f1fc-47b4-b315-d566593dbb38\data\admdb.sqlite
[2025-07-31 13:27:02] INFO: INI ALAMAT TABLENYA :  D:\Work\ARYA-WMS-SHOPPIE\ANG19\wmshopee\.angular\prerender-root\f656d0b7-5587-4ffd-9ae0-9bf321f17b3b\data\admdb.sqlite
[2025-07-31 13:27:02] INFO: INI ALAMAT TABLENYA :  D:\Work\ARYA-WMS-SHOPPIE\ANG19\wmshopee\.angular\prerender-root\aec0a8ca-f373-432a-98d1-b8ab9e1f00c1\data\admdb.sqlite
[2025-07-31 13:27:22] INFO: INI ALAMAT TABLENYA :  D:\Work\ARYA-WMS-SHOPPIE\ANG19\wmshopee\.angular\prerender-root\b7cfa312-8a50-4c8b-adb4-1277688e644a\data\admdb.sqlite
[2025-07-31 13:27:24] INFO: INI ALAMAT TABLENYA :  D:\Work\ARYA-WMS-SHOPPIE\ANG19\wmshopee\.angular\prerender-root\08fd5c66-36ed-45b7-8938-1fb5b78cbf3f\data\admdb.sqlite
[2025-07-31 13:27:24] INFO: INI ALAMAT TABLENYA :  D:\Work\ARYA-WMS-SHOPPIE\ANG19\wmshopee\.angular\prerender-root\2cfe48a3-8686-4c65-98bd-cd2e0be29a5f\data\admdb.sqlite
[2025-07-31 13:27:24] INFO: INI ALAMAT TABLENYA :  D:\Work\ARYA-WMS-SHOPPIE\ANG19\wmshopee\.angular\prerender-root\0e462c49-2046-4da1-ae24-4c41a8b4e933\data\admdb.sqlite
[2025-07-31 13:27:24] INFO: INI ALAMAT TABLENYA :  D:\Work\ARYA-WMS-SHOPPIE\ANG19\wmshopee\.angular\prerender-root\3aad5ba4-aa9b-4ac4-ab1e-a7b978da1e29\data\admdb.sqlite
[2025-07-31 13:27:31] INFO: INI ALAMAT TABLENYA :  D:\Work\ARYA-WMS-SHOPPIE\ANG19\wmshopee\dist\wmshopee\server\data\admdb.sqlite
[2025-07-31 14:24:38] INFO: INI ALAMAT TABLENYA :  D:\Work\ARYA-WMS-SHOPPIE\ANG19\wmshopee\.angular\prerender-root\8916038a-2761-48d0-a4af-1de720f14030\data\admdb.sqlite
[2025-07-31 14:24:39] INFO: INI ALAMAT TABLENYA :  D:\Work\ARYA-WMS-SHOPPIE\ANG19\wmshopee\.angular\prerender-root\9fc627bf-f511-4129-9fbf-c1a63a803060\data\admdb.sqlite
[2025-07-31 14:24:39] INFO: INI ALAMAT TABLENYA :  D:\Work\ARYA-WMS-SHOPPIE\ANG19\wmshopee\.angular\prerender-root\50901c28-7558-4753-9ead-5e8152f21fb5\data\admdb.sqlite
[2025-07-31 14:24:39] INFO: INI ALAMAT TABLENYA :  D:\Work\ARYA-WMS-SHOPPIE\ANG19\wmshopee\.angular\prerender-root\dba31121-95e2-4d5a-9761-f5a2a8a9d2a6\data\admdb.sqlite
[2025-07-31 14:24:39] INFO: INI ALAMAT TABLENYA :  D:\Work\ARYA-WMS-SHOPPIE\ANG19\wmshopee\.angular\prerender-root\94ca4688-e4ff-4485-ad1b-a2559ff97bcb\data\admdb.sqlite
[2025-07-31 14:24:47] INFO: INI ALAMAT TABLENYA :  D:\Work\ARYA-WMS-SHOPPIE\ANG19\wmshopee\dist\wmshopee\server\data\admdb.sqlite
[2025-07-31 14:26:15] INFO: INI ALAMAT TABLENYA :  D:\Work\ARYA-WMS-SHOPPIE\ANG19\wmshopee\.angular\prerender-root\d1e7f67a-f97a-419a-89e6-5f3e9a29e143\data\admdb.sqlite
[2025-07-31 14:26:17] INFO: INI ALAMAT TABLENYA :  D:\Work\ARYA-WMS-SHOPPIE\ANG19\wmshopee\.angular\prerender-root\14a3f4c6-e672-4e52-9981-e0c26447d738\data\admdb.sqlite
[2025-07-31 14:26:17] INFO: INI ALAMAT TABLENYA :  D:\Work\ARYA-WMS-SHOPPIE\ANG19\wmshopee\.angular\prerender-root\b3adc17c-ca54-4072-a506-1aa98979c975\data\admdb.sqlite
[2025-07-31 14:26:17] INFO: INI ALAMAT TABLENYA :  D:\Work\ARYA-WMS-SHOPPIE\ANG19\wmshopee\.angular\prerender-root\631ca9ab-73d1-42fd-a678-eb11c8b29143\data\admdb.sqlite
[2025-07-31 14:26:17] INFO: INI ALAMAT TABLENYA :  D:\Work\ARYA-WMS-SHOPPIE\ANG19\wmshopee\.angular\prerender-root\39582ce2-f670-430e-96a1-6497c68a2074\data\admdb.sqlite
[2025-07-31 14:26:26] INFO: INI ALAMAT TABLENYA :  D:\Work\ARYA-WMS-SHOPPIE\ANG19\wmshopee\dist\wmshopee\server\data\admdb.sqlite
[2025-07-31 14:36:04] INFO: INI ALAMAT TABLENYA :  D:\Work\ARYA-WMS-SHOPPIE\ANG19\wmshopee\.angular\prerender-root\6b740034-3583-4136-ae39-0aef205e5420\data\admdb.sqlite
[2025-07-31 14:36:05] INFO: INI ALAMAT TABLENYA :  D:\Work\ARYA-WMS-SHOPPIE\ANG19\wmshopee\.angular\prerender-root\64de2d1e-a62a-4946-ab46-1308dc768ae1\data\admdb.sqlite
[2025-07-31 14:36:05] INFO: INI ALAMAT TABLENYA :  D:\Work\ARYA-WMS-SHOPPIE\ANG19\wmshopee\.angular\prerender-root\71ca4e6c-2773-4110-a4e7-f25b123178a3\data\admdb.sqlite
[2025-07-31 14:36:05] INFO: INI ALAMAT TABLENYA :  D:\Work\ARYA-WMS-SHOPPIE\ANG19\wmshopee\.angular\prerender-root\4b145ccb-e865-4cac-b4d2-37e08aefc216\data\admdb.sqlite
[2025-07-31 14:36:05] INFO: INI ALAMAT TABLENYA :  D:\Work\ARYA-WMS-SHOPPIE\ANG19\wmshopee\.angular\prerender-root\a6f5f080-f6f3-421f-a32f-60f2ff074f3b\data\admdb.sqlite
[2025-07-31 14:36:12] INFO: INI ALAMAT TABLENYA :  D:\Work\ARYA-WMS-SHOPPIE\ANG19\wmshopee\dist\wmshopee\server\data\admdb.sqlite
[2025-07-31 14:39:12] INFO: INI ALAMAT TABLENYA :  D:\Work\ARYA-WMS-SHOPPIE\ANG19\wmshopee\.angular\prerender-root\af5e5aa8-3517-496d-b628-e5bd5072c051\data\admdb.sqlite
[2025-07-31 14:39:13] INFO: INI ALAMAT TABLENYA :  D:\Work\ARYA-WMS-SHOPPIE\ANG19\wmshopee\.angular\prerender-root\c3ee5909-6d66-470a-94b3-0e79ba3f1247\data\admdb.sqlite
[2025-07-31 14:39:13] INFO: INI ALAMAT TABLENYA :  D:\Work\ARYA-WMS-SHOPPIE\ANG19\wmshopee\.angular\prerender-root\1a8222c2-1041-4dc4-9a12-67d64099ae55\data\admdb.sqlite
[2025-07-31 14:39:13] INFO: INI ALAMAT TABLENYA :  D:\Work\ARYA-WMS-SHOPPIE\ANG19\wmshopee\.angular\prerender-root\7c9745eb-670c-4a0a-97a8-9a413e01b9d1\data\admdb.sqlite
[2025-07-31 14:39:13] INFO: INI ALAMAT TABLENYA :  D:\Work\ARYA-WMS-SHOPPIE\ANG19\wmshopee\.angular\prerender-root\f3f2f21a-269b-404e-96b5-31185e350bb2\data\admdb.sqlite
[2025-07-31 14:39:20] INFO: INI ALAMAT TABLENYA :  D:\Work\ARYA-WMS-SHOPPIE\ANG19\wmshopee\dist\wmshopee\server\data\admdb.sqlite
[2025-07-31 14:42:33] INFO: INI ALAMAT TABLENYA :  D:\Work\ARYA-WMS-SHOPPIE\ANG19\wmshopee\.angular\prerender-root\2fb149f2-f36e-4a9d-a7e8-af96302d6fd1\data\admdb.sqlite
[2025-07-31 14:42:35] INFO: INI ALAMAT TABLENYA :  D:\Work\ARYA-WMS-SHOPPIE\ANG19\wmshopee\.angular\prerender-root\e6e1c6f4-5186-4a05-ac7b-00c2256a0477\data\admdb.sqlite
[2025-07-31 14:42:35] INFO: INI ALAMAT TABLENYA :  D:\Work\ARYA-WMS-SHOPPIE\ANG19\wmshopee\.angular\prerender-root\273309ef-eac5-4036-8311-1b33a7411b41\data\admdb.sqlite
[2025-07-31 14:42:35] INFO: INI ALAMAT TABLENYA :  D:\Work\ARYA-WMS-SHOPPIE\ANG19\wmshopee\.angular\prerender-root\2b3829bc-57e0-4ce1-a620-43aca69356e5\data\admdb.sqlite
[2025-07-31 14:42:35] INFO: INI ALAMAT TABLENYA :  D:\Work\ARYA-WMS-SHOPPIE\ANG19\wmshopee\.angular\prerender-root\0f12e301-c3d7-477c-a422-77e637c20b6c\data\admdb.sqlite
[2025-07-31 14:42:49] INFO: INI ALAMAT TABLENYA :  D:\Work\ARYA-WMS-SHOPPIE\ANG19\wmshopee\dist\wmshopee\server\data\admdb.sqlite
[2025-07-31 14:44:59] INFO: INI ALAMAT TABLENYA :  D:\Work\ARYA-WMS-SHOPPIE\ANG19\wmshopee\.angular\prerender-root\89e7b866-3b01-46db-8b3d-3ea441edbe33\data\admdb.sqlite
[2025-07-31 14:45:00] INFO: INI ALAMAT TABLENYA :  D:\Work\ARYA-WMS-SHOPPIE\ANG19\wmshopee\.angular\prerender-root\eb069348-af84-41e5-bb72-90831b507577\data\admdb.sqlite
[2025-07-31 14:45:00] INFO: INI ALAMAT TABLENYA :  D:\Work\ARYA-WMS-SHOPPIE\ANG19\wmshopee\.angular\prerender-root\576ce20c-bdbb-4312-85ec-4d3d55993d62\data\admdb.sqlite
[2025-07-31 14:45:00] INFO: INI ALAMAT TABLENYA :  D:\Work\ARYA-WMS-SHOPPIE\ANG19\wmshopee\.angular\prerender-root\f6df0df6-de71-402d-acc9-6c5d9dbcc18b\data\admdb.sqlite
[2025-07-31 14:45:00] INFO: INI ALAMAT TABLENYA :  D:\Work\ARYA-WMS-SHOPPIE\ANG19\wmshopee\.angular\prerender-root\febf5e17-4b81-4378-a071-52f566fe03ab\data\admdb.sqlite
[2025-07-31 14:45:19] INFO: INI ALAMAT TABLENYA :  D:\Work\ARYA-WMS-SHOPPIE\ANG19\wmshopee\dist\wmshopee\server\data\admdb.sqlite
[2025-07-31 14:49:56] INFO: INI ALAMAT TABLENYA :  D:\Work\ARYA-WMS-SHOPPIE\ANG19\wmshopee\.angular\prerender-root\727e44f1-004c-4f89-b7b4-5c7d0c148a22\data\admdb.sqlite
[2025-07-31 14:49:57] INFO: INI ALAMAT TABLENYA :  D:\Work\ARYA-WMS-SHOPPIE\ANG19\wmshopee\.angular\prerender-root\082bc054-f445-4856-b52a-5bf817cc977a\data\admdb.sqlite
[2025-07-31 14:49:57] INFO: INI ALAMAT TABLENYA :  D:\Work\ARYA-WMS-SHOPPIE\ANG19\wmshopee\.angular\prerender-root\d589dbb9-743b-44ef-b46b-4f4feaf3de75\data\admdb.sqlite
[2025-07-31 14:49:57] INFO: INI ALAMAT TABLENYA :  D:\Work\ARYA-WMS-SHOPPIE\ANG19\wmshopee\.angular\prerender-root\50254e8e-a657-4bfe-9525-d48801aa93a8\data\admdb.sqlite
[2025-07-31 14:49:57] INFO: INI ALAMAT TABLENYA :  D:\Work\ARYA-WMS-SHOPPIE\ANG19\wmshopee\.angular\prerender-root\d47c3d85-f9f0-4461-ad6c-338a1099051e\data\admdb.sqlite
[2025-07-31 14:50:03] INFO: INI ALAMAT TABLENYA :  D:\Work\ARYA-WMS-SHOPPIE\ANG19\wmshopee\dist\wmshopee\server\data\admdb.sqlite
[2025-07-31 14:51:35] INFO: INI ALAMAT TABLENYA :  D:\Work\ARYA-WMS-SHOPPIE\ANG19\wmshopee\.angular\prerender-root\b552535a-edde-466f-a9df-544d3448a059\data\admdb.sqlite
[2025-07-31 14:51:36] INFO: INI ALAMAT TABLENYA :  D:\Work\ARYA-WMS-SHOPPIE\ANG19\wmshopee\.angular\prerender-root\8fca262a-b310-4089-92de-ad644fb8a50a\data\admdb.sqlite
[2025-07-31 14:51:36] INFO: INI ALAMAT TABLENYA :  D:\Work\ARYA-WMS-SHOPPIE\ANG19\wmshopee\.angular\prerender-root\e2671058-8617-4884-95aa-29bc173ff1f8\data\admdb.sqlite
[2025-07-31 14:51:36] INFO: INI ALAMAT TABLENYA :  D:\Work\ARYA-WMS-SHOPPIE\ANG19\wmshopee\.angular\prerender-root\e50bebed-2ac4-4292-be7a-e5a390ea7ee5\data\admdb.sqlite
[2025-07-31 14:51:36] INFO: INI ALAMAT TABLENYA :  D:\Work\ARYA-WMS-SHOPPIE\ANG19\wmshopee\.angular\prerender-root\03feca62-40f3-48c9-ab7c-43948e0595dc\data\admdb.sqlite
[2025-07-31 14:51:42] INFO: INI ALAMAT TABLENYA :  D:\Work\ARYA-WMS-SHOPPIE\ANG19\wmshopee\dist\wmshopee\server\data\admdb.sqlite
[2025-07-31 15:53:53] INFO: INI ALAMAT TABLENYA :  D:\Work\ARYA-WMS-SHOPPIE\ANG19\wmshopee\.angular\prerender-root\57f90b41-1a83-49da-878d-566852832161\data\admdb.sqlite
[2025-07-31 15:53:55] INFO: INI ALAMAT TABLENYA :  D:\Work\ARYA-WMS-SHOPPIE\ANG19\wmshopee\.angular\prerender-root\23464f03-96e2-413f-96ae-76d949d827b9\data\admdb.sqlite
[2025-07-31 15:53:55] INFO: INI ALAMAT TABLENYA :  D:\Work\ARYA-WMS-SHOPPIE\ANG19\wmshopee\.angular\prerender-root\f90ab8ba-3ac4-4aef-ae89-3df11b2a2b69\data\admdb.sqlite
[2025-07-31 15:53:55] INFO: INI ALAMAT TABLENYA :  D:\Work\ARYA-WMS-SHOPPIE\ANG19\wmshopee\.angular\prerender-root\97a13499-72eb-4c91-a542-b394332e2f9f\data\admdb.sqlite
[2025-07-31 15:53:55] INFO: INI ALAMAT TABLENYA :  D:\Work\ARYA-WMS-SHOPPIE\ANG19\wmshopee\.angular\prerender-root\0173b274-c202-4909-9e45-2a6a6cfe9b06\data\admdb.sqlite
[2025-07-31 15:54:01] INFO: INI ALAMAT TABLENYA :  D:\Work\ARYA-WMS-SHOPPIE\ANG19\wmshopee\dist\wmshopee\server\data\admdb.sqlite
[2025-07-31 16:05:45] INFO: INI ALAMAT TABLENYA :  D:\Work\ARYA-WMS-SHOPPIE\ANG19\wmshopee\.angular\prerender-root\d7de8ff1-2261-4954-8741-610757bd8218\data\admdb.sqlite
[2025-07-31 16:05:46] INFO: INI ALAMAT TABLENYA :  D:\Work\ARYA-WMS-SHOPPIE\ANG19\wmshopee\.angular\prerender-root\b626595d-568f-4dc3-a60e-8775841ae849\data\admdb.sqlite
[2025-07-31 16:05:46] INFO: INI ALAMAT TABLENYA :  D:\Work\ARYA-WMS-SHOPPIE\ANG19\wmshopee\.angular\prerender-root\8094fe68-3c7d-4ee6-8c39-b7481310101f\data\admdb.sqlite
[2025-07-31 16:05:46] INFO: INI ALAMAT TABLENYA :  D:\Work\ARYA-WMS-SHOPPIE\ANG19\wmshopee\.angular\prerender-root\d195e745-3b0b-4f31-bb18-4a787038403a\data\admdb.sqlite
[2025-07-31 16:05:46] INFO: INI ALAMAT TABLENYA :  D:\Work\ARYA-WMS-SHOPPIE\ANG19\wmshopee\.angular\prerender-root\09dccefb-db1d-4886-bc15-01a53e66300c\data\admdb.sqlite
[2025-07-31 16:05:55] INFO: INI ALAMAT TABLENYA :  D:\Work\ARYA-WMS-SHOPPIE\ANG19\wmshopee\dist\wmshopee\server\data\admdb.sqlite
[2025-07-31 16:06:37] INFO: INI ALAMAT TABLENYA :  D:\Work\ARYA-WMS-SHOPPIE\ANG19\wmshopee\.angular\prerender-root\9960ae3b-6a7b-4e84-aa41-ddd5cd6221e9\data\admdb.sqlite
[2025-07-31 16:06:39] INFO: INI ALAMAT TABLENYA :  D:\Work\ARYA-WMS-SHOPPIE\ANG19\wmshopee\.angular\prerender-root\7cebad5d-cf2f-4a6a-a977-481a9f79fcc8\data\admdb.sqlite
[2025-07-31 16:06:39] INFO: INI ALAMAT TABLENYA :  D:\Work\ARYA-WMS-SHOPPIE\ANG19\wmshopee\.angular\prerender-root\eaa82b67-7e84-4e67-bc5b-d26954508317\data\admdb.sqlite
[2025-07-31 16:06:39] INFO: INI ALAMAT TABLENYA :  D:\Work\ARYA-WMS-SHOPPIE\ANG19\wmshopee\.angular\prerender-root\1bff1f79-373a-49f9-b690-dfa3e54f4759\data\admdb.sqlite
[2025-07-31 16:06:39] INFO: INI ALAMAT TABLENYA :  D:\Work\ARYA-WMS-SHOPPIE\ANG19\wmshopee\.angular\prerender-root\cee3e7f6-c520-4196-87e2-34955472218c\data\admdb.sqlite
[2025-07-31 16:06:43] INFO: INI ALAMAT TABLENYA :  D:\Work\ARYA-WMS-SHOPPIE\ANG19\wmshopee\dist\wmshopee\server\data\admdb.sqlite
[2025-07-31 16:07:28] INFO: INI ALAMAT TABLENYA :  D:\Work\ARYA-WMS-SHOPPIE\ANG19\wmshopee\.angular\prerender-root\a5e3053e-ecec-4329-995a-7eb9dbeb6a3a\data\admdb.sqlite
[2025-07-31 16:07:29] INFO: INI ALAMAT TABLENYA :  D:\Work\ARYA-WMS-SHOPPIE\ANG19\wmshopee\.angular\prerender-root\ed2ea887-fc67-4a60-84c3-9ef60622304f\data\admdb.sqlite
[2025-07-31 16:07:29] INFO: INI ALAMAT TABLENYA :  D:\Work\ARYA-WMS-SHOPPIE\ANG19\wmshopee\.angular\prerender-root\52454d62-266d-42c6-9067-16c38da45e0c\data\admdb.sqlite
[2025-07-31 16:07:29] INFO: INI ALAMAT TABLENYA :  D:\Work\ARYA-WMS-SHOPPIE\ANG19\wmshopee\.angular\prerender-root\b39f5c65-760b-43cc-aab4-4de8a202dbe3\data\admdb.sqlite
[2025-07-31 16:07:29] INFO: INI ALAMAT TABLENYA :  D:\Work\ARYA-WMS-SHOPPIE\ANG19\wmshopee\.angular\prerender-root\c0242874-abfb-4533-afaf-a2db1725f9ec\data\admdb.sqlite
[2025-07-31 16:07:50] INFO: INI ALAMAT TABLENYA :  D:\Work\ARYA-WMS-SHOPPIE\ANG19\wmshopee\dist\wmshopee\server\data\admdb.sqlite
[2025-07-31 16:10:48] INFO: INI ALAMAT TABLENYA :  D:\Work\ARYA-WMS-SHOPPIE\ANG19\wmshopee\.angular\prerender-root\9b79e81e-0437-42e4-9e22-12006b8e715e\data\admdb.sqlite
[2025-07-31 16:10:49] INFO: INI ALAMAT TABLENYA :  D:\Work\ARYA-WMS-SHOPPIE\ANG19\wmshopee\.angular\prerender-root\e52db76a-5ee3-452b-88dd-2aad5e85d257\data\admdb.sqlite
[2025-07-31 16:10:49] INFO: INI ALAMAT TABLENYA :  D:\Work\ARYA-WMS-SHOPPIE\ANG19\wmshopee\.angular\prerender-root\ce16b604-aef6-4027-884a-1413c48e98e8\data\admdb.sqlite
[2025-07-31 16:10:49] INFO: INI ALAMAT TABLENYA :  D:\Work\ARYA-WMS-SHOPPIE\ANG19\wmshopee\.angular\prerender-root\0e28c4db-8990-4157-9611-81ac68a88522\data\admdb.sqlite
[2025-07-31 16:10:49] INFO: INI ALAMAT TABLENYA :  D:\Work\ARYA-WMS-SHOPPIE\ANG19\wmshopee\.angular\prerender-root\99001086-ca22-4fbe-91c5-a00ea81f09d6\data\admdb.sqlite
[2025-07-31 16:10:57] INFO: INI ALAMAT TABLENYA :  D:\Work\ARYA-WMS-SHOPPIE\ANG19\wmshopee\dist\wmshopee\server\data\admdb.sqlite
[2025-07-31 16:21:28] INFO: INI ALAMAT TABLENYA :  D:\Work\ARYA-WMS-SHOPPIE\ANG19\wmshopee\.angular\prerender-root\67b90221-4bd8-4be3-80a1-e497cade6b52\data\admdb.sqlite
[2025-07-31 16:21:30] INFO: INI ALAMAT TABLENYA :  D:\Work\ARYA-WMS-SHOPPIE\ANG19\wmshopee\.angular\prerender-root\c4a02051-d69a-49db-9445-222940ca4beb\data\admdb.sqlite
[2025-07-31 16:21:30] INFO: INI ALAMAT TABLENYA :  D:\Work\ARYA-WMS-SHOPPIE\ANG19\wmshopee\.angular\prerender-root\7fbce792-5a75-4007-aa74-6a9e3752efbe\data\admdb.sqlite
[2025-07-31 16:21:30] INFO: INI ALAMAT TABLENYA :  D:\Work\ARYA-WMS-SHOPPIE\ANG19\wmshopee\.angular\prerender-root\23a24060-af8b-48dd-94c7-52cf9ed40722\data\admdb.sqlite
[2025-07-31 16:21:30] INFO: INI ALAMAT TABLENYA :  D:\Work\ARYA-WMS-SHOPPIE\ANG19\wmshopee\.angular\prerender-root\adf855c6-24cd-41d3-a8ca-99165327943d\data\admdb.sqlite
[2025-07-31 16:21:37] INFO: INI ALAMAT TABLENYA :  D:\Work\ARYA-WMS-SHOPPIE\ANG19\wmshopee\dist\wmshopee\server\data\admdb.sqlite
[2025-07-31 16:22:45] INFO: INI ALAMAT TABLENYA :  D:\Work\ARYA-WMS-SHOPPIE\ANG19\wmshopee\.angular\prerender-root\e388c389-e9d3-4caa-8c3d-483a6537df8b\data\admdb.sqlite
[2025-07-31 16:22:46] INFO: INI ALAMAT TABLENYA :  D:\Work\ARYA-WMS-SHOPPIE\ANG19\wmshopee\.angular\prerender-root\8dbb1d92-8d22-4ea6-86dc-d1e90f38d7f4\data\admdb.sqlite
[2025-07-31 16:22:46] INFO: INI ALAMAT TABLENYA :  D:\Work\ARYA-WMS-SHOPPIE\ANG19\wmshopee\.angular\prerender-root\8440aa35-9985-4301-b0d0-6903fe40eb37\data\admdb.sqlite
[2025-07-31 16:22:46] INFO: INI ALAMAT TABLENYA :  D:\Work\ARYA-WMS-SHOPPIE\ANG19\wmshopee\.angular\prerender-root\c3be420f-2203-4ef2-aa46-82239ed1d6d0\data\admdb.sqlite
[2025-07-31 16:22:46] INFO: INI ALAMAT TABLENYA :  D:\Work\ARYA-WMS-SHOPPIE\ANG19\wmshopee\.angular\prerender-root\a168e01e-6216-4c42-b73e-c605ae3032cd\data\admdb.sqlite
[2025-07-31 16:22:53] INFO: INI ALAMAT TABLENYA :  D:\Work\ARYA-WMS-SHOPPIE\ANG19\wmshopee\dist\wmshopee\server\data\admdb.sqlite
[2025-07-31 16:24:26] INFO: INI ALAMAT TABLENYA :  D:\Work\ARYA-WMS-SHOPPIE\ANG19\wmshopee\.angular\prerender-root\1e485d72-321c-4ae4-9b88-a9fc860d5400\data\admdb.sqlite
[2025-07-31 16:24:27] INFO: INI ALAMAT TABLENYA :  D:\Work\ARYA-WMS-SHOPPIE\ANG19\wmshopee\.angular\prerender-root\ccf7548d-f9d6-451b-8dc8-a7a5c6bfa5ad\data\admdb.sqlite
[2025-07-31 16:24:27] INFO: INI ALAMAT TABLENYA :  D:\Work\ARYA-WMS-SHOPPIE\ANG19\wmshopee\.angular\prerender-root\03f98e17-88d3-44eb-be01-f47aa6a4d5ca\data\admdb.sqlite
[2025-07-31 16:24:27] INFO: INI ALAMAT TABLENYA :  D:\Work\ARYA-WMS-SHOPPIE\ANG19\wmshopee\.angular\prerender-root\0c23b0a3-6212-49b7-8108-5ea7b21b8087\data\admdb.sqlite
[2025-07-31 16:24:27] INFO: INI ALAMAT TABLENYA :  D:\Work\ARYA-WMS-SHOPPIE\ANG19\wmshopee\.angular\prerender-root\9e7580c7-7e99-4f12-a04f-cf7e18b4eb7a\data\admdb.sqlite
[2025-07-31 16:24:33] INFO: INI ALAMAT TABLENYA :  D:\Work\ARYA-WMS-SHOPPIE\ANG19\wmshopee\dist\wmshopee\server\data\admdb.sqlite
