[2025-08-06 11:07:54] INFO: INI ALAMAT TABLENYA :  D:\Work\ARYA-WMS-SHOPPIE\ANG19\wmshopee\dist\wmshopee\server\data\admdb.sqlite
[2025-08-06 11:08:41] ERROR: Error api.controller :  {}
[2025-08-06 11:08:41] ERROR: Error api.controller :  {}
[2025-08-06 11:09:08] ERROR: Error api.controller :  {}
[2025-08-06 11:09:08] ERROR: Error api.controller :  {}
[2025-08-06 11:10:47] INFO: ✅ Shopee get List Error: {"error":"invalid_acceess_token","message":"Invalid access_token, please have a check.","request_id":"e3e3e7f33baa868cec7ae4673c7b7b00"}
[2025-08-06 11:10:47] INFO: ✅ Shopee get List Error: {"error":"invalid_acceess_token","message":"Invalid access_token, please have a check.","request_id":"e3e3e7f33baa868da4e518bba8947e00"}
[2025-08-06 11:10:47] INFO: Update data token : 
[2025-08-06 11:10:47] INFO: Update data token : 
[2025-08-06 11:13:32] INFO: ✅ Sudah di List  7
[2025-08-06 11:13:52] INFO: ✅ Sudah di List  22
[2025-08-06 11:14:09] INFO: ✅ Sudah di List  102
[2025-08-06 12:20:40] INFO: INI ALAMAT TABLENYA :  D:\Work\ARYA-WMS-SHOPPIE\ANG19\wmshopee\.angular\prerender-root\73871c1f-13ae-4a15-8be5-c3bd2fa5a675\data\admdb.sqlite
[2025-08-06 12:20:45] INFO: INI ALAMAT TABLENYA :  D:\Work\ARYA-WMS-SHOPPIE\ANG19\wmshopee\.angular\prerender-root\4a90030d-c2c4-4ff1-8855-494ea8e713d0\data\admdb.sqlite
[2025-08-06 12:20:45] INFO: INI ALAMAT TABLENYA :  D:\Work\ARYA-WMS-SHOPPIE\ANG19\wmshopee\.angular\prerender-root\899dff7e-3720-48d2-b7e9-c54ceb6318d3\data\admdb.sqlite
[2025-08-06 12:20:45] INFO: INI ALAMAT TABLENYA :  D:\Work\ARYA-WMS-SHOPPIE\ANG19\wmshopee\.angular\prerender-root\e06f8a69-d04a-41ef-96a5-77c5a2a69a39\data\admdb.sqlite
[2025-08-06 12:20:45] INFO: INI ALAMAT TABLENYA :  D:\Work\ARYA-WMS-SHOPPIE\ANG19\wmshopee\.angular\prerender-root\a6da7685-9ecb-413a-8b4a-e4635bb6ecc6\data\admdb.sqlite
[2025-08-06 12:21:21] INFO: INI ALAMAT TABLENYA :  D:\Work\ARYA-WMS-SHOPPIE\ANG19\wmshopee\dist\wmshopee\server\data\admdb.sqlite
[2025-08-06 12:23:08] INFO: INI ALAMAT TABLENYA :  D:\Work\ARYA-WMS-SHOPPIE\ANG19\wmshopee\.angular\prerender-root\56e856c0-00e4-438c-9b46-93868477ba7e\data\admdb.sqlite
[2025-08-06 12:23:09] INFO: INI ALAMAT TABLENYA :  D:\Work\ARYA-WMS-SHOPPIE\ANG19\wmshopee\.angular\prerender-root\e54ac76e-8e35-44d1-be23-6462e52cb562\data\admdb.sqlite
[2025-08-06 12:23:09] INFO: INI ALAMAT TABLENYA :  D:\Work\ARYA-WMS-SHOPPIE\ANG19\wmshopee\.angular\prerender-root\fccb918f-d79a-4665-b60f-3090dcccd555\data\admdb.sqlite
[2025-08-06 12:23:09] INFO: INI ALAMAT TABLENYA :  D:\Work\ARYA-WMS-SHOPPIE\ANG19\wmshopee\.angular\prerender-root\f3e11041-2549-4815-a222-46026a455e5a\data\admdb.sqlite
[2025-08-06 12:23:09] INFO: INI ALAMAT TABLENYA :  D:\Work\ARYA-WMS-SHOPPIE\ANG19\wmshopee\.angular\prerender-root\3629589c-7555-40ee-94b9-e964320931c8\data\admdb.sqlite
[2025-08-06 12:23:31] INFO: INI ALAMAT TABLENYA :  D:\Work\ARYA-WMS-SHOPPIE\ANG19\wmshopee\.angular\prerender-root\8dd53392-4976-4e07-b891-e3e26f98fe4a\data\admdb.sqlite
[2025-08-06 12:23:32] INFO: INI ALAMAT TABLENYA :  D:\Work\ARYA-WMS-SHOPPIE\ANG19\wmshopee\.angular\prerender-root\825f1792-c959-4af4-82fe-5b6be6b11ccb\data\admdb.sqlite
[2025-08-06 12:23:32] INFO: INI ALAMAT TABLENYA :  D:\Work\ARYA-WMS-SHOPPIE\ANG19\wmshopee\.angular\prerender-root\2f46c665-784e-4118-a6aa-a3284e01b7b1\data\admdb.sqlite
[2025-08-06 12:23:32] INFO: INI ALAMAT TABLENYA :  D:\Work\ARYA-WMS-SHOPPIE\ANG19\wmshopee\.angular\prerender-root\bfe144b8-77be-4b5e-b67f-8a6cddf0adcc\data\admdb.sqlite
[2025-08-06 12:23:32] INFO: INI ALAMAT TABLENYA :  D:\Work\ARYA-WMS-SHOPPIE\ANG19\wmshopee\.angular\prerender-root\25da2915-505b-42b4-9b0d-273a4cc18958\data\admdb.sqlite
[2025-08-06 12:23:38] INFO: INI ALAMAT TABLENYA :  D:\Work\ARYA-WMS-SHOPPIE\ANG19\wmshopee\dist\wmshopee\server\data\admdb.sqlite
[2025-08-06 12:28:15] INFO: INI ALAMAT TABLENYA :  D:\Work\ARYA-WMS-SHOPPIE\ANG19\wmshopee\.angular\prerender-root\6546fdd0-4213-4de9-a663-b76ea6a389aa\data\admdb.sqlite
[2025-08-06 12:28:17] INFO: INI ALAMAT TABLENYA :  D:\Work\ARYA-WMS-SHOPPIE\ANG19\wmshopee\.angular\prerender-root\916f78fa-9d2c-45c9-b21d-26c3bc131cbb\data\admdb.sqlite
[2025-08-06 12:28:17] INFO: INI ALAMAT TABLENYA :  D:\Work\ARYA-WMS-SHOPPIE\ANG19\wmshopee\.angular\prerender-root\7013122c-12dd-46ca-859b-fe6badff1967\data\admdb.sqlite
[2025-08-06 12:28:17] INFO: INI ALAMAT TABLENYA :  D:\Work\ARYA-WMS-SHOPPIE\ANG19\wmshopee\.angular\prerender-root\6740fe58-27bd-4b9b-bc63-1bfe4b941465\data\admdb.sqlite
[2025-08-06 12:28:17] INFO: INI ALAMAT TABLENYA :  D:\Work\ARYA-WMS-SHOPPIE\ANG19\wmshopee\.angular\prerender-root\5d8ba639-04b9-4b4d-950c-5bdac2c6d762\data\admdb.sqlite
[2025-08-06 12:35:08] INFO: INI ALAMAT TABLENYA :  D:\Work\ARYA-WMS-SHOPPIE\ANG19\wmshopee\.angular\prerender-root\e1485491-ab31-411a-b803-50eb7b420ae3\data\admdb.sqlite
[2025-08-06 12:35:10] INFO: INI ALAMAT TABLENYA :  D:\Work\ARYA-WMS-SHOPPIE\ANG19\wmshopee\.angular\prerender-root\051c777c-81d8-4b8a-aa1b-03c5e28c6b83\data\admdb.sqlite
[2025-08-06 12:35:10] INFO: INI ALAMAT TABLENYA :  D:\Work\ARYA-WMS-SHOPPIE\ANG19\wmshopee\.angular\prerender-root\30707b6f-745d-428c-947d-9493eaf5e699\data\admdb.sqlite
[2025-08-06 12:35:10] INFO: INI ALAMAT TABLENYA :  D:\Work\ARYA-WMS-SHOPPIE\ANG19\wmshopee\.angular\prerender-root\2b96267e-f1a0-43fd-b348-90aafb9f644b\data\admdb.sqlite
[2025-08-06 12:35:10] INFO: INI ALAMAT TABLENYA :  D:\Work\ARYA-WMS-SHOPPIE\ANG19\wmshopee\.angular\prerender-root\806a6565-042e-4937-b673-3b6b28489ef3\data\admdb.sqlite
[2025-08-06 12:35:17] INFO: INI ALAMAT TABLENYA :  D:\Work\ARYA-WMS-SHOPPIE\ANG19\wmshopee\dist\wmshopee\server\data\admdb.sqlite
[2025-08-06 14:20:01] INFO: INI ALAMAT TABLENYA :  D:\Work\ARYA-WMS-SHOPPIE\ANG19\wmshopee\.angular\prerender-root\a2a6446d-b0ab-448a-a663-336e3296be3d\data\admdb.sqlite
[2025-08-06 14:20:02] INFO: INI ALAMAT TABLENYA :  D:\Work\ARYA-WMS-SHOPPIE\ANG19\wmshopee\.angular\prerender-root\ea1f04bf-80a1-46f9-94db-0ff198dfa727\data\admdb.sqlite
[2025-08-06 14:20:02] INFO: INI ALAMAT TABLENYA :  D:\Work\ARYA-WMS-SHOPPIE\ANG19\wmshopee\.angular\prerender-root\380edac9-d636-4340-8d9d-dec5f45d0f87\data\admdb.sqlite
[2025-08-06 14:20:02] INFO: INI ALAMAT TABLENYA :  D:\Work\ARYA-WMS-SHOPPIE\ANG19\wmshopee\.angular\prerender-root\f83e5e67-f947-41d6-b315-978c6376ce96\data\admdb.sqlite
[2025-08-06 14:20:02] INFO: INI ALAMAT TABLENYA :  D:\Work\ARYA-WMS-SHOPPIE\ANG19\wmshopee\.angular\prerender-root\085ee1fc-b7cb-45f0-a2fa-f4c9c4778a6a\data\admdb.sqlite
[2025-08-06 14:20:47] INFO: INI ALAMAT TABLENYA :  D:\Work\ARYA-WMS-SHOPPIE\ANG19\wmshopee\dist\wmshopee\server\data\admdb.sqlite
[2025-08-06 14:23:16] INFO: INI ALAMAT TABLENYA :  D:\Work\ARYA-WMS-SHOPPIE\ANG19\wmshopee\.angular\prerender-root\defb7696-c5d8-4f53-9e20-bebb2a8862d1\data\admdb.sqlite
[2025-08-06 14:23:18] INFO: INI ALAMAT TABLENYA :  D:\Work\ARYA-WMS-SHOPPIE\ANG19\wmshopee\.angular\prerender-root\621c346e-3253-4a92-b3c6-b72e148b6a63\data\admdb.sqlite
[2025-08-06 14:23:18] INFO: INI ALAMAT TABLENYA :  D:\Work\ARYA-WMS-SHOPPIE\ANG19\wmshopee\.angular\prerender-root\35022afb-b5ab-45be-9333-205ffc964990\data\admdb.sqlite
[2025-08-06 14:23:18] INFO: INI ALAMAT TABLENYA :  D:\Work\ARYA-WMS-SHOPPIE\ANG19\wmshopee\.angular\prerender-root\75ffe17d-5a54-4beb-b2d3-065376e93a2e\data\admdb.sqlite
[2025-08-06 14:23:18] INFO: INI ALAMAT TABLENYA :  D:\Work\ARYA-WMS-SHOPPIE\ANG19\wmshopee\.angular\prerender-root\c2625659-a1be-4222-912d-42135c67e4db\data\admdb.sqlite
[2025-08-06 14:23:24] INFO: INI ALAMAT TABLENYA :  D:\Work\ARYA-WMS-SHOPPIE\ANG19\wmshopee\dist\wmshopee\server\data\admdb.sqlite
[2025-08-06 14:23:51] INFO: EEEEEEEEEEEEEEEEEEEEEEEEEEEEEEEEEEEEEEEEEEEEEEEEEEEEEEEE
[2025-08-06 14:30:24] INFO: INI ALAMAT TABLENYA :  D:\Work\ARYA-WMS-SHOPPIE\ANG19\wmshopee\.angular\prerender-root\cb5e114f-d263-4169-8091-14444828b338\data\admdb.sqlite
[2025-08-06 14:30:25] INFO: INI ALAMAT TABLENYA :  D:\Work\ARYA-WMS-SHOPPIE\ANG19\wmshopee\.angular\prerender-root\35ed3c2c-1851-4e02-9a75-c123e4223b14\data\admdb.sqlite
[2025-08-06 14:30:25] INFO: INI ALAMAT TABLENYA :  D:\Work\ARYA-WMS-SHOPPIE\ANG19\wmshopee\.angular\prerender-root\4410e84e-cd17-4271-9ec6-888f3a8ae601\data\admdb.sqlite
[2025-08-06 14:30:25] INFO: INI ALAMAT TABLENYA :  D:\Work\ARYA-WMS-SHOPPIE\ANG19\wmshopee\.angular\prerender-root\784dd4d0-4f58-43d1-a8c2-3b150e11b975\data\admdb.sqlite
[2025-08-06 14:30:25] INFO: INI ALAMAT TABLENYA :  D:\Work\ARYA-WMS-SHOPPIE\ANG19\wmshopee\.angular\prerender-root\81d398e5-8aa0-4859-9c1b-3d3e4bd72a0b\data\admdb.sqlite
[2025-08-06 14:30:37] INFO: INI ALAMAT TABLENYA :  D:\Work\ARYA-WMS-SHOPPIE\ANG19\wmshopee\dist\wmshopee\server\data\admdb.sqlite
[2025-08-06 14:30:59] INFO: EEEEEEEEEEEEEEEEEE 
[2025-08-06 18:01:41] INFO: INI ALAMAT TABLENYA :  D:\Work\ARYA-WMS-SHOPPIE\ANG19\wmshopee\.angular\prerender-root\c3c24b60-df3f-4558-92bc-6b29dbea0111\data\admdb.sqlite
[2025-08-06 18:01:43] INFO: INI ALAMAT TABLENYA :  D:\Work\ARYA-WMS-SHOPPIE\ANG19\wmshopee\.angular\prerender-root\b02d286b-e293-4188-b96a-0e9b2ea39544\data\admdb.sqlite
[2025-08-06 18:01:43] INFO: INI ALAMAT TABLENYA :  D:\Work\ARYA-WMS-SHOPPIE\ANG19\wmshopee\.angular\prerender-root\cb45d074-01e8-4170-ae28-a326c8f92a63\data\admdb.sqlite
[2025-08-06 18:01:43] INFO: INI ALAMAT TABLENYA :  D:\Work\ARYA-WMS-SHOPPIE\ANG19\wmshopee\.angular\prerender-root\021e69d2-04ee-42b6-9475-2ba275f15005\data\admdb.sqlite
[2025-08-06 18:01:43] INFO: INI ALAMAT TABLENYA :  D:\Work\ARYA-WMS-SHOPPIE\ANG19\wmshopee\.angular\prerender-root\b1502f81-8b80-450b-b8ce-df9d21dedc14\data\admdb.sqlite
[2025-08-06 18:01:59] INFO: INI ALAMAT TABLENYA :  D:\Work\ARYA-WMS-SHOPPIE\ANG19\wmshopee\dist\wmshopee\server\data\admdb.sqlite
[2025-08-06 18:04:48] INFO: INI ALAMAT TABLENYA :  D:\Work\ARYA-WMS-SHOPPIE\ANG19\wmshopee\.angular\prerender-root\e248096a-e769-4f76-839f-a33aff114379\data\admdb.sqlite
[2025-08-06 18:04:49] INFO: INI ALAMAT TABLENYA :  D:\Work\ARYA-WMS-SHOPPIE\ANG19\wmshopee\.angular\prerender-root\9373210d-4ae3-4d1b-b1de-6edbf9b3f6a9\data\admdb.sqlite
[2025-08-06 18:04:49] INFO: INI ALAMAT TABLENYA :  D:\Work\ARYA-WMS-SHOPPIE\ANG19\wmshopee\.angular\prerender-root\0a9a62d8-498c-416a-834c-37251cfd9467\data\admdb.sqlite
[2025-08-06 18:04:49] INFO: INI ALAMAT TABLENYA :  D:\Work\ARYA-WMS-SHOPPIE\ANG19\wmshopee\.angular\prerender-root\b18c0690-8e37-4a52-800d-57a340933cbf\data\admdb.sqlite
[2025-08-06 18:04:49] INFO: INI ALAMAT TABLENYA :  D:\Work\ARYA-WMS-SHOPPIE\ANG19\wmshopee\.angular\prerender-root\744c53e3-8e16-4d69-9b79-a9f195fd416a\data\admdb.sqlite
[2025-08-06 18:05:12] INFO: INI ALAMAT TABLENYA :  D:\Work\ARYA-WMS-SHOPPIE\ANG19\wmshopee\.angular\prerender-root\87207acb-90d8-4b0b-a726-4f2c38bccc94\data\admdb.sqlite
[2025-08-06 18:05:14] INFO: INI ALAMAT TABLENYA :  D:\Work\ARYA-WMS-SHOPPIE\ANG19\wmshopee\.angular\prerender-root\1a3c93e7-f66b-40dc-8009-685bc0034554\data\admdb.sqlite
[2025-08-06 18:05:14] INFO: INI ALAMAT TABLENYA :  D:\Work\ARYA-WMS-SHOPPIE\ANG19\wmshopee\.angular\prerender-root\931f948f-9432-4357-862f-5146abbbd1cb\data\admdb.sqlite
[2025-08-06 18:05:14] INFO: INI ALAMAT TABLENYA :  D:\Work\ARYA-WMS-SHOPPIE\ANG19\wmshopee\.angular\prerender-root\3fe5c482-ee83-4432-9747-7a3ebc974dc3\data\admdb.sqlite
[2025-08-06 18:05:14] INFO: INI ALAMAT TABLENYA :  D:\Work\ARYA-WMS-SHOPPIE\ANG19\wmshopee\.angular\prerender-root\1d26445f-10de-49cc-8c78-98da857961f4\data\admdb.sqlite
[2025-08-06 18:05:20] INFO: INI ALAMAT TABLENYA :  D:\Work\ARYA-WMS-SHOPPIE\ANG19\wmshopee\dist\wmshopee\server\data\admdb.sqlite
[2025-08-06 18:05:31] INFO: USER DICARI  ryanspr
[2025-08-06 18:05:31] INFO: EEEEEEEEEEEEEEEEEE  {"code":20400,"message":"Incorrect Username and Password!","data":null}
[2025-08-06 18:06:29] INFO: INI ALAMAT TABLENYA :  D:\Work\ARYA-WMS-SHOPPIE\ANG19\wmshopee\.angular\prerender-root\f1c90036-1634-4952-bef2-f1386d1fa6e7\data\admdb.sqlite
[2025-08-06 18:06:31] INFO: INI ALAMAT TABLENYA :  D:\Work\ARYA-WMS-SHOPPIE\ANG19\wmshopee\.angular\prerender-root\5fde7cb8-7d31-4deb-8fee-2b2b818a86e3\data\admdb.sqlite
[2025-08-06 18:06:31] INFO: INI ALAMAT TABLENYA :  D:\Work\ARYA-WMS-SHOPPIE\ANG19\wmshopee\.angular\prerender-root\2b59b54d-fb06-4ca9-843a-ca15f548dcfe\data\admdb.sqlite
[2025-08-06 18:06:31] INFO: INI ALAMAT TABLENYA :  D:\Work\ARYA-WMS-SHOPPIE\ANG19\wmshopee\.angular\prerender-root\6f6a1fa1-3540-4b23-a2aa-c30b538cbb93\data\admdb.sqlite
[2025-08-06 18:06:31] INFO: INI ALAMAT TABLENYA :  D:\Work\ARYA-WMS-SHOPPIE\ANG19\wmshopee\.angular\prerender-root\de13bd23-50df-4045-95b1-c19f48946874\data\admdb.sqlite
[2025-08-06 18:06:37] INFO: INI ALAMAT TABLENYA :  D:\Work\ARYA-WMS-SHOPPIE\ANG19\wmshopee\dist\wmshopee\server\data\admdb.sqlite
[2025-08-06 18:06:48] INFO: USER DICARI  ryanspr
[2025-08-06 18:06:48] INFO: EEEEEEEEEEEEEEEEEE  {"code":20400,"message":"Incorrect Username and Password!","data":null}
[2025-08-06 18:07:34] INFO: INI ALAMAT TABLENYA :  D:\Work\ARYA-WMS-SHOPPIE\ANG19\wmshopee\.angular\prerender-root\48374f75-e0c2-4a8a-b6c1-5870ea11c18b\data\admdb.sqlite
[2025-08-06 18:07:36] INFO: INI ALAMAT TABLENYA :  D:\Work\ARYA-WMS-SHOPPIE\ANG19\wmshopee\.angular\prerender-root\fcefccc6-5e49-4fa1-a989-c83234367b1d\data\admdb.sqlite
[2025-08-06 18:07:36] INFO: INI ALAMAT TABLENYA :  D:\Work\ARYA-WMS-SHOPPIE\ANG19\wmshopee\.angular\prerender-root\9c7e4cdc-e5b0-4e14-9a76-57a839b77fdc\data\admdb.sqlite
[2025-08-06 18:07:36] INFO: INI ALAMAT TABLENYA :  D:\Work\ARYA-WMS-SHOPPIE\ANG19\wmshopee\.angular\prerender-root\6ae75737-56d9-4acc-adf7-8338f8c1ce3f\data\admdb.sqlite
[2025-08-06 18:07:36] INFO: INI ALAMAT TABLENYA :  D:\Work\ARYA-WMS-SHOPPIE\ANG19\wmshopee\.angular\prerender-root\ca133ae3-6209-408b-968e-25824c31af54\data\admdb.sqlite
[2025-08-06 18:07:44] INFO: INI ALAMAT TABLENYA :  D:\Work\ARYA-WMS-SHOPPIE\ANG19\wmshopee\dist\wmshopee\server\data\admdb.sqlite
[2025-08-06 18:07:46] INFO: USER DICARI  ryanspr
[2025-08-06 18:07:46] INFO: EEEEEEEEEEEEEEEEEE  {"code":20400,"message":"Incorrect Username and Password!","data":null}
[2025-08-06 18:07:56] INFO: USER DICARI  ryanspr
[2025-08-06 18:07:56] INFO: EEEEEEEEEEEEEEEEEE  {"code":20400,"message":"Incorrect Username and Password!","data":null}
[2025-08-06 18:08:51] INFO: INI ALAMAT TABLENYA :  D:\Work\ARYA-WMS-SHOPPIE\ANG19\wmshopee\.angular\prerender-root\912c53c3-4889-46fe-94e0-27e70b6ffab4\data\admdb.sqlite
[2025-08-06 18:08:52] INFO: INI ALAMAT TABLENYA :  D:\Work\ARYA-WMS-SHOPPIE\ANG19\wmshopee\.angular\prerender-root\dad1c422-acb4-4a2a-9732-c2f059e6c293\data\admdb.sqlite
[2025-08-06 18:08:52] INFO: INI ALAMAT TABLENYA :  D:\Work\ARYA-WMS-SHOPPIE\ANG19\wmshopee\.angular\prerender-root\dbed8455-fcbb-47c3-90b1-de97bf22a92f\data\admdb.sqlite
[2025-08-06 18:08:52] INFO: INI ALAMAT TABLENYA :  D:\Work\ARYA-WMS-SHOPPIE\ANG19\wmshopee\.angular\prerender-root\ade433d8-d78f-42e3-aacb-0ae67ea51650\data\admdb.sqlite
[2025-08-06 18:08:52] INFO: INI ALAMAT TABLENYA :  D:\Work\ARYA-WMS-SHOPPIE\ANG19\wmshopee\.angular\prerender-root\e2d414da-311e-4e6b-aee8-db9f0079498f\data\admdb.sqlite
[2025-08-06 18:08:58] INFO: INI ALAMAT TABLENYA :  D:\Work\ARYA-WMS-SHOPPIE\ANG19\wmshopee\dist\wmshopee\server\data\admdb.sqlite
[2025-08-06 18:09:09] INFO: USER DICARI  ryanspr
[2025-08-06 18:09:09] INFO: EEEEEEEEEEEEEEEEEE  20400
[2025-08-06 18:10:20] INFO: INI ALAMAT TABLENYA :  D:\Work\ARYA-WMS-SHOPPIE\ANG19\wmshopee\.angular\prerender-root\1f4248f9-408b-4005-8158-d28df577817b\data\admdb.sqlite
[2025-08-06 18:10:22] INFO: INI ALAMAT TABLENYA :  D:\Work\ARYA-WMS-SHOPPIE\ANG19\wmshopee\.angular\prerender-root\888ac04f-044f-4bbf-9e90-1197b9356f67\data\admdb.sqlite
[2025-08-06 18:10:22] INFO: INI ALAMAT TABLENYA :  D:\Work\ARYA-WMS-SHOPPIE\ANG19\wmshopee\.angular\prerender-root\3c1c8db3-f252-4b1e-9f74-15b7e8ea1de1\data\admdb.sqlite
[2025-08-06 18:10:22] INFO: INI ALAMAT TABLENYA :  D:\Work\ARYA-WMS-SHOPPIE\ANG19\wmshopee\.angular\prerender-root\9cd11b88-728b-41c7-aaf4-06a6fb70a91c\data\admdb.sqlite
[2025-08-06 18:10:22] INFO: INI ALAMAT TABLENYA :  D:\Work\ARYA-WMS-SHOPPIE\ANG19\wmshopee\.angular\prerender-root\e1515590-1731-4351-aede-d702a50a3deb\data\admdb.sqlite
[2025-08-06 18:10:28] INFO: INI ALAMAT TABLENYA :  D:\Work\ARYA-WMS-SHOPPIE\ANG19\wmshopee\dist\wmshopee\server\data\admdb.sqlite
[2025-08-06 18:10:30] INFO: USER DICARI  ryanspr
[2025-08-06 18:10:51] INFO: INI ALAMAT TABLENYA :  D:\Work\ARYA-WMS-SHOPPIE\ANG19\wmshopee\.angular\prerender-root\e8910119-c6ea-4f1a-affc-6a3aace2e5ba\data\admdb.sqlite
[2025-08-06 18:10:52] INFO: INI ALAMAT TABLENYA :  D:\Work\ARYA-WMS-SHOPPIE\ANG19\wmshopee\.angular\prerender-root\b905a826-be07-4c61-925f-4e4e5a314705\data\admdb.sqlite
[2025-08-06 18:10:52] INFO: INI ALAMAT TABLENYA :  D:\Work\ARYA-WMS-SHOPPIE\ANG19\wmshopee\.angular\prerender-root\5e80e136-68ce-4afd-81f3-951b75c749ce\data\admdb.sqlite
[2025-08-06 18:10:52] INFO: INI ALAMAT TABLENYA :  D:\Work\ARYA-WMS-SHOPPIE\ANG19\wmshopee\.angular\prerender-root\3b220b46-103a-4192-b795-950a49fea66c\data\admdb.sqlite
[2025-08-06 18:10:52] INFO: INI ALAMAT TABLENYA :  D:\Work\ARYA-WMS-SHOPPIE\ANG19\wmshopee\.angular\prerender-root\9a3be874-c8ef-48ea-941f-2d8b6155946f\data\admdb.sqlite
[2025-08-06 18:10:58] INFO: INI ALAMAT TABLENYA :  D:\Work\ARYA-WMS-SHOPPIE\ANG19\wmshopee\dist\wmshopee\server\data\admdb.sqlite
[2025-08-06 18:11:11] INFO: USER DICARI  ryanspr
[2025-08-06 18:12:25] INFO: INI ALAMAT TABLENYA :  D:\Work\ARYA-WMS-SHOPPIE\ANG19\wmshopee\.angular\prerender-root\a1b766c2-60c4-4514-b5b9-75e5ad3d8a84\data\admdb.sqlite
[2025-08-06 18:12:27] INFO: INI ALAMAT TABLENYA :  D:\Work\ARYA-WMS-SHOPPIE\ANG19\wmshopee\.angular\prerender-root\8baf1ce3-56b3-4554-8f16-3d960c95ac10\data\admdb.sqlite
[2025-08-06 18:12:27] INFO: INI ALAMAT TABLENYA :  D:\Work\ARYA-WMS-SHOPPIE\ANG19\wmshopee\.angular\prerender-root\b5b56828-560e-4c22-86d4-26ce8da6c288\data\admdb.sqlite
[2025-08-06 18:12:27] INFO: INI ALAMAT TABLENYA :  D:\Work\ARYA-WMS-SHOPPIE\ANG19\wmshopee\.angular\prerender-root\4183ad4d-e4ad-4b36-a620-718fb7d51b6c\data\admdb.sqlite
[2025-08-06 18:12:27] INFO: INI ALAMAT TABLENYA :  D:\Work\ARYA-WMS-SHOPPIE\ANG19\wmshopee\.angular\prerender-root\7ea46f68-06bf-4b06-a186-311213ab40bc\data\admdb.sqlite
[2025-08-06 18:12:35] INFO: INI ALAMAT TABLENYA :  D:\Work\ARYA-WMS-SHOPPIE\ANG19\wmshopee\dist\wmshopee\server\data\admdb.sqlite
[2025-08-06 18:12:53] INFO: USER DICARI  ryanspr
[2025-08-06 18:17:55] INFO: INI ALAMAT TABLENYA :  D:\Work\ARYA-WMS-SHOPPIE\ANG19\wmshopee\.angular\prerender-root\40701b82-7e07-4f89-b3da-637ea04ade12\data\admdb.sqlite
[2025-08-06 18:17:56] INFO: INI ALAMAT TABLENYA :  D:\Work\ARYA-WMS-SHOPPIE\ANG19\wmshopee\.angular\prerender-root\1e81a979-a2eb-483e-a802-5761b2a473a4\data\admdb.sqlite
[2025-08-06 18:17:56] INFO: INI ALAMAT TABLENYA :  D:\Work\ARYA-WMS-SHOPPIE\ANG19\wmshopee\.angular\prerender-root\4036b6f3-79bf-4a2b-9852-88b4c13af102\data\admdb.sqlite
[2025-08-06 18:17:56] INFO: INI ALAMAT TABLENYA :  D:\Work\ARYA-WMS-SHOPPIE\ANG19\wmshopee\.angular\prerender-root\4f53efb7-f5e7-41a7-a606-d2a3ddf02e31\data\admdb.sqlite
[2025-08-06 18:17:56] INFO: INI ALAMAT TABLENYA :  D:\Work\ARYA-WMS-SHOPPIE\ANG19\wmshopee\.angular\prerender-root\91b91af2-907f-48d6-97a0-bafde3007040\data\admdb.sqlite
[2025-08-06 18:18:35] INFO: INI ALAMAT TABLENYA :  D:\Work\ARYA-WMS-SHOPPIE\ANG19\wmshopee\.angular\prerender-root\a80ab846-e538-47b8-af0f-8b3d3afc1427\data\admdb.sqlite
[2025-08-06 18:18:36] INFO: INI ALAMAT TABLENYA :  D:\Work\ARYA-WMS-SHOPPIE\ANG19\wmshopee\.angular\prerender-root\4cce6b66-51e0-4e4e-8f64-4ed62115272c\data\admdb.sqlite
[2025-08-06 18:18:36] INFO: INI ALAMAT TABLENYA :  D:\Work\ARYA-WMS-SHOPPIE\ANG19\wmshopee\.angular\prerender-root\fabf01e4-9534-47d4-a302-2cb063cf78d2\data\admdb.sqlite
[2025-08-06 18:18:36] INFO: INI ALAMAT TABLENYA :  D:\Work\ARYA-WMS-SHOPPIE\ANG19\wmshopee\.angular\prerender-root\c946c038-8f3c-4edd-9365-5367bcd6a314\data\admdb.sqlite
[2025-08-06 18:18:36] INFO: INI ALAMAT TABLENYA :  D:\Work\ARYA-WMS-SHOPPIE\ANG19\wmshopee\.angular\prerender-root\63fdfc56-8f86-47ad-8939-6a6acfbb8a72\data\admdb.sqlite
[2025-08-06 18:18:42] INFO: INI ALAMAT TABLENYA :  D:\Work\ARYA-WMS-SHOPPIE\ANG19\wmshopee\dist\wmshopee\server\data\admdb.sqlite
[2025-08-06 18:19:13] INFO: USER DICARI  ryanspr
[2025-08-06 18:19:13] INFO: EEEEEEEEEEEEEEEEEE  true
[2025-08-06 18:19:13] ERROR: Error auth.controller :  {"code":"SQLITE_CONSTRAINT_NOTNULL"}
[2025-08-06 18:22:03] INFO: INI ALAMAT TABLENYA :  D:\Work\ARYA-WMS-SHOPPIE\ANG19\wmshopee\.angular\prerender-root\e84a5f1c-3ca8-4caa-92e8-c340cc1c89d0\data\admdb.sqlite
[2025-08-06 18:22:04] INFO: INI ALAMAT TABLENYA :  D:\Work\ARYA-WMS-SHOPPIE\ANG19\wmshopee\.angular\prerender-root\cb0ba187-36e2-40d4-83b0-23daae1ebfc0\data\admdb.sqlite
[2025-08-06 18:22:04] INFO: INI ALAMAT TABLENYA :  D:\Work\ARYA-WMS-SHOPPIE\ANG19\wmshopee\.angular\prerender-root\b83be2d6-eb6b-41b1-93ee-8e47a0e56014\data\admdb.sqlite
[2025-08-06 18:22:04] INFO: INI ALAMAT TABLENYA :  D:\Work\ARYA-WMS-SHOPPIE\ANG19\wmshopee\.angular\prerender-root\713b38e7-cc76-4ad2-a5a0-c87fd49aff63\data\admdb.sqlite
[2025-08-06 18:22:04] INFO: INI ALAMAT TABLENYA :  D:\Work\ARYA-WMS-SHOPPIE\ANG19\wmshopee\.angular\prerender-root\77853926-5c59-46d5-97fd-f8922192a0b3\data\admdb.sqlite
[2025-08-06 18:22:13] INFO: INI ALAMAT TABLENYA :  D:\Work\ARYA-WMS-SHOPPIE\ANG19\wmshopee\dist\wmshopee\server\data\admdb.sqlite
[2025-08-06 18:22:25] INFO: USER DICARI  ryanspr
[2025-08-06 18:22:25] INFO: EEEEEEEEEEEEEEEEEE  true
[2025-08-06 18:22:25] ERROR: Error auth.controller :  {"code":"SQLITE_CONSTRAINT_NOTNULL"}
[2025-08-06 18:23:15] INFO: INI ALAMAT TABLENYA :  D:\Work\ARYA-WMS-SHOPPIE\ANG19\wmshopee\.angular\prerender-root\3bac67e0-9c07-4486-9def-b7c82baaddac\data\admdb.sqlite
[2025-08-06 18:23:16] INFO: INI ALAMAT TABLENYA :  D:\Work\ARYA-WMS-SHOPPIE\ANG19\wmshopee\.angular\prerender-root\99a922ae-1179-422d-941c-223581664136\data\admdb.sqlite
[2025-08-06 18:23:16] INFO: INI ALAMAT TABLENYA :  D:\Work\ARYA-WMS-SHOPPIE\ANG19\wmshopee\.angular\prerender-root\1f6bbc6c-cde1-42c0-b4ad-611b8a1808f2\data\admdb.sqlite
[2025-08-06 18:23:16] INFO: INI ALAMAT TABLENYA :  D:\Work\ARYA-WMS-SHOPPIE\ANG19\wmshopee\.angular\prerender-root\da98c76f-95b3-4156-ae58-cb2a04de0b3e\data\admdb.sqlite
[2025-08-06 18:23:16] INFO: INI ALAMAT TABLENYA :  D:\Work\ARYA-WMS-SHOPPIE\ANG19\wmshopee\.angular\prerender-root\667bb8d7-fef5-4b53-be41-5c61c26f3759\data\admdb.sqlite
[2025-08-06 18:23:21] INFO: INI ALAMAT TABLENYA :  D:\Work\ARYA-WMS-SHOPPIE\ANG19\wmshopee\dist\wmshopee\server\data\admdb.sqlite
[2025-08-06 18:23:33] INFO: USER DICARI  ryanspr
[2025-08-06 18:23:33] INFO: EEEEEEEEEEEEEEEEEE  true
[2025-08-06 18:23:33] ERROR: Error auth.controller :  {"code":"SQLITE_CONSTRAINT_NOTNULL"}
[2025-08-06 18:25:52] INFO: INI ALAMAT TABLENYA :  D:\Work\ARYA-WMS-SHOPPIE\ANG19\wmshopee\.angular\prerender-root\f3a782c9-5390-4dd5-b944-968e40577c1e\data\admdb.sqlite
[2025-08-06 18:25:53] INFO: INI ALAMAT TABLENYA :  D:\Work\ARYA-WMS-SHOPPIE\ANG19\wmshopee\.angular\prerender-root\81fc51b8-dafc-4bc6-92f1-1591bf5c824b\data\admdb.sqlite
[2025-08-06 18:25:53] INFO: INI ALAMAT TABLENYA :  D:\Work\ARYA-WMS-SHOPPIE\ANG19\wmshopee\.angular\prerender-root\d8f6359f-167a-4602-a669-f5b245ab90bb\data\admdb.sqlite
[2025-08-06 18:25:53] INFO: INI ALAMAT TABLENYA :  D:\Work\ARYA-WMS-SHOPPIE\ANG19\wmshopee\.angular\prerender-root\74ad7286-7b35-457d-a0fc-242769fc43f6\data\admdb.sqlite
[2025-08-06 18:25:53] INFO: INI ALAMAT TABLENYA :  D:\Work\ARYA-WMS-SHOPPIE\ANG19\wmshopee\.angular\prerender-root\02e536fd-9ceb-4e95-8d7f-50498fe2b612\data\admdb.sqlite
[2025-08-06 18:25:59] INFO: INI ALAMAT TABLENYA :  D:\Work\ARYA-WMS-SHOPPIE\ANG19\wmshopee\dist\wmshopee\server\data\admdb.sqlite
[2025-08-06 18:26:07] INFO: USER DICARI  ryanspr
[2025-08-06 18:26:07] INFO: EEEEEEEEEEEEEEEEEE  true
[2025-08-06 18:26:07] ERROR: Error auth.controller :  {"code":"SQLITE_CONSTRAINT_NOTNULL"}
[2025-08-06 18:27:47] INFO: INI ALAMAT TABLENYA :  D:\Work\ARYA-WMS-SHOPPIE\ANG19\wmshopee\.angular\prerender-root\49e9c3ca-77b3-46d6-95f8-9ab5a8ada2fb\data\admdb.sqlite
[2025-08-06 18:27:49] INFO: INI ALAMAT TABLENYA :  D:\Work\ARYA-WMS-SHOPPIE\ANG19\wmshopee\.angular\prerender-root\f43ce88d-15e1-4e93-bc3b-33b77eb418e9\data\admdb.sqlite
[2025-08-06 18:27:49] INFO: INI ALAMAT TABLENYA :  D:\Work\ARYA-WMS-SHOPPIE\ANG19\wmshopee\.angular\prerender-root\322f3548-969f-4b14-a7d3-5e8682bf1c1f\data\admdb.sqlite
[2025-08-06 18:27:49] INFO: INI ALAMAT TABLENYA :  D:\Work\ARYA-WMS-SHOPPIE\ANG19\wmshopee\.angular\prerender-root\100a58fd-6d1d-42a8-9d8a-be2b28e55220\data\admdb.sqlite
[2025-08-06 18:27:49] INFO: INI ALAMAT TABLENYA :  D:\Work\ARYA-WMS-SHOPPIE\ANG19\wmshopee\.angular\prerender-root\b4590553-2ef3-4e96-8cf0-458bc2352aec\data\admdb.sqlite
[2025-08-06 18:27:54] INFO: INI ALAMAT TABLENYA :  D:\Work\ARYA-WMS-SHOPPIE\ANG19\wmshopee\dist\wmshopee\server\data\admdb.sqlite
[2025-08-06 18:28:06] INFO: USER DICARI  ryanspr
[2025-08-06 18:28:06] INFO: EEEEEEEEEEEEEEEEEE  true
[2025-08-06 18:28:06] ERROR: Error auth.controller :  {"code":"SQLITE_CONSTRAINT_NOTNULL"}
[2025-08-06 18:34:14] INFO: INI ALAMAT TABLENYA :  D:\Work\ARYA-WMS-SHOPPIE\ANG19\wmshopee\.angular\prerender-root\0249be3c-ac27-4d52-b132-0c61185b2fbe\data\admdb.sqlite
[2025-08-06 18:34:16] INFO: INI ALAMAT TABLENYA :  D:\Work\ARYA-WMS-SHOPPIE\ANG19\wmshopee\.angular\prerender-root\1af61abb-c5f9-4d13-a484-98ab669083a6\data\admdb.sqlite
[2025-08-06 18:34:16] INFO: INI ALAMAT TABLENYA :  D:\Work\ARYA-WMS-SHOPPIE\ANG19\wmshopee\.angular\prerender-root\c92fe21a-f373-4d6c-8395-3929b4161083\data\admdb.sqlite
[2025-08-06 18:34:16] INFO: INI ALAMAT TABLENYA :  D:\Work\ARYA-WMS-SHOPPIE\ANG19\wmshopee\.angular\prerender-root\1efd3d9c-66aa-43a5-b64b-3a1e27af6d73\data\admdb.sqlite
[2025-08-06 18:34:16] INFO: INI ALAMAT TABLENYA :  D:\Work\ARYA-WMS-SHOPPIE\ANG19\wmshopee\.angular\prerender-root\07bb63ff-cd0b-4c1e-9b9b-d379a8f5df31\data\admdb.sqlite
[2025-08-06 18:34:24] INFO: INI ALAMAT TABLENYA :  D:\Work\ARYA-WMS-SHOPPIE\ANG19\wmshopee\dist\wmshopee\server\data\admdb.sqlite
[2025-08-06 18:34:33] INFO: USER DICARI  ryanspr
[2025-08-06 18:34:33] INFO: EEEEEEEEEEEEEEEEEE  true
[2025-08-06 18:34:33] ERROR: Error auth.controller :  {"code":"SQLITE_CONSTRAINT_NOTNULL"}
[2025-08-06 18:35:43] INFO: INI ALAMAT TABLENYA :  D:\Work\ARYA-WMS-SHOPPIE\ANG19\wmshopee\.angular\prerender-root\4b697ab6-cce5-41e3-8962-450f1c4174df\data\admdb.sqlite
[2025-08-06 18:35:44] INFO: INI ALAMAT TABLENYA :  D:\Work\ARYA-WMS-SHOPPIE\ANG19\wmshopee\.angular\prerender-root\8c3d8064-e684-40df-8bbc-4e6d940999ca\data\admdb.sqlite
[2025-08-06 18:35:44] INFO: INI ALAMAT TABLENYA :  D:\Work\ARYA-WMS-SHOPPIE\ANG19\wmshopee\.angular\prerender-root\67231da8-290d-49a8-9b23-296d3da9e0a0\data\admdb.sqlite
[2025-08-06 18:35:44] INFO: INI ALAMAT TABLENYA :  D:\Work\ARYA-WMS-SHOPPIE\ANG19\wmshopee\.angular\prerender-root\61cc275a-3ce1-42a1-a3cb-fb9296453039\data\admdb.sqlite
[2025-08-06 18:35:44] INFO: INI ALAMAT TABLENYA :  D:\Work\ARYA-WMS-SHOPPIE\ANG19\wmshopee\.angular\prerender-root\0e9827ed-d66a-4970-8217-61abe96a280f\data\admdb.sqlite
[2025-08-06 18:35:53] INFO: INI ALAMAT TABLENYA :  D:\Work\ARYA-WMS-SHOPPIE\ANG19\wmshopee\dist\wmshopee\server\data\admdb.sqlite
[2025-08-06 18:36:01] INFO: USER DICARI  ryanspr
[2025-08-06 18:36:01] INFO: EEEEEEEEEEEEEEEEEE  true
[2025-08-06 18:36:01] ERROR: Error auth.controller :  {"code":"SQLITE_CONSTRAINT_NOTNULL"}
[2025-08-06 18:37:10] INFO: INI ALAMAT TABLENYA :  D:\Work\ARYA-WMS-SHOPPIE\ANG19\wmshopee\.angular\prerender-root\9064dd08-1066-4866-bd90-28492049f947\data\admdb.sqlite
[2025-08-06 18:37:11] INFO: INI ALAMAT TABLENYA :  D:\Work\ARYA-WMS-SHOPPIE\ANG19\wmshopee\.angular\prerender-root\94c5a928-e384-4134-8c77-d298202705b7\data\admdb.sqlite
[2025-08-06 18:37:11] INFO: INI ALAMAT TABLENYA :  D:\Work\ARYA-WMS-SHOPPIE\ANG19\wmshopee\.angular\prerender-root\5b4341e0-1be9-4b15-9cc0-93ce17a395d4\data\admdb.sqlite
[2025-08-06 18:37:11] INFO: INI ALAMAT TABLENYA :  D:\Work\ARYA-WMS-SHOPPIE\ANG19\wmshopee\.angular\prerender-root\0c642d2c-6720-41c9-8677-a0756e5d2986\data\admdb.sqlite
[2025-08-06 18:37:11] INFO: INI ALAMAT TABLENYA :  D:\Work\ARYA-WMS-SHOPPIE\ANG19\wmshopee\.angular\prerender-root\4e5cfe89-03e9-41bc-86ee-b7e0cf4b38bf\data\admdb.sqlite
[2025-08-06 18:37:17] INFO: INI ALAMAT TABLENYA :  D:\Work\ARYA-WMS-SHOPPIE\ANG19\wmshopee\dist\wmshopee\server\data\admdb.sqlite
[2025-08-06 18:37:27] INFO: USER DICARI  ryanspr
[2025-08-06 18:37:27] INFO: EEEEEEEEEEEEEEEEEE  true
[2025-08-06 18:37:27] ERROR: Error auth.controller :  {"code":"SQLITE_CONSTRAINT_NOTNULL"}
[2025-08-06 18:38:29] INFO: INI ALAMAT TABLENYA :  D:\Work\ARYA-WMS-SHOPPIE\ANG19\wmshopee\.angular\prerender-root\c576b4a1-6060-4c4b-aa11-953b66f42a37\data\admdb.sqlite
[2025-08-06 18:38:30] INFO: INI ALAMAT TABLENYA :  D:\Work\ARYA-WMS-SHOPPIE\ANG19\wmshopee\.angular\prerender-root\1ee6dac9-537c-4d2f-8161-ed5382bbe414\data\admdb.sqlite
[2025-08-06 18:38:30] INFO: INI ALAMAT TABLENYA :  D:\Work\ARYA-WMS-SHOPPIE\ANG19\wmshopee\.angular\prerender-root\2a8326c8-aed0-4e3c-ad47-164332114215\data\admdb.sqlite
[2025-08-06 18:38:30] INFO: INI ALAMAT TABLENYA :  D:\Work\ARYA-WMS-SHOPPIE\ANG19\wmshopee\.angular\prerender-root\22f39355-47c8-4319-92e6-332c465c1a38\data\admdb.sqlite
[2025-08-06 18:38:30] INFO: INI ALAMAT TABLENYA :  D:\Work\ARYA-WMS-SHOPPIE\ANG19\wmshopee\.angular\prerender-root\8c40570b-c3e4-479d-8e79-08dc98680e42\data\admdb.sqlite
[2025-08-06 18:38:35] INFO: INI ALAMAT TABLENYA :  D:\Work\ARYA-WMS-SHOPPIE\ANG19\wmshopee\dist\wmshopee\server\data\admdb.sqlite
[2025-08-06 18:38:43] INFO: USER DICARI  ryanspr
[2025-08-06 18:38:43] INFO: EEEEEEEEEEEEEEEEEE  true
[2025-08-06 18:38:43] ERROR: Error auth.controller :  {"code":"SQLITE_CONSTRAINT_NOTNULL"}
[2025-08-06 18:55:24] INFO: INI ALAMAT TABLENYA :  D:\Work\ARYA-WMS-SHOPPIE\ANG19\wmshopee\dist\wmshopee\server\data\admdb.sqlite
[2025-08-06 18:55:33] INFO: USER DICARI  ryanspr
[2025-08-06 18:55:33] INFO: EEEEEEEEEEEEEEEEEE  true
[2025-08-06 18:55:33] ERROR: Error auth.controller :  {"code":"SQLITE_CONSTRAINT_NOTNULL"}
