[2025-08-11 09:01:52] INFO: INI ALAMAT TABLENYA :  D:\Work\ARYA-WMS-SHOPPIE\ANG19\wmshopee\.angular\prerender-root\48b1ab96-2e94-4849-bb5c-ead0cad32dab\data\admdb.sqlite
[2025-08-11 09:01:59] INFO: INI ALAMAT TABLENYA :  D:\Work\ARYA-WMS-SHOPPIE\ANG19\wmshopee\.angular\prerender-root\47d44ecd-74fc-4e1a-96bb-927b8a49d526\data\admdb.sqlite
[2025-08-11 09:01:59] INFO: INI ALAMAT TABLENYA :  D:\Work\ARYA-WMS-SHOPPIE\ANG19\wmshopee\.angular\prerender-root\02eeed8b-23e4-4715-b14f-3ff209689ca9\data\admdb.sqlite
[2025-08-11 09:01:59] INFO: INI ALAMAT TABLENYA :  D:\Work\ARYA-WMS-SHOPPIE\ANG19\wmshopee\.angular\prerender-root\962fb1db-c35e-4eac-a0e1-350ded32f049\data\admdb.sqlite
[2025-08-11 09:01:59] INFO: INI ALAMAT TABLENYA :  D:\Work\ARYA-WMS-SHOPPIE\ANG19\wmshopee\.angular\prerender-root\9eaaa89a-528a-4270-bb58-446c9d92911d\data\admdb.sqlite
[2025-08-11 09:37:09] INFO: INI ALAMAT TABLENYA :  D:\Work\ARYA-WMS-SHOPPIE\ANG19\wmshopee\.angular\prerender-root\0d8d7dd8-897b-4163-ae84-f8affa24187b\data\admdb.sqlite
[2025-08-11 09:37:11] INFO: INI ALAMAT TABLENYA :  D:\Work\ARYA-WMS-SHOPPIE\ANG19\wmshopee\.angular\prerender-root\f22c13ce-0035-4f63-a1d1-b3af04af1014\data\admdb.sqlite
[2025-08-11 09:37:11] INFO: INI ALAMAT TABLENYA :  D:\Work\ARYA-WMS-SHOPPIE\ANG19\wmshopee\.angular\prerender-root\48a35bce-1d6d-422c-8fb2-fe16d0e0bed9\data\admdb.sqlite
[2025-08-11 09:37:11] INFO: INI ALAMAT TABLENYA :  D:\Work\ARYA-WMS-SHOPPIE\ANG19\wmshopee\.angular\prerender-root\932400f8-dd9c-48b4-a89d-7ad38be37e5e\data\admdb.sqlite
[2025-08-11 09:37:11] INFO: INI ALAMAT TABLENYA :  D:\Work\ARYA-WMS-SHOPPIE\ANG19\wmshopee\.angular\prerender-root\50460700-c65c-43f9-8c06-efa5d39b63c0\data\admdb.sqlite
[2025-08-11 09:37:21] INFO: INI ALAMAT TABLENYA :  D:\Work\ARYA-WMS-SHOPPIE\ANG19\wmshopee\dist\wmshopee\server\data\admdb.sqlite
[2025-08-11 09:37:27] INFO: Update data token : 
[2025-08-11 09:37:27] INFO: Update data token : 
[2025-08-11 09:41:29] INFO: INI ALAMAT TABLENYA :  D:\Work\ARYA-WMS-SHOPPIE\ANG19\wmshopee\.angular\prerender-root\2c5a5f0e-61c3-4400-8876-96402cda0dce\data\admdb.sqlite
[2025-08-11 09:41:31] INFO: INI ALAMAT TABLENYA :  D:\Work\ARYA-WMS-SHOPPIE\ANG19\wmshopee\.angular\prerender-root\b0cf7ce7-4c12-41a0-a14b-f7c58a7930b3\data\admdb.sqlite
[2025-08-11 09:41:31] INFO: INI ALAMAT TABLENYA :  D:\Work\ARYA-WMS-SHOPPIE\ANG19\wmshopee\.angular\prerender-root\1b91efda-9e77-4054-979b-48ae0c22657b\data\admdb.sqlite
[2025-08-11 09:41:31] INFO: INI ALAMAT TABLENYA :  D:\Work\ARYA-WMS-SHOPPIE\ANG19\wmshopee\.angular\prerender-root\040ffe5d-9af6-49e8-81c8-8f121740861f\data\admdb.sqlite
[2025-08-11 09:41:31] INFO: INI ALAMAT TABLENYA :  D:\Work\ARYA-WMS-SHOPPIE\ANG19\wmshopee\.angular\prerender-root\2a35454d-a049-42ef-bd36-c629b3ad987a\data\admdb.sqlite
[2025-08-11 09:56:06] INFO: INI ALAMAT TABLENYA :  D:\Work\ARYA-WMS-SHOPPIE\ANG19\wmshopee\.angular\prerender-root\2c3d4569-5669-41f3-89df-b58a7982ca1f\data\admdb.sqlite
[2025-08-11 09:56:08] INFO: INI ALAMAT TABLENYA :  D:\Work\ARYA-WMS-SHOPPIE\ANG19\wmshopee\.angular\prerender-root\87f7a28c-1132-49b5-bd19-53ecddd61c63\data\admdb.sqlite
[2025-08-11 09:56:08] INFO: INI ALAMAT TABLENYA :  D:\Work\ARYA-WMS-SHOPPIE\ANG19\wmshopee\.angular\prerender-root\547b4ab7-ccee-4337-911e-c38599f94760\data\admdb.sqlite
[2025-08-11 09:56:08] INFO: INI ALAMAT TABLENYA :  D:\Work\ARYA-WMS-SHOPPIE\ANG19\wmshopee\.angular\prerender-root\eeadeb20-8299-49c1-a338-f5ea7689b605\data\admdb.sqlite
[2025-08-11 09:56:08] INFO: INI ALAMAT TABLENYA :  D:\Work\ARYA-WMS-SHOPPIE\ANG19\wmshopee\.angular\prerender-root\4c5f671b-5d59-437e-b81a-e37b82caf03f\data\admdb.sqlite
[2025-08-11 09:56:26] INFO: INI ALAMAT TABLENYA :  D:\Work\ARYA-WMS-SHOPPIE\ANG19\wmshopee\dist\wmshopee\server\data\admdb.sqlite
[2025-08-11 09:58:28] INFO: INI ALAMAT TABLENYA :  D:\Work\ARYA-WMS-SHOPPIE\ANG19\wmshopee\.angular\prerender-root\4b2f4c9a-2fd9-4423-8afe-8688059d1dfc\data\admdb.sqlite
[2025-08-11 09:58:30] INFO: INI ALAMAT TABLENYA :  D:\Work\ARYA-WMS-SHOPPIE\ANG19\wmshopee\.angular\prerender-root\b02a3879-5806-40dc-a31d-a977d96923f7\data\admdb.sqlite
[2025-08-11 09:58:30] INFO: INI ALAMAT TABLENYA :  D:\Work\ARYA-WMS-SHOPPIE\ANG19\wmshopee\.angular\prerender-root\7996fa41-fa27-4b1d-848c-2ce9103be1c7\data\admdb.sqlite
[2025-08-11 09:58:30] INFO: INI ALAMAT TABLENYA :  D:\Work\ARYA-WMS-SHOPPIE\ANG19\wmshopee\.angular\prerender-root\9ab43cf3-6252-421c-986c-9d5799622f9f\data\admdb.sqlite
[2025-08-11 09:58:30] INFO: INI ALAMAT TABLENYA :  D:\Work\ARYA-WMS-SHOPPIE\ANG19\wmshopee\.angular\prerender-root\186d4602-29c4-414c-95e3-3781f1d4d91f\data\admdb.sqlite
[2025-08-11 09:58:40] INFO: INI ALAMAT TABLENYA :  D:\Work\ARYA-WMS-SHOPPIE\ANG19\wmshopee\dist\wmshopee\server\data\admdb.sqlite
[2025-08-11 10:13:30] INFO: INI ALAMAT TABLENYA :  D:\Work\ARYA-WMS-SHOPPIE\ANG19\wmshopee\.angular\prerender-root\f0193bcf-d9a8-4b20-b589-c6e24b58f1cb\data\admdb.sqlite
[2025-08-11 10:13:33] INFO: INI ALAMAT TABLENYA :  D:\Work\ARYA-WMS-SHOPPIE\ANG19\wmshopee\.angular\prerender-root\ac18a74e-05ca-4bc4-bfcb-99bf2bd5c2a7\data\admdb.sqlite
[2025-08-11 10:13:33] INFO: INI ALAMAT TABLENYA :  D:\Work\ARYA-WMS-SHOPPIE\ANG19\wmshopee\.angular\prerender-root\a9716608-42ad-44c3-b4c5-13ac1c97d17b\data\admdb.sqlite
[2025-08-11 10:13:33] INFO: INI ALAMAT TABLENYA :  D:\Work\ARYA-WMS-SHOPPIE\ANG19\wmshopee\.angular\prerender-root\c0a8f4ce-ab73-442b-9cb5-dbc39e88ca24\data\admdb.sqlite
[2025-08-11 10:13:33] INFO: INI ALAMAT TABLENYA :  D:\Work\ARYA-WMS-SHOPPIE\ANG19\wmshopee\.angular\prerender-root\7c6be484-04e7-43d6-976c-2cb0e0fea9bf\data\admdb.sqlite
[2025-08-11 10:13:44] INFO: INI ALAMAT TABLENYA :  D:\Work\ARYA-WMS-SHOPPIE\ANG19\wmshopee\dist\wmshopee\server\data\admdb.sqlite
[2025-08-11 10:14:59] INFO: INI ALAMAT TABLENYA :  D:\Work\ARYA-WMS-SHOPPIE\ANG19\wmshopee\.angular\prerender-root\a06a495c-75f1-43b3-bfd7-8574cdbee555\data\admdb.sqlite
[2025-08-11 10:15:01] INFO: INI ALAMAT TABLENYA :  D:\Work\ARYA-WMS-SHOPPIE\ANG19\wmshopee\.angular\prerender-root\f18be867-609f-4885-bc55-6e382fecc3ce\data\admdb.sqlite
[2025-08-11 10:15:01] INFO: INI ALAMAT TABLENYA :  D:\Work\ARYA-WMS-SHOPPIE\ANG19\wmshopee\.angular\prerender-root\fb2d0399-626e-4224-8ced-b07b1fdec7a3\data\admdb.sqlite
[2025-08-11 10:15:01] INFO: INI ALAMAT TABLENYA :  D:\Work\ARYA-WMS-SHOPPIE\ANG19\wmshopee\.angular\prerender-root\aeff261d-7733-4354-9d6d-d302362329e0\data\admdb.sqlite
[2025-08-11 10:15:01] INFO: INI ALAMAT TABLENYA :  D:\Work\ARYA-WMS-SHOPPIE\ANG19\wmshopee\.angular\prerender-root\ce604cf3-e753-4a1d-a235-d52079f422ad\data\admdb.sqlite
[2025-08-11 10:15:11] INFO: INI ALAMAT TABLENYA :  D:\Work\ARYA-WMS-SHOPPIE\ANG19\wmshopee\dist\wmshopee\server\data\admdb.sqlite
[2025-08-11 10:17:10] INFO: INI ALAMAT TABLENYA :  D:\Work\ARYA-WMS-SHOPPIE\ANG19\wmshopee\.angular\prerender-root\698cd034-e8b6-45ef-9465-23b3c2aec6b8\data\admdb.sqlite
[2025-08-11 10:17:12] INFO: INI ALAMAT TABLENYA :  D:\Work\ARYA-WMS-SHOPPIE\ANG19\wmshopee\.angular\prerender-root\0fe45657-9935-4fb0-bdd5-8ae62e6b9ed5\data\admdb.sqlite
[2025-08-11 10:17:12] INFO: INI ALAMAT TABLENYA :  D:\Work\ARYA-WMS-SHOPPIE\ANG19\wmshopee\.angular\prerender-root\bb0fd5f5-8fed-466b-9687-28ca026f24da\data\admdb.sqlite
[2025-08-11 10:17:12] INFO: INI ALAMAT TABLENYA :  D:\Work\ARYA-WMS-SHOPPIE\ANG19\wmshopee\.angular\prerender-root\b50d0a32-eaa1-4c89-86dd-735a3944b678\data\admdb.sqlite
[2025-08-11 10:17:12] INFO: INI ALAMAT TABLENYA :  D:\Work\ARYA-WMS-SHOPPIE\ANG19\wmshopee\.angular\prerender-root\893f5077-ebf4-40dd-b2e2-9182d801e814\data\admdb.sqlite
[2025-08-11 10:17:20] INFO: INI ALAMAT TABLENYA :  D:\Work\ARYA-WMS-SHOPPIE\ANG19\wmshopee\dist\wmshopee\server\data\admdb.sqlite
[2025-08-11 10:17:55] INFO: INI ALAMAT TABLENYA :  D:\Work\ARYA-WMS-SHOPPIE\ANG19\wmshopee\.angular\prerender-root\83b4d076-537f-4eb1-a8b0-8d87462a0a2d\data\admdb.sqlite
[2025-08-11 10:17:58] INFO: INI ALAMAT TABLENYA :  D:\Work\ARYA-WMS-SHOPPIE\ANG19\wmshopee\.angular\prerender-root\7083d1ed-7546-452b-81d6-d77112722b1f\data\admdb.sqlite
[2025-08-11 10:17:58] INFO: INI ALAMAT TABLENYA :  D:\Work\ARYA-WMS-SHOPPIE\ANG19\wmshopee\.angular\prerender-root\43e67b15-46fb-4fdf-a24a-6af843a3bcca\data\admdb.sqlite
[2025-08-11 10:17:58] INFO: INI ALAMAT TABLENYA :  D:\Work\ARYA-WMS-SHOPPIE\ANG19\wmshopee\.angular\prerender-root\2580bedf-e547-489f-b010-cee0b4c59ca3\data\admdb.sqlite
[2025-08-11 10:17:58] INFO: INI ALAMAT TABLENYA :  D:\Work\ARYA-WMS-SHOPPIE\ANG19\wmshopee\.angular\prerender-root\8801ca8e-1763-4b13-a4bd-5d4187cc988e\data\admdb.sqlite
[2025-08-11 10:18:13] INFO: INI ALAMAT TABLENYA :  D:\Work\ARYA-WMS-SHOPPIE\ANG19\wmshopee\dist\wmshopee\server\data\admdb.sqlite
[2025-08-11 10:18:55] INFO: INI ALAMAT TABLENYA :  D:\Work\ARYA-WMS-SHOPPIE\ANG19\wmshopee\.angular\prerender-root\e675def0-0c02-41f6-a84c-c7989f8cec7f\data\admdb.sqlite
[2025-08-11 10:18:57] INFO: INI ALAMAT TABLENYA :  D:\Work\ARYA-WMS-SHOPPIE\ANG19\wmshopee\.angular\prerender-root\38358137-178d-4fe3-9ca2-bdb18aa0a467\data\admdb.sqlite
[2025-08-11 10:18:57] INFO: INI ALAMAT TABLENYA :  D:\Work\ARYA-WMS-SHOPPIE\ANG19\wmshopee\.angular\prerender-root\0effd947-0f11-453e-b882-f15dd6f4b5a5\data\admdb.sqlite
[2025-08-11 10:18:57] INFO: INI ALAMAT TABLENYA :  D:\Work\ARYA-WMS-SHOPPIE\ANG19\wmshopee\.angular\prerender-root\839467d6-8997-458d-95e7-bb0093a1ece3\data\admdb.sqlite
[2025-08-11 10:18:57] INFO: INI ALAMAT TABLENYA :  D:\Work\ARYA-WMS-SHOPPIE\ANG19\wmshopee\.angular\prerender-root\bef603d2-624b-4904-92cf-9ff8fb40bba9\data\admdb.sqlite
[2025-08-11 10:19:09] INFO: INI ALAMAT TABLENYA :  D:\Work\ARYA-WMS-SHOPPIE\ANG19\wmshopee\dist\wmshopee\server\data\admdb.sqlite
[2025-08-11 10:29:56] INFO: INI ALAMAT TABLENYA :  D:\Work\ARYA-WMS-SHOPPIE\ANG19\wmshopee\.angular\prerender-root\b13e4131-5c20-4ea3-907f-000979feaa84\data\admdb.sqlite
[2025-08-11 10:29:58] INFO: INI ALAMAT TABLENYA :  D:\Work\ARYA-WMS-SHOPPIE\ANG19\wmshopee\.angular\prerender-root\0bbfde53-0438-4cad-8a56-463b88bf0758\data\admdb.sqlite
[2025-08-11 10:29:58] INFO: INI ALAMAT TABLENYA :  D:\Work\ARYA-WMS-SHOPPIE\ANG19\wmshopee\.angular\prerender-root\5cf0a83f-9066-4548-8494-4bb5a1627431\data\admdb.sqlite
[2025-08-11 10:29:58] INFO: INI ALAMAT TABLENYA :  D:\Work\ARYA-WMS-SHOPPIE\ANG19\wmshopee\.angular\prerender-root\c4287460-7957-4a33-b7d7-3ab55fb6c87d\data\admdb.sqlite
[2025-08-11 10:29:58] INFO: INI ALAMAT TABLENYA :  D:\Work\ARYA-WMS-SHOPPIE\ANG19\wmshopee\.angular\prerender-root\a8da6bfb-2de8-41a8-ab84-e603a0e4c313\data\admdb.sqlite
[2025-08-11 10:30:08] INFO: INI ALAMAT TABLENYA :  D:\Work\ARYA-WMS-SHOPPIE\ANG19\wmshopee\dist\wmshopee\server\data\admdb.sqlite
[2025-08-11 10:30:56] INFO: ✅ Sudah di List  0
[2025-08-11 10:34:05] INFO: INI ALAMAT TABLENYA :  D:\Work\ARYA-WMS-SHOPPIE\ANG19\wmshopee\.angular\prerender-root\e02bbfae-b4b6-4462-9558-7b72d586f937\data\admdb.sqlite
[2025-08-11 10:34:06] INFO: INI ALAMAT TABLENYA :  D:\Work\ARYA-WMS-SHOPPIE\ANG19\wmshopee\.angular\prerender-root\aaa26633-0596-4fdc-95b1-04b6a0dffa3c\data\admdb.sqlite
[2025-08-11 10:34:06] INFO: INI ALAMAT TABLENYA :  D:\Work\ARYA-WMS-SHOPPIE\ANG19\wmshopee\.angular\prerender-root\29cfbbe3-6077-4625-b38a-a5ed52f3721e\data\admdb.sqlite
[2025-08-11 10:34:06] INFO: INI ALAMAT TABLENYA :  D:\Work\ARYA-WMS-SHOPPIE\ANG19\wmshopee\.angular\prerender-root\7c62e09f-5228-4860-8658-315e8fe54ea3\data\admdb.sqlite
[2025-08-11 10:34:06] INFO: INI ALAMAT TABLENYA :  D:\Work\ARYA-WMS-SHOPPIE\ANG19\wmshopee\.angular\prerender-root\f6d904ba-bdd5-4799-b97e-1bd84e64c940\data\admdb.sqlite
[2025-08-11 10:34:36] INFO: INI ALAMAT TABLENYA :  D:\Work\ARYA-WMS-SHOPPIE\ANG19\wmshopee\.angular\prerender-root\2b1f1515-f54d-4ff8-9528-a61738dc7292\data\admdb.sqlite
[2025-08-11 10:34:37] INFO: INI ALAMAT TABLENYA :  D:\Work\ARYA-WMS-SHOPPIE\ANG19\wmshopee\.angular\prerender-root\3d7eeb5c-6ca3-4393-b449-387a21014aeb\data\admdb.sqlite
[2025-08-11 10:34:37] INFO: INI ALAMAT TABLENYA :  D:\Work\ARYA-WMS-SHOPPIE\ANG19\wmshopee\.angular\prerender-root\91d27a0a-25fc-466d-89ed-4908fbab7e60\data\admdb.sqlite
[2025-08-11 10:34:37] INFO: INI ALAMAT TABLENYA :  D:\Work\ARYA-WMS-SHOPPIE\ANG19\wmshopee\.angular\prerender-root\c06a2ecc-b925-4eec-b091-2a12e21c4521\data\admdb.sqlite
[2025-08-11 10:34:37] INFO: INI ALAMAT TABLENYA :  D:\Work\ARYA-WMS-SHOPPIE\ANG19\wmshopee\.angular\prerender-root\50f6567f-c7a4-4b87-9c5c-cd72da322d77\data\admdb.sqlite
[2025-08-11 10:34:43] INFO: INI ALAMAT TABLENYA :  D:\Work\ARYA-WMS-SHOPPIE\ANG19\wmshopee\dist\wmshopee\server\data\admdb.sqlite
[2025-08-11 10:34:54] INFO: ✅ Sudah di List  0
[2025-08-11 10:37:44] INFO: INI ALAMAT TABLENYA :  D:\Work\ARYA-WMS-SHOPPIE\ANG19\wmshopee\.angular\prerender-root\e11a3742-b0a6-4ea9-b2bb-06c268dd9a78\data\admdb.sqlite
[2025-08-11 10:37:45] INFO: INI ALAMAT TABLENYA :  D:\Work\ARYA-WMS-SHOPPIE\ANG19\wmshopee\.angular\prerender-root\561e93eb-5cc8-467b-922a-8ba3f8420073\data\admdb.sqlite
[2025-08-11 10:37:45] INFO: INI ALAMAT TABLENYA :  D:\Work\ARYA-WMS-SHOPPIE\ANG19\wmshopee\.angular\prerender-root\749ab06a-d9ea-4b33-a212-48dc93c17435\data\admdb.sqlite
[2025-08-11 10:37:45] INFO: INI ALAMAT TABLENYA :  D:\Work\ARYA-WMS-SHOPPIE\ANG19\wmshopee\.angular\prerender-root\2a3bd45b-66fb-4312-95f8-7b951076f5d9\data\admdb.sqlite
[2025-08-11 10:37:45] INFO: INI ALAMAT TABLENYA :  D:\Work\ARYA-WMS-SHOPPIE\ANG19\wmshopee\.angular\prerender-root\930715f0-f140-4845-a3be-097e4749e924\data\admdb.sqlite
[2025-08-11 10:37:51] INFO: INI ALAMAT TABLENYA :  D:\Work\ARYA-WMS-SHOPPIE\ANG19\wmshopee\dist\wmshopee\server\data\admdb.sqlite
[2025-08-11 10:37:55] INFO: ✅ Sudah di List  0
[2025-08-11 10:41:24] INFO: INI ALAMAT TABLENYA :  D:\Work\ARYA-WMS-SHOPPIE\ANG19\wmshopee\.angular\prerender-root\9be91028-d1d3-441a-83f5-4529071cd96d\data\admdb.sqlite
[2025-08-11 10:41:25] INFO: INI ALAMAT TABLENYA :  D:\Work\ARYA-WMS-SHOPPIE\ANG19\wmshopee\.angular\prerender-root\32f22a17-6417-4106-932b-c1cb0cef9a5f\data\admdb.sqlite
[2025-08-11 10:41:25] INFO: INI ALAMAT TABLENYA :  D:\Work\ARYA-WMS-SHOPPIE\ANG19\wmshopee\.angular\prerender-root\0f490cdf-947f-4a48-824c-c760fc46297e\data\admdb.sqlite
[2025-08-11 10:41:25] INFO: INI ALAMAT TABLENYA :  D:\Work\ARYA-WMS-SHOPPIE\ANG19\wmshopee\.angular\prerender-root\e6f71828-1587-489b-b2d7-638ae9ce8d2a\data\admdb.sqlite
[2025-08-11 10:41:25] INFO: INI ALAMAT TABLENYA :  D:\Work\ARYA-WMS-SHOPPIE\ANG19\wmshopee\.angular\prerender-root\933855fa-eba6-4831-ad87-ee168f208024\data\admdb.sqlite
[2025-08-11 10:41:46] INFO: INI ALAMAT TABLENYA :  D:\Work\ARYA-WMS-SHOPPIE\ANG19\wmshopee\.angular\prerender-root\e07873ec-c803-452a-afce-11be8e339279\data\admdb.sqlite
[2025-08-11 10:41:47] INFO: INI ALAMAT TABLENYA :  D:\Work\ARYA-WMS-SHOPPIE\ANG19\wmshopee\.angular\prerender-root\ab5cfc7f-3032-4fa2-aadf-4bbf325d3065\data\admdb.sqlite
[2025-08-11 10:41:47] INFO: INI ALAMAT TABLENYA :  D:\Work\ARYA-WMS-SHOPPIE\ANG19\wmshopee\.angular\prerender-root\bb1c7892-d1b8-48ae-a7e3-c19a3d06b892\data\admdb.sqlite
[2025-08-11 10:41:47] INFO: INI ALAMAT TABLENYA :  D:\Work\ARYA-WMS-SHOPPIE\ANG19\wmshopee\.angular\prerender-root\80039a3f-8654-4d73-98b7-f9fbd90f490f\data\admdb.sqlite
[2025-08-11 10:41:47] INFO: INI ALAMAT TABLENYA :  D:\Work\ARYA-WMS-SHOPPIE\ANG19\wmshopee\.angular\prerender-root\a7f668fa-3873-48d7-9631-8554496e6545\data\admdb.sqlite
[2025-08-11 10:41:54] INFO: INI ALAMAT TABLENYA :  D:\Work\ARYA-WMS-SHOPPIE\ANG19\wmshopee\dist\wmshopee\server\data\admdb.sqlite
[2025-08-11 10:42:00] INFO: ✅ Sudah di List  0
[2025-08-11 10:44:57] INFO: INI ALAMAT TABLENYA :  D:\Work\ARYA-WMS-SHOPPIE\ANG19\wmshopee\.angular\prerender-root\9a90bb1d-6850-4996-8c0e-78918ad97e73\data\admdb.sqlite
[2025-08-11 10:44:59] INFO: INI ALAMAT TABLENYA :  D:\Work\ARYA-WMS-SHOPPIE\ANG19\wmshopee\.angular\prerender-root\8e87d9de-d533-4f63-b36a-36f6e72856aa\data\admdb.sqlite
[2025-08-11 10:44:59] INFO: INI ALAMAT TABLENYA :  D:\Work\ARYA-WMS-SHOPPIE\ANG19\wmshopee\.angular\prerender-root\2d4ba7f8-7ed9-4385-8887-c29d2a0399f6\data\admdb.sqlite
[2025-08-11 10:44:59] INFO: INI ALAMAT TABLENYA :  D:\Work\ARYA-WMS-SHOPPIE\ANG19\wmshopee\.angular\prerender-root\cbe5cb0f-a971-4b5a-a4ba-72d321a0968c\data\admdb.sqlite
[2025-08-11 10:44:59] INFO: INI ALAMAT TABLENYA :  D:\Work\ARYA-WMS-SHOPPIE\ANG19\wmshopee\.angular\prerender-root\e537ccae-0196-48b1-8151-d8f1157f4ea4\data\admdb.sqlite
[2025-08-11 10:45:08] INFO: INI ALAMAT TABLENYA :  D:\Work\ARYA-WMS-SHOPPIE\ANG19\wmshopee\dist\wmshopee\server\data\admdb.sqlite
[2025-08-11 10:45:19] INFO: ✅ Sudah di List  1
[2025-08-11 10:47:47] INFO: INI ALAMAT TABLENYA :  D:\Work\ARYA-WMS-SHOPPIE\ANG19\wmshopee\.angular\prerender-root\c6cbebaf-1053-4eec-a835-00fbe93374d2\data\admdb.sqlite
[2025-08-11 10:47:48] INFO: INI ALAMAT TABLENYA :  D:\Work\ARYA-WMS-SHOPPIE\ANG19\wmshopee\.angular\prerender-root\f7ea6f96-d690-412a-8a8b-214235b7731d\data\admdb.sqlite
[2025-08-11 10:47:48] INFO: INI ALAMAT TABLENYA :  D:\Work\ARYA-WMS-SHOPPIE\ANG19\wmshopee\.angular\prerender-root\ebceef81-b5e7-4856-b939-f4dd6ab88dbb\data\admdb.sqlite
[2025-08-11 10:47:48] INFO: INI ALAMAT TABLENYA :  D:\Work\ARYA-WMS-SHOPPIE\ANG19\wmshopee\.angular\prerender-root\17ce7836-ffdc-42d7-b984-244ca6a18a50\data\admdb.sqlite
[2025-08-11 10:47:48] INFO: INI ALAMAT TABLENYA :  D:\Work\ARYA-WMS-SHOPPIE\ANG19\wmshopee\.angular\prerender-root\3c3681b3-2bbb-4000-adb5-5aa327a66459\data\admdb.sqlite
[2025-08-11 10:47:56] INFO: INI ALAMAT TABLENYA :  D:\Work\ARYA-WMS-SHOPPIE\ANG19\wmshopee\dist\wmshopee\server\data\admdb.sqlite
[2025-08-11 10:48:07] INFO: ✅ Sudah di List  281
[2025-08-11 11:15:25] INFO: INI ALAMAT TABLENYA :  D:\Work\ARYA-WMS-SHOPPIE\ANG19\wmshopee\.angular\prerender-root\1ddfc009-a0cd-431d-b4cd-49aeae5e378e\data\admdb.sqlite
[2025-08-11 11:15:27] INFO: INI ALAMAT TABLENYA :  D:\Work\ARYA-WMS-SHOPPIE\ANG19\wmshopee\.angular\prerender-root\9205684d-c4be-4fec-bc30-c556a12bd594\data\admdb.sqlite
[2025-08-11 11:15:27] INFO: INI ALAMAT TABLENYA :  D:\Work\ARYA-WMS-SHOPPIE\ANG19\wmshopee\.angular\prerender-root\171fc9dc-9bad-4466-b50e-8c9992471a55\data\admdb.sqlite
[2025-08-11 11:15:27] INFO: INI ALAMAT TABLENYA :  D:\Work\ARYA-WMS-SHOPPIE\ANG19\wmshopee\.angular\prerender-root\1a3694ca-3b99-4997-8a3f-e30129120107\data\admdb.sqlite
[2025-08-11 11:15:27] INFO: INI ALAMAT TABLENYA :  D:\Work\ARYA-WMS-SHOPPIE\ANG19\wmshopee\.angular\prerender-root\9eb94df4-31e1-489b-885f-f925099374db\data\admdb.sqlite
[2025-08-11 11:15:32] INFO: INI ALAMAT TABLENYA :  D:\Work\ARYA-WMS-SHOPPIE\ANG19\wmshopee\dist\wmshopee\server\data\admdb.sqlite
[2025-08-11 11:17:00] INFO: INI ALAMAT TABLENYA :  D:\Work\ARYA-WMS-SHOPPIE\ANG19\wmshopee\.angular\prerender-root\4f5627f1-5f1b-41c4-b406-c591b8a02b08\data\admdb.sqlite
[2025-08-11 11:17:02] INFO: INI ALAMAT TABLENYA :  D:\Work\ARYA-WMS-SHOPPIE\ANG19\wmshopee\.angular\prerender-root\3f9fa5e9-d765-414d-a774-24175061f1ba\data\admdb.sqlite
[2025-08-11 11:17:02] INFO: INI ALAMAT TABLENYA :  D:\Work\ARYA-WMS-SHOPPIE\ANG19\wmshopee\.angular\prerender-root\b5398986-1df7-4c3d-97d7-096cf5434b90\data\admdb.sqlite
[2025-08-11 11:17:02] INFO: INI ALAMAT TABLENYA :  D:\Work\ARYA-WMS-SHOPPIE\ANG19\wmshopee\.angular\prerender-root\0f419e30-7386-424a-a43f-1616a7b43860\data\admdb.sqlite
[2025-08-11 11:17:02] INFO: INI ALAMAT TABLENYA :  D:\Work\ARYA-WMS-SHOPPIE\ANG19\wmshopee\.angular\prerender-root\1bf94917-d8b6-4b9a-8ce1-ccacc0d481b1\data\admdb.sqlite
[2025-08-11 11:17:08] INFO: INI ALAMAT TABLENYA :  D:\Work\ARYA-WMS-SHOPPIE\ANG19\wmshopee\dist\wmshopee\server\data\admdb.sqlite
[2025-08-11 11:17:29] INFO: ✅ Sudah di List  305
[2025-08-11 11:19:56] INFO: INI ALAMAT TABLENYA :  D:\Work\ARYA-WMS-SHOPPIE\ANG19\wmshopee\.angular\prerender-root\9e15dedb-c9b3-4442-b348-336989bdd749\data\admdb.sqlite
[2025-08-11 11:19:58] INFO: INI ALAMAT TABLENYA :  D:\Work\ARYA-WMS-SHOPPIE\ANG19\wmshopee\.angular\prerender-root\eaa83a49-ffb3-497e-97a4-e5c4f945ee41\data\admdb.sqlite
[2025-08-11 11:19:58] INFO: INI ALAMAT TABLENYA :  D:\Work\ARYA-WMS-SHOPPIE\ANG19\wmshopee\.angular\prerender-root\8a0ca734-0169-4525-8ea2-fc0128b9a9e9\data\admdb.sqlite
[2025-08-11 11:19:58] INFO: INI ALAMAT TABLENYA :  D:\Work\ARYA-WMS-SHOPPIE\ANG19\wmshopee\.angular\prerender-root\c9c9fa3c-808c-4f00-b9d1-b78e7924878b\data\admdb.sqlite
[2025-08-11 11:19:58] INFO: INI ALAMAT TABLENYA :  D:\Work\ARYA-WMS-SHOPPIE\ANG19\wmshopee\.angular\prerender-root\31b2c227-65c3-4da1-aa88-ec83cdcb3f2b\data\admdb.sqlite
[2025-08-11 11:20:26] INFO: INI ALAMAT TABLENYA :  D:\Work\ARYA-WMS-SHOPPIE\ANG19\wmshopee\.angular\prerender-root\b8bb99f5-4f2e-4b94-a358-8da9dd26c52b\data\admdb.sqlite
[2025-08-11 11:20:27] INFO: INI ALAMAT TABLENYA :  D:\Work\ARYA-WMS-SHOPPIE\ANG19\wmshopee\.angular\prerender-root\1df4a9b1-6497-4ad0-8c5e-a5a23865baf9\data\admdb.sqlite
[2025-08-11 11:20:27] INFO: INI ALAMAT TABLENYA :  D:\Work\ARYA-WMS-SHOPPIE\ANG19\wmshopee\.angular\prerender-root\800076f9-c858-4d9b-83a5-56fd0c862371\data\admdb.sqlite
[2025-08-11 11:20:27] INFO: INI ALAMAT TABLENYA :  D:\Work\ARYA-WMS-SHOPPIE\ANG19\wmshopee\.angular\prerender-root\74d0e697-2e33-4fde-b001-ef6f0f461847\data\admdb.sqlite
[2025-08-11 11:20:27] INFO: INI ALAMAT TABLENYA :  D:\Work\ARYA-WMS-SHOPPIE\ANG19\wmshopee\.angular\prerender-root\a9d751f0-199a-43f5-bef4-6500a13a4f7e\data\admdb.sqlite
[2025-08-11 11:20:50] INFO: INI ALAMAT TABLENYA :  D:\Work\ARYA-WMS-SHOPPIE\ANG19\wmshopee\.angular\prerender-root\4600da98-e3be-421c-b8b5-a5a01d0b718d\data\admdb.sqlite
[2025-08-11 11:20:52] INFO: INI ALAMAT TABLENYA :  D:\Work\ARYA-WMS-SHOPPIE\ANG19\wmshopee\.angular\prerender-root\08fa7b6d-3f5f-4349-8832-6c94e674987b\data\admdb.sqlite
[2025-08-11 11:20:52] INFO: INI ALAMAT TABLENYA :  D:\Work\ARYA-WMS-SHOPPIE\ANG19\wmshopee\.angular\prerender-root\5ce57ef8-d3c4-45f0-b462-7505ba199a5d\data\admdb.sqlite
[2025-08-11 11:20:52] INFO: INI ALAMAT TABLENYA :  D:\Work\ARYA-WMS-SHOPPIE\ANG19\wmshopee\.angular\prerender-root\f4818c77-d21e-4af9-97f7-0153b2442c8a\data\admdb.sqlite
[2025-08-11 11:20:52] INFO: INI ALAMAT TABLENYA :  D:\Work\ARYA-WMS-SHOPPIE\ANG19\wmshopee\.angular\prerender-root\6c29acfe-f742-49f6-937e-4a5edfca6ac4\data\admdb.sqlite
[2025-08-11 11:20:59] INFO: INI ALAMAT TABLENYA :  D:\Work\ARYA-WMS-SHOPPIE\ANG19\wmshopee\dist\wmshopee\server\data\admdb.sqlite
[2025-08-11 11:21:25] INFO: ✅ Sudah di List  314
[2025-08-11 11:32:52] INFO: INI ALAMAT TABLENYA :  D:\Work\ARYA-WMS-SHOPPIE\ANG19\wmshopee\.angular\prerender-root\aace47f4-a9c7-4035-8f9c-d5fd2ad496e7\data\admdb.sqlite
[2025-08-11 11:32:59] INFO: INI ALAMAT TABLENYA :  D:\Work\ARYA-WMS-SHOPPIE\ANG19\wmshopee\.angular\prerender-root\820b4667-4271-44ec-ac4f-ad36c7a76e16\data\admdb.sqlite
[2025-08-11 11:32:59] INFO: INI ALAMAT TABLENYA :  D:\Work\ARYA-WMS-SHOPPIE\ANG19\wmshopee\.angular\prerender-root\f51d9592-a239-4832-b362-87289d54c8fb\data\admdb.sqlite
[2025-08-11 11:32:59] INFO: INI ALAMAT TABLENYA :  D:\Work\ARYA-WMS-SHOPPIE\ANG19\wmshopee\.angular\prerender-root\a8f5fc7e-d833-45e7-84d4-45ec3df7bb86\data\admdb.sqlite
[2025-08-11 11:32:59] INFO: INI ALAMAT TABLENYA :  D:\Work\ARYA-WMS-SHOPPIE\ANG19\wmshopee\.angular\prerender-root\5d2d140d-66f5-450e-ad43-81cf6f3f3927\data\admdb.sqlite
[2025-08-11 11:34:03] INFO: INI ALAMAT TABLENYA :  D:\Work\ARYA-WMS-SHOPPIE\ANG19\wmshopee\.angular\prerender-root\c3aa8ff6-2de9-4d50-9fe4-43215a2f6e2a\data\admdb.sqlite
[2025-08-11 11:34:05] INFO: INI ALAMAT TABLENYA :  D:\Work\ARYA-WMS-SHOPPIE\ANG19\wmshopee\.angular\prerender-root\996bf662-1b0c-4d7a-b90f-2e31ec18288c\data\admdb.sqlite
[2025-08-11 11:34:05] INFO: INI ALAMAT TABLENYA :  D:\Work\ARYA-WMS-SHOPPIE\ANG19\wmshopee\.angular\prerender-root\4039483d-36d0-4e3f-99a3-c1256f735fe3\data\admdb.sqlite
[2025-08-11 11:34:05] INFO: INI ALAMAT TABLENYA :  D:\Work\ARYA-WMS-SHOPPIE\ANG19\wmshopee\.angular\prerender-root\fdcd6e7b-292f-496c-aac7-395c2bedbe33\data\admdb.sqlite
[2025-08-11 11:34:05] INFO: INI ALAMAT TABLENYA :  D:\Work\ARYA-WMS-SHOPPIE\ANG19\wmshopee\.angular\prerender-root\1654a91f-c140-4fcd-9ac5-d2d31fea42eb\data\admdb.sqlite
[2025-08-11 11:34:19] INFO: INI ALAMAT TABLENYA :  D:\Work\ARYA-WMS-SHOPPIE\ANG19\wmshopee\dist\wmshopee\server\data\admdb.sqlite
[2025-08-11 11:34:40] INFO: ✅ Sudah di List  328
[2025-08-11 11:44:17] INFO: INI ALAMAT TABLENYA :  D:\Work\ARYA-WMS-SHOPPIE\ANG19\wmshopee\.angular\prerender-root\e41fd747-9a20-4047-abe3-8c4f4bbddda5\data\admdb.sqlite
[2025-08-11 11:44:18] INFO: INI ALAMAT TABLENYA :  D:\Work\ARYA-WMS-SHOPPIE\ANG19\wmshopee\.angular\prerender-root\cec38cdc-6e42-4540-84a5-d652babb5489\data\admdb.sqlite
[2025-08-11 11:44:18] INFO: INI ALAMAT TABLENYA :  D:\Work\ARYA-WMS-SHOPPIE\ANG19\wmshopee\.angular\prerender-root\208be08b-1485-4600-a8ab-b60860871154\data\admdb.sqlite
[2025-08-11 11:44:18] INFO: INI ALAMAT TABLENYA :  D:\Work\ARYA-WMS-SHOPPIE\ANG19\wmshopee\.angular\prerender-root\047567c0-faf1-4e47-a44f-1956873cff45\data\admdb.sqlite
[2025-08-11 11:44:18] INFO: INI ALAMAT TABLENYA :  D:\Work\ARYA-WMS-SHOPPIE\ANG19\wmshopee\.angular\prerender-root\92d50fc7-92dd-4f85-87db-5d46ad720fc8\data\admdb.sqlite
[2025-08-11 11:49:38] INFO: INI ALAMAT TABLENYA :  D:\Work\ARYA-WMS-SHOPPIE\ANG19\wmshopee\.angular\prerender-root\535dfa26-9bd0-4fd8-9895-ec9c8c2af7fe\data\admdb.sqlite
[2025-08-11 11:49:39] INFO: INI ALAMAT TABLENYA :  D:\Work\ARYA-WMS-SHOPPIE\ANG19\wmshopee\.angular\prerender-root\d9356b2f-469a-4e1e-a73f-b70512f378f8\data\admdb.sqlite
[2025-08-11 11:49:39] INFO: INI ALAMAT TABLENYA :  D:\Work\ARYA-WMS-SHOPPIE\ANG19\wmshopee\.angular\prerender-root\a96edb67-8289-4207-bb7a-1997cbf95f4a\data\admdb.sqlite
[2025-08-11 11:49:39] INFO: INI ALAMAT TABLENYA :  D:\Work\ARYA-WMS-SHOPPIE\ANG19\wmshopee\.angular\prerender-root\4ce15e4a-b681-4631-8ea8-2b7f10cbaba6\data\admdb.sqlite
[2025-08-11 11:49:39] INFO: INI ALAMAT TABLENYA :  D:\Work\ARYA-WMS-SHOPPIE\ANG19\wmshopee\.angular\prerender-root\9463bc45-43b4-4f9d-9b00-1d1ab0923f62\data\admdb.sqlite
[2025-08-11 11:49:45] INFO: INI ALAMAT TABLENYA :  D:\Work\ARYA-WMS-SHOPPIE\ANG19\wmshopee\dist\wmshopee\server\data\admdb.sqlite
[2025-08-11 11:50:26] INFO: INI ALAMAT TABLENYA :  D:\Work\ARYA-WMS-SHOPPIE\ANG19\wmshopee\.angular\prerender-root\29bc8d8b-2a07-409f-8cb0-84e91271972f\data\admdb.sqlite
[2025-08-11 11:50:28] INFO: INI ALAMAT TABLENYA :  D:\Work\ARYA-WMS-SHOPPIE\ANG19\wmshopee\.angular\prerender-root\29dc3280-d85d-462a-ae1e-f68d9bfd3839\data\admdb.sqlite
[2025-08-11 11:50:28] INFO: INI ALAMAT TABLENYA :  D:\Work\ARYA-WMS-SHOPPIE\ANG19\wmshopee\.angular\prerender-root\3a69ac18-2156-4142-8066-ce962b7ed02b\data\admdb.sqlite
[2025-08-11 11:50:28] INFO: INI ALAMAT TABLENYA :  D:\Work\ARYA-WMS-SHOPPIE\ANG19\wmshopee\.angular\prerender-root\95c19e70-e6d7-453b-81c4-c95b8c9bb6df\data\admdb.sqlite
[2025-08-11 11:50:28] INFO: INI ALAMAT TABLENYA :  D:\Work\ARYA-WMS-SHOPPIE\ANG19\wmshopee\.angular\prerender-root\05118575-f9e7-4973-9657-a23e1f66382b\data\admdb.sqlite
[2025-08-11 11:50:37] INFO: INI ALAMAT TABLENYA :  D:\Work\ARYA-WMS-SHOPPIE\ANG19\wmshopee\dist\wmshopee\server\data\admdb.sqlite
[2025-08-11 11:58:59] INFO: INI ALAMAT TABLENYA :  D:\Work\ARYA-WMS-SHOPPIE\ANG19\wmshopee\.angular\prerender-root\8e0480ea-51fb-4a34-b268-6464466c5f19\data\admdb.sqlite
[2025-08-11 11:59:01] INFO: INI ALAMAT TABLENYA :  D:\Work\ARYA-WMS-SHOPPIE\ANG19\wmshopee\.angular\prerender-root\dfea6118-9697-4408-aff8-22f7a5ecff03\data\admdb.sqlite
[2025-08-11 11:59:01] INFO: INI ALAMAT TABLENYA :  D:\Work\ARYA-WMS-SHOPPIE\ANG19\wmshopee\.angular\prerender-root\85feaa6c-d36e-4502-9c5d-f509995bc304\data\admdb.sqlite
[2025-08-11 11:59:01] INFO: INI ALAMAT TABLENYA :  D:\Work\ARYA-WMS-SHOPPIE\ANG19\wmshopee\.angular\prerender-root\0d058c61-511f-480d-acef-7699c2c957c4\data\admdb.sqlite
[2025-08-11 11:59:01] INFO: INI ALAMAT TABLENYA :  D:\Work\ARYA-WMS-SHOPPIE\ANG19\wmshopee\.angular\prerender-root\07ff9be3-3f8a-4e71-9af8-f25fa8f20b1b\data\admdb.sqlite
[2025-08-11 11:59:09] INFO: INI ALAMAT TABLENYA :  D:\Work\ARYA-WMS-SHOPPIE\ANG19\wmshopee\dist\wmshopee\server\data\admdb.sqlite
[2025-08-11 11:59:38] INFO: ✅ Sudah di List  348
[2025-08-11 12:01:02] INFO: INI ALAMAT TABLENYA :  D:\Work\ARYA-WMS-SHOPPIE\ANG19\wmshopee\.angular\prerender-root\f029431b-a6ef-49b1-ab68-08b6ab7bee28\data\admdb.sqlite
[2025-08-11 12:01:04] INFO: INI ALAMAT TABLENYA :  D:\Work\ARYA-WMS-SHOPPIE\ANG19\wmshopee\.angular\prerender-root\6c42e21d-c31d-4795-b2f3-231dbbd948a6\data\admdb.sqlite
[2025-08-11 12:01:04] INFO: INI ALAMAT TABLENYA :  D:\Work\ARYA-WMS-SHOPPIE\ANG19\wmshopee\.angular\prerender-root\76466cd5-5678-4496-b38c-09c1ccf31d87\data\admdb.sqlite
[2025-08-11 12:01:04] INFO: INI ALAMAT TABLENYA :  D:\Work\ARYA-WMS-SHOPPIE\ANG19\wmshopee\.angular\prerender-root\7eb84df3-3fe0-43c9-b3f4-c1794354b900\data\admdb.sqlite
[2025-08-11 12:01:04] INFO: INI ALAMAT TABLENYA :  D:\Work\ARYA-WMS-SHOPPIE\ANG19\wmshopee\.angular\prerender-root\da93649b-4c78-4b60-8e5e-e17d1087d08a\data\admdb.sqlite
[2025-08-11 12:01:24] INFO: INI ALAMAT TABLENYA :  D:\Work\ARYA-WMS-SHOPPIE\ANG19\wmshopee\.angular\prerender-root\a002527c-46ea-42f7-9029-63261b9b01f4\data\admdb.sqlite
[2025-08-11 12:01:26] INFO: INI ALAMAT TABLENYA :  D:\Work\ARYA-WMS-SHOPPIE\ANG19\wmshopee\.angular\prerender-root\604891b1-9710-4c2c-b5dc-2e24930c379e\data\admdb.sqlite
[2025-08-11 12:01:26] INFO: INI ALAMAT TABLENYA :  D:\Work\ARYA-WMS-SHOPPIE\ANG19\wmshopee\.angular\prerender-root\becfda98-8036-48d1-8231-1961dc026d81\data\admdb.sqlite
[2025-08-11 12:01:26] INFO: INI ALAMAT TABLENYA :  D:\Work\ARYA-WMS-SHOPPIE\ANG19\wmshopee\.angular\prerender-root\6b87f47b-bba4-42c2-b7ef-4c2b31a16b97\data\admdb.sqlite
[2025-08-11 12:01:26] INFO: INI ALAMAT TABLENYA :  D:\Work\ARYA-WMS-SHOPPIE\ANG19\wmshopee\.angular\prerender-root\d1a0e667-5587-4682-9547-0a33b338751f\data\admdb.sqlite
[2025-08-11 12:01:35] INFO: INI ALAMAT TABLENYA :  D:\Work\ARYA-WMS-SHOPPIE\ANG19\wmshopee\dist\wmshopee\server\data\admdb.sqlite
[2025-08-11 12:01:49] INFO: ✅ Sudah di List  350
[2025-08-11 12:03:36] INFO: INI ALAMAT TABLENYA :  D:\Work\ARYA-WMS-SHOPPIE\ANG19\wmshopee\.angular\prerender-root\3bcb8a90-397b-4919-8126-bda501ce16bf\data\admdb.sqlite
[2025-08-11 12:03:38] INFO: INI ALAMAT TABLENYA :  D:\Work\ARYA-WMS-SHOPPIE\ANG19\wmshopee\.angular\prerender-root\4f446382-c9a1-49cd-a8f2-dcb6aeb8d29d\data\admdb.sqlite
[2025-08-11 12:03:38] INFO: INI ALAMAT TABLENYA :  D:\Work\ARYA-WMS-SHOPPIE\ANG19\wmshopee\.angular\prerender-root\147034be-e50d-4895-90e6-2a3c20c2eba0\data\admdb.sqlite
[2025-08-11 12:03:38] INFO: INI ALAMAT TABLENYA :  D:\Work\ARYA-WMS-SHOPPIE\ANG19\wmshopee\.angular\prerender-root\38718779-add8-4974-bc82-5ffb986cc1d4\data\admdb.sqlite
[2025-08-11 12:03:38] INFO: INI ALAMAT TABLENYA :  D:\Work\ARYA-WMS-SHOPPIE\ANG19\wmshopee\.angular\prerender-root\dc94e387-abb9-481e-aa6f-d8607cc64cea\data\admdb.sqlite
[2025-08-11 12:03:46] INFO: INI ALAMAT TABLENYA :  D:\Work\ARYA-WMS-SHOPPIE\ANG19\wmshopee\dist\wmshopee\server\data\admdb.sqlite
[2025-08-11 12:04:01] INFO: ✅ Sudah di List  352
[2025-08-11 12:05:58] INFO: INI ALAMAT TABLENYA :  D:\Work\ARYA-WMS-SHOPPIE\ANG19\wmshopee\.angular\prerender-root\84008f71-9dfd-4942-bc15-49f97abb5bab\data\admdb.sqlite
[2025-08-11 12:05:59] INFO: INI ALAMAT TABLENYA :  D:\Work\ARYA-WMS-SHOPPIE\ANG19\wmshopee\.angular\prerender-root\0aea7f14-bff0-4ece-aeb5-9e0f21cbc5f9\data\admdb.sqlite
[2025-08-11 12:05:59] INFO: INI ALAMAT TABLENYA :  D:\Work\ARYA-WMS-SHOPPIE\ANG19\wmshopee\.angular\prerender-root\50961033-01c4-4c04-b266-8501740575f5\data\admdb.sqlite
[2025-08-11 12:05:59] INFO: INI ALAMAT TABLENYA :  D:\Work\ARYA-WMS-SHOPPIE\ANG19\wmshopee\.angular\prerender-root\15210823-c495-4775-b7aa-53a53e77ec2f\data\admdb.sqlite
[2025-08-11 12:05:59] INFO: INI ALAMAT TABLENYA :  D:\Work\ARYA-WMS-SHOPPIE\ANG19\wmshopee\.angular\prerender-root\092cbcb8-8fc6-4eab-b7af-35812b3fdf2e\data\admdb.sqlite
[2025-08-11 12:06:08] INFO: INI ALAMAT TABLENYA :  D:\Work\ARYA-WMS-SHOPPIE\ANG19\wmshopee\dist\wmshopee\server\data\admdb.sqlite
[2025-08-11 12:06:19] INFO: ✅ Sudah di List  353
[2025-08-11 12:10:54] INFO: INI ALAMAT TABLENYA :  D:\Work\ARYA-WMS-SHOPPIE\ANG19\wmshopee\.angular\prerender-root\2d7fe9ca-3556-441f-a37c-487fa7b4f852\data\admdb.sqlite
[2025-08-11 12:10:56] INFO: INI ALAMAT TABLENYA :  D:\Work\ARYA-WMS-SHOPPIE\ANG19\wmshopee\.angular\prerender-root\1a53dac6-714f-485a-937d-b496ddb744d8\data\admdb.sqlite
[2025-08-11 12:10:56] INFO: INI ALAMAT TABLENYA :  D:\Work\ARYA-WMS-SHOPPIE\ANG19\wmshopee\.angular\prerender-root\14989d6a-db77-4a8d-a601-20c29f0f5fe3\data\admdb.sqlite
[2025-08-11 12:10:56] INFO: INI ALAMAT TABLENYA :  D:\Work\ARYA-WMS-SHOPPIE\ANG19\wmshopee\.angular\prerender-root\a99c4a0a-f978-4bf4-8153-866e2a5bc47a\data\admdb.sqlite
[2025-08-11 12:10:56] INFO: INI ALAMAT TABLENYA :  D:\Work\ARYA-WMS-SHOPPIE\ANG19\wmshopee\.angular\prerender-root\740eb528-bd68-478f-a893-a5a3a3a56e7b\data\admdb.sqlite
[2025-08-11 12:11:02] INFO: INI ALAMAT TABLENYA :  D:\Work\ARYA-WMS-SHOPPIE\ANG19\wmshopee\dist\wmshopee\server\data\admdb.sqlite
[2025-08-11 12:11:17] INFO: ✅ Sudah di List  356
[2025-08-11 12:33:20] INFO: INI ALAMAT TABLENYA :  D:\Work\ARYA-WMS-SHOPPIE\ANG19\wmshopee\.angular\prerender-root\dc6ac847-295c-42f3-8094-5e6e78e8b725\data\admdb.sqlite
[2025-08-11 12:33:21] INFO: INI ALAMAT TABLENYA :  D:\Work\ARYA-WMS-SHOPPIE\ANG19\wmshopee\.angular\prerender-root\3e38abcc-073a-455a-8b66-d367f241bf41\data\admdb.sqlite
[2025-08-11 12:33:21] INFO: INI ALAMAT TABLENYA :  D:\Work\ARYA-WMS-SHOPPIE\ANG19\wmshopee\.angular\prerender-root\26cb27ba-026c-41b0-9a13-506e80e9b9a0\data\admdb.sqlite
[2025-08-11 12:33:21] INFO: INI ALAMAT TABLENYA :  D:\Work\ARYA-WMS-SHOPPIE\ANG19\wmshopee\.angular\prerender-root\d23b3e12-708d-4d2d-8736-dc3c202b0718\data\admdb.sqlite
[2025-08-11 12:33:21] INFO: INI ALAMAT TABLENYA :  D:\Work\ARYA-WMS-SHOPPIE\ANG19\wmshopee\.angular\prerender-root\dc677d9b-137e-4205-a760-a481da9e8092\data\admdb.sqlite
[2025-08-11 12:33:41] INFO: INI ALAMAT TABLENYA :  D:\Work\ARYA-WMS-SHOPPIE\ANG19\wmshopee\.angular\prerender-root\7171f24a-704f-4ce4-a48e-f5fc0a8b4c35\data\admdb.sqlite
[2025-08-11 12:33:42] INFO: INI ALAMAT TABLENYA :  D:\Work\ARYA-WMS-SHOPPIE\ANG19\wmshopee\.angular\prerender-root\6d24b632-60f6-4743-871e-9689cac588ae\data\admdb.sqlite
[2025-08-11 12:33:42] INFO: INI ALAMAT TABLENYA :  D:\Work\ARYA-WMS-SHOPPIE\ANG19\wmshopee\.angular\prerender-root\a653b000-18d5-448e-8765-2f66f4d337ed\data\admdb.sqlite
[2025-08-11 12:33:42] INFO: INI ALAMAT TABLENYA :  D:\Work\ARYA-WMS-SHOPPIE\ANG19\wmshopee\.angular\prerender-root\e3fae903-d0ea-4e1f-9f5e-d47876922ac4\data\admdb.sqlite
[2025-08-11 12:33:42] INFO: INI ALAMAT TABLENYA :  D:\Work\ARYA-WMS-SHOPPIE\ANG19\wmshopee\.angular\prerender-root\b632284d-2aaf-413f-8ad3-f3cf19cd84ce\data\admdb.sqlite
[2025-08-11 12:34:10] INFO: INI ALAMAT TABLENYA :  D:\Work\ARYA-WMS-SHOPPIE\ANG19\wmshopee\dist\wmshopee\server\data\admdb.sqlite
[2025-08-11 12:34:49] INFO: ✅ Sudah di List  384
[2025-08-11 12:34:49] ERROR: Error api.controller :  {}
[2025-08-11 12:35:47] INFO: INI ALAMAT TABLENYA :  D:\Work\ARYA-WMS-SHOPPIE\ANG19\wmshopee\.angular\prerender-root\9512373c-0084-4b9c-b79c-abb8d2fa03e4\data\admdb.sqlite
[2025-08-11 12:35:48] INFO: INI ALAMAT TABLENYA :  D:\Work\ARYA-WMS-SHOPPIE\ANG19\wmshopee\.angular\prerender-root\bb762f30-3c8e-49d0-8b54-558af55e34ad\data\admdb.sqlite
[2025-08-11 12:35:48] INFO: INI ALAMAT TABLENYA :  D:\Work\ARYA-WMS-SHOPPIE\ANG19\wmshopee\.angular\prerender-root\4d385a1d-5257-47eb-b914-7d98af41ef40\data\admdb.sqlite
[2025-08-11 12:35:48] INFO: INI ALAMAT TABLENYA :  D:\Work\ARYA-WMS-SHOPPIE\ANG19\wmshopee\.angular\prerender-root\792183c5-d645-463c-8ddf-7e90029d4faf\data\admdb.sqlite
[2025-08-11 12:35:48] INFO: INI ALAMAT TABLENYA :  D:\Work\ARYA-WMS-SHOPPIE\ANG19\wmshopee\.angular\prerender-root\dc86c353-be6e-4e06-a92e-1effa727609d\data\admdb.sqlite
[2025-08-11 12:35:56] INFO: INI ALAMAT TABLENYA :  D:\Work\ARYA-WMS-SHOPPIE\ANG19\wmshopee\dist\wmshopee\server\data\admdb.sqlite
[2025-08-11 12:36:17] INFO: ✅ Sudah di List  385
[2025-08-11 12:44:39] INFO: INI ALAMAT TABLENYA :  D:\Work\ARYA-WMS-SHOPPIE\ANG19\wmshopee\.angular\prerender-root\33db9aee-3e19-43cb-aec3-5d0bc96d95e8\data\admdb.sqlite
[2025-08-11 12:44:41] INFO: INI ALAMAT TABLENYA :  D:\Work\ARYA-WMS-SHOPPIE\ANG19\wmshopee\.angular\prerender-root\79c5357c-c16d-4bdf-b9b8-2b86a2593a1f\data\admdb.sqlite
[2025-08-11 12:44:41] INFO: INI ALAMAT TABLENYA :  D:\Work\ARYA-WMS-SHOPPIE\ANG19\wmshopee\.angular\prerender-root\44b023ef-7986-4247-9394-717d7a61ac81\data\admdb.sqlite
[2025-08-11 12:44:41] INFO: INI ALAMAT TABLENYA :  D:\Work\ARYA-WMS-SHOPPIE\ANG19\wmshopee\.angular\prerender-root\72ac4392-0870-4313-9d78-66422ba8168f\data\admdb.sqlite
[2025-08-11 12:44:41] INFO: INI ALAMAT TABLENYA :  D:\Work\ARYA-WMS-SHOPPIE\ANG19\wmshopee\.angular\prerender-root\57c3c674-4e22-48e8-8b72-71a59d5eda94\data\admdb.sqlite
[2025-08-11 12:44:47] INFO: INI ALAMAT TABLENYA :  D:\Work\ARYA-WMS-SHOPPIE\ANG19\wmshopee\dist\wmshopee\server\data\admdb.sqlite
[2025-08-11 12:45:13] INFO: ✅ Sudah di List  398
[2025-08-11 12:45:30] ERROR: Error api.controller :  {"code":"SQLITE_ERROR"}
[2025-08-11 13:08:38] INFO: INI ALAMAT TABLENYA :  D:\Work\ARYA-WMS-SHOPPIE\ANG19\wmshopee\.angular\prerender-root\c74d2885-8df8-4ce4-b381-84801175e3e1\data\admdb.sqlite
[2025-08-11 13:08:40] INFO: INI ALAMAT TABLENYA :  D:\Work\ARYA-WMS-SHOPPIE\ANG19\wmshopee\.angular\prerender-root\8622415c-21c6-4d13-8ffc-e1b57f480230\data\admdb.sqlite
[2025-08-11 13:08:40] INFO: INI ALAMAT TABLENYA :  D:\Work\ARYA-WMS-SHOPPIE\ANG19\wmshopee\.angular\prerender-root\e7d6ac6c-ca3b-4cb4-95ce-bcb7ea5a879d\data\admdb.sqlite
[2025-08-11 13:08:40] INFO: INI ALAMAT TABLENYA :  D:\Work\ARYA-WMS-SHOPPIE\ANG19\wmshopee\.angular\prerender-root\f424630a-8d92-4ecd-a9d0-57b8f0b831e1\data\admdb.sqlite
[2025-08-11 13:08:40] INFO: INI ALAMAT TABLENYA :  D:\Work\ARYA-WMS-SHOPPIE\ANG19\wmshopee\.angular\prerender-root\1ad74866-2d10-435d-8da1-77f487484805\data\admdb.sqlite
[2025-08-11 13:08:48] INFO: INI ALAMAT TABLENYA :  D:\Work\ARYA-WMS-SHOPPIE\ANG19\wmshopee\dist\wmshopee\server\data\admdb.sqlite
[2025-08-11 13:09:16] INFO: ✅ Sudah di List  423
[2025-08-11 13:09:33] ERROR: Error api.controller :  {}
[2025-08-11 13:16:06] INFO: INI ALAMAT TABLENYA :  D:\Work\ARYA-WMS-SHOPPIE\ANG19\wmshopee\.angular\prerender-root\7d7280d0-9f46-4623-aa78-ba8e732f68e8\data\admdb.sqlite
[2025-08-11 13:16:08] INFO: INI ALAMAT TABLENYA :  D:\Work\ARYA-WMS-SHOPPIE\ANG19\wmshopee\.angular\prerender-root\b8b2eb10-e76f-4715-adbe-b3eb835f0b0c\data\admdb.sqlite
[2025-08-11 13:16:08] INFO: INI ALAMAT TABLENYA :  D:\Work\ARYA-WMS-SHOPPIE\ANG19\wmshopee\.angular\prerender-root\fb6ba805-4fd2-4a4f-9326-467759ae7b6c\data\admdb.sqlite
[2025-08-11 13:16:08] INFO: INI ALAMAT TABLENYA :  D:\Work\ARYA-WMS-SHOPPIE\ANG19\wmshopee\.angular\prerender-root\e46f971d-e1ca-4f6e-bb41-9f631d212995\data\admdb.sqlite
[2025-08-11 13:16:08] INFO: INI ALAMAT TABLENYA :  D:\Work\ARYA-WMS-SHOPPIE\ANG19\wmshopee\.angular\prerender-root\b1e6888d-1afe-40ce-80c4-38ed75c6a26e\data\admdb.sqlite
[2025-08-11 13:16:15] INFO: INI ALAMAT TABLENYA :  D:\Work\ARYA-WMS-SHOPPIE\ANG19\wmshopee\dist\wmshopee\server\data\admdb.sqlite
[2025-08-11 13:16:40] INFO: ✅ Sudah di List  432
[2025-08-11 13:24:13] INFO: INI ALAMAT TABLENYA :  D:\Work\ARYA-WMS-SHOPPIE\ANG19\wmshopee\.angular\prerender-root\b2fcbca6-0022-45d8-8d7c-d007a294d729\data\admdb.sqlite
[2025-08-11 13:24:15] INFO: INI ALAMAT TABLENYA :  D:\Work\ARYA-WMS-SHOPPIE\ANG19\wmshopee\.angular\prerender-root\2ca8df3c-49c1-48f0-b504-89ef193f7eb7\data\admdb.sqlite
[2025-08-11 13:24:15] INFO: INI ALAMAT TABLENYA :  D:\Work\ARYA-WMS-SHOPPIE\ANG19\wmshopee\.angular\prerender-root\ce7402b8-201f-4f13-8bdd-07284aaed6f4\data\admdb.sqlite
[2025-08-11 13:24:15] INFO: INI ALAMAT TABLENYA :  D:\Work\ARYA-WMS-SHOPPIE\ANG19\wmshopee\.angular\prerender-root\5401b720-0563-4187-945c-61f4655494d2\data\admdb.sqlite
[2025-08-11 13:24:15] INFO: INI ALAMAT TABLENYA :  D:\Work\ARYA-WMS-SHOPPIE\ANG19\wmshopee\.angular\prerender-root\943c7ffd-0630-4ff8-bc47-35695688d33b\data\admdb.sqlite
[2025-08-11 13:24:21] INFO: INI ALAMAT TABLENYA :  D:\Work\ARYA-WMS-SHOPPIE\ANG19\wmshopee\dist\wmshopee\server\data\admdb.sqlite
[2025-08-11 13:28:39] INFO: INI ALAMAT TABLENYA :  D:\Work\ARYA-WMS-SHOPPIE\ANG19\wmshopee\.angular\prerender-root\40b04f3b-2e4b-43b1-9fe0-60bbfa101762\data\admdb.sqlite
[2025-08-11 13:28:41] INFO: INI ALAMAT TABLENYA :  D:\Work\ARYA-WMS-SHOPPIE\ANG19\wmshopee\.angular\prerender-root\817b6f16-f725-4fe9-bfb0-709ec29e49f2\data\admdb.sqlite
[2025-08-11 13:28:41] INFO: INI ALAMAT TABLENYA :  D:\Work\ARYA-WMS-SHOPPIE\ANG19\wmshopee\.angular\prerender-root\8777023e-3078-4e54-ae82-0ef469b9933a\data\admdb.sqlite
[2025-08-11 13:28:41] INFO: INI ALAMAT TABLENYA :  D:\Work\ARYA-WMS-SHOPPIE\ANG19\wmshopee\.angular\prerender-root\ef2f79e3-be09-4416-b6f3-0a9dea46ecce\data\admdb.sqlite
[2025-08-11 13:28:41] INFO: INI ALAMAT TABLENYA :  D:\Work\ARYA-WMS-SHOPPIE\ANG19\wmshopee\.angular\prerender-root\c32c6962-bb48-42b4-bfda-66cbf86099e0\data\admdb.sqlite
[2025-08-11 13:28:50] INFO: INI ALAMAT TABLENYA :  D:\Work\ARYA-WMS-SHOPPIE\ANG19\wmshopee\dist\wmshopee\server\data\admdb.sqlite
[2025-08-11 13:33:08] INFO: INI ALAMAT TABLENYA :  D:\Work\ARYA-WMS-SHOPPIE\ANG19\wmshopee\.angular\prerender-root\7d889efb-3db2-4844-a231-ff5442adca97\data\admdb.sqlite
[2025-08-11 13:33:10] INFO: INI ALAMAT TABLENYA :  D:\Work\ARYA-WMS-SHOPPIE\ANG19\wmshopee\.angular\prerender-root\f2127977-b349-4dca-a698-f46e870fbf18\data\admdb.sqlite
[2025-08-11 13:33:10] INFO: INI ALAMAT TABLENYA :  D:\Work\ARYA-WMS-SHOPPIE\ANG19\wmshopee\.angular\prerender-root\8b7fb2cd-ecc1-4b74-8e8f-186695159253\data\admdb.sqlite
[2025-08-11 13:33:10] INFO: INI ALAMAT TABLENYA :  D:\Work\ARYA-WMS-SHOPPIE\ANG19\wmshopee\.angular\prerender-root\f44d7233-1a67-4ce1-8dea-4b3b9b04c04c\data\admdb.sqlite
[2025-08-11 13:33:10] INFO: INI ALAMAT TABLENYA :  D:\Work\ARYA-WMS-SHOPPIE\ANG19\wmshopee\.angular\prerender-root\77eb13e5-7352-4ac0-ac30-c7b02e505215\data\admdb.sqlite
[2025-08-11 13:33:16] INFO: INI ALAMAT TABLENYA :  D:\Work\ARYA-WMS-SHOPPIE\ANG19\wmshopee\dist\wmshopee\server\data\admdb.sqlite
[2025-08-11 13:33:30] INFO: ✅ Sudah di List  7
[2025-08-11 13:36:00] INFO: INI ALAMAT TABLENYA :  D:\Work\ARYA-WMS-SHOPPIE\ANG19\wmshopee\.angular\prerender-root\58ec5206-5bee-40ab-851b-0f7ae3ad9852\data\admdb.sqlite
[2025-08-11 13:36:01] INFO: INI ALAMAT TABLENYA :  D:\Work\ARYA-WMS-SHOPPIE\ANG19\wmshopee\.angular\prerender-root\0334201d-5d6b-4334-a184-3b1123b46ee9\data\admdb.sqlite
[2025-08-11 13:36:01] INFO: INI ALAMAT TABLENYA :  D:\Work\ARYA-WMS-SHOPPIE\ANG19\wmshopee\.angular\prerender-root\9fb04415-c7e6-4bc6-8cba-00ab30b07dba\data\admdb.sqlite
[2025-08-11 13:36:01] INFO: INI ALAMAT TABLENYA :  D:\Work\ARYA-WMS-SHOPPIE\ANG19\wmshopee\.angular\prerender-root\d6e8f9e0-fd44-4a7e-bf9f-828cf7bc6278\data\admdb.sqlite
[2025-08-11 13:36:01] INFO: INI ALAMAT TABLENYA :  D:\Work\ARYA-WMS-SHOPPIE\ANG19\wmshopee\.angular\prerender-root\763389de-f5b8-4cdd-bdc1-acdf3a885b72\data\admdb.sqlite
[2025-08-11 13:36:08] INFO: INI ALAMAT TABLENYA :  D:\Work\ARYA-WMS-SHOPPIE\ANG19\wmshopee\dist\wmshopee\server\data\admdb.sqlite
[2025-08-11 13:40:43] INFO: INI ALAMAT TABLENYA :  D:\Work\ARYA-WMS-SHOPPIE\ANG19\wmshopee\.angular\prerender-root\06eab555-43fb-483b-8163-22e6256843e8\data\admdb.sqlite
[2025-08-11 13:40:45] INFO: INI ALAMAT TABLENYA :  D:\Work\ARYA-WMS-SHOPPIE\ANG19\wmshopee\.angular\prerender-root\87ac7b15-2520-4c57-9f39-51a450cb2028\data\admdb.sqlite
[2025-08-11 13:40:45] INFO: INI ALAMAT TABLENYA :  D:\Work\ARYA-WMS-SHOPPIE\ANG19\wmshopee\.angular\prerender-root\e7ed1b09-e800-441d-b5e2-883991c1849b\data\admdb.sqlite
[2025-08-11 13:40:45] INFO: INI ALAMAT TABLENYA :  D:\Work\ARYA-WMS-SHOPPIE\ANG19\wmshopee\.angular\prerender-root\249451af-4fdb-444c-aa32-a7a00e7adc8f\data\admdb.sqlite
[2025-08-11 13:40:45] INFO: INI ALAMAT TABLENYA :  D:\Work\ARYA-WMS-SHOPPIE\ANG19\wmshopee\.angular\prerender-root\967949f9-e4ae-4e8e-a732-449d3e31032a\data\admdb.sqlite
[2025-08-11 15:45:58] INFO: INI ALAMAT TABLENYA :  D:\Work\ARYA-WMS-SHOPPIE\ANG19\wmshopee\.angular\prerender-root\db69152b-8605-4ddb-a249-736eb0e47fee\data\admdb.sqlite
[2025-08-11 15:46:01] INFO: INI ALAMAT TABLENYA :  D:\Work\ARYA-WMS-SHOPPIE\ANG19\wmshopee\.angular\prerender-root\dfa61c82-faa1-46c8-b4f2-d6d768577170\data\admdb.sqlite
[2025-08-11 15:46:01] INFO: INI ALAMAT TABLENYA :  D:\Work\ARYA-WMS-SHOPPIE\ANG19\wmshopee\.angular\prerender-root\7ca4d55b-1a8d-4507-9d4d-a6ef79bc8140\data\admdb.sqlite
[2025-08-11 15:46:01] INFO: INI ALAMAT TABLENYA :  D:\Work\ARYA-WMS-SHOPPIE\ANG19\wmshopee\.angular\prerender-root\b94575e0-6d62-4d62-a1ca-b39150b192f1\data\admdb.sqlite
[2025-08-11 15:46:01] INFO: INI ALAMAT TABLENYA :  D:\Work\ARYA-WMS-SHOPPIE\ANG19\wmshopee\.angular\prerender-root\8bf07735-60c4-43a2-a361-db020aaa3b29\data\admdb.sqlite
[2025-08-11 15:46:20] INFO: INI ALAMAT TABLENYA :  D:\Work\ARYA-WMS-SHOPPIE\ANG19\wmshopee\dist\wmshopee\server\data\admdb.sqlite
[2025-08-11 15:46:33] INFO: Update data token : 
[2025-08-11 15:46:33] INFO: Update data token : 
[2025-08-11 15:49:42] INFO: INI ALAMAT TABLENYA :  D:\Work\ARYA-WMS-SHOPPIE\ANG19\wmshopee\.angular\prerender-root\c3616079-d09d-4411-bd5a-6251ec6f7779\data\admdb.sqlite
[2025-08-11 15:49:44] INFO: INI ALAMAT TABLENYA :  D:\Work\ARYA-WMS-SHOPPIE\ANG19\wmshopee\.angular\prerender-root\8e5dfee3-f550-44aa-939d-2e3cecdbbbaa\data\admdb.sqlite
[2025-08-11 15:49:44] INFO: INI ALAMAT TABLENYA :  D:\Work\ARYA-WMS-SHOPPIE\ANG19\wmshopee\.angular\prerender-root\fd6bc413-e148-455c-90a8-20837b1d922d\data\admdb.sqlite
[2025-08-11 15:49:44] INFO: INI ALAMAT TABLENYA :  D:\Work\ARYA-WMS-SHOPPIE\ANG19\wmshopee\.angular\prerender-root\e4fa8c76-dbcd-4dc3-bfba-a432557a58b4\data\admdb.sqlite
[2025-08-11 15:49:44] INFO: INI ALAMAT TABLENYA :  D:\Work\ARYA-WMS-SHOPPIE\ANG19\wmshopee\.angular\prerender-root\6947d3ae-7a47-479e-87d4-866c11e40acb\data\admdb.sqlite
[2025-08-11 15:50:00] INFO: INI ALAMAT TABLENYA :  D:\Work\ARYA-WMS-SHOPPIE\ANG19\wmshopee\dist\wmshopee\server\data\admdb.sqlite
[2025-08-11 15:50:06] INFO: Update data token : 
[2025-08-11 15:50:06] INFO: Update data token : 
[2025-08-11 15:50:23] INFO: ✅ Sudah di List  97
[2025-08-11 15:50:59] INFO: INI ALAMAT TABLENYA :  D:\Work\ARYA-WMS-SHOPPIE\ANG19\wmshopee\.angular\prerender-root\9de47ff0-d67d-4e64-8ce7-63d8e908f241\data\admdb.sqlite
[2025-08-11 15:51:01] INFO: INI ALAMAT TABLENYA :  D:\Work\ARYA-WMS-SHOPPIE\ANG19\wmshopee\.angular\prerender-root\68ad1403-1e72-4b44-b782-e98187d8ba02\data\admdb.sqlite
[2025-08-11 15:51:01] INFO: INI ALAMAT TABLENYA :  D:\Work\ARYA-WMS-SHOPPIE\ANG19\wmshopee\.angular\prerender-root\b03f27c7-0f2f-41c8-80ef-61b189fd5084\data\admdb.sqlite
[2025-08-11 15:51:01] INFO: INI ALAMAT TABLENYA :  D:\Work\ARYA-WMS-SHOPPIE\ANG19\wmshopee\.angular\prerender-root\eb9559fb-845a-4efe-8201-906ad5e66169\data\admdb.sqlite
[2025-08-11 15:51:01] INFO: INI ALAMAT TABLENYA :  D:\Work\ARYA-WMS-SHOPPIE\ANG19\wmshopee\.angular\prerender-root\a4d3260a-a923-4cde-8be4-3c04caacee23\data\admdb.sqlite
[2025-08-11 15:51:10] INFO: INI ALAMAT TABLENYA :  D:\Work\ARYA-WMS-SHOPPIE\ANG19\wmshopee\dist\wmshopee\server\data\admdb.sqlite
[2025-08-11 15:51:12] INFO: Update data token : 
[2025-08-11 15:51:12] INFO: Update data token : 
[2025-08-11 15:51:27] INFO: ✅ Sudah di List  98
[2025-08-11 17:12:00] INFO: INI ALAMAT TABLENYA :  D:\Work\ARYA-WMS-SHOPPIE\ANG19\wmshopee\.angular\prerender-root\bf6e655d-03c0-4061-961b-31dbf84a323c\data\admdb.sqlite
[2025-08-11 17:12:05] INFO: INI ALAMAT TABLENYA :  D:\Work\ARYA-WMS-SHOPPIE\ANG19\wmshopee\.angular\prerender-root\d764c773-1977-4991-a232-d4f34e2855ed\data\admdb.sqlite
[2025-08-11 17:12:05] INFO: INI ALAMAT TABLENYA :  D:\Work\ARYA-WMS-SHOPPIE\ANG19\wmshopee\.angular\prerender-root\321941c5-5a69-4e12-ae41-2a0c2a3129a4\data\admdb.sqlite
[2025-08-11 17:12:05] INFO: INI ALAMAT TABLENYA :  D:\Work\ARYA-WMS-SHOPPIE\ANG19\wmshopee\.angular\prerender-root\8375c01f-14e1-492c-ad5a-f151a603da52\data\admdb.sqlite
[2025-08-11 17:12:05] INFO: INI ALAMAT TABLENYA :  D:\Work\ARYA-WMS-SHOPPIE\ANG19\wmshopee\.angular\prerender-root\241ec2c3-fb8f-4006-9682-24edee837b2d\data\admdb.sqlite
[2025-08-11 17:12:17] INFO: INI ALAMAT TABLENYA :  D:\Work\ARYA-WMS-SHOPPIE\ANG19\wmshopee\dist\wmshopee\server\data\admdb.sqlite
[2025-08-11 17:18:17] INFO: INI ALAMAT TABLENYA :  D:\Work\ARYA-WMS-SHOPPIE\ANG19\wmshopee\.angular\prerender-root\d6e69018-af80-4c7a-9557-55e8ce1323df\data\admdb.sqlite
[2025-08-11 17:18:19] INFO: INI ALAMAT TABLENYA :  D:\Work\ARYA-WMS-SHOPPIE\ANG19\wmshopee\.angular\prerender-root\3a3fba69-6d2c-4753-866f-05cc415be321\data\admdb.sqlite
[2025-08-11 17:18:19] INFO: INI ALAMAT TABLENYA :  D:\Work\ARYA-WMS-SHOPPIE\ANG19\wmshopee\.angular\prerender-root\e1d5b42c-2496-4166-9120-00029942938d\data\admdb.sqlite
[2025-08-11 17:18:19] INFO: INI ALAMAT TABLENYA :  D:\Work\ARYA-WMS-SHOPPIE\ANG19\wmshopee\.angular\prerender-root\a69b22ae-4de1-4cf7-a708-54f92881a3b7\data\admdb.sqlite
[2025-08-11 17:18:19] INFO: INI ALAMAT TABLENYA :  D:\Work\ARYA-WMS-SHOPPIE\ANG19\wmshopee\.angular\prerender-root\3d82e281-4564-4328-9564-3872baf25586\data\admdb.sqlite
[2025-08-11 17:18:49] INFO: INI ALAMAT TABLENYA :  D:\Work\ARYA-WMS-SHOPPIE\ANG19\wmshopee\dist\wmshopee\server\data\admdb.sqlite
[2025-08-11 17:22:20] INFO: INI ALAMAT TABLENYA :  D:\Work\ARYA-WMS-SHOPPIE\ANG19\wmshopee\.angular\prerender-root\dd840ab5-67dc-4e2a-aa65-e962f7e189cd\data\admdb.sqlite
[2025-08-11 17:22:23] INFO: INI ALAMAT TABLENYA :  D:\Work\ARYA-WMS-SHOPPIE\ANG19\wmshopee\.angular\prerender-root\b37a4ab7-43e9-42ee-a0aa-5f0a553fa95f\data\admdb.sqlite
[2025-08-11 17:22:23] INFO: INI ALAMAT TABLENYA :  D:\Work\ARYA-WMS-SHOPPIE\ANG19\wmshopee\.angular\prerender-root\851b37a9-5a40-46f0-8336-c933b67af372\data\admdb.sqlite
[2025-08-11 17:22:23] INFO: INI ALAMAT TABLENYA :  D:\Work\ARYA-WMS-SHOPPIE\ANG19\wmshopee\.angular\prerender-root\dac34d70-1c88-460f-9f9d-87167cb30f18\data\admdb.sqlite
[2025-08-11 17:22:23] INFO: INI ALAMAT TABLENYA :  D:\Work\ARYA-WMS-SHOPPIE\ANG19\wmshopee\.angular\prerender-root\c6e5f945-3c4f-4d71-bfb7-70414188ad51\data\admdb.sqlite
[2025-08-11 17:22:33] INFO: INI ALAMAT TABLENYA :  D:\Work\ARYA-WMS-SHOPPIE\ANG19\wmshopee\dist\wmshopee\server\data\admdb.sqlite
[2025-08-11 17:24:33] INFO: INI ALAMAT TABLENYA :  D:\Work\ARYA-WMS-SHOPPIE\ANG19\wmshopee\.angular\prerender-root\15da53b9-ebd8-44ca-8a32-a6552e8c6917\data\admdb.sqlite
[2025-08-11 17:24:34] INFO: INI ALAMAT TABLENYA :  D:\Work\ARYA-WMS-SHOPPIE\ANG19\wmshopee\.angular\prerender-root\6f2ed5cb-0311-46e0-87ca-d730ba87c1e9\data\admdb.sqlite
[2025-08-11 17:24:34] INFO: INI ALAMAT TABLENYA :  D:\Work\ARYA-WMS-SHOPPIE\ANG19\wmshopee\.angular\prerender-root\8df17dbe-4150-4528-bac6-f87f50aa3d5b\data\admdb.sqlite
[2025-08-11 17:24:34] INFO: INI ALAMAT TABLENYA :  D:\Work\ARYA-WMS-SHOPPIE\ANG19\wmshopee\.angular\prerender-root\0a1724ae-8ef1-4306-bdfb-475b595ea273\data\admdb.sqlite
[2025-08-11 17:24:34] INFO: INI ALAMAT TABLENYA :  D:\Work\ARYA-WMS-SHOPPIE\ANG19\wmshopee\.angular\prerender-root\2369dc3a-2951-4fc6-85b9-4a4aff271e17\data\admdb.sqlite
[2025-08-11 17:24:40] INFO: INI ALAMAT TABLENYA :  D:\Work\ARYA-WMS-SHOPPIE\ANG19\wmshopee\dist\wmshopee\server\data\admdb.sqlite
