[2025-08-08 09:22:22] INFO: INI ALAMAT TABLENYA :  D:\Work\ARYA-WMS-SHOPPIE\ANG19\wmshopee\.angular\prerender-root\8e1e752a-b3df-4d8c-bda7-67d7c60134c2\data\admdb.sqlite
[2025-08-08 09:22:28] INFO: INI ALAMAT TABLENYA :  D:\Work\ARYA-WMS-SHOPPIE\ANG19\wmshopee\.angular\prerender-root\8952751f-8bdb-4e00-b9a8-4dbed2d28a31\data\admdb.sqlite
[2025-08-08 09:22:28] INFO: INI ALAMAT TABLENYA :  D:\Work\ARYA-WMS-SHOPPIE\ANG19\wmshopee\.angular\prerender-root\416a3ce3-fbeb-488f-8fc0-7e30e38a9c28\data\admdb.sqlite
[2025-08-08 09:22:28] INFO: INI ALAMAT TABLENYA :  D:\Work\ARYA-WMS-SHOPPIE\ANG19\wmshopee\.angular\prerender-root\f4ae1cf7-c2e9-4edc-9f52-8ccfa85eca55\data\admdb.sqlite
[2025-08-08 09:22:28] INFO: INI ALAMAT TABLENYA :  D:\Work\ARYA-WMS-SHOPPIE\ANG19\wmshopee\.angular\prerender-root\d17a1628-af31-41b6-bcb6-8d3613ca1042\data\admdb.sqlite
[2025-08-08 09:29:02] INFO: INI ALAMAT TABLENYA :  D:\Work\ARYA-WMS-SHOPPIE\ANG19\wmshopee\.angular\prerender-root\8ac1594f-cf47-4259-9ccf-1c2c02a1cd1d\data\admdb.sqlite
[2025-08-08 09:29:03] INFO: INI ALAMAT TABLENYA :  D:\Work\ARYA-WMS-SHOPPIE\ANG19\wmshopee\.angular\prerender-root\bc6b676d-4d03-46e7-8e0a-4e8f6a575ad3\data\admdb.sqlite
[2025-08-08 09:29:03] INFO: INI ALAMAT TABLENYA :  D:\Work\ARYA-WMS-SHOPPIE\ANG19\wmshopee\.angular\prerender-root\1a40e32a-0ed5-4568-92da-2c267f8e5588\data\admdb.sqlite
[2025-08-08 09:29:03] INFO: INI ALAMAT TABLENYA :  D:\Work\ARYA-WMS-SHOPPIE\ANG19\wmshopee\.angular\prerender-root\cf89c11c-afe6-4b04-8e5e-aa9085c1d7d4\data\admdb.sqlite
[2025-08-08 09:29:03] INFO: INI ALAMAT TABLENYA :  D:\Work\ARYA-WMS-SHOPPIE\ANG19\wmshopee\.angular\prerender-root\98eeb946-e647-4cac-bc77-3026a89290d8\data\admdb.sqlite
[2025-08-08 09:29:36] INFO: INI ALAMAT TABLENYA :  D:\Work\ARYA-WMS-SHOPPIE\ANG19\wmshopee\.angular\prerender-root\f1f2f506-8a27-4bf5-af85-609c25a90907\data\admdb.sqlite
[2025-08-08 09:29:37] INFO: INI ALAMAT TABLENYA :  D:\Work\ARYA-WMS-SHOPPIE\ANG19\wmshopee\.angular\prerender-root\4c8f4faf-1266-48c4-b7c0-963c6bc04bc6\data\admdb.sqlite
[2025-08-08 09:29:37] INFO: INI ALAMAT TABLENYA :  D:\Work\ARYA-WMS-SHOPPIE\ANG19\wmshopee\.angular\prerender-root\e8b1c36c-6caf-46a4-afbe-e7adfbcb0af3\data\admdb.sqlite
[2025-08-08 09:29:37] INFO: INI ALAMAT TABLENYA :  D:\Work\ARYA-WMS-SHOPPIE\ANG19\wmshopee\.angular\prerender-root\8d0fb857-3f52-4819-a527-309ad84228a0\data\admdb.sqlite
[2025-08-08 09:29:37] INFO: INI ALAMAT TABLENYA :  D:\Work\ARYA-WMS-SHOPPIE\ANG19\wmshopee\.angular\prerender-root\b825cdd8-4934-4f2c-8985-9067b1f4f92d\data\admdb.sqlite
[2025-08-08 09:30:00] INFO: INI ALAMAT TABLENYA :  D:\Work\ARYA-WMS-SHOPPIE\ANG19\wmshopee\.angular\prerender-root\e3316232-d85a-4557-88a4-cd0506c0a6c4\data\admdb.sqlite
[2025-08-08 09:30:01] INFO: INI ALAMAT TABLENYA :  D:\Work\ARYA-WMS-SHOPPIE\ANG19\wmshopee\.angular\prerender-root\b1da4e6c-52db-46c6-8bb1-f9aae84edfc9\data\admdb.sqlite
[2025-08-08 09:30:01] INFO: INI ALAMAT TABLENYA :  D:\Work\ARYA-WMS-SHOPPIE\ANG19\wmshopee\.angular\prerender-root\191c59f3-3b0d-4e09-a4a9-43cfee88b769\data\admdb.sqlite
[2025-08-08 09:30:01] INFO: INI ALAMAT TABLENYA :  D:\Work\ARYA-WMS-SHOPPIE\ANG19\wmshopee\.angular\prerender-root\80fdd33f-a360-4cab-8fba-6ca52e3ddb61\data\admdb.sqlite
[2025-08-08 09:30:01] INFO: INI ALAMAT TABLENYA :  D:\Work\ARYA-WMS-SHOPPIE\ANG19\wmshopee\.angular\prerender-root\078ba7cc-f400-4173-8d51-82565a7e376e\data\admdb.sqlite
[2025-08-08 09:30:09] INFO: INI ALAMAT TABLENYA :  D:\Work\ARYA-WMS-SHOPPIE\ANG19\wmshopee\dist\wmshopee\server\data\admdb.sqlite
[2025-08-08 09:30:31] INFO: ✅ Shopee get List Error: {"error":"invalid_acceess_token","message":"Invalid access_token, please have a check.","request_id":"e3e3e7f33bd15b97ca62575244b82400"}
[2025-08-08 09:30:31] INFO: ✅ Shopee get List Error: {"error":"invalid_acceess_token","message":"Invalid access_token, please have a check.","request_id":"e3e3e7f33bd15b97e8ec739f3b581500"}
[2025-08-08 09:30:31] INFO: Update data token : 
[2025-08-08 09:30:31] INFO: Update data token : 
[2025-08-08 09:30:58] INFO: ✅ Sudah di List  43
