[2025-08-25 16:50:20] INFO: INI ALAMAT TABLENYA :  D:\Work\ARYA-WMS-SHOPPIE\ANG19\wmshopee\.angular\prerender-root\66264bd6-4e33-4c58-8a78-442c6cf1de1f\data\admdb.sqlite
[2025-08-25 16:50:27] INFO: INI ALAMAT TABLENYA :  D:\Work\ARYA-WMS-SHOPPIE\ANG19\wmshopee\.angular\prerender-root\669fcaa6-d663-49f9-9e11-5085d9179cd2\data\admdb.sqlite
[2025-08-25 16:50:27] INFO: INI ALAMAT TABLENYA :  D:\Work\ARYA-WMS-SHOPPIE\ANG19\wmshopee\.angular\prerender-root\2fac6b53-6c56-49c9-923c-ae8018c3b91e\data\admdb.sqlite
[2025-08-25 16:50:27] INFO: INI ALAMAT TABLENYA :  D:\Work\ARYA-WMS-SHOPPIE\ANG19\wmshopee\.angular\prerender-root\8beb4714-de5a-429c-9463-832ac2f553b8\data\admdb.sqlite
[2025-08-25 16:50:27] INFO: INI ALAMAT TABLENYA :  D:\Work\ARYA-WMS-SHOPPIE\ANG19\wmshopee\.angular\prerender-root\33ff646a-5fd7-4df1-9cea-9033cdc8b080\data\admdb.sqlite
[2025-08-25 16:58:42] INFO: INI ALAMAT TABLENYA :  D:\Work\ARYA-WMS-SHOPPIE\ANG19\wmshopee\dist\wmshopee\server\data\admdb.sqlite
[2025-08-25 17:00:06] INFO: ✅ Shopee refresh on fetchWithAuth Error: {"error":"invalid_acceess_token","message":"Invalid access_token, please have a check.","request_id":"e3e3e7f33d2d9ec7ca0df3cc1ea55100"}
[2025-08-25 17:00:06] INFO: ✅ Shopee refresh on fetchWithAuth Error: {"error":"invalid_acceess_token","message":"Invalid access_token, please have a check.","request_id":"e3e3e7f33d2d9ec806fdce780406e500"}
[2025-08-25 17:00:06] INFO: Update data token : 
[2025-08-25 17:00:06] INFO: Update data token : 
[2025-08-25 17:00:42] INFO: ✅ Sudah di List  60
[2025-08-25 17:00:42] INFO: ✅ package Sudah di List  {"order_sn":"250825QNTGDN31","package_number":"OFG209813712216930"}
[2025-08-25 17:05:59] INFO: INI ALAMAT TABLENYA :  D:\Work\ARYA-WMS-SHOPPIE\ANG19\wmshopee\.angular\prerender-root\329e1db3-5406-4f11-807e-d9a1f1399c51\data\admdb.sqlite
[2025-08-25 17:06:09] INFO: INI ALAMAT TABLENYA :  D:\Work\ARYA-WMS-SHOPPIE\ANG19\wmshopee\.angular\prerender-root\0ec539d5-789d-4f3e-a42d-8e9555bc33fa\data\admdb.sqlite
[2025-08-25 17:06:09] INFO: INI ALAMAT TABLENYA :  D:\Work\ARYA-WMS-SHOPPIE\ANG19\wmshopee\.angular\prerender-root\33cf6719-a505-4ad3-b0b3-7ade9f7b881e\data\admdb.sqlite
[2025-08-25 17:06:09] INFO: INI ALAMAT TABLENYA :  D:\Work\ARYA-WMS-SHOPPIE\ANG19\wmshopee\.angular\prerender-root\311d511e-562c-442d-acf7-a743ffd15037\data\admdb.sqlite
[2025-08-25 17:06:09] INFO: INI ALAMAT TABLENYA :  D:\Work\ARYA-WMS-SHOPPIE\ANG19\wmshopee\.angular\prerender-root\20289f74-4f13-4084-b6af-817e4847fdde\data\admdb.sqlite
[2025-08-25 17:06:29] INFO: INI ALAMAT TABLENYA :  D:\Work\ARYA-WMS-SHOPPIE\ANG19\wmshopee\dist\wmshopee\server\data\admdb.sqlite
[2025-08-25 17:43:48] INFO: INI ALAMAT TABLENYA :  D:\Work\ARYA-WMS-SHOPPIE\ANG19\wmshopee\.angular\prerender-root\cbf0bd83-4e94-43bd-88bc-5db3a095f58a\data\admdb.sqlite
[2025-08-25 17:43:54] INFO: INI ALAMAT TABLENYA :  D:\Work\ARYA-WMS-SHOPPIE\ANG19\wmshopee\.angular\prerender-root\a2d02c7a-8d32-4143-a171-c2dc93607ff6\data\admdb.sqlite
[2025-08-25 17:43:54] INFO: INI ALAMAT TABLENYA :  D:\Work\ARYA-WMS-SHOPPIE\ANG19\wmshopee\.angular\prerender-root\ddcc33d8-2786-4d48-9671-37eefc1f0f6d\data\admdb.sqlite
[2025-08-25 17:43:54] INFO: INI ALAMAT TABLENYA :  D:\Work\ARYA-WMS-SHOPPIE\ANG19\wmshopee\.angular\prerender-root\e05939b9-efbb-4e37-8eea-d5a1f7f34011\data\admdb.sqlite
[2025-08-25 17:43:54] INFO: INI ALAMAT TABLENYA :  D:\Work\ARYA-WMS-SHOPPIE\ANG19\wmshopee\.angular\prerender-root\86d789b7-c8c8-4125-b5bc-1cf3f376d981\data\admdb.sqlite
[2025-08-25 17:44:12] INFO: INI ALAMAT TABLENYA :  D:\Work\ARYA-WMS-SHOPPIE\ANG19\wmshopee\dist\wmshopee\server\data\admdb.sqlite
[2025-08-25 17:47:39] INFO: INI ALAMAT TABLENYA :  D:\Work\ARYA-WMS-SHOPPIE\ANG19\wmshopee\.angular\prerender-root\cd9ad6f8-6785-4990-8310-7357b634127f\data\admdb.sqlite
[2025-08-25 17:47:41] INFO: INI ALAMAT TABLENYA :  D:\Work\ARYA-WMS-SHOPPIE\ANG19\wmshopee\.angular\prerender-root\9afaa427-7538-47bb-b4bf-4fefd33db5ff\data\admdb.sqlite
[2025-08-25 17:47:41] INFO: INI ALAMAT TABLENYA :  D:\Work\ARYA-WMS-SHOPPIE\ANG19\wmshopee\.angular\prerender-root\8f81ac3d-0ac4-4534-8076-5b4945eab915\data\admdb.sqlite
[2025-08-25 17:47:41] INFO: INI ALAMAT TABLENYA :  D:\Work\ARYA-WMS-SHOPPIE\ANG19\wmshopee\.angular\prerender-root\f5898d45-70d6-407e-80b1-2724df96772a\data\admdb.sqlite
[2025-08-25 17:47:41] INFO: INI ALAMAT TABLENYA :  D:\Work\ARYA-WMS-SHOPPIE\ANG19\wmshopee\.angular\prerender-root\646ff889-ec92-4206-869d-897026f70f61\data\admdb.sqlite
[2025-08-25 18:10:42] INFO: INI ALAMAT TABLENYA :  D:\Work\ARYA-WMS-SHOPPIE\ANG19\wmshopee\.angular\prerender-root\a8321e24-0dc7-4771-a450-ae6a09b40eaa\data\admdb.sqlite
[2025-08-25 18:10:44] INFO: INI ALAMAT TABLENYA :  D:\Work\ARYA-WMS-SHOPPIE\ANG19\wmshopee\.angular\prerender-root\584598c1-3e3d-4685-8caf-ee5b6d775f52\data\admdb.sqlite
[2025-08-25 18:10:44] INFO: INI ALAMAT TABLENYA :  D:\Work\ARYA-WMS-SHOPPIE\ANG19\wmshopee\.angular\prerender-root\a0d95a79-1df2-4597-9d66-b1ede57b4db0\data\admdb.sqlite
[2025-08-25 18:10:44] INFO: INI ALAMAT TABLENYA :  D:\Work\ARYA-WMS-SHOPPIE\ANG19\wmshopee\.angular\prerender-root\23cbc06d-4629-4c8e-aedc-4534055705ad\data\admdb.sqlite
[2025-08-25 18:10:44] INFO: INI ALAMAT TABLENYA :  D:\Work\ARYA-WMS-SHOPPIE\ANG19\wmshopee\.angular\prerender-root\9d6a7bd4-c0ce-49db-be41-7382b4d3f665\data\admdb.sqlite
[2025-08-25 18:11:14] INFO: INI ALAMAT TABLENYA :  D:\Work\ARYA-WMS-SHOPPIE\ANG19\wmshopee\dist\wmshopee\server\data\admdb.sqlite
[2025-08-25 18:12:20] INFO: INI ALAMAT TABLENYA :  D:\Work\ARYA-WMS-SHOPPIE\ANG19\wmshopee\.angular\prerender-root\7561feaa-41db-405e-b19d-6d04bc9725a9\data\admdb.sqlite
[2025-08-25 18:12:22] INFO: INI ALAMAT TABLENYA :  D:\Work\ARYA-WMS-SHOPPIE\ANG19\wmshopee\.angular\prerender-root\018f1c28-168f-4eb8-b769-ab5eec6c2c0b\data\admdb.sqlite
[2025-08-25 18:12:22] INFO: INI ALAMAT TABLENYA :  D:\Work\ARYA-WMS-SHOPPIE\ANG19\wmshopee\.angular\prerender-root\29614037-aedb-4f5e-b98b-4b856d65c724\data\admdb.sqlite
[2025-08-25 18:12:22] INFO: INI ALAMAT TABLENYA :  D:\Work\ARYA-WMS-SHOPPIE\ANG19\wmshopee\.angular\prerender-root\f6fa47fc-e08a-4c18-926e-37b16bb452f6\data\admdb.sqlite
[2025-08-25 18:12:22] INFO: INI ALAMAT TABLENYA :  D:\Work\ARYA-WMS-SHOPPIE\ANG19\wmshopee\.angular\prerender-root\12fa4c0e-b11f-42c8-bf43-44f350adc14b\data\admdb.sqlite
