[2025-10-02 08:23:28] INFO: INI ALAMAT TABLENYA :  D:\Work\ARYA-WMS-SHOPPIE\ANG19\wmshopee\.angular\prerender-root\8eb5da40-4a04-403a-a379-684810c27f83\data\admdb.sqlite
[2025-10-02 08:23:47] INFO: INI ALAMAT TABLENYA :  D:\Work\ARYA-WMS-SHOPPIE\ANG19\wmshopee\.angular\prerender-root\964c6602-8d5d-488a-963a-0119ca73cc1b\data\admdb.sqlite
[2025-10-02 08:23:47] INFO: INI ALAMAT TABLENYA :  D:\Work\ARYA-WMS-SHOPPIE\ANG19\wmshopee\.angular\prerender-root\cb2bcbd6-4450-435a-828f-e42b7acc7c59\data\admdb.sqlite
[2025-10-02 08:23:47] INFO: INI ALAMAT TABLENYA :  D:\Work\ARYA-WMS-SHOPPIE\ANG19\wmshopee\.angular\prerender-root\9ddfd72b-6cf8-4b7f-ac3a-9456745db7ee\data\admdb.sqlite
[2025-10-02 08:23:47] INFO: INI ALAMAT TABLENYA :  D:\Work\ARYA-WMS-SHOPPIE\ANG19\wmshopee\.angular\prerender-root\42248849-46ac-421a-a5b7-58e930985f38\data\admdb.sqlite
[2025-10-02 08:24:34] INFO: INI ALAMAT TABLENYA :  D:\Work\ARYA-WMS-SHOPPIE\ANG19\wmshopee\dist\wmshopee\server\data\admdb.sqlite
[2025-10-02 08:24:55] INFO: ✅ Shopee refresh on fetchWithAuth Error: {"error":"invalid_acceess_token","message":"Invalid access_token, please have a check.","request_id":"e3e3e7f34022da460946645942326b00"}
[2025-10-02 08:24:55] INFO: ✅ Shopee refresh on fetchWithAuth Error: {"error":"invalid_acceess_token","message":"Invalid access_token, please have a check.","request_id":"e3e3e7f34022da4621c8570077dfc900"}
[2025-10-02 08:24:55] INFO: Update data token : 
[2025-10-02 08:24:55] INFO: Update data token : 
[2025-10-02 08:25:07] INFO: ✅ Sudah di List  74
[2025-10-02 08:25:08] INFO: ✅ package Sudah di List  {"order_sn":"2510010NTWRWKJ","package_number":"OFG213023452264815"}
[2025-10-02 08:26:38] INFO: INI ALAMAT TABLENYA :  D:\Work\ARYA-WMS-SHOPPIE\ANG19\wmshopee\dist\wmshopee\server\data\admdb.sqlite
[2025-10-02 08:36:30] INFO: INI ALAMAT TABLENYA :  D:\Work\ARYA-WMS-SHOPPIE\ANG19\wmshopee\.angular\prerender-root\af117fc7-6296-4943-b985-56d35ba1c855\data\admdb.sqlite
[2025-10-02 08:36:41] INFO: INI ALAMAT TABLENYA :  D:\Work\ARYA-WMS-SHOPPIE\ANG19\wmshopee\.angular\prerender-root\85328bf5-1fa2-488e-9e02-96af814c9d21\data\admdb.sqlite
[2025-10-02 08:36:41] INFO: INI ALAMAT TABLENYA :  D:\Work\ARYA-WMS-SHOPPIE\ANG19\wmshopee\.angular\prerender-root\01b0b03c-c2b2-44b6-9b9b-137cd4c6827b\data\admdb.sqlite
[2025-10-02 08:36:41] INFO: INI ALAMAT TABLENYA :  D:\Work\ARYA-WMS-SHOPPIE\ANG19\wmshopee\.angular\prerender-root\83c6b677-ca75-432d-aad4-a5c9bdf697a7\data\admdb.sqlite
[2025-10-02 08:36:41] INFO: INI ALAMAT TABLENYA :  D:\Work\ARYA-WMS-SHOPPIE\ANG19\wmshopee\.angular\prerender-root\f8ebbf24-f9d2-4f6d-983d-b217baad444c\data\admdb.sqlite
[2025-10-02 08:37:02] INFO: INI ALAMAT TABLENYA :  D:\Work\ARYA-WMS-SHOPPIE\ANG19\wmshopee\dist\wmshopee\server\data\admdb.sqlite
[2025-10-02 08:38:02] INFO: INI ALAMAT TABLENYA :  D:\Work\ARYA-WMS-SHOPPIE\ANG19\wmshopee\.angular\prerender-root\7aac21a5-d1a4-42a4-be73-ee6632e6c7ba\data\admdb.sqlite
[2025-10-02 08:38:04] INFO: INI ALAMAT TABLENYA :  D:\Work\ARYA-WMS-SHOPPIE\ANG19\wmshopee\.angular\prerender-root\b91da882-7138-4894-ae9f-486b1920549a\data\admdb.sqlite
[2025-10-02 08:38:04] INFO: INI ALAMAT TABLENYA :  D:\Work\ARYA-WMS-SHOPPIE\ANG19\wmshopee\.angular\prerender-root\a86046ed-18d2-4eae-b25b-038db36b659c\data\admdb.sqlite
[2025-10-02 08:38:04] INFO: INI ALAMAT TABLENYA :  D:\Work\ARYA-WMS-SHOPPIE\ANG19\wmshopee\.angular\prerender-root\e29b2039-8cd7-4b5b-b90f-248cb1c12148\data\admdb.sqlite
[2025-10-02 08:38:04] INFO: INI ALAMAT TABLENYA :  D:\Work\ARYA-WMS-SHOPPIE\ANG19\wmshopee\.angular\prerender-root\b502d3e9-a714-4d78-83fe-96c67bc38202\data\admdb.sqlite
[2025-10-02 08:38:13] INFO: INI ALAMAT TABLENYA :  D:\Work\ARYA-WMS-SHOPPIE\ANG19\wmshopee\dist\wmshopee\server\data\admdb.sqlite
[2025-10-02 08:50:49] INFO: INI ALAMAT TABLENYA :  D:\Work\ARYA-WMS-SHOPPIE\ANG19\wmshopee\.angular\prerender-root\09a3b535-0e6d-49f2-b826-34f47bb08baa\data\admdb.sqlite
[2025-10-02 08:50:51] INFO: INI ALAMAT TABLENYA :  D:\Work\ARYA-WMS-SHOPPIE\ANG19\wmshopee\.angular\prerender-root\48f36d0c-4e6d-4dfb-b72a-dbd46192e617\data\admdb.sqlite
[2025-10-02 08:50:51] INFO: INI ALAMAT TABLENYA :  D:\Work\ARYA-WMS-SHOPPIE\ANG19\wmshopee\.angular\prerender-root\02839218-96ef-4bfa-be4d-fcb07e908796\data\admdb.sqlite
[2025-10-02 08:50:51] INFO: INI ALAMAT TABLENYA :  D:\Work\ARYA-WMS-SHOPPIE\ANG19\wmshopee\.angular\prerender-root\2b38e482-608d-438f-abbb-02f5335012b2\data\admdb.sqlite
[2025-10-02 08:50:51] INFO: INI ALAMAT TABLENYA :  D:\Work\ARYA-WMS-SHOPPIE\ANG19\wmshopee\.angular\prerender-root\bb361d60-267b-4bdb-80a9-5eb42e8a8d6b\data\admdb.sqlite
[2025-10-02 08:51:03] INFO: INI ALAMAT TABLENYA :  D:\Work\ARYA-WMS-SHOPPIE\ANG19\wmshopee\dist\wmshopee\server\data\admdb.sqlite
[2025-10-02 08:56:44] INFO: INI ALAMAT TABLENYA :  D:\Work\ARYA-WMS-SHOPPIE\ANG19\wmshopee\.angular\prerender-root\0400a135-eee1-4ae3-9807-417bad1f939d\data\admdb.sqlite
[2025-10-02 08:56:46] INFO: INI ALAMAT TABLENYA :  D:\Work\ARYA-WMS-SHOPPIE\ANG19\wmshopee\.angular\prerender-root\603957ff-36e7-4235-a3c7-d4dc69e4732d\data\admdb.sqlite
[2025-10-02 08:56:46] INFO: INI ALAMAT TABLENYA :  D:\Work\ARYA-WMS-SHOPPIE\ANG19\wmshopee\.angular\prerender-root\f9893975-78ea-459e-9a94-0f1fa31e1f8a\data\admdb.sqlite
[2025-10-02 08:56:46] INFO: INI ALAMAT TABLENYA :  D:\Work\ARYA-WMS-SHOPPIE\ANG19\wmshopee\.angular\prerender-root\4e735bdf-6ba8-49b8-adaf-b1359b78cfc0\data\admdb.sqlite
[2025-10-02 08:56:46] INFO: INI ALAMAT TABLENYA :  D:\Work\ARYA-WMS-SHOPPIE\ANG19\wmshopee\.angular\prerender-root\254e4989-09a6-48fe-91aa-6550c5bc0e2b\data\admdb.sqlite
[2025-10-02 08:56:56] INFO: INI ALAMAT TABLENYA :  D:\Work\ARYA-WMS-SHOPPIE\ANG19\wmshopee\dist\wmshopee\server\data\admdb.sqlite
[2025-10-02 09:17:32] INFO: INI ALAMAT TABLENYA :  D:\Work\ARYA-WMS-SHOPPIE\ANG19\wmshopee\.angular\prerender-root\cc422789-21ff-47c6-ab03-0adfbb549884\data\admdb.sqlite
[2025-10-02 09:17:34] INFO: INI ALAMAT TABLENYA :  D:\Work\ARYA-WMS-SHOPPIE\ANG19\wmshopee\.angular\prerender-root\c1594680-6d52-4210-87b3-2927ad898220\data\admdb.sqlite
[2025-10-02 09:17:34] INFO: INI ALAMAT TABLENYA :  D:\Work\ARYA-WMS-SHOPPIE\ANG19\wmshopee\.angular\prerender-root\f485ad5e-57fe-45c7-b10d-b199fc6017f1\data\admdb.sqlite
[2025-10-02 09:17:34] INFO: INI ALAMAT TABLENYA :  D:\Work\ARYA-WMS-SHOPPIE\ANG19\wmshopee\.angular\prerender-root\719492bc-59bc-403b-ae98-79f0435f9c42\data\admdb.sqlite
[2025-10-02 09:17:34] INFO: INI ALAMAT TABLENYA :  D:\Work\ARYA-WMS-SHOPPIE\ANG19\wmshopee\.angular\prerender-root\293e82ed-d46c-4f81-85d1-a12b33f1f2d4\data\admdb.sqlite
[2025-10-02 09:17:43] INFO: INI ALAMAT TABLENYA :  D:\Work\ARYA-WMS-SHOPPIE\ANG19\wmshopee\dist\wmshopee\server\data\admdb.sqlite
[2025-10-02 09:21:45] INFO: INI ALAMAT TABLENYA :  D:\Work\ARYA-WMS-SHOPPIE\ANG19\wmshopee\.angular\prerender-root\60183afc-195e-4b7c-8325-460cbe561941\data\admdb.sqlite
[2025-10-02 09:21:47] INFO: INI ALAMAT TABLENYA :  D:\Work\ARYA-WMS-SHOPPIE\ANG19\wmshopee\.angular\prerender-root\072d6816-295d-48e1-8f06-b85675a9e250\data\admdb.sqlite
[2025-10-02 09:21:47] INFO: INI ALAMAT TABLENYA :  D:\Work\ARYA-WMS-SHOPPIE\ANG19\wmshopee\.angular\prerender-root\ac372b74-e09b-405c-a887-de784ceeed84\data\admdb.sqlite
[2025-10-02 09:21:47] INFO: INI ALAMAT TABLENYA :  D:\Work\ARYA-WMS-SHOPPIE\ANG19\wmshopee\.angular\prerender-root\5172af50-1dd6-449a-8bd1-6c6e22b34b35\data\admdb.sqlite
[2025-10-02 09:21:47] INFO: INI ALAMAT TABLENYA :  D:\Work\ARYA-WMS-SHOPPIE\ANG19\wmshopee\.angular\prerender-root\2c651c8a-24f7-40b6-82f3-1fd63fa69a04\data\admdb.sqlite
[2025-10-02 09:21:57] INFO: INI ALAMAT TABLENYA :  D:\Work\ARYA-WMS-SHOPPIE\ANG19\wmshopee\dist\wmshopee\server\data\admdb.sqlite
[2025-10-02 09:33:50] INFO: INI ALAMAT TABLENYA :  D:\Work\ARYA-WMS-SHOPPIE\ANG19\wmshopee\.angular\prerender-root\825c9146-a255-4ecc-a63f-b54a14ab92db\data\admdb.sqlite
[2025-10-02 09:33:53] INFO: INI ALAMAT TABLENYA :  D:\Work\ARYA-WMS-SHOPPIE\ANG19\wmshopee\.angular\prerender-root\1ff493eb-0ae7-4c58-9c5c-83a0eafffeab\data\admdb.sqlite
[2025-10-02 09:33:53] INFO: INI ALAMAT TABLENYA :  D:\Work\ARYA-WMS-SHOPPIE\ANG19\wmshopee\.angular\prerender-root\8f44d4dd-82ba-46e2-a4e5-00140a915cff\data\admdb.sqlite
[2025-10-02 09:33:53] INFO: INI ALAMAT TABLENYA :  D:\Work\ARYA-WMS-SHOPPIE\ANG19\wmshopee\.angular\prerender-root\8ef753ac-37bd-4c0b-96cc-799314aaa0f5\data\admdb.sqlite
[2025-10-02 09:33:53] INFO: INI ALAMAT TABLENYA :  D:\Work\ARYA-WMS-SHOPPIE\ANG19\wmshopee\.angular\prerender-root\fb0f9bbc-48de-4277-bcc0-a43974e172ca\data\admdb.sqlite
[2025-10-02 09:38:36] INFO: INI ALAMAT TABLENYA :  D:\Work\ARYA-WMS-SHOPPIE\ANG19\wmshopee\.angular\prerender-root\c662edb6-b848-4898-85cd-03fcad087a59\data\admdb.sqlite
[2025-10-02 09:38:38] INFO: INI ALAMAT TABLENYA :  D:\Work\ARYA-WMS-SHOPPIE\ANG19\wmshopee\.angular\prerender-root\ac195bae-d9a9-46a5-92c1-999121598f94\data\admdb.sqlite
[2025-10-02 09:38:38] INFO: INI ALAMAT TABLENYA :  D:\Work\ARYA-WMS-SHOPPIE\ANG19\wmshopee\.angular\prerender-root\32e0f8e0-3869-4477-a93b-511ef90f7844\data\admdb.sqlite
[2025-10-02 09:38:38] INFO: INI ALAMAT TABLENYA :  D:\Work\ARYA-WMS-SHOPPIE\ANG19\wmshopee\.angular\prerender-root\9dd959ad-002f-4142-a901-8b32f5e683e5\data\admdb.sqlite
[2025-10-02 09:38:38] INFO: INI ALAMAT TABLENYA :  D:\Work\ARYA-WMS-SHOPPIE\ANG19\wmshopee\.angular\prerender-root\da7401e8-7c3e-4cc2-8fb1-5fca5622beef\data\admdb.sqlite
[2025-10-02 09:38:47] INFO: INI ALAMAT TABLENYA :  D:\Work\ARYA-WMS-SHOPPIE\ANG19\wmshopee\dist\wmshopee\server\data\admdb.sqlite
[2025-10-02 09:46:01] INFO: INI ALAMAT TABLENYA :  D:\Work\ARYA-WMS-SHOPPIE\ANG19\wmshopee\.angular\prerender-root\0bd3b4ed-77c8-4a70-9056-c1b319b49ff6\data\admdb.sqlite
[2025-10-02 09:46:03] INFO: INI ALAMAT TABLENYA :  D:\Work\ARYA-WMS-SHOPPIE\ANG19\wmshopee\.angular\prerender-root\693d19cc-5157-466f-ba81-efafb58846b4\data\admdb.sqlite
[2025-10-02 09:46:03] INFO: INI ALAMAT TABLENYA :  D:\Work\ARYA-WMS-SHOPPIE\ANG19\wmshopee\.angular\prerender-root\a3ed1997-d632-4a86-b118-e68542395412\data\admdb.sqlite
[2025-10-02 09:46:03] INFO: INI ALAMAT TABLENYA :  D:\Work\ARYA-WMS-SHOPPIE\ANG19\wmshopee\.angular\prerender-root\6b2ed317-9bdb-4a69-8d11-b25e2437333f\data\admdb.sqlite
[2025-10-02 09:46:03] INFO: INI ALAMAT TABLENYA :  D:\Work\ARYA-WMS-SHOPPIE\ANG19\wmshopee\.angular\prerender-root\d27495aa-4240-47ea-9c6e-97a82d2944e8\data\admdb.sqlite
[2025-10-02 09:46:12] INFO: INI ALAMAT TABLENYA :  D:\Work\ARYA-WMS-SHOPPIE\ANG19\wmshopee\dist\wmshopee\server\data\admdb.sqlite
[2025-10-02 09:47:41] INFO: INI ALAMAT TABLENYA :  D:\Work\ARYA-WMS-SHOPPIE\ANG19\wmshopee\.angular\prerender-root\1c0f10d0-b520-4d96-a48c-9845d14284a2\data\admdb.sqlite
[2025-10-02 09:47:43] INFO: INI ALAMAT TABLENYA :  D:\Work\ARYA-WMS-SHOPPIE\ANG19\wmshopee\.angular\prerender-root\48a50f47-5cd5-44f0-a044-da4c6139087c\data\admdb.sqlite
[2025-10-02 09:47:43] INFO: INI ALAMAT TABLENYA :  D:\Work\ARYA-WMS-SHOPPIE\ANG19\wmshopee\.angular\prerender-root\d79ca7f1-a7b6-4af4-9cab-a7f3725b65fa\data\admdb.sqlite
[2025-10-02 09:47:43] INFO: INI ALAMAT TABLENYA :  D:\Work\ARYA-WMS-SHOPPIE\ANG19\wmshopee\.angular\prerender-root\bb74d55c-c933-4314-9af7-60ac7a9a7175\data\admdb.sqlite
[2025-10-02 09:47:43] INFO: INI ALAMAT TABLENYA :  D:\Work\ARYA-WMS-SHOPPIE\ANG19\wmshopee\.angular\prerender-root\c1f28d8f-9ed3-498f-846f-9347d62fac3c\data\admdb.sqlite
[2025-10-02 09:47:53] INFO: INI ALAMAT TABLENYA :  D:\Work\ARYA-WMS-SHOPPIE\ANG19\wmshopee\dist\wmshopee\server\data\admdb.sqlite
[2025-10-02 09:52:56] INFO: INI ALAMAT TABLENYA :  D:\Work\ARYA-WMS-SHOPPIE\ANG19\wmshopee\.angular\prerender-root\d36d8325-e57f-4708-a755-335ed0247ee4\data\admdb.sqlite
[2025-10-02 09:52:58] INFO: INI ALAMAT TABLENYA :  D:\Work\ARYA-WMS-SHOPPIE\ANG19\wmshopee\.angular\prerender-root\8b15e6b7-9bac-4280-b966-d9ed2ccc3210\data\admdb.sqlite
[2025-10-02 09:52:58] INFO: INI ALAMAT TABLENYA :  D:\Work\ARYA-WMS-SHOPPIE\ANG19\wmshopee\.angular\prerender-root\0d2e222f-122c-45e9-9e81-4dd73a6b8914\data\admdb.sqlite
[2025-10-02 09:52:58] INFO: INI ALAMAT TABLENYA :  D:\Work\ARYA-WMS-SHOPPIE\ANG19\wmshopee\.angular\prerender-root\07c0b739-9998-489f-85bf-9ed2649cff55\data\admdb.sqlite
[2025-10-02 09:52:58] INFO: INI ALAMAT TABLENYA :  D:\Work\ARYA-WMS-SHOPPIE\ANG19\wmshopee\.angular\prerender-root\8f8b343f-56c5-46b1-a73e-b52546234ed7\data\admdb.sqlite
[2025-10-02 09:53:09] INFO: INI ALAMAT TABLENYA :  D:\Work\ARYA-WMS-SHOPPIE\ANG19\wmshopee\dist\wmshopee\server\data\admdb.sqlite
[2025-10-02 10:00:23] INFO: INI ALAMAT TABLENYA :  D:\Work\ARYA-WMS-SHOPPIE\ANG19\wmshopee\.angular\prerender-root\962926f1-7c0e-4cd6-a3bd-82787e187285\data\admdb.sqlite
[2025-10-02 10:00:26] INFO: INI ALAMAT TABLENYA :  D:\Work\ARYA-WMS-SHOPPIE\ANG19\wmshopee\.angular\prerender-root\5c7ae769-1035-4ac8-8b9b-693bae8cc9e4\data\admdb.sqlite
[2025-10-02 10:00:26] INFO: INI ALAMAT TABLENYA :  D:\Work\ARYA-WMS-SHOPPIE\ANG19\wmshopee\.angular\prerender-root\96fd6a9a-31bb-4a7b-a8bb-116067a112a7\data\admdb.sqlite
[2025-10-02 10:00:26] INFO: INI ALAMAT TABLENYA :  D:\Work\ARYA-WMS-SHOPPIE\ANG19\wmshopee\.angular\prerender-root\cf9d5f45-c880-44f0-ab98-92e0392f99ee\data\admdb.sqlite
[2025-10-02 10:00:26] INFO: INI ALAMAT TABLENYA :  D:\Work\ARYA-WMS-SHOPPIE\ANG19\wmshopee\.angular\prerender-root\ebfb92f0-3838-44e0-9c41-81180bb1eba2\data\admdb.sqlite
[2025-10-02 10:00:37] INFO: INI ALAMAT TABLENYA :  D:\Work\ARYA-WMS-SHOPPIE\ANG19\wmshopee\dist\wmshopee\server\data\admdb.sqlite
[2025-10-02 10:10:48] INFO: INI ALAMAT TABLENYA :  D:\Work\ARYA-WMS-SHOPPIE\ANG19\wmshopee\.angular\prerender-root\d1520a64-df91-41da-87ef-91672776c131\data\admdb.sqlite
[2025-10-02 10:10:53] INFO: INI ALAMAT TABLENYA :  D:\Work\ARYA-WMS-SHOPPIE\ANG19\wmshopee\.angular\prerender-root\72b1709b-9ccf-448c-8a46-a3cf200c093f\data\admdb.sqlite
[2025-10-02 10:10:53] INFO: INI ALAMAT TABLENYA :  D:\Work\ARYA-WMS-SHOPPIE\ANG19\wmshopee\.angular\prerender-root\fa3817e7-3f84-4d4a-9a3f-61c57e97ceae\data\admdb.sqlite
[2025-10-02 10:10:53] INFO: INI ALAMAT TABLENYA :  D:\Work\ARYA-WMS-SHOPPIE\ANG19\wmshopee\.angular\prerender-root\464aa728-18f3-4341-a7f4-79d51cfcc6dd\data\admdb.sqlite
[2025-10-02 10:10:53] INFO: INI ALAMAT TABLENYA :  D:\Work\ARYA-WMS-SHOPPIE\ANG19\wmshopee\.angular\prerender-root\7caf5a18-4264-4ef4-95c6-98796b63be3b\data\admdb.sqlite
[2025-10-02 10:11:05] INFO: INI ALAMAT TABLENYA :  D:\Work\ARYA-WMS-SHOPPIE\ANG19\wmshopee\dist\wmshopee\server\data\admdb.sqlite
[2025-10-02 10:19:21] INFO: INI ALAMAT TABLENYA :  D:\Work\ARYA-WMS-SHOPPIE\ANG19\wmshopee\.angular\prerender-root\b57a2bde-6ff7-4555-a61b-dd13264c7b5f\data\admdb.sqlite
[2025-10-02 10:19:22] INFO: INI ALAMAT TABLENYA :  D:\Work\ARYA-WMS-SHOPPIE\ANG19\wmshopee\.angular\prerender-root\78c45a4c-35c8-40be-b0b9-e4cc993bea41\data\admdb.sqlite
[2025-10-02 10:19:22] INFO: INI ALAMAT TABLENYA :  D:\Work\ARYA-WMS-SHOPPIE\ANG19\wmshopee\.angular\prerender-root\d835badc-4361-4791-92c8-55e09c0bbf85\data\admdb.sqlite
[2025-10-02 10:19:22] INFO: INI ALAMAT TABLENYA :  D:\Work\ARYA-WMS-SHOPPIE\ANG19\wmshopee\.angular\prerender-root\705046d9-d22c-43ec-a6e9-7b98f8ee8711\data\admdb.sqlite
[2025-10-02 10:19:22] INFO: INI ALAMAT TABLENYA :  D:\Work\ARYA-WMS-SHOPPIE\ANG19\wmshopee\.angular\prerender-root\dcb8aa48-08c1-4f13-97cc-cef85bf30eb1\data\admdb.sqlite
[2025-10-02 10:19:41] INFO: INI ALAMAT TABLENYA :  D:\Work\ARYA-WMS-SHOPPIE\ANG19\wmshopee\dist\wmshopee\server\data\admdb.sqlite
[2025-10-02 10:24:32] INFO: INI ALAMAT TABLENYA :  D:\Work\ARYA-WMS-SHOPPIE\ANG19\wmshopee\.angular\prerender-root\91126d0a-f4e3-4ecb-8d51-a3b60033a5fa\data\admdb.sqlite
[2025-10-02 10:24:33] INFO: INI ALAMAT TABLENYA :  D:\Work\ARYA-WMS-SHOPPIE\ANG19\wmshopee\.angular\prerender-root\2df045a1-8de9-4382-ade8-d55cb331194b\data\admdb.sqlite
[2025-10-02 10:24:33] INFO: INI ALAMAT TABLENYA :  D:\Work\ARYA-WMS-SHOPPIE\ANG19\wmshopee\.angular\prerender-root\90f8722f-1ef9-4787-9e30-da53f0bc48c9\data\admdb.sqlite
[2025-10-02 10:24:33] INFO: INI ALAMAT TABLENYA :  D:\Work\ARYA-WMS-SHOPPIE\ANG19\wmshopee\.angular\prerender-root\3c07290e-0b2f-4ee8-bb80-f90eb579af69\data\admdb.sqlite
[2025-10-02 10:24:33] INFO: INI ALAMAT TABLENYA :  D:\Work\ARYA-WMS-SHOPPIE\ANG19\wmshopee\.angular\prerender-root\09f0b76d-a567-4a83-af94-aab819802fd5\data\admdb.sqlite
[2025-10-02 10:25:16] INFO: INI ALAMAT TABLENYA :  D:\Work\ARYA-WMS-SHOPPIE\ANG19\wmshopee\.angular\prerender-root\799e0d96-2ebb-4c85-ab21-add5a53b538c\data\admdb.sqlite
[2025-10-02 10:25:18] INFO: INI ALAMAT TABLENYA :  D:\Work\ARYA-WMS-SHOPPIE\ANG19\wmshopee\.angular\prerender-root\7526b2ec-8c1d-47d5-a1d4-66825bc96cb5\data\admdb.sqlite
[2025-10-02 10:25:18] INFO: INI ALAMAT TABLENYA :  D:\Work\ARYA-WMS-SHOPPIE\ANG19\wmshopee\.angular\prerender-root\d6bd0a99-1dbe-4625-b76b-5e758258dcd3\data\admdb.sqlite
[2025-10-02 10:25:18] INFO: INI ALAMAT TABLENYA :  D:\Work\ARYA-WMS-SHOPPIE\ANG19\wmshopee\.angular\prerender-root\1f66e5cf-4357-477b-80be-07478c9fefaa\data\admdb.sqlite
[2025-10-02 10:25:18] INFO: INI ALAMAT TABLENYA :  D:\Work\ARYA-WMS-SHOPPIE\ANG19\wmshopee\.angular\prerender-root\7911d175-c4d2-43f1-bd66-141d81554f59\data\admdb.sqlite
[2025-10-02 10:25:26] INFO: INI ALAMAT TABLENYA :  D:\Work\ARYA-WMS-SHOPPIE\ANG19\wmshopee\dist\wmshopee\server\data\admdb.sqlite
[2025-10-02 10:34:19] INFO: INI ALAMAT TABLENYA :  D:\Work\ARYA-WMS-SHOPPIE\ANG19\wmshopee\.angular\prerender-root\37f32f95-d749-473c-ac71-233b6edcb4e1\data\admdb.sqlite
[2025-10-02 10:34:20] INFO: INI ALAMAT TABLENYA :  D:\Work\ARYA-WMS-SHOPPIE\ANG19\wmshopee\.angular\prerender-root\fcd48c7f-ad9a-4b1c-a393-d4747b5b055d\data\admdb.sqlite
[2025-10-02 10:34:20] INFO: INI ALAMAT TABLENYA :  D:\Work\ARYA-WMS-SHOPPIE\ANG19\wmshopee\.angular\prerender-root\f0250999-3ebe-4d12-bddb-b6c22e6ec7e1\data\admdb.sqlite
[2025-10-02 10:34:20] INFO: INI ALAMAT TABLENYA :  D:\Work\ARYA-WMS-SHOPPIE\ANG19\wmshopee\.angular\prerender-root\c5d03dcb-1fa1-47fd-be85-a8f035f733db\data\admdb.sqlite
[2025-10-02 10:34:20] INFO: INI ALAMAT TABLENYA :  D:\Work\ARYA-WMS-SHOPPIE\ANG19\wmshopee\.angular\prerender-root\95eb7fef-c103-4bfe-8ac0-ba6230897b0d\data\admdb.sqlite
[2025-10-02 10:34:28] INFO: INI ALAMAT TABLENYA :  D:\Work\ARYA-WMS-SHOPPIE\ANG19\wmshopee\dist\wmshopee\server\data\admdb.sqlite
[2025-10-02 10:37:45] INFO: INI ALAMAT TABLENYA :  D:\Work\ARYA-WMS-SHOPPIE\ANG19\wmshopee\.angular\prerender-root\8e7943ec-75ef-46d7-a278-f979954ee2c1\data\admdb.sqlite
[2025-10-02 10:37:47] INFO: INI ALAMAT TABLENYA :  D:\Work\ARYA-WMS-SHOPPIE\ANG19\wmshopee\.angular\prerender-root\e56ff8a6-26b5-425e-86d1-d9bcbee18949\data\admdb.sqlite
[2025-10-02 10:37:47] INFO: INI ALAMAT TABLENYA :  D:\Work\ARYA-WMS-SHOPPIE\ANG19\wmshopee\.angular\prerender-root\e5ad4664-7d60-454c-b189-5d6707350ef1\data\admdb.sqlite
[2025-10-02 10:37:47] INFO: INI ALAMAT TABLENYA :  D:\Work\ARYA-WMS-SHOPPIE\ANG19\wmshopee\.angular\prerender-root\eedd636b-141f-409d-9cd2-ff5dc146933d\data\admdb.sqlite
[2025-10-02 10:37:47] INFO: INI ALAMAT TABLENYA :  D:\Work\ARYA-WMS-SHOPPIE\ANG19\wmshopee\.angular\prerender-root\0ef6390a-b351-4bbc-a25b-2c2a6d947838\data\admdb.sqlite
[2025-10-02 10:37:54] INFO: INI ALAMAT TABLENYA :  D:\Work\ARYA-WMS-SHOPPIE\ANG19\wmshopee\dist\wmshopee\server\data\admdb.sqlite
[2025-10-02 10:46:03] INFO: INI ALAMAT TABLENYA :  D:\Work\ARYA-WMS-SHOPPIE\ANG19\wmshopee\.angular\prerender-root\633dd4af-b904-4470-8ac2-489cdd52c3f0\data\admdb.sqlite
[2025-10-02 10:46:05] INFO: INI ALAMAT TABLENYA :  D:\Work\ARYA-WMS-SHOPPIE\ANG19\wmshopee\.angular\prerender-root\877f63e4-eab6-4bca-af13-fad94217d759\data\admdb.sqlite
[2025-10-02 10:46:05] INFO: INI ALAMAT TABLENYA :  D:\Work\ARYA-WMS-SHOPPIE\ANG19\wmshopee\.angular\prerender-root\8a372902-a27e-4907-8404-ba0b5bb46cdb\data\admdb.sqlite
[2025-10-02 10:46:05] INFO: INI ALAMAT TABLENYA :  D:\Work\ARYA-WMS-SHOPPIE\ANG19\wmshopee\.angular\prerender-root\dedf518a-7166-471d-9d64-4a69cfc43939\data\admdb.sqlite
[2025-10-02 10:46:05] INFO: INI ALAMAT TABLENYA :  D:\Work\ARYA-WMS-SHOPPIE\ANG19\wmshopee\.angular\prerender-root\a0f7010e-d7b3-4111-8659-37b6b63ae073\data\admdb.sqlite
[2025-10-02 10:46:12] INFO: INI ALAMAT TABLENYA :  D:\Work\ARYA-WMS-SHOPPIE\ANG19\wmshopee\dist\wmshopee\server\data\admdb.sqlite
[2025-10-02 10:55:56] INFO: INI ALAMAT TABLENYA :  D:\Work\ARYA-WMS-SHOPPIE\ANG19\wmshopee\.angular\prerender-root\7db2354a-88f9-45d7-a02e-5c2b4d851382\data\admdb.sqlite
[2025-10-02 10:55:57] INFO: INI ALAMAT TABLENYA :  D:\Work\ARYA-WMS-SHOPPIE\ANG19\wmshopee\.angular\prerender-root\52ee8520-bb79-4da6-86d1-43de45bc1bb9\data\admdb.sqlite
[2025-10-02 10:55:57] INFO: INI ALAMAT TABLENYA :  D:\Work\ARYA-WMS-SHOPPIE\ANG19\wmshopee\.angular\prerender-root\c1a2f7b7-ff3e-4edd-9f23-67e7369766ea\data\admdb.sqlite
[2025-10-02 10:55:57] INFO: INI ALAMAT TABLENYA :  D:\Work\ARYA-WMS-SHOPPIE\ANG19\wmshopee\.angular\prerender-root\64f326c8-aebc-4b0a-aa66-e60acab5b199\data\admdb.sqlite
[2025-10-02 10:55:57] INFO: INI ALAMAT TABLENYA :  D:\Work\ARYA-WMS-SHOPPIE\ANG19\wmshopee\.angular\prerender-root\2c790a86-2439-419f-a254-6aafc8e395da\data\admdb.sqlite
[2025-10-02 10:56:37] INFO: INI ALAMAT TABLENYA :  D:\Work\ARYA-WMS-SHOPPIE\ANG19\wmshopee\.angular\prerender-root\16703946-8ce0-45a1-8098-b5d70a620728\data\admdb.sqlite
[2025-10-02 10:56:38] INFO: INI ALAMAT TABLENYA :  D:\Work\ARYA-WMS-SHOPPIE\ANG19\wmshopee\.angular\prerender-root\b08f89ae-f5de-4390-82a3-87491497741f\data\admdb.sqlite
[2025-10-02 10:56:38] INFO: INI ALAMAT TABLENYA :  D:\Work\ARYA-WMS-SHOPPIE\ANG19\wmshopee\.angular\prerender-root\a2e79b52-452e-4191-9b2f-32673a503e57\data\admdb.sqlite
[2025-10-02 10:56:38] INFO: INI ALAMAT TABLENYA :  D:\Work\ARYA-WMS-SHOPPIE\ANG19\wmshopee\.angular\prerender-root\741bb8bd-4530-4fdf-af73-98593b282c38\data\admdb.sqlite
[2025-10-02 10:56:38] INFO: INI ALAMAT TABLENYA :  D:\Work\ARYA-WMS-SHOPPIE\ANG19\wmshopee\.angular\prerender-root\c363c810-c902-482e-bdfd-94e6d484f4cd\data\admdb.sqlite
[2025-10-02 10:57:01] INFO: INI ALAMAT TABLENYA :  D:\Work\ARYA-WMS-SHOPPIE\ANG19\wmshopee\.angular\prerender-root\7f5b7664-e206-4dfe-aca4-931dba158d40\data\admdb.sqlite
[2025-10-02 10:57:02] INFO: INI ALAMAT TABLENYA :  D:\Work\ARYA-WMS-SHOPPIE\ANG19\wmshopee\.angular\prerender-root\a0e34ccd-cf73-44d7-b790-9670d58d3e8b\data\admdb.sqlite
[2025-10-02 10:57:02] INFO: INI ALAMAT TABLENYA :  D:\Work\ARYA-WMS-SHOPPIE\ANG19\wmshopee\.angular\prerender-root\661a4f4c-ac4a-4138-8538-5c4d00b51dcd\data\admdb.sqlite
[2025-10-02 10:57:02] INFO: INI ALAMAT TABLENYA :  D:\Work\ARYA-WMS-SHOPPIE\ANG19\wmshopee\.angular\prerender-root\6aa29356-95d0-45c6-ab60-a500a6116f6b\data\admdb.sqlite
[2025-10-02 10:57:02] INFO: INI ALAMAT TABLENYA :  D:\Work\ARYA-WMS-SHOPPIE\ANG19\wmshopee\.angular\prerender-root\2bed5439-7577-4929-bb4a-a3a7ebff6b87\data\admdb.sqlite
[2025-10-02 10:57:15] INFO: INI ALAMAT TABLENYA :  D:\Work\ARYA-WMS-SHOPPIE\ANG19\wmshopee\dist\wmshopee\server\data\admdb.sqlite
[2025-10-02 11:04:40] INFO: INI ALAMAT TABLENYA :  D:\Work\ARYA-WMS-SHOPPIE\ANG19\wmshopee\.angular\prerender-root\d17a7ca1-9951-420a-8a72-3b8e0ac76168\data\admdb.sqlite
[2025-10-02 11:04:43] INFO: INI ALAMAT TABLENYA :  D:\Work\ARYA-WMS-SHOPPIE\ANG19\wmshopee\.angular\prerender-root\51189638-f375-4712-94fb-09dfafacf244\data\admdb.sqlite
[2025-10-02 11:04:43] INFO: INI ALAMAT TABLENYA :  D:\Work\ARYA-WMS-SHOPPIE\ANG19\wmshopee\.angular\prerender-root\dd569a64-6f82-4b3c-b3a3-ddc1072f6e47\data\admdb.sqlite
[2025-10-02 11:04:43] INFO: INI ALAMAT TABLENYA :  D:\Work\ARYA-WMS-SHOPPIE\ANG19\wmshopee\.angular\prerender-root\08965545-fa11-480a-b142-2dec7e9bab76\data\admdb.sqlite
[2025-10-02 11:04:43] INFO: INI ALAMAT TABLENYA :  D:\Work\ARYA-WMS-SHOPPIE\ANG19\wmshopee\.angular\prerender-root\08d82638-ef91-44b6-9b19-7c10010e4f44\data\admdb.sqlite
[2025-10-02 11:04:51] INFO: INI ALAMAT TABLENYA :  D:\Work\ARYA-WMS-SHOPPIE\ANG19\wmshopee\dist\wmshopee\server\data\admdb.sqlite
[2025-10-02 11:07:21] INFO: INI ALAMAT TABLENYA :  D:\Work\ARYA-WMS-SHOPPIE\ANG19\wmshopee\.angular\prerender-root\7abe6624-e9b6-417b-acd7-5c9f5ec7bf47\data\admdb.sqlite
[2025-10-02 11:07:23] INFO: INI ALAMAT TABLENYA :  D:\Work\ARYA-WMS-SHOPPIE\ANG19\wmshopee\.angular\prerender-root\5e9ec802-8e62-443f-8edd-66774255aa4c\data\admdb.sqlite
[2025-10-02 11:07:23] INFO: INI ALAMAT TABLENYA :  D:\Work\ARYA-WMS-SHOPPIE\ANG19\wmshopee\.angular\prerender-root\bd35a0bb-bb5a-4f74-9a86-d056478a260a\data\admdb.sqlite
[2025-10-02 11:07:23] INFO: INI ALAMAT TABLENYA :  D:\Work\ARYA-WMS-SHOPPIE\ANG19\wmshopee\.angular\prerender-root\0ae22f6f-9349-4917-8713-be9c3d86bb79\data\admdb.sqlite
[2025-10-02 11:07:23] INFO: INI ALAMAT TABLENYA :  D:\Work\ARYA-WMS-SHOPPIE\ANG19\wmshopee\.angular\prerender-root\8b240eca-4f7d-4943-b98a-1c1ce85c1e85\data\admdb.sqlite
[2025-10-02 11:07:32] INFO: INI ALAMAT TABLENYA :  D:\Work\ARYA-WMS-SHOPPIE\ANG19\wmshopee\dist\wmshopee\server\data\admdb.sqlite
[2025-10-02 11:19:18] INFO: INI ALAMAT TABLENYA :  D:\Work\ARYA-WMS-SHOPPIE\ANG19\wmshopee\.angular\prerender-root\fb801168-3f3b-4d89-a24e-561facc6fc90\data\admdb.sqlite
[2025-10-02 11:19:19] INFO: INI ALAMAT TABLENYA :  D:\Work\ARYA-WMS-SHOPPIE\ANG19\wmshopee\.angular\prerender-root\de292b31-08e0-466e-829a-a6a57ef58820\data\admdb.sqlite
[2025-10-02 11:19:19] INFO: INI ALAMAT TABLENYA :  D:\Work\ARYA-WMS-SHOPPIE\ANG19\wmshopee\.angular\prerender-root\42f90383-849d-4200-a3d3-46e368dc25ca\data\admdb.sqlite
[2025-10-02 11:19:19] INFO: INI ALAMAT TABLENYA :  D:\Work\ARYA-WMS-SHOPPIE\ANG19\wmshopee\.angular\prerender-root\407c0b20-a659-491a-8697-713397698796\data\admdb.sqlite
[2025-10-02 11:19:19] INFO: INI ALAMAT TABLENYA :  D:\Work\ARYA-WMS-SHOPPIE\ANG19\wmshopee\.angular\prerender-root\fb9e4d7b-4cc2-4c3e-9f1b-ad8aae095610\data\admdb.sqlite
[2025-10-02 11:19:30] INFO: INI ALAMAT TABLENYA :  D:\Work\ARYA-WMS-SHOPPIE\ANG19\wmshopee\dist\wmshopee\server\data\admdb.sqlite
[2025-10-02 11:31:34] INFO: INI ALAMAT TABLENYA :  D:\Work\ARYA-WMS-SHOPPIE\ANG19\wmshopee\.angular\prerender-root\4d184f90-6264-4252-a219-87ed1df60201\data\admdb.sqlite
[2025-10-02 11:31:36] INFO: INI ALAMAT TABLENYA :  D:\Work\ARYA-WMS-SHOPPIE\ANG19\wmshopee\.angular\prerender-root\aa36c9c0-0e3b-4c33-b6c0-750fcc46a392\data\admdb.sqlite
[2025-10-02 11:31:36] INFO: INI ALAMAT TABLENYA :  D:\Work\ARYA-WMS-SHOPPIE\ANG19\wmshopee\.angular\prerender-root\2f8a202b-900c-4927-98d5-4656157dfc9d\data\admdb.sqlite
[2025-10-02 11:31:36] INFO: INI ALAMAT TABLENYA :  D:\Work\ARYA-WMS-SHOPPIE\ANG19\wmshopee\.angular\prerender-root\834c3394-82c4-4b1d-a97c-a3121432596a\data\admdb.sqlite
[2025-10-02 11:31:36] INFO: INI ALAMAT TABLENYA :  D:\Work\ARYA-WMS-SHOPPIE\ANG19\wmshopee\.angular\prerender-root\24c07ff6-1836-4093-9116-b800aeda141f\data\admdb.sqlite
[2025-10-02 11:31:43] INFO: INI ALAMAT TABLENYA :  D:\Work\ARYA-WMS-SHOPPIE\ANG19\wmshopee\dist\wmshopee\server\data\admdb.sqlite
[2025-10-02 13:05:02] INFO: INI ALAMAT TABLENYA :  D:\Work\ARYA-WMS-SHOPPIE\ANG19\wmshopee\dist\wmshopee\server\data\admdb.sqlite
[2025-10-02 13:05:45] INFO: INI ALAMAT TABLENYA :  D:\Work\ARYA-WMS-SHOPPIE\ANG19\wmshopee\dist\wmshopee\server\data\admdb.sqlite
[2025-10-02 13:05:59] INFO: ✅ Shopee refresh on fetchWithAuth Error: {"error":"invalid_acceess_token","message":"Invalid access_token, please have a check.","request_id":"e3e3e7f34026c778a571572564b9ba00"}
[2025-10-02 13:05:59] INFO: ✅ Shopee refresh on fetchWithAuth Error: {"error":"invalid_acceess_token","message":"Invalid access_token, please have a check.","request_id":"e3e3e7f34026c778aba129e6584e4300"}
[2025-10-02 13:06:00] INFO: Update data token : 
[2025-10-02 13:06:00] INFO: Update data token : 
[2025-10-02 13:20:59] INFO: INI ALAMAT TABLENYA :  D:\Work\ARYA-WMS-SHOPPIE\ANG19\wmshopee\.angular\prerender-root\25e1cf35-68c5-4a85-a5cc-22ea5ef2a2e4\data\admdb.sqlite
[2025-10-02 13:21:08] INFO: INI ALAMAT TABLENYA :  D:\Work\ARYA-WMS-SHOPPIE\ANG19\wmshopee\.angular\prerender-root\ed051429-63d0-4909-9a7f-fd6a51baba55\data\admdb.sqlite
[2025-10-02 13:21:08] INFO: INI ALAMAT TABLENYA :  D:\Work\ARYA-WMS-SHOPPIE\ANG19\wmshopee\.angular\prerender-root\ddf3fcbd-267d-43a4-80e4-1b884c18aac5\data\admdb.sqlite
[2025-10-02 13:21:08] INFO: INI ALAMAT TABLENYA :  D:\Work\ARYA-WMS-SHOPPIE\ANG19\wmshopee\.angular\prerender-root\20f23b79-84ee-40c1-9bb2-d0b9f8f8a392\data\admdb.sqlite
[2025-10-02 13:21:08] INFO: INI ALAMAT TABLENYA :  D:\Work\ARYA-WMS-SHOPPIE\ANG19\wmshopee\.angular\prerender-root\33a81909-f3e7-4e0a-a049-4c5d286cd5dc\data\admdb.sqlite
[2025-10-02 13:21:34] INFO: INI ALAMAT TABLENYA :  D:\Work\ARYA-WMS-SHOPPIE\ANG19\wmshopee\dist\wmshopee\server\data\admdb.sqlite
[2025-10-02 13:23:12] INFO: INI ALAMAT TABLENYA :  D:\Work\ARYA-WMS-SHOPPIE\ANG19\wmshopee\.angular\prerender-root\6ea311a5-f629-4f0c-a76b-431aed6fb0b8\data\admdb.sqlite
[2025-10-02 13:23:15] INFO: INI ALAMAT TABLENYA :  D:\Work\ARYA-WMS-SHOPPIE\ANG19\wmshopee\.angular\prerender-root\37ada7df-926c-4184-8b42-1b1eafdd57f3\data\admdb.sqlite
[2025-10-02 13:23:15] INFO: INI ALAMAT TABLENYA :  D:\Work\ARYA-WMS-SHOPPIE\ANG19\wmshopee\.angular\prerender-root\bbc76368-5b63-4729-b7e2-7a06d18b6616\data\admdb.sqlite
[2025-10-02 13:23:15] INFO: INI ALAMAT TABLENYA :  D:\Work\ARYA-WMS-SHOPPIE\ANG19\wmshopee\.angular\prerender-root\d20a6e83-a172-4033-9655-2071b665d80f\data\admdb.sqlite
[2025-10-02 13:23:15] INFO: INI ALAMAT TABLENYA :  D:\Work\ARYA-WMS-SHOPPIE\ANG19\wmshopee\.angular\prerender-root\3700aa38-431d-446f-b430-8eba53e021ee\data\admdb.sqlite
[2025-10-02 13:23:24] INFO: INI ALAMAT TABLENYA :  D:\Work\ARYA-WMS-SHOPPIE\ANG19\wmshopee\dist\wmshopee\server\data\admdb.sqlite
[2025-10-02 13:24:36] INFO: INI ALAMAT TABLENYA :  D:\Work\ARYA-WMS-SHOPPIE\ANG19\wmshopee\.angular\prerender-root\9665fc24-28ff-49fc-832f-8d3dc9aa9f07\data\admdb.sqlite
[2025-10-02 13:24:38] INFO: INI ALAMAT TABLENYA :  D:\Work\ARYA-WMS-SHOPPIE\ANG19\wmshopee\.angular\prerender-root\bbf6ab67-2222-4ed6-bcb0-b948e8c91c18\data\admdb.sqlite
[2025-10-02 13:24:38] INFO: INI ALAMAT TABLENYA :  D:\Work\ARYA-WMS-SHOPPIE\ANG19\wmshopee\.angular\prerender-root\d1d07801-2ded-456d-bb37-9b657cc8fd2e\data\admdb.sqlite
[2025-10-02 13:24:38] INFO: INI ALAMAT TABLENYA :  D:\Work\ARYA-WMS-SHOPPIE\ANG19\wmshopee\.angular\prerender-root\0284508b-aae9-496f-9f36-e4f7ddcacc85\data\admdb.sqlite
[2025-10-02 13:24:38] INFO: INI ALAMAT TABLENYA :  D:\Work\ARYA-WMS-SHOPPIE\ANG19\wmshopee\.angular\prerender-root\c210c50b-c957-4ae7-b44f-d95025bf030d\data\admdb.sqlite
[2025-10-02 13:24:48] INFO: INI ALAMAT TABLENYA :  D:\Work\ARYA-WMS-SHOPPIE\ANG19\wmshopee\dist\wmshopee\server\data\admdb.sqlite
[2025-10-02 13:27:28] INFO: INI ALAMAT TABLENYA :  D:\Work\ARYA-WMS-SHOPPIE\ANG19\wmshopee\.angular\prerender-root\5471f606-9561-4dea-9890-8d76a9f100b6\data\admdb.sqlite
[2025-10-02 13:27:30] INFO: INI ALAMAT TABLENYA :  D:\Work\ARYA-WMS-SHOPPIE\ANG19\wmshopee\.angular\prerender-root\05583013-1556-4a5b-b83e-fe9f81f6a69a\data\admdb.sqlite
[2025-10-02 13:27:30] INFO: INI ALAMAT TABLENYA :  D:\Work\ARYA-WMS-SHOPPIE\ANG19\wmshopee\.angular\prerender-root\3f30a696-f74c-4991-825f-4f230b9dc412\data\admdb.sqlite
[2025-10-02 13:27:30] INFO: INI ALAMAT TABLENYA :  D:\Work\ARYA-WMS-SHOPPIE\ANG19\wmshopee\.angular\prerender-root\5af0429d-aa8a-4b1e-adcb-a4af878833c9\data\admdb.sqlite
[2025-10-02 13:27:30] INFO: INI ALAMAT TABLENYA :  D:\Work\ARYA-WMS-SHOPPIE\ANG19\wmshopee\.angular\prerender-root\3d249699-caad-49c6-b15b-3cd479ff5fe8\data\admdb.sqlite
[2025-10-02 13:27:40] INFO: INI ALAMAT TABLENYA :  D:\Work\ARYA-WMS-SHOPPIE\ANG19\wmshopee\dist\wmshopee\server\data\admdb.sqlite
[2025-10-02 13:30:26] INFO: INI ALAMAT TABLENYA :  D:\Work\ARYA-WMS-SHOPPIE\ANG19\wmshopee\.angular\prerender-root\4bad3cfa-e918-4fad-98e1-7773e8ee49f8\data\admdb.sqlite
[2025-10-02 13:30:28] INFO: INI ALAMAT TABLENYA :  D:\Work\ARYA-WMS-SHOPPIE\ANG19\wmshopee\.angular\prerender-root\d061a4ec-11d1-4d2a-9a9d-fc6e7b231bd8\data\admdb.sqlite
[2025-10-02 13:30:28] INFO: INI ALAMAT TABLENYA :  D:\Work\ARYA-WMS-SHOPPIE\ANG19\wmshopee\.angular\prerender-root\dab4a03b-ecb3-4abe-8750-6be23e213488\data\admdb.sqlite
[2025-10-02 13:30:28] INFO: INI ALAMAT TABLENYA :  D:\Work\ARYA-WMS-SHOPPIE\ANG19\wmshopee\.angular\prerender-root\fb4388c6-44f8-4d8b-a1fc-6ba7b4043a8c\data\admdb.sqlite
[2025-10-02 13:30:28] INFO: INI ALAMAT TABLENYA :  D:\Work\ARYA-WMS-SHOPPIE\ANG19\wmshopee\.angular\prerender-root\2db8eb50-12b5-428a-b7a5-cc0fad26b96a\data\admdb.sqlite
[2025-10-02 13:30:54] INFO: INI ALAMAT TABLENYA :  D:\Work\ARYA-WMS-SHOPPIE\ANG19\wmshopee\dist\wmshopee\server\data\admdb.sqlite
[2025-10-02 13:36:23] INFO: INI ALAMAT TABLENYA :  D:\Work\ARYA-WMS-SHOPPIE\ANG19\wmshopee\.angular\prerender-root\fd8892d6-d5b3-4fa3-b65f-49ceda1e2832\data\admdb.sqlite
[2025-10-02 13:36:26] INFO: INI ALAMAT TABLENYA :  D:\Work\ARYA-WMS-SHOPPIE\ANG19\wmshopee\.angular\prerender-root\6c448ff2-466b-45e4-8cfb-ae9207668ab0\data\admdb.sqlite
[2025-10-02 13:36:26] INFO: INI ALAMAT TABLENYA :  D:\Work\ARYA-WMS-SHOPPIE\ANG19\wmshopee\.angular\prerender-root\9fc7b4af-2ef1-4a06-8d73-6b2e6eb1fcaf\data\admdb.sqlite
[2025-10-02 13:36:26] INFO: INI ALAMAT TABLENYA :  D:\Work\ARYA-WMS-SHOPPIE\ANG19\wmshopee\.angular\prerender-root\1c7d7779-ca6f-4f01-8f58-e7233f7f3be3\data\admdb.sqlite
[2025-10-02 13:36:26] INFO: INI ALAMAT TABLENYA :  D:\Work\ARYA-WMS-SHOPPIE\ANG19\wmshopee\.angular\prerender-root\69913c58-3bb2-4c11-8496-ff55e80f8b9e\data\admdb.sqlite
[2025-10-02 13:36:35] INFO: INI ALAMAT TABLENYA :  D:\Work\ARYA-WMS-SHOPPIE\ANG19\wmshopee\dist\wmshopee\server\data\admdb.sqlite
[2025-10-02 13:39:37] INFO: INI ALAMAT TABLENYA :  D:\Work\ARYA-WMS-SHOPPIE\ANG19\wmshopee\.angular\prerender-root\f710d978-90ab-4815-8a3e-17652c6bc024\data\admdb.sqlite
[2025-10-02 13:39:40] INFO: INI ALAMAT TABLENYA :  D:\Work\ARYA-WMS-SHOPPIE\ANG19\wmshopee\.angular\prerender-root\a1070592-2d61-4248-ad72-d97c51ffd528\data\admdb.sqlite
[2025-10-02 13:39:40] INFO: INI ALAMAT TABLENYA :  D:\Work\ARYA-WMS-SHOPPIE\ANG19\wmshopee\.angular\prerender-root\738a3ed1-6de7-41db-b9c6-ba06df1f3074\data\admdb.sqlite
[2025-10-02 13:39:40] INFO: INI ALAMAT TABLENYA :  D:\Work\ARYA-WMS-SHOPPIE\ANG19\wmshopee\.angular\prerender-root\24d84adc-08d6-4fc1-82f7-82ecb554d05b\data\admdb.sqlite
[2025-10-02 13:39:40] INFO: INI ALAMAT TABLENYA :  D:\Work\ARYA-WMS-SHOPPIE\ANG19\wmshopee\.angular\prerender-root\8b3bddb4-96eb-497c-b4d8-83391f3804b6\data\admdb.sqlite
[2025-10-02 13:39:49] INFO: INI ALAMAT TABLENYA :  D:\Work\ARYA-WMS-SHOPPIE\ANG19\wmshopee\dist\wmshopee\server\data\admdb.sqlite
[2025-10-02 13:41:25] INFO: INI ALAMAT TABLENYA :  D:\Work\ARYA-WMS-SHOPPIE\ANG19\wmshopee\.angular\prerender-root\b375a788-75e4-435d-9c03-2234cabc6ed2\data\admdb.sqlite
[2025-10-02 13:41:27] INFO: INI ALAMAT TABLENYA :  D:\Work\ARYA-WMS-SHOPPIE\ANG19\wmshopee\.angular\prerender-root\a31e2975-b7ec-4a4e-ab26-d0b1408eb647\data\admdb.sqlite
[2025-10-02 13:41:27] INFO: INI ALAMAT TABLENYA :  D:\Work\ARYA-WMS-SHOPPIE\ANG19\wmshopee\.angular\prerender-root\f3373ab9-8657-47a5-88c2-310e801deeca\data\admdb.sqlite
[2025-10-02 13:41:27] INFO: INI ALAMAT TABLENYA :  D:\Work\ARYA-WMS-SHOPPIE\ANG19\wmshopee\.angular\prerender-root\6253e3c4-c278-4ec0-9281-1d8e0b8b5833\data\admdb.sqlite
[2025-10-02 13:41:27] INFO: INI ALAMAT TABLENYA :  D:\Work\ARYA-WMS-SHOPPIE\ANG19\wmshopee\.angular\prerender-root\84f661a1-40d4-40eb-bfed-df631c44f7ee\data\admdb.sqlite
[2025-10-02 13:41:46] INFO: INI ALAMAT TABLENYA :  D:\Work\ARYA-WMS-SHOPPIE\ANG19\wmshopee\dist\wmshopee\server\data\admdb.sqlite
[2025-10-02 13:47:38] INFO: INI ALAMAT TABLENYA :  D:\Work\ARYA-WMS-SHOPPIE\ANG19\wmshopee\.angular\prerender-root\88705898-bc14-4eb4-90bc-045d1b744534\data\admdb.sqlite
[2025-10-02 13:47:40] INFO: INI ALAMAT TABLENYA :  D:\Work\ARYA-WMS-SHOPPIE\ANG19\wmshopee\.angular\prerender-root\d4972d2d-3007-49e2-9029-f7d88f999bb6\data\admdb.sqlite
[2025-10-02 13:47:40] INFO: INI ALAMAT TABLENYA :  D:\Work\ARYA-WMS-SHOPPIE\ANG19\wmshopee\.angular\prerender-root\a1e38d3f-303c-4f59-9edc-0aeef6ab68ad\data\admdb.sqlite
[2025-10-02 13:47:40] INFO: INI ALAMAT TABLENYA :  D:\Work\ARYA-WMS-SHOPPIE\ANG19\wmshopee\.angular\prerender-root\aebc239e-8aa1-401b-87cf-6c71bc5df357\data\admdb.sqlite
[2025-10-02 13:47:40] INFO: INI ALAMAT TABLENYA :  D:\Work\ARYA-WMS-SHOPPIE\ANG19\wmshopee\.angular\prerender-root\0d24cd06-5ffc-4f07-992c-07893e84f3f6\data\admdb.sqlite
[2025-10-02 13:47:53] INFO: INI ALAMAT TABLENYA :  D:\Work\ARYA-WMS-SHOPPIE\ANG19\wmshopee\dist\wmshopee\server\data\admdb.sqlite
[2025-10-02 13:50:59] INFO: INI ALAMAT TABLENYA :  D:\Work\ARYA-WMS-SHOPPIE\ANG19\wmshopee\.angular\prerender-root\b1595b71-d258-49a1-8450-d6da0969b9df\data\admdb.sqlite
[2025-10-02 13:51:02] INFO: INI ALAMAT TABLENYA :  D:\Work\ARYA-WMS-SHOPPIE\ANG19\wmshopee\.angular\prerender-root\c233c121-68f9-4cab-848e-a0dc3cd5d13f\data\admdb.sqlite
[2025-10-02 13:51:02] INFO: INI ALAMAT TABLENYA :  D:\Work\ARYA-WMS-SHOPPIE\ANG19\wmshopee\.angular\prerender-root\aa87573b-bb19-499b-ba43-aa6eeca4db57\data\admdb.sqlite
[2025-10-02 13:51:02] INFO: INI ALAMAT TABLENYA :  D:\Work\ARYA-WMS-SHOPPIE\ANG19\wmshopee\.angular\prerender-root\e2c1cb28-b70a-45ed-a0b1-c3083b31715b\data\admdb.sqlite
[2025-10-02 13:51:02] INFO: INI ALAMAT TABLENYA :  D:\Work\ARYA-WMS-SHOPPIE\ANG19\wmshopee\.angular\prerender-root\f13d1f9b-621a-4b27-b069-d1c70652d459\data\admdb.sqlite
[2025-10-02 13:51:12] INFO: INI ALAMAT TABLENYA :  D:\Work\ARYA-WMS-SHOPPIE\ANG19\wmshopee\dist\wmshopee\server\data\admdb.sqlite
[2025-10-02 14:00:29] INFO: INI ALAMAT TABLENYA :  D:\Work\ARYA-WMS-SHOPPIE\ANG19\wmshopee\.angular\prerender-root\1ca46e87-fa21-4578-b1bf-58fcfa46a50c\data\admdb.sqlite
[2025-10-02 14:00:32] INFO: INI ALAMAT TABLENYA :  D:\Work\ARYA-WMS-SHOPPIE\ANG19\wmshopee\.angular\prerender-root\b1b0c01e-f9f1-4f36-a7a3-e88a259a016a\data\admdb.sqlite
[2025-10-02 14:00:32] INFO: INI ALAMAT TABLENYA :  D:\Work\ARYA-WMS-SHOPPIE\ANG19\wmshopee\.angular\prerender-root\e0a1d516-2392-4b89-b89f-3661a62b84c2\data\admdb.sqlite
[2025-10-02 14:00:32] INFO: INI ALAMAT TABLENYA :  D:\Work\ARYA-WMS-SHOPPIE\ANG19\wmshopee\.angular\prerender-root\5be8fed3-5ed3-40e2-87e1-e14b786feba4\data\admdb.sqlite
[2025-10-02 14:00:32] INFO: INI ALAMAT TABLENYA :  D:\Work\ARYA-WMS-SHOPPIE\ANG19\wmshopee\.angular\prerender-root\ab57c7d9-f8a8-4b5d-81bd-fb16ea3c310f\data\admdb.sqlite
[2025-10-02 14:00:48] INFO: INI ALAMAT TABLENYA :  D:\Work\ARYA-WMS-SHOPPIE\ANG19\wmshopee\dist\wmshopee\server\data\admdb.sqlite
