[2025-10-29 09:21:57] INFO: INI ALAMAT TABLENYA :  D:\Work\ARYA-WMS-SHOPPIE\ANG19\wmshopee\.angular\prerender-root\9cb331a8-7be2-48f7-aa47-3ed795d70c20\data\admdb.sqlite
[2025-10-29 09:22:17] INFO: INI ALAMAT TABLENYA :  D:\Work\ARYA-WMS-SHOPPIE\ANG19\wmshopee\.angular\prerender-root\b8178949-216f-493f-b8e1-588035254bd1\data\admdb.sqlite
[2025-10-29 09:22:17] INFO: INI ALAMAT TABLENYA :  D:\Work\ARYA-WMS-SHOPPIE\ANG19\wmshopee\.angular\prerender-root\a0775a52-089b-4681-ab6c-a8c36921480e\data\admdb.sqlite
[2025-10-29 09:22:17] INFO: INI ALAMAT TABLENYA :  D:\Work\ARYA-WMS-SHOPPIE\ANG19\wmshopee\.angular\prerender-root\7f73f002-6e34-4362-bdb4-930812462fde\data\admdb.sqlite
[2025-10-29 09:22:17] INFO: INI ALAMAT TABLENYA :  D:\Work\ARYA-WMS-SHOPPIE\ANG19\wmshopee\.angular\prerender-root\353d5959-7156-4018-bd4a-bcd7a4eedb40\data\admdb.sqlite
[2025-10-29 09:23:31] INFO: INI ALAMAT TABLENYA :  D:\Work\ARYA-WMS-SHOPPIE\ANG19\wmshopee\dist\wmshopee\server\data\admdb.sqlite
[2025-10-29 09:23:40] INFO: ✅ Shopee refresh on fetchWithAuth Error: {"error":"invalid_acceess_token","message":"Invalid access_token, please have a check.","request_id":"e3e3e7f34242d21b647d28176547d000"}
[2025-10-29 09:23:40] INFO: ✅ Shopee refresh on fetchWithAuth Error: {"error":"invalid_acceess_token","message":"Invalid access_token, please have a check.","request_id":"e3e3e7f34242d21b6a0b8a673c326300"}
[2025-10-29 09:23:40] INFO: Update data token : 
[2025-10-29 09:23:40] INFO: Update data token : 
[2025-10-29 09:24:10] INFO: ✅ package Sudah di List  185
[2025-10-29 11:10:22] INFO: INI ALAMAT TABLENYA :  D:\Work\ARYA-WMS-SHOPPIE\ANG19\wmshopee\.angular\prerender-root\69aad22e-79cb-40ac-92e2-041ac82a9e97\data\admdb.sqlite
[2025-10-29 11:10:25] INFO: INI ALAMAT TABLENYA :  D:\Work\ARYA-WMS-SHOPPIE\ANG19\wmshopee\.angular\prerender-root\6871a05b-14eb-4215-adad-b6a35cd864c8\data\admdb.sqlite
[2025-10-29 11:10:25] INFO: INI ALAMAT TABLENYA :  D:\Work\ARYA-WMS-SHOPPIE\ANG19\wmshopee\.angular\prerender-root\710e192a-8bc8-450f-9517-070fd8503aeb\data\admdb.sqlite
[2025-10-29 11:10:25] INFO: INI ALAMAT TABLENYA :  D:\Work\ARYA-WMS-SHOPPIE\ANG19\wmshopee\.angular\prerender-root\50d6d312-d348-4412-94f6-82bdcb59d2df\data\admdb.sqlite
[2025-10-29 11:10:25] INFO: INI ALAMAT TABLENYA :  D:\Work\ARYA-WMS-SHOPPIE\ANG19\wmshopee\.angular\prerender-root\66f943cf-708c-4c1c-8fe2-35ee0030f4dd\data\admdb.sqlite
[2025-10-29 11:11:21] INFO: INI ALAMAT TABLENYA :  D:\Work\ARYA-WMS-SHOPPIE\ANG19\wmshopee\dist\wmshopee\server\data\admdb.sqlite
[2025-10-29 11:15:41] INFO: INI ALAMAT TABLENYA :  D:\Work\ARYA-WMS-SHOPPIE\ANG19\wmshopee\.angular\prerender-root\100472b0-df5b-454d-b79e-acb9cc7edbff\data\admdb.sqlite
[2025-10-29 11:15:44] INFO: INI ALAMAT TABLENYA :  D:\Work\ARYA-WMS-SHOPPIE\ANG19\wmshopee\.angular\prerender-root\7247c2ac-9c0a-47c9-b227-1ce412365c0a\data\admdb.sqlite
[2025-10-29 11:15:44] INFO: INI ALAMAT TABLENYA :  D:\Work\ARYA-WMS-SHOPPIE\ANG19\wmshopee\.angular\prerender-root\17ae2d36-4c13-4a26-93ed-70ef244af2fc\data\admdb.sqlite
[2025-10-29 11:15:44] INFO: INI ALAMAT TABLENYA :  D:\Work\ARYA-WMS-SHOPPIE\ANG19\wmshopee\.angular\prerender-root\2dc7f6be-bac3-4441-96d0-7d34dab1defa\data\admdb.sqlite
[2025-10-29 11:15:44] INFO: INI ALAMAT TABLENYA :  D:\Work\ARYA-WMS-SHOPPIE\ANG19\wmshopee\.angular\prerender-root\fe0d82a8-fb56-4429-97da-66be4fe37e00\data\admdb.sqlite
[2025-10-29 11:15:54] INFO: INI ALAMAT TABLENYA :  D:\Work\ARYA-WMS-SHOPPIE\ANG19\wmshopee\dist\wmshopee\server\data\admdb.sqlite
[2025-10-29 11:19:21] INFO: INI ALAMAT TABLENYA :  D:\Work\ARYA-WMS-SHOPPIE\ANG19\wmshopee\.angular\prerender-root\b81280bf-9cbc-405e-8773-248e756668b2\data\admdb.sqlite
[2025-10-29 11:19:23] INFO: INI ALAMAT TABLENYA :  D:\Work\ARYA-WMS-SHOPPIE\ANG19\wmshopee\.angular\prerender-root\a2e9d808-595e-4ea6-8e8d-fbb247d20a77\data\admdb.sqlite
[2025-10-29 11:19:23] INFO: INI ALAMAT TABLENYA :  D:\Work\ARYA-WMS-SHOPPIE\ANG19\wmshopee\.angular\prerender-root\75d66cc1-18f4-4b1d-8d2c-6149c01fd12b\data\admdb.sqlite
[2025-10-29 11:19:23] INFO: INI ALAMAT TABLENYA :  D:\Work\ARYA-WMS-SHOPPIE\ANG19\wmshopee\.angular\prerender-root\24e32e78-41b6-493c-9c83-56f696b60076\data\admdb.sqlite
[2025-10-29 11:19:23] INFO: INI ALAMAT TABLENYA :  D:\Work\ARYA-WMS-SHOPPIE\ANG19\wmshopee\.angular\prerender-root\4606c602-a50f-4d2f-a82d-f4c29857c990\data\admdb.sqlite
[2025-10-29 11:19:51] INFO: INI ALAMAT TABLENYA :  D:\Work\ARYA-WMS-SHOPPIE\ANG19\wmshopee\dist\wmshopee\server\data\admdb.sqlite
[2025-10-29 11:21:23] INFO: INI ALAMAT TABLENYA :  D:\Work\ARYA-WMS-SHOPPIE\ANG19\wmshopee\.angular\prerender-root\f2b53800-a894-44b2-a133-b5a089e4d8ac\data\admdb.sqlite
[2025-10-29 11:21:25] INFO: INI ALAMAT TABLENYA :  D:\Work\ARYA-WMS-SHOPPIE\ANG19\wmshopee\.angular\prerender-root\31b43611-7fc5-4750-a247-eb08acb8e7e0\data\admdb.sqlite
[2025-10-29 11:21:25] INFO: INI ALAMAT TABLENYA :  D:\Work\ARYA-WMS-SHOPPIE\ANG19\wmshopee\.angular\prerender-root\e6f79af4-fa2c-41a6-9db1-1f91f1dba980\data\admdb.sqlite
[2025-10-29 11:21:25] INFO: INI ALAMAT TABLENYA :  D:\Work\ARYA-WMS-SHOPPIE\ANG19\wmshopee\.angular\prerender-root\0bc28fd6-d0ef-4e03-9001-c5ad6bf64051\data\admdb.sqlite
[2025-10-29 11:21:25] INFO: INI ALAMAT TABLENYA :  D:\Work\ARYA-WMS-SHOPPIE\ANG19\wmshopee\.angular\prerender-root\a8b04318-9ec6-470e-8344-8f71cc891a8a\data\admdb.sqlite
[2025-10-29 11:21:31] INFO: INI ALAMAT TABLENYA :  D:\Work\ARYA-WMS-SHOPPIE\ANG19\wmshopee\dist\wmshopee\server\data\admdb.sqlite
[2025-10-29 12:19:04] INFO: INI ALAMAT TABLENYA :  D:\Work\ARYA-WMS-SHOPPIE\ANG19\wmshopee\dist\wmshopee\server\data\admdb.sqlite
[2025-10-29 12:42:36] INFO: INI ALAMAT TABLENYA :  D:\Work\ARYA-WMS-SHOPPIE\ANG19\wmshopee\.angular\prerender-root\645f5673-c141-49ed-b237-c84ae16e2526\data\admdb.sqlite
[2025-10-29 12:42:44] INFO: INI ALAMAT TABLENYA :  D:\Work\ARYA-WMS-SHOPPIE\ANG19\wmshopee\.angular\prerender-root\550ed4a1-bfd1-4aff-b5e6-e957561d0b81\data\admdb.sqlite
[2025-10-29 12:42:44] INFO: INI ALAMAT TABLENYA :  D:\Work\ARYA-WMS-SHOPPIE\ANG19\wmshopee\.angular\prerender-root\228e7c35-b208-4476-92ab-2cd074585cfc\data\admdb.sqlite
[2025-10-29 12:42:44] INFO: INI ALAMAT TABLENYA :  D:\Work\ARYA-WMS-SHOPPIE\ANG19\wmshopee\.angular\prerender-root\2175413a-f1ba-481d-a4f1-d5d8aa924366\data\admdb.sqlite
[2025-10-29 12:42:44] INFO: INI ALAMAT TABLENYA :  D:\Work\ARYA-WMS-SHOPPIE\ANG19\wmshopee\.angular\prerender-root\e450ad43-10a9-4436-84c7-19dbcf93d3ba\data\admdb.sqlite
[2025-10-29 12:43:01] INFO: INI ALAMAT TABLENYA :  D:\Work\ARYA-WMS-SHOPPIE\ANG19\wmshopee\dist\wmshopee\server\data\admdb.sqlite
[2025-10-29 12:49:59] INFO: INI ALAMAT TABLENYA :  D:\Work\ARYA-WMS-SHOPPIE\ANG19\wmshopee\.angular\prerender-root\04c4466f-85c9-43bd-82dd-1fce3c9ca713\data\admdb.sqlite
[2025-10-29 12:50:01] INFO: INI ALAMAT TABLENYA :  D:\Work\ARYA-WMS-SHOPPIE\ANG19\wmshopee\.angular\prerender-root\327640a4-99c1-4a4c-a39c-c27bced33615\data\admdb.sqlite
[2025-10-29 12:50:01] INFO: INI ALAMAT TABLENYA :  D:\Work\ARYA-WMS-SHOPPIE\ANG19\wmshopee\.angular\prerender-root\293c37a4-ea79-45ed-ae64-2c61e57b7507\data\admdb.sqlite
[2025-10-29 12:50:01] INFO: INI ALAMAT TABLENYA :  D:\Work\ARYA-WMS-SHOPPIE\ANG19\wmshopee\.angular\prerender-root\4b2b0211-17d8-411b-b2da-4c4725d0804f\data\admdb.sqlite
[2025-10-29 12:50:01] INFO: INI ALAMAT TABLENYA :  D:\Work\ARYA-WMS-SHOPPIE\ANG19\wmshopee\.angular\prerender-root\f4dbd53c-698d-49b9-b4de-ec2485a6e830\data\admdb.sqlite
[2025-10-29 12:50:17] INFO: INI ALAMAT TABLENYA :  D:\Work\ARYA-WMS-SHOPPIE\ANG19\wmshopee\dist\wmshopee\server\data\admdb.sqlite
[2025-10-29 12:51:19] INFO: ✅ package Sudah di List  24
[2025-10-29 13:01:46] INFO: INI ALAMAT TABLENYA :  D:\Work\ARYA-WMS-SHOPPIE\ANG19\wmshopee\.angular\prerender-root\1343c6a0-dce3-4565-a5be-587914b2412a\data\admdb.sqlite
[2025-10-29 13:01:47] INFO: INI ALAMAT TABLENYA :  D:\Work\ARYA-WMS-SHOPPIE\ANG19\wmshopee\.angular\prerender-root\f1850f8a-524e-4f23-9705-c7670cd6bdc6\data\admdb.sqlite
[2025-10-29 13:01:47] INFO: INI ALAMAT TABLENYA :  D:\Work\ARYA-WMS-SHOPPIE\ANG19\wmshopee\.angular\prerender-root\c3c4587a-35c3-47e1-8bd8-98ee2705d644\data\admdb.sqlite
[2025-10-29 13:01:47] INFO: INI ALAMAT TABLENYA :  D:\Work\ARYA-WMS-SHOPPIE\ANG19\wmshopee\.angular\prerender-root\1163005a-be0b-4cb2-8b0b-38b334cd5c5f\data\admdb.sqlite
[2025-10-29 13:01:47] INFO: INI ALAMAT TABLENYA :  D:\Work\ARYA-WMS-SHOPPIE\ANG19\wmshopee\.angular\prerender-root\68a8dded-3bd4-4509-9ce8-520950c30ced\data\admdb.sqlite
[2025-10-29 13:04:24] INFO: INI ALAMAT TABLENYA :  D:\Work\ARYA-WMS-SHOPPIE\ANG19\wmshopee\dist\wmshopee\server\data\admdb.sqlite
[2025-10-29 13:06:14] INFO: INI ALAMAT TABLENYA :  D:\Work\ARYA-WMS-SHOPPIE\ANG19\wmshopee\.angular\prerender-root\abdad39c-5036-4a28-bf6a-fccf1ce28baa\data\admdb.sqlite
[2025-10-29 13:06:15] INFO: INI ALAMAT TABLENYA :  D:\Work\ARYA-WMS-SHOPPIE\ANG19\wmshopee\.angular\prerender-root\4ec122c4-02a8-4714-abaf-18d2241776aa\data\admdb.sqlite
[2025-10-29 13:06:15] INFO: INI ALAMAT TABLENYA :  D:\Work\ARYA-WMS-SHOPPIE\ANG19\wmshopee\.angular\prerender-root\467cd3d0-8dc8-4a18-89d4-2ca0f473ee1c\data\admdb.sqlite
[2025-10-29 13:06:15] INFO: INI ALAMAT TABLENYA :  D:\Work\ARYA-WMS-SHOPPIE\ANG19\wmshopee\.angular\prerender-root\218b2f24-1769-4cb8-baeb-2561a973161e\data\admdb.sqlite
[2025-10-29 13:06:15] INFO: INI ALAMAT TABLENYA :  D:\Work\ARYA-WMS-SHOPPIE\ANG19\wmshopee\.angular\prerender-root\1e9ae2cf-6555-4f55-9ac6-01fcc22ee7a3\data\admdb.sqlite
[2025-10-29 13:06:23] INFO: INI ALAMAT TABLENYA :  D:\Work\ARYA-WMS-SHOPPIE\ANG19\wmshopee\dist\wmshopee\server\data\admdb.sqlite
[2025-10-29 13:09:35] INFO: INI ALAMAT TABLENYA :  D:\Work\ARYA-WMS-SHOPPIE\ANG19\wmshopee\.angular\prerender-root\643534d7-bb56-420e-83e5-3a2a2b203bfd\data\admdb.sqlite
[2025-10-29 13:09:36] INFO: INI ALAMAT TABLENYA :  D:\Work\ARYA-WMS-SHOPPIE\ANG19\wmshopee\.angular\prerender-root\968f7b6e-d707-469d-b041-afb37d9afd97\data\admdb.sqlite
[2025-10-29 13:09:36] INFO: INI ALAMAT TABLENYA :  D:\Work\ARYA-WMS-SHOPPIE\ANG19\wmshopee\.angular\prerender-root\501417fa-be0f-4e0e-b9e5-49c944d0162e\data\admdb.sqlite
[2025-10-29 13:09:36] INFO: INI ALAMAT TABLENYA :  D:\Work\ARYA-WMS-SHOPPIE\ANG19\wmshopee\.angular\prerender-root\5e45a2b2-4463-43be-93d7-21f01279622b\data\admdb.sqlite
[2025-10-29 13:09:36] INFO: INI ALAMAT TABLENYA :  D:\Work\ARYA-WMS-SHOPPIE\ANG19\wmshopee\.angular\prerender-root\90915788-f983-4d01-9358-e1ed89027d3b\data\admdb.sqlite
[2025-10-29 13:09:43] INFO: INI ALAMAT TABLENYA :  D:\Work\ARYA-WMS-SHOPPIE\ANG19\wmshopee\dist\wmshopee\server\data\admdb.sqlite
[2025-10-29 13:15:48] INFO: INI ALAMAT TABLENYA :  D:\Work\ARYA-WMS-SHOPPIE\ANG19\wmshopee\.angular\prerender-root\fa21a098-6b49-4706-b0f0-d265da447651\data\admdb.sqlite
[2025-10-29 13:15:49] INFO: INI ALAMAT TABLENYA :  D:\Work\ARYA-WMS-SHOPPIE\ANG19\wmshopee\.angular\prerender-root\514febc3-f9d7-4b54-9744-fe212852f77c\data\admdb.sqlite
[2025-10-29 13:15:49] INFO: INI ALAMAT TABLENYA :  D:\Work\ARYA-WMS-SHOPPIE\ANG19\wmshopee\.angular\prerender-root\5eada67e-4bed-4a89-ba21-c6f8260f680a\data\admdb.sqlite
[2025-10-29 13:15:49] INFO: INI ALAMAT TABLENYA :  D:\Work\ARYA-WMS-SHOPPIE\ANG19\wmshopee\.angular\prerender-root\99b890ed-ef8e-423d-8de8-58478a24e908\data\admdb.sqlite
[2025-10-29 13:15:49] INFO: INI ALAMAT TABLENYA :  D:\Work\ARYA-WMS-SHOPPIE\ANG19\wmshopee\.angular\prerender-root\42256be9-5be1-4c67-9203-c60410102dca\data\admdb.sqlite
[2025-10-29 13:16:15] INFO: INI ALAMAT TABLENYA :  D:\Work\ARYA-WMS-SHOPPIE\ANG19\wmshopee\dist\wmshopee\server\data\admdb.sqlite
[2025-10-29 13:16:36] INFO: ✅ package Sudah di List  2
[2025-10-29 13:17:48] INFO: ✅ package Sudah di List  2
[2025-10-29 13:20:32] INFO: ✅ package Sudah di List  2
[2025-10-29 13:25:11] INFO: ✅ Shopee refresh on fetchWithAuth Error: {"error":"invalid_acceess_token","message":"Invalid access_token, please have a check.","request_id":"e3e3e7f3424631d0adc1fea3a1fd7100"}
[2025-10-29 13:25:11] INFO: Update data token : 
[2025-10-29 13:25:11] INFO: ✅ package Sudah di List  3
