[2025-10-07 09:10:59] INFO: INI ALAMAT TABLENYA :  D:\Work\ARYA-WMS-SHOPPIE\ANG19\wmshopee\.angular\prerender-root\2e209d9a-e66b-49a6-ab76-0d540d576148\data\admdb.sqlite
[2025-10-07 09:11:08] INFO: INI ALAMAT TABLENYA :  D:\Work\ARYA-WMS-SHOPPIE\ANG19\wmshopee\.angular\prerender-root\2ca81682-fc22-4704-b9ea-514587bb459e\data\admdb.sqlite
[2025-10-07 09:11:08] INFO: INI ALAMAT TABLENYA :  D:\Work\ARYA-WMS-SHOPPIE\ANG19\wmshopee\.angular\prerender-root\e3970aaf-6524-4c2d-bdc1-25ab7a1b442f\data\admdb.sqlite
[2025-10-07 09:11:08] INFO: INI ALAMAT TABLENYA :  D:\Work\ARYA-WMS-SHOPPIE\ANG19\wmshopee\.angular\prerender-root\bfa45bee-43c0-4b10-9227-15cc84aac624\data\admdb.sqlite
[2025-10-07 09:11:08] INFO: INI ALAMAT TABLENYA :  D:\Work\ARYA-WMS-SHOPPIE\ANG19\wmshopee\.angular\prerender-root\9bf5325b-445e-4375-aacf-d33daa382dcd\data\admdb.sqlite
[2025-10-07 09:11:37] INFO: INI ALAMAT TABLENYA :  D:\Work\ARYA-WMS-SHOPPIE\ANG19\wmshopee\dist\wmshopee\server\data\admdb.sqlite
[2025-10-07 09:11:50] INFO: ✅ Shopee refresh on fetchWithAuth Error: {"error":"invalid_acceess_token","message":"Invalid access_token, please have a check.","request_id":"e3e3e7f340881756bd55914a94abfc00"}
[2025-10-07 09:11:51] INFO: ✅ Shopee refresh on fetchWithAuth Error: {"error":"invalid_acceess_token","message":"Invalid access_token, please have a check.","request_id":"e3e3e7f340881756cd05f65d26eae100"}
[2025-10-07 09:11:51] INFO: Update data token : 
[2025-10-07 09:11:51] INFO: Update data token : 
[2025-10-07 09:13:25] INFO: INI ALAMAT TABLENYA :  D:\Work\ARYA-WMS-SHOPPIE\ANG19\wmshopee\.angular\prerender-root\0b3cac42-5b00-4f51-a185-c102491e5bd8\data\admdb.sqlite
[2025-10-07 09:13:27] INFO: INI ALAMAT TABLENYA :  D:\Work\ARYA-WMS-SHOPPIE\ANG19\wmshopee\.angular\prerender-root\06a15d7c-3e8d-429e-ad65-6406be2a3c70\data\admdb.sqlite
[2025-10-07 09:13:27] INFO: INI ALAMAT TABLENYA :  D:\Work\ARYA-WMS-SHOPPIE\ANG19\wmshopee\.angular\prerender-root\3b6113b2-eda8-4e0f-b4b1-d144a212985b\data\admdb.sqlite
[2025-10-07 09:13:27] INFO: INI ALAMAT TABLENYA :  D:\Work\ARYA-WMS-SHOPPIE\ANG19\wmshopee\.angular\prerender-root\b9ab1d35-80f7-4894-ac44-e479c4c046be\data\admdb.sqlite
[2025-10-07 09:13:27] INFO: INI ALAMAT TABLENYA :  D:\Work\ARYA-WMS-SHOPPIE\ANG19\wmshopee\.angular\prerender-root\3c81bc10-b68f-413b-b2c4-07de41d28e77\data\admdb.sqlite
[2025-10-07 09:34:15] INFO: INI ALAMAT TABLENYA :  D:\Work\ARYA-WMS-SHOPPIE\ANG19\wmshopee\.angular\prerender-root\bebd620d-4727-4250-820c-4e2d35cc2527\data\admdb.sqlite
[2025-10-07 09:34:33] INFO: INI ALAMAT TABLENYA :  D:\Work\ARYA-WMS-SHOPPIE\ANG19\wmshopee\.angular\prerender-root\5c26cfb5-0dd6-446f-a107-1b6a714d81e4\data\admdb.sqlite
[2025-10-07 09:34:33] INFO: INI ALAMAT TABLENYA :  D:\Work\ARYA-WMS-SHOPPIE\ANG19\wmshopee\.angular\prerender-root\16713b4b-2914-49ab-998e-981c2699f082\data\admdb.sqlite
[2025-10-07 09:34:33] INFO: INI ALAMAT TABLENYA :  D:\Work\ARYA-WMS-SHOPPIE\ANG19\wmshopee\.angular\prerender-root\b990f1f3-9ac5-4419-a90c-1fadf921bb4b\data\admdb.sqlite
[2025-10-07 09:34:33] INFO: INI ALAMAT TABLENYA :  D:\Work\ARYA-WMS-SHOPPIE\ANG19\wmshopee\.angular\prerender-root\1b8f318f-d314-40d1-8da4-595f132165d1\data\admdb.sqlite
[2025-10-07 09:34:55] INFO: INI ALAMAT TABLENYA :  D:\Work\ARYA-WMS-SHOPPIE\ANG19\wmshopee\dist\wmshopee\server\data\admdb.sqlite
[2025-10-07 09:36:05] INFO: INI ALAMAT TABLENYA :  D:\Work\ARYA-WMS-SHOPPIE\ANG19\wmshopee\dist\wmshopee\server\data\admdb.sqlite
[2025-10-07 09:36:24] INFO: ✅ Sudah di List  61
[2025-10-07 09:36:26] INFO: ✅ package Sudah di List  {"order_sn":"251006D2XKJ24X","package_number":"OFG213449852212427"}
[2025-10-07 09:40:32] INFO: INI ALAMAT TABLENYA :  D:\Work\ARYA-WMS-SHOPPIE\ANG19\wmshopee\.angular\prerender-root\8bc05be3-b6f4-4f87-84df-7dee453b8cc4\data\admdb.sqlite
[2025-10-07 09:40:34] INFO: INI ALAMAT TABLENYA :  D:\Work\ARYA-WMS-SHOPPIE\ANG19\wmshopee\.angular\prerender-root\80b4a3e6-f100-4c09-8670-e3533b9cd403\data\admdb.sqlite
[2025-10-07 09:40:34] INFO: INI ALAMAT TABLENYA :  D:\Work\ARYA-WMS-SHOPPIE\ANG19\wmshopee\.angular\prerender-root\58a6a691-12f0-4c2e-9a50-025b831e852d\data\admdb.sqlite
[2025-10-07 09:40:34] INFO: INI ALAMAT TABLENYA :  D:\Work\ARYA-WMS-SHOPPIE\ANG19\wmshopee\.angular\prerender-root\91aa43c8-2077-460c-9e51-2136bedd00d9\data\admdb.sqlite
[2025-10-07 09:40:34] INFO: INI ALAMAT TABLENYA :  D:\Work\ARYA-WMS-SHOPPIE\ANG19\wmshopee\.angular\prerender-root\ef45f3e3-b6df-4aae-a98f-2272ea225547\data\admdb.sqlite
[2025-10-07 09:40:48] INFO: INI ALAMAT TABLENYA :  D:\Work\ARYA-WMS-SHOPPIE\ANG19\wmshopee\dist\wmshopee\server\data\admdb.sqlite
[2025-10-07 09:42:34] INFO: INI ALAMAT TABLENYA :  D:\Work\ARYA-WMS-SHOPPIE\ANG19\wmshopee\.angular\prerender-root\4afc7ff3-f54e-4db5-974c-67030f438b60\data\admdb.sqlite
[2025-10-07 09:42:36] INFO: INI ALAMAT TABLENYA :  D:\Work\ARYA-WMS-SHOPPIE\ANG19\wmshopee\.angular\prerender-root\7a0b7532-209e-498d-b8cb-380dbb664452\data\admdb.sqlite
[2025-10-07 09:42:36] INFO: INI ALAMAT TABLENYA :  D:\Work\ARYA-WMS-SHOPPIE\ANG19\wmshopee\.angular\prerender-root\9b0c1b66-20ef-4232-8cbd-b82a0bd20f8a\data\admdb.sqlite
[2025-10-07 09:42:36] INFO: INI ALAMAT TABLENYA :  D:\Work\ARYA-WMS-SHOPPIE\ANG19\wmshopee\.angular\prerender-root\b99a894a-7916-40f1-b876-d5625bdf5595\data\admdb.sqlite
[2025-10-07 09:42:36] INFO: INI ALAMAT TABLENYA :  D:\Work\ARYA-WMS-SHOPPIE\ANG19\wmshopee\.angular\prerender-root\9133bfb3-a01d-4280-9797-80c2e0114afa\data\admdb.sqlite
[2025-10-07 09:42:45] INFO: INI ALAMAT TABLENYA :  D:\Work\ARYA-WMS-SHOPPIE\ANG19\wmshopee\dist\wmshopee\server\data\admdb.sqlite
[2025-10-07 09:42:52] INFO: ✅ Shopee refresh on fetchWithAuth Error: {"error":"invalid_acceess_token","message":"Invalid access_token, please have a check.","request_id":"e3e3e7f34088863fb36f65d335215100"}
[2025-10-07 09:42:52] INFO: ✅ Shopee refresh on fetchWithAuth Error: {"error":"invalid_acceess_token","message":"Invalid access_token, please have a check.","request_id":"e3e3e7f34088863fc15018b238ffa600"}
[2025-10-07 09:42:52] INFO: Update data token : 
[2025-10-07 09:42:52] INFO: Update data token : 
[2025-10-07 09:43:00] INFO: ✅ package Sudah di List  170
[2025-10-07 09:44:01] INFO: INI ALAMAT TABLENYA :  D:\Work\ARYA-WMS-SHOPPIE\ANG19\wmshopee\.angular\prerender-root\12ab8f99-6d2d-4037-a594-59a0958e7df8\data\admdb.sqlite
[2025-10-07 09:44:04] INFO: INI ALAMAT TABLENYA :  D:\Work\ARYA-WMS-SHOPPIE\ANG19\wmshopee\.angular\prerender-root\ca5a97d1-cb2a-458b-8eba-5e796e715adb\data\admdb.sqlite
[2025-10-07 09:44:04] INFO: INI ALAMAT TABLENYA :  D:\Work\ARYA-WMS-SHOPPIE\ANG19\wmshopee\.angular\prerender-root\54f3af62-0bf1-468c-85dc-a7a103838de8\data\admdb.sqlite
[2025-10-07 09:44:04] INFO: INI ALAMAT TABLENYA :  D:\Work\ARYA-WMS-SHOPPIE\ANG19\wmshopee\.angular\prerender-root\e39a6ef3-2f7f-4271-abea-b91e9b265400\data\admdb.sqlite
[2025-10-07 09:44:04] INFO: INI ALAMAT TABLENYA :  D:\Work\ARYA-WMS-SHOPPIE\ANG19\wmshopee\.angular\prerender-root\4d867ae0-6d47-46fb-968c-40f212c9dead\data\admdb.sqlite
[2025-10-07 09:44:13] INFO: INI ALAMAT TABLENYA :  D:\Work\ARYA-WMS-SHOPPIE\ANG19\wmshopee\dist\wmshopee\server\data\admdb.sqlite
[2025-10-07 09:57:24] INFO: INI ALAMAT TABLENYA :  D:\Work\ARYA-WMS-SHOPPIE\ANG19\wmshopee\.angular\prerender-root\183e98c0-fdd2-46b5-9d70-9d4a03a5b8d9\data\admdb.sqlite
[2025-10-07 09:57:26] INFO: INI ALAMAT TABLENYA :  D:\Work\ARYA-WMS-SHOPPIE\ANG19\wmshopee\.angular\prerender-root\88a118e4-ce26-4b0f-96f3-03ed28a832a9\data\admdb.sqlite
[2025-10-07 09:57:26] INFO: INI ALAMAT TABLENYA :  D:\Work\ARYA-WMS-SHOPPIE\ANG19\wmshopee\.angular\prerender-root\2d20ed8e-c8f5-442e-947d-d18defd53c42\data\admdb.sqlite
[2025-10-07 09:57:26] INFO: INI ALAMAT TABLENYA :  D:\Work\ARYA-WMS-SHOPPIE\ANG19\wmshopee\.angular\prerender-root\a63c5f11-e188-4fbd-871e-f84240a6e2a3\data\admdb.sqlite
[2025-10-07 09:57:26] INFO: INI ALAMAT TABLENYA :  D:\Work\ARYA-WMS-SHOPPIE\ANG19\wmshopee\.angular\prerender-root\82a47e01-75b5-4452-8524-bbceb6a9b8b3\data\admdb.sqlite
[2025-10-07 10:06:39] INFO: INI ALAMAT TABLENYA :  D:\Work\ARYA-WMS-SHOPPIE\ANG19\wmshopee\.angular\prerender-root\b2447c52-7dcd-4907-a687-b95d53831cab\data\admdb.sqlite
[2025-10-07 10:06:41] INFO: INI ALAMAT TABLENYA :  D:\Work\ARYA-WMS-SHOPPIE\ANG19\wmshopee\.angular\prerender-root\9603f87e-25e1-49da-b65b-916944a96b16\data\admdb.sqlite
[2025-10-07 10:06:41] INFO: INI ALAMAT TABLENYA :  D:\Work\ARYA-WMS-SHOPPIE\ANG19\wmshopee\.angular\prerender-root\42f13c18-4b2f-4cd7-b653-4ecf6b218a3d\data\admdb.sqlite
[2025-10-07 10:06:41] INFO: INI ALAMAT TABLENYA :  D:\Work\ARYA-WMS-SHOPPIE\ANG19\wmshopee\.angular\prerender-root\d7adc0a3-db57-4ea0-aabd-c30f5f3efc51\data\admdb.sqlite
[2025-10-07 10:06:41] INFO: INI ALAMAT TABLENYA :  D:\Work\ARYA-WMS-SHOPPIE\ANG19\wmshopee\.angular\prerender-root\658ea56e-6491-44bd-90cf-38f790960cc3\data\admdb.sqlite
[2025-10-07 10:06:50] INFO: INI ALAMAT TABLENYA :  D:\Work\ARYA-WMS-SHOPPIE\ANG19\wmshopee\dist\wmshopee\server\data\admdb.sqlite
[2025-10-07 10:14:08] INFO: INI ALAMAT TABLENYA :  D:\Work\ARYA-WMS-SHOPPIE\ANG19\wmshopee\.angular\prerender-root\bbf114ea-5ff9-49a4-a2a2-da3c409efdc3\data\admdb.sqlite
[2025-10-07 10:14:10] INFO: INI ALAMAT TABLENYA :  D:\Work\ARYA-WMS-SHOPPIE\ANG19\wmshopee\.angular\prerender-root\6cfc7cfe-72d8-4ae2-85db-7f7a35edca8a\data\admdb.sqlite
[2025-10-07 10:14:11] INFO: INI ALAMAT TABLENYA :  D:\Work\ARYA-WMS-SHOPPIE\ANG19\wmshopee\.angular\prerender-root\907bded7-a24c-44dc-94a5-92aa4a18c09c\data\admdb.sqlite
[2025-10-07 10:14:11] INFO: INI ALAMAT TABLENYA :  D:\Work\ARYA-WMS-SHOPPIE\ANG19\wmshopee\.angular\prerender-root\13800ddc-7b18-44e5-a230-14e2dc2a01bd\data\admdb.sqlite
[2025-10-07 10:14:11] INFO: INI ALAMAT TABLENYA :  D:\Work\ARYA-WMS-SHOPPIE\ANG19\wmshopee\.angular\prerender-root\8cf9db11-b077-41da-8188-86f4dfee6eff\data\admdb.sqlite
[2025-10-07 10:14:22] INFO: INI ALAMAT TABLENYA :  D:\Work\ARYA-WMS-SHOPPIE\ANG19\wmshopee\dist\wmshopee\server\data\admdb.sqlite
[2025-10-07 10:18:44] INFO: INI ALAMAT TABLENYA :  D:\Work\ARYA-WMS-SHOPPIE\ANG19\wmshopee\.angular\prerender-root\7bcea5ff-9c0c-4237-8c39-2ecbcc5fbbde\data\admdb.sqlite
[2025-10-07 10:18:47] INFO: INI ALAMAT TABLENYA :  D:\Work\ARYA-WMS-SHOPPIE\ANG19\wmshopee\.angular\prerender-root\2c1d1be4-1d11-4ca5-9ed0-70f16fc83a21\data\admdb.sqlite
[2025-10-07 10:18:47] INFO: INI ALAMAT TABLENYA :  D:\Work\ARYA-WMS-SHOPPIE\ANG19\wmshopee\.angular\prerender-root\629a7f12-78a8-4b55-ba0c-47c3046392c2\data\admdb.sqlite
[2025-10-07 10:18:47] INFO: INI ALAMAT TABLENYA :  D:\Work\ARYA-WMS-SHOPPIE\ANG19\wmshopee\.angular\prerender-root\deec01e6-d8a4-48de-8733-d10201b7b8f2\data\admdb.sqlite
[2025-10-07 10:18:47] INFO: INI ALAMAT TABLENYA :  D:\Work\ARYA-WMS-SHOPPIE\ANG19\wmshopee\.angular\prerender-root\e0914728-e461-4508-98e4-a52a7ba7476c\data\admdb.sqlite
[2025-10-07 10:18:55] INFO: INI ALAMAT TABLENYA :  D:\Work\ARYA-WMS-SHOPPIE\ANG19\wmshopee\dist\wmshopee\server\data\admdb.sqlite
[2025-10-07 10:25:56] INFO: INI ALAMAT TABLENYA :  D:\Work\ARYA-WMS-SHOPPIE\ANG19\wmshopee\.angular\prerender-root\e428024f-70b9-4d3b-9be2-26aa67ad2b8b\data\admdb.sqlite
[2025-10-07 10:25:59] INFO: INI ALAMAT TABLENYA :  D:\Work\ARYA-WMS-SHOPPIE\ANG19\wmshopee\.angular\prerender-root\2d394c03-aefc-46ae-9281-cc56b48f68f0\data\admdb.sqlite
[2025-10-07 10:25:59] INFO: INI ALAMAT TABLENYA :  D:\Work\ARYA-WMS-SHOPPIE\ANG19\wmshopee\.angular\prerender-root\4659e729-bb89-4fd7-912f-98de5ed6b790\data\admdb.sqlite
[2025-10-07 10:25:59] INFO: INI ALAMAT TABLENYA :  D:\Work\ARYA-WMS-SHOPPIE\ANG19\wmshopee\.angular\prerender-root\d4cf21bf-b35b-4073-9834-d4068c51a35c\data\admdb.sqlite
[2025-10-07 10:25:59] INFO: INI ALAMAT TABLENYA :  D:\Work\ARYA-WMS-SHOPPIE\ANG19\wmshopee\.angular\prerender-root\68c7c5b6-4a26-4ce4-8c1d-6a845d1520d2\data\admdb.sqlite
[2025-10-07 10:27:55] INFO: INI ALAMAT TABLENYA :  D:\Work\ARYA-WMS-SHOPPIE\ANG19\wmshopee\dist\wmshopee\server\data\admdb.sqlite
[2025-10-07 10:31:32] INFO: INI ALAMAT TABLENYA :  D:\Work\ARYA-WMS-SHOPPIE\ANG19\wmshopee\.angular\prerender-root\cef56350-ae6b-496e-8dce-a933eff53dac\data\admdb.sqlite
[2025-10-07 10:31:34] INFO: INI ALAMAT TABLENYA :  D:\Work\ARYA-WMS-SHOPPIE\ANG19\wmshopee\.angular\prerender-root\91237422-07f9-4c23-b932-aa37a2548f97\data\admdb.sqlite
[2025-10-07 10:31:34] INFO: INI ALAMAT TABLENYA :  D:\Work\ARYA-WMS-SHOPPIE\ANG19\wmshopee\.angular\prerender-root\b84135d0-5a75-405b-9949-b1c4f1eb3858\data\admdb.sqlite
[2025-10-07 10:31:34] INFO: INI ALAMAT TABLENYA :  D:\Work\ARYA-WMS-SHOPPIE\ANG19\wmshopee\.angular\prerender-root\0336a621-8707-4f6c-b018-a0881e767016\data\admdb.sqlite
[2025-10-07 10:31:34] INFO: INI ALAMAT TABLENYA :  D:\Work\ARYA-WMS-SHOPPIE\ANG19\wmshopee\.angular\prerender-root\9077768f-a48b-406b-9297-239d74961a04\data\admdb.sqlite
[2025-10-07 10:32:22] INFO: INI ALAMAT TABLENYA :  D:\Work\ARYA-WMS-SHOPPIE\ANG19\wmshopee\dist\wmshopee\server\data\admdb.sqlite
[2025-10-07 10:37:12] INFO: INI ALAMAT TABLENYA :  D:\Work\ARYA-WMS-SHOPPIE\ANG19\wmshopee\.angular\prerender-root\d4e580ff-89ba-4cdb-be31-240898027712\data\admdb.sqlite
[2025-10-07 10:37:14] INFO: INI ALAMAT TABLENYA :  D:\Work\ARYA-WMS-SHOPPIE\ANG19\wmshopee\.angular\prerender-root\8200d50b-7f83-433a-97cd-7e6c6b3085ea\data\admdb.sqlite
[2025-10-07 10:37:14] INFO: INI ALAMAT TABLENYA :  D:\Work\ARYA-WMS-SHOPPIE\ANG19\wmshopee\.angular\prerender-root\05348093-fe05-4d66-aaf5-3c28be488f4a\data\admdb.sqlite
[2025-10-07 10:37:14] INFO: INI ALAMAT TABLENYA :  D:\Work\ARYA-WMS-SHOPPIE\ANG19\wmshopee\.angular\prerender-root\2b6c82ce-8feb-4cc7-954a-f5399adfd2b9\data\admdb.sqlite
[2025-10-07 10:37:14] INFO: INI ALAMAT TABLENYA :  D:\Work\ARYA-WMS-SHOPPIE\ANG19\wmshopee\.angular\prerender-root\3c9d0f9f-5abc-438f-95f8-b7beff908f91\data\admdb.sqlite
[2025-10-07 10:37:24] INFO: INI ALAMAT TABLENYA :  D:\Work\ARYA-WMS-SHOPPIE\ANG19\wmshopee\dist\wmshopee\server\data\admdb.sqlite
[2025-10-07 10:44:32] INFO: INI ALAMAT TABLENYA :  D:\Work\ARYA-WMS-SHOPPIE\ANG19\wmshopee\.angular\prerender-root\a4ef41b5-48a0-4de2-8176-33b3d0a38e46\data\admdb.sqlite
[2025-10-07 10:44:34] INFO: INI ALAMAT TABLENYA :  D:\Work\ARYA-WMS-SHOPPIE\ANG19\wmshopee\.angular\prerender-root\28f32e70-e793-454c-9539-7e07a14e05b2\data\admdb.sqlite
[2025-10-07 10:44:34] INFO: INI ALAMAT TABLENYA :  D:\Work\ARYA-WMS-SHOPPIE\ANG19\wmshopee\.angular\prerender-root\c4d6e9fb-da6e-46ca-920a-1e9de692f109\data\admdb.sqlite
[2025-10-07 10:44:34] INFO: INI ALAMAT TABLENYA :  D:\Work\ARYA-WMS-SHOPPIE\ANG19\wmshopee\.angular\prerender-root\e18b18d5-a73d-4a68-8a7b-9c55225dd5fe\data\admdb.sqlite
[2025-10-07 10:44:34] INFO: INI ALAMAT TABLENYA :  D:\Work\ARYA-WMS-SHOPPIE\ANG19\wmshopee\.angular\prerender-root\858ce49b-30e7-4d8d-a074-9c68554f9c0b\data\admdb.sqlite
[2025-10-07 10:44:45] INFO: INI ALAMAT TABLENYA :  D:\Work\ARYA-WMS-SHOPPIE\ANG19\wmshopee\dist\wmshopee\server\data\admdb.sqlite
[2025-10-07 10:49:58] INFO: INI ALAMAT TABLENYA :  D:\Work\ARYA-WMS-SHOPPIE\ANG19\wmshopee\.angular\prerender-root\448ea5bf-d89b-48ad-8b83-76a054a23fe1\data\admdb.sqlite
[2025-10-07 10:49:59] INFO: INI ALAMAT TABLENYA :  D:\Work\ARYA-WMS-SHOPPIE\ANG19\wmshopee\.angular\prerender-root\595c0019-f164-4da5-87f5-8913caa86e3b\data\admdb.sqlite
[2025-10-07 10:49:59] INFO: INI ALAMAT TABLENYA :  D:\Work\ARYA-WMS-SHOPPIE\ANG19\wmshopee\.angular\prerender-root\86e56428-83d3-4e5e-90fb-e9c9eb0b0340\data\admdb.sqlite
[2025-10-07 10:49:59] INFO: INI ALAMAT TABLENYA :  D:\Work\ARYA-WMS-SHOPPIE\ANG19\wmshopee\.angular\prerender-root\ef539940-e8cc-4324-908c-c5265d55f74a\data\admdb.sqlite
[2025-10-07 10:49:59] INFO: INI ALAMAT TABLENYA :  D:\Work\ARYA-WMS-SHOPPIE\ANG19\wmshopee\.angular\prerender-root\0fcdca13-0894-4be1-bd76-ea518e5c15a1\data\admdb.sqlite
[2025-10-07 10:50:06] INFO: INI ALAMAT TABLENYA :  D:\Work\ARYA-WMS-SHOPPIE\ANG19\wmshopee\dist\wmshopee\server\data\admdb.sqlite
[2025-10-07 11:09:26] INFO: INI ALAMAT TABLENYA :  D:\Work\ARYA-WMS-SHOPPIE\ANG19\wmshopee\.angular\prerender-root\b0b1b5ef-de26-43d7-94a7-58bc3eb1dae4\data\admdb.sqlite
[2025-10-07 11:09:28] INFO: INI ALAMAT TABLENYA :  D:\Work\ARYA-WMS-SHOPPIE\ANG19\wmshopee\.angular\prerender-root\7f96e312-0da4-4022-a073-9bb88fcfb968\data\admdb.sqlite
[2025-10-07 11:09:28] INFO: INI ALAMAT TABLENYA :  D:\Work\ARYA-WMS-SHOPPIE\ANG19\wmshopee\.angular\prerender-root\d40f7382-6715-41e8-b65a-7dfa670698d4\data\admdb.sqlite
[2025-10-07 11:09:28] INFO: INI ALAMAT TABLENYA :  D:\Work\ARYA-WMS-SHOPPIE\ANG19\wmshopee\.angular\prerender-root\27f6956f-6fb3-46e9-8c12-e136e1fa8029\data\admdb.sqlite
[2025-10-07 11:09:28] INFO: INI ALAMAT TABLENYA :  D:\Work\ARYA-WMS-SHOPPIE\ANG19\wmshopee\.angular\prerender-root\d75070ed-d7c4-4cec-bf41-d45b5d461235\data\admdb.sqlite
[2025-10-07 11:09:36] INFO: INI ALAMAT TABLENYA :  D:\Work\ARYA-WMS-SHOPPIE\ANG19\wmshopee\dist\wmshopee\server\data\admdb.sqlite
[2025-10-07 11:15:25] ERROR: Error api.controller :  {}
[2025-10-07 11:15:25] ERROR: Error api.controller :  {}
[2025-10-07 11:42:31] INFO: INI ALAMAT TABLENYA :  D:\Work\ARYA-WMS-SHOPPIE\ANG19\wmshopee\.angular\prerender-root\ee08d693-b79d-4103-b5fb-361aa2c219a2\data\admdb.sqlite
[2025-10-07 11:42:40] INFO: INI ALAMAT TABLENYA :  D:\Work\ARYA-WMS-SHOPPIE\ANG19\wmshopee\.angular\prerender-root\4cc1ea6d-5e8d-4835-9407-24ce921e46d9\data\admdb.sqlite
[2025-10-07 11:42:40] INFO: INI ALAMAT TABLENYA :  D:\Work\ARYA-WMS-SHOPPIE\ANG19\wmshopee\.angular\prerender-root\5ad1e188-a82a-47d9-bd8b-c1717225910c\data\admdb.sqlite
[2025-10-07 11:42:40] INFO: INI ALAMAT TABLENYA :  D:\Work\ARYA-WMS-SHOPPIE\ANG19\wmshopee\.angular\prerender-root\b2bae534-ffa4-44ff-81ed-ab5c20a05bc2\data\admdb.sqlite
[2025-10-07 11:42:40] INFO: INI ALAMAT TABLENYA :  D:\Work\ARYA-WMS-SHOPPIE\ANG19\wmshopee\.angular\prerender-root\e117f90b-b622-46cf-b0d3-87e4fbfc4770\data\admdb.sqlite
[2025-10-07 11:43:01] INFO: INI ALAMAT TABLENYA :  D:\Work\ARYA-WMS-SHOPPIE\ANG19\wmshopee\dist\wmshopee\server\data\admdb.sqlite
[2025-10-07 11:56:02] INFO: INI ALAMAT TABLENYA :  D:\Work\ARYA-WMS-SHOPPIE\ANG19\wmshopee\.angular\prerender-root\1e45e118-58bf-4cf4-bf1f-12f37c098888\data\admdb.sqlite
[2025-10-07 11:56:04] INFO: INI ALAMAT TABLENYA :  D:\Work\ARYA-WMS-SHOPPIE\ANG19\wmshopee\.angular\prerender-root\3f627f82-37b8-4262-967d-93f2acffebdd\data\admdb.sqlite
[2025-10-07 11:56:04] INFO: INI ALAMAT TABLENYA :  D:\Work\ARYA-WMS-SHOPPIE\ANG19\wmshopee\.angular\prerender-root\25a267bd-5035-4f29-ab3b-9cec8b8e3a67\data\admdb.sqlite
[2025-10-07 11:56:04] INFO: INI ALAMAT TABLENYA :  D:\Work\ARYA-WMS-SHOPPIE\ANG19\wmshopee\.angular\prerender-root\64745c33-65f8-4da0-b295-5da1067d3097\data\admdb.sqlite
[2025-10-07 11:56:04] INFO: INI ALAMAT TABLENYA :  D:\Work\ARYA-WMS-SHOPPIE\ANG19\wmshopee\.angular\prerender-root\c498fd17-f3b1-4fe5-aaa5-555d1d1e57ca\data\admdb.sqlite
[2025-10-07 11:56:12] INFO: INI ALAMAT TABLENYA :  D:\Work\ARYA-WMS-SHOPPIE\ANG19\wmshopee\dist\wmshopee\server\data\admdb.sqlite
[2025-10-07 11:58:42] INFO: INI ALAMAT TABLENYA :  D:\Work\ARYA-WMS-SHOPPIE\ANG19\wmshopee\.angular\prerender-root\250b0cf7-4ccf-448b-b40a-b83552768c84\data\admdb.sqlite
[2025-10-07 11:58:43] INFO: INI ALAMAT TABLENYA :  D:\Work\ARYA-WMS-SHOPPIE\ANG19\wmshopee\.angular\prerender-root\71083076-1c32-46cc-8e39-70f402c49069\data\admdb.sqlite
[2025-10-07 11:58:43] INFO: INI ALAMAT TABLENYA :  D:\Work\ARYA-WMS-SHOPPIE\ANG19\wmshopee\.angular\prerender-root\9aa9cf6b-61e7-4e23-9d9a-398d25477945\data\admdb.sqlite
[2025-10-07 11:58:43] INFO: INI ALAMAT TABLENYA :  D:\Work\ARYA-WMS-SHOPPIE\ANG19\wmshopee\.angular\prerender-root\083f10f2-489d-46e5-9e4f-29f0a5e2d98d\data\admdb.sqlite
[2025-10-07 11:58:43] INFO: INI ALAMAT TABLENYA :  D:\Work\ARYA-WMS-SHOPPIE\ANG19\wmshopee\.angular\prerender-root\6abc136b-2a7d-42ab-a296-7803ab8622bc\data\admdb.sqlite
[2025-10-07 11:58:51] INFO: INI ALAMAT TABLENYA :  D:\Work\ARYA-WMS-SHOPPIE\ANG19\wmshopee\dist\wmshopee\server\data\admdb.sqlite
[2025-10-07 12:00:11] INFO: INI ALAMAT TABLENYA :  D:\Work\ARYA-WMS-SHOPPIE\ANG19\wmshopee\.angular\prerender-root\71e42a7e-3dcd-452f-97db-0562cc055a55\data\admdb.sqlite
[2025-10-07 12:00:13] INFO: INI ALAMAT TABLENYA :  D:\Work\ARYA-WMS-SHOPPIE\ANG19\wmshopee\.angular\prerender-root\6a9758ed-e814-401a-86b9-0e40f5d52595\data\admdb.sqlite
[2025-10-07 12:00:13] INFO: INI ALAMAT TABLENYA :  D:\Work\ARYA-WMS-SHOPPIE\ANG19\wmshopee\.angular\prerender-root\3d5c127f-3e3a-402e-84ed-3fe2dd3b571c\data\admdb.sqlite
[2025-10-07 12:00:13] INFO: INI ALAMAT TABLENYA :  D:\Work\ARYA-WMS-SHOPPIE\ANG19\wmshopee\.angular\prerender-root\adbdc837-e2a4-452b-bb37-1145de8b022a\data\admdb.sqlite
[2025-10-07 12:00:13] INFO: INI ALAMAT TABLENYA :  D:\Work\ARYA-WMS-SHOPPIE\ANG19\wmshopee\.angular\prerender-root\33408313-5036-4396-a5ed-429bcc93c079\data\admdb.sqlite
[2025-10-07 12:00:21] INFO: INI ALAMAT TABLENYA :  D:\Work\ARYA-WMS-SHOPPIE\ANG19\wmshopee\dist\wmshopee\server\data\admdb.sqlite
[2025-10-07 12:08:39] INFO: INI ALAMAT TABLENYA :  D:\Work\ARYA-WMS-SHOPPIE\ANG19\wmshopee\.angular\prerender-root\fe29d2cf-3387-4526-b9fc-e6a622519ab8\data\admdb.sqlite
[2025-10-07 12:08:41] INFO: INI ALAMAT TABLENYA :  D:\Work\ARYA-WMS-SHOPPIE\ANG19\wmshopee\.angular\prerender-root\fb2ccec1-5dcc-48dc-a281-03a8a98fec5e\data\admdb.sqlite
[2025-10-07 12:08:41] INFO: INI ALAMAT TABLENYA :  D:\Work\ARYA-WMS-SHOPPIE\ANG19\wmshopee\.angular\prerender-root\04bd4ad7-a56b-425c-8523-de241096d0eb\data\admdb.sqlite
[2025-10-07 12:08:41] INFO: INI ALAMAT TABLENYA :  D:\Work\ARYA-WMS-SHOPPIE\ANG19\wmshopee\.angular\prerender-root\b27bdc24-6790-4f45-a870-c111a1385793\data\admdb.sqlite
[2025-10-07 12:08:41] INFO: INI ALAMAT TABLENYA :  D:\Work\ARYA-WMS-SHOPPIE\ANG19\wmshopee\.angular\prerender-root\3e6112d9-f753-4a43-8c1e-9a0aa0ad92f7\data\admdb.sqlite
[2025-10-07 12:08:47] INFO: INI ALAMAT TABLENYA :  D:\Work\ARYA-WMS-SHOPPIE\ANG19\wmshopee\dist\wmshopee\server\data\admdb.sqlite
[2025-10-07 12:11:57] INFO: INI ALAMAT TABLENYA :  D:\Work\ARYA-WMS-SHOPPIE\ANG19\wmshopee\.angular\prerender-root\15619998-f59a-4947-8800-c237aafa139d\data\admdb.sqlite
[2025-10-07 12:11:59] INFO: INI ALAMAT TABLENYA :  D:\Work\ARYA-WMS-SHOPPIE\ANG19\wmshopee\.angular\prerender-root\926c513c-ce8f-48e0-9c2f-14d7ae97f156\data\admdb.sqlite
[2025-10-07 12:11:59] INFO: INI ALAMAT TABLENYA :  D:\Work\ARYA-WMS-SHOPPIE\ANG19\wmshopee\.angular\prerender-root\04f95d2b-eaef-4475-8f9a-84609514d69f\data\admdb.sqlite
[2025-10-07 12:11:59] INFO: INI ALAMAT TABLENYA :  D:\Work\ARYA-WMS-SHOPPIE\ANG19\wmshopee\.angular\prerender-root\7207f862-4f8e-49ed-b5ef-19c11f37ed2f\data\admdb.sqlite
[2025-10-07 12:11:59] INFO: INI ALAMAT TABLENYA :  D:\Work\ARYA-WMS-SHOPPIE\ANG19\wmshopee\.angular\prerender-root\c30faa21-14b1-452a-9f78-55ba77fd86ce\data\admdb.sqlite
[2025-10-07 12:12:11] INFO: INI ALAMAT TABLENYA :  D:\Work\ARYA-WMS-SHOPPIE\ANG19\wmshopee\dist\wmshopee\server\data\admdb.sqlite
[2025-10-07 12:12:25] ERROR: Error api.controller :  {}
[2025-10-07 12:12:25] ERROR: Error api.controller :  {}
[2025-10-07 12:12:36] ERROR: Error api.controller :  {}
[2025-10-07 12:12:36] ERROR: Error api.controller :  {}
[2025-10-07 12:12:37] ERROR: Error api.controller :  {}
[2025-10-07 12:12:37] ERROR: Error api.controller :  {}
[2025-10-07 12:12:37] ERROR: Error api.controller :  {}
[2025-10-07 12:12:37] ERROR: Error api.controller :  {}
[2025-10-07 12:18:28] INFO: INI ALAMAT TABLENYA :  D:\Work\ARYA-WMS-SHOPPIE\ANG19\wmshopee\.angular\prerender-root\5714ad06-4202-4a4b-96c1-48d2c6efd45e\data\admdb.sqlite
[2025-10-07 12:18:30] INFO: INI ALAMAT TABLENYA :  D:\Work\ARYA-WMS-SHOPPIE\ANG19\wmshopee\.angular\prerender-root\88ddd0e3-0b01-4a35-a0e0-b140b0d4c841\data\admdb.sqlite
[2025-10-07 12:18:30] INFO: INI ALAMAT TABLENYA :  D:\Work\ARYA-WMS-SHOPPIE\ANG19\wmshopee\.angular\prerender-root\f15aa71f-7778-45c9-bc57-c615ae2af8cf\data\admdb.sqlite
[2025-10-07 12:18:30] INFO: INI ALAMAT TABLENYA :  D:\Work\ARYA-WMS-SHOPPIE\ANG19\wmshopee\.angular\prerender-root\73fffbe6-c831-4f1f-ac13-0f676962225e\data\admdb.sqlite
[2025-10-07 12:18:30] INFO: INI ALAMAT TABLENYA :  D:\Work\ARYA-WMS-SHOPPIE\ANG19\wmshopee\.angular\prerender-root\54e78a51-ec0f-47e4-ad02-e921be07a9e9\data\admdb.sqlite
[2025-10-07 12:18:38] INFO: INI ALAMAT TABLENYA :  D:\Work\ARYA-WMS-SHOPPIE\ANG19\wmshopee\dist\wmshopee\server\data\admdb.sqlite
[2025-10-07 12:23:06] INFO: INI ALAMAT TABLENYA :  D:\Work\ARYA-WMS-SHOPPIE\ANG19\wmshopee\.angular\prerender-root\bfe9a76a-19f2-464b-b2b2-e12279db3bf1\data\admdb.sqlite
[2025-10-07 12:23:08] INFO: INI ALAMAT TABLENYA :  D:\Work\ARYA-WMS-SHOPPIE\ANG19\wmshopee\.angular\prerender-root\7aae2753-821d-44d5-b987-c232ad6838a0\data\admdb.sqlite
[2025-10-07 12:23:08] INFO: INI ALAMAT TABLENYA :  D:\Work\ARYA-WMS-SHOPPIE\ANG19\wmshopee\.angular\prerender-root\3b63031f-f1f9-4451-837c-4fb47d13fa7a\data\admdb.sqlite
[2025-10-07 12:23:08] INFO: INI ALAMAT TABLENYA :  D:\Work\ARYA-WMS-SHOPPIE\ANG19\wmshopee\.angular\prerender-root\2a43df43-920f-47b9-b5c9-956a705b0e9b\data\admdb.sqlite
[2025-10-07 12:23:08] INFO: INI ALAMAT TABLENYA :  D:\Work\ARYA-WMS-SHOPPIE\ANG19\wmshopee\.angular\prerender-root\4c947064-8712-43ab-b433-8b547b3d2d21\data\admdb.sqlite
[2025-10-07 12:23:15] INFO: INI ALAMAT TABLENYA :  D:\Work\ARYA-WMS-SHOPPIE\ANG19\wmshopee\dist\wmshopee\server\data\admdb.sqlite
[2025-10-07 12:24:56] INFO: INI ALAMAT TABLENYA :  D:\Work\ARYA-WMS-SHOPPIE\ANG19\wmshopee\.angular\prerender-root\eb64ee92-1d4f-44cf-92a1-d6d9d87b2be7\data\admdb.sqlite
[2025-10-07 12:24:57] INFO: INI ALAMAT TABLENYA :  D:\Work\ARYA-WMS-SHOPPIE\ANG19\wmshopee\.angular\prerender-root\f758ad5b-7987-4b93-99db-870e56d80033\data\admdb.sqlite
[2025-10-07 12:24:57] INFO: INI ALAMAT TABLENYA :  D:\Work\ARYA-WMS-SHOPPIE\ANG19\wmshopee\.angular\prerender-root\f9ed09a5-fdb4-4985-a15a-a0b2f4d75e22\data\admdb.sqlite
[2025-10-07 12:24:57] INFO: INI ALAMAT TABLENYA :  D:\Work\ARYA-WMS-SHOPPIE\ANG19\wmshopee\.angular\prerender-root\e295caa5-26cb-4c97-87d0-d8d763e848e1\data\admdb.sqlite
[2025-10-07 12:24:57] INFO: INI ALAMAT TABLENYA :  D:\Work\ARYA-WMS-SHOPPIE\ANG19\wmshopee\.angular\prerender-root\9299d848-385d-4525-99f0-c91436e06df8\data\admdb.sqlite
[2025-10-07 12:25:04] INFO: INI ALAMAT TABLENYA :  D:\Work\ARYA-WMS-SHOPPIE\ANG19\wmshopee\dist\wmshopee\server\data\admdb.sqlite
[2025-10-07 12:27:22] INFO: INI ALAMAT TABLENYA :  D:\Work\ARYA-WMS-SHOPPIE\ANG19\wmshopee\.angular\prerender-root\57ebfcf4-b440-4e87-8722-b0aaa2676ddd\data\admdb.sqlite
[2025-10-07 12:27:24] INFO: INI ALAMAT TABLENYA :  D:\Work\ARYA-WMS-SHOPPIE\ANG19\wmshopee\.angular\prerender-root\b557a2e2-2122-40bc-a505-b969f355fabd\data\admdb.sqlite
[2025-10-07 12:27:24] INFO: INI ALAMAT TABLENYA :  D:\Work\ARYA-WMS-SHOPPIE\ANG19\wmshopee\.angular\prerender-root\975d5f6a-5827-450b-a4f5-73639706ec78\data\admdb.sqlite
[2025-10-07 12:27:24] INFO: INI ALAMAT TABLENYA :  D:\Work\ARYA-WMS-SHOPPIE\ANG19\wmshopee\.angular\prerender-root\e994361a-8b9d-4dfd-a0ff-0497dc51b508\data\admdb.sqlite
[2025-10-07 12:27:24] INFO: INI ALAMAT TABLENYA :  D:\Work\ARYA-WMS-SHOPPIE\ANG19\wmshopee\.angular\prerender-root\060d0103-d901-422d-b8d0-b2c413513807\data\admdb.sqlite
[2025-10-07 12:28:40] INFO: INI ALAMAT TABLENYA :  D:\Work\ARYA-WMS-SHOPPIE\ANG19\wmshopee\.angular\prerender-root\9d42ea6f-ab39-4da9-9e39-aa915423b6a1\data\admdb.sqlite
[2025-10-07 12:28:42] INFO: INI ALAMAT TABLENYA :  D:\Work\ARYA-WMS-SHOPPIE\ANG19\wmshopee\.angular\prerender-root\18df583f-8919-42d0-a2ea-3572794f0034\data\admdb.sqlite
[2025-10-07 12:28:42] INFO: INI ALAMAT TABLENYA :  D:\Work\ARYA-WMS-SHOPPIE\ANG19\wmshopee\.angular\prerender-root\de7418a4-52cf-432d-927e-87e1e848805c\data\admdb.sqlite
[2025-10-07 12:28:42] INFO: INI ALAMAT TABLENYA :  D:\Work\ARYA-WMS-SHOPPIE\ANG19\wmshopee\.angular\prerender-root\04328f94-7528-452c-9f52-10b920358b86\data\admdb.sqlite
[2025-10-07 12:28:42] INFO: INI ALAMAT TABLENYA :  D:\Work\ARYA-WMS-SHOPPIE\ANG19\wmshopee\.angular\prerender-root\57c79add-1f30-4a1b-86b2-1f9340476d5b\data\admdb.sqlite
[2025-10-07 12:28:51] INFO: INI ALAMAT TABLENYA :  D:\Work\ARYA-WMS-SHOPPIE\ANG19\wmshopee\dist\wmshopee\server\data\admdb.sqlite
[2025-10-07 12:29:49] INFO: INI ALAMAT TABLENYA :  D:\Work\ARYA-WMS-SHOPPIE\ANG19\wmshopee\.angular\prerender-root\f6c8fb84-7681-481f-b1ae-a576d1b4495f\data\admdb.sqlite
[2025-10-07 12:29:53] INFO: INI ALAMAT TABLENYA :  D:\Work\ARYA-WMS-SHOPPIE\ANG19\wmshopee\.angular\prerender-root\32c52b11-e895-4219-a9b3-5f812067661b\data\admdb.sqlite
[2025-10-07 12:29:53] INFO: INI ALAMAT TABLENYA :  D:\Work\ARYA-WMS-SHOPPIE\ANG19\wmshopee\.angular\prerender-root\19a34e43-c41e-4e64-b01a-56545d282d62\data\admdb.sqlite
[2025-10-07 12:29:53] INFO: INI ALAMAT TABLENYA :  D:\Work\ARYA-WMS-SHOPPIE\ANG19\wmshopee\.angular\prerender-root\7385c412-df0a-4af5-bbb4-495edd69e187\data\admdb.sqlite
[2025-10-07 12:29:53] INFO: INI ALAMAT TABLENYA :  D:\Work\ARYA-WMS-SHOPPIE\ANG19\wmshopee\.angular\prerender-root\bc679412-1775-4740-a7d5-0ba278df13e4\data\admdb.sqlite
[2025-10-07 12:30:08] INFO: INI ALAMAT TABLENYA :  D:\Work\ARYA-WMS-SHOPPIE\ANG19\wmshopee\dist\wmshopee\server\data\admdb.sqlite
[2025-10-07 12:36:00] INFO: INI ALAMAT TABLENYA :  D:\Work\ARYA-WMS-SHOPPIE\ANG19\wmshopee\.angular\prerender-root\a3a7b755-1fbf-43c6-94a3-21bbc18c96fe\data\admdb.sqlite
[2025-10-07 12:36:02] INFO: INI ALAMAT TABLENYA :  D:\Work\ARYA-WMS-SHOPPIE\ANG19\wmshopee\.angular\prerender-root\d9dd4da8-b225-4dc7-a821-fc5113f56417\data\admdb.sqlite
[2025-10-07 12:36:02] INFO: INI ALAMAT TABLENYA :  D:\Work\ARYA-WMS-SHOPPIE\ANG19\wmshopee\.angular\prerender-root\485c253d-8a5c-4b84-9b64-3750493536ac\data\admdb.sqlite
[2025-10-07 12:36:02] INFO: INI ALAMAT TABLENYA :  D:\Work\ARYA-WMS-SHOPPIE\ANG19\wmshopee\.angular\prerender-root\d1587110-754c-44a1-b55c-9290937215c4\data\admdb.sqlite
[2025-10-07 12:36:02] INFO: INI ALAMAT TABLENYA :  D:\Work\ARYA-WMS-SHOPPIE\ANG19\wmshopee\.angular\prerender-root\63eb6e5f-bc35-4c9e-adc1-fbb7cd6421c4\data\admdb.sqlite
[2025-10-07 12:36:09] INFO: INI ALAMAT TABLENYA :  D:\Work\ARYA-WMS-SHOPPIE\ANG19\wmshopee\dist\wmshopee\server\data\admdb.sqlite
[2025-10-07 16:57:49] INFO: INI ALAMAT TABLENYA :  D:\Work\ARYA-WMS-SHOPPIE\ANG19\wmshopee\.angular\prerender-root\1f5e6ead-9504-4fab-9111-81edfc9bd65e\data\admdb.sqlite
[2025-10-07 16:58:06] INFO: INI ALAMAT TABLENYA :  D:\Work\ARYA-WMS-SHOPPIE\ANG19\wmshopee\.angular\prerender-root\c2808eac-2aa3-417d-b04e-73d759de7a3f\data\admdb.sqlite
[2025-10-07 16:58:06] INFO: INI ALAMAT TABLENYA :  D:\Work\ARYA-WMS-SHOPPIE\ANG19\wmshopee\.angular\prerender-root\d4555181-d33c-42b3-89c8-64dbb7535983\data\admdb.sqlite
[2025-10-07 16:58:06] INFO: INI ALAMAT TABLENYA :  D:\Work\ARYA-WMS-SHOPPIE\ANG19\wmshopee\.angular\prerender-root\32601ea7-d31f-4dc4-a945-9da3a6454c15\data\admdb.sqlite
[2025-10-07 16:58:06] INFO: INI ALAMAT TABLENYA :  D:\Work\ARYA-WMS-SHOPPIE\ANG19\wmshopee\.angular\prerender-root\c6e75b42-1e2e-4450-b090-2a8f29b06590\data\admdb.sqlite
[2025-10-07 17:14:31] INFO: INI ALAMAT TABLENYA :  D:\Work\ARYA-WMS-SHOPPIE\ANG19\wmshopee\dist\wmshopee\server\data\admdb.sqlite
[2025-10-07 17:14:45] INFO: ✅ Shopee refresh on fetchWithAuth Error: {"error":"invalid_acceess_token","message":"Invalid access_token, please have a check.","request_id":"e3e3e7f3408ed64da51564227e16ac00"}
[2025-10-07 17:14:45] INFO: ✅ Shopee refresh on fetchWithAuth Error: {"error":"invalid_acceess_token","message":"Invalid access_token, please have a check.","request_id":"e3e3e7f3408ed64daf88edb81f111a00"}
[2025-10-07 17:14:45] INFO: Update data token : 
[2025-10-07 17:14:45] INFO: Update data token : 
[2025-10-07 17:26:08] INFO: INI ALAMAT TABLENYA :  D:\Work\ARYA-WMS-SHOPPIE\ANG19\wmshopee\.angular\prerender-root\ec7d7565-5e37-4baa-8890-3c3692bfff9d\data\admdb.sqlite
[2025-10-07 17:26:24] INFO: INI ALAMAT TABLENYA :  D:\Work\ARYA-WMS-SHOPPIE\ANG19\wmshopee\.angular\prerender-root\74227308-1dbd-4c39-8084-61c912572df0\data\admdb.sqlite
[2025-10-07 17:26:24] INFO: INI ALAMAT TABLENYA :  D:\Work\ARYA-WMS-SHOPPIE\ANG19\wmshopee\.angular\prerender-root\c69548bb-c8a7-4cf8-ac2b-33a0937548e8\data\admdb.sqlite
[2025-10-07 17:26:24] INFO: INI ALAMAT TABLENYA :  D:\Work\ARYA-WMS-SHOPPIE\ANG19\wmshopee\.angular\prerender-root\b46d5c66-075c-48d5-a611-c9aacba2fcc2\data\admdb.sqlite
[2025-10-07 17:26:24] INFO: INI ALAMAT TABLENYA :  D:\Work\ARYA-WMS-SHOPPIE\ANG19\wmshopee\.angular\prerender-root\ff732b66-f84f-4658-b007-774c5b343fe8\data\admdb.sqlite
[2025-10-07 17:26:55] INFO: INI ALAMAT TABLENYA :  D:\Work\ARYA-WMS-SHOPPIE\ANG19\wmshopee\dist\wmshopee\server\data\admdb.sqlite
[2025-10-07 17:26:59] INFO: ✅ Shopee refresh on fetchWithAuth Error: {"error":"invalid_acceess_token","message":"Invalid access_token, please have a check.","request_id":"e3e3e7f3408f02133dbd66fb82b98d00"}
[2025-10-07 17:26:59] INFO: Update data token : 
[2025-10-07 17:26:59] INFO: ✅ Shopee refresh on fetchWithAuth Error: {"error":"invalid_acceess_token","message":"Invalid access_token, please have a check.","request_id":"e3e3e7f3408f021755336b08f1238500"}
[2025-10-07 17:26:59] INFO: Update data token : 
[2025-10-07 17:28:39] INFO: INI ALAMAT TABLENYA :  D:\Work\ARYA-WMS-SHOPPIE\ANG19\wmshopee\.angular\prerender-root\c6bda82b-2e71-432d-9a06-816441fe5889\data\admdb.sqlite
[2025-10-07 17:28:41] INFO: INI ALAMAT TABLENYA :  D:\Work\ARYA-WMS-SHOPPIE\ANG19\wmshopee\.angular\prerender-root\dabbeb25-80d2-4943-91d0-0748ed2f3371\data\admdb.sqlite
[2025-10-07 17:28:41] INFO: INI ALAMAT TABLENYA :  D:\Work\ARYA-WMS-SHOPPIE\ANG19\wmshopee\.angular\prerender-root\d9efdd70-5286-4366-bfaf-a8b76ce39bd0\data\admdb.sqlite
[2025-10-07 17:28:41] INFO: INI ALAMAT TABLENYA :  D:\Work\ARYA-WMS-SHOPPIE\ANG19\wmshopee\.angular\prerender-root\66509e13-a9b3-446a-ad85-88adb6a84a8a\data\admdb.sqlite
[2025-10-07 17:28:41] INFO: INI ALAMAT TABLENYA :  D:\Work\ARYA-WMS-SHOPPIE\ANG19\wmshopee\.angular\prerender-root\ce012481-315c-4946-90ef-313cdf5cad57\data\admdb.sqlite
[2025-10-07 17:28:52] INFO: INI ALAMAT TABLENYA :  D:\Work\ARYA-WMS-SHOPPIE\ANG19\wmshopee\dist\wmshopee\server\data\admdb.sqlite
[2025-10-07 17:29:30] INFO: INI ALAMAT TABLENYA :  D:\Work\ARYA-WMS-SHOPPIE\ANG19\wmshopee\.angular\prerender-root\4666dcc1-ebc3-4084-99b5-942c5d4448ca\data\admdb.sqlite
[2025-10-07 17:29:32] INFO: INI ALAMAT TABLENYA :  D:\Work\ARYA-WMS-SHOPPIE\ANG19\wmshopee\.angular\prerender-root\b2b5d84d-4df8-44d0-a67d-1246fbeddeb3\data\admdb.sqlite
[2025-10-07 17:29:32] INFO: INI ALAMAT TABLENYA :  D:\Work\ARYA-WMS-SHOPPIE\ANG19\wmshopee\.angular\prerender-root\b2d623dc-22e5-4d6c-9f64-4e4682785295\data\admdb.sqlite
[2025-10-07 17:29:32] INFO: INI ALAMAT TABLENYA :  D:\Work\ARYA-WMS-SHOPPIE\ANG19\wmshopee\.angular\prerender-root\e6aa1b78-be8e-45d0-a8c5-e8e72b533fd9\data\admdb.sqlite
[2025-10-07 17:29:32] INFO: INI ALAMAT TABLENYA :  D:\Work\ARYA-WMS-SHOPPIE\ANG19\wmshopee\.angular\prerender-root\5c831e3e-a1b0-407b-b785-ebbe94d64326\data\admdb.sqlite
[2025-10-07 17:30:09] INFO: INI ALAMAT TABLENYA :  D:\Work\ARYA-WMS-SHOPPIE\ANG19\wmshopee\.angular\prerender-root\cb014a78-fe9f-4cfc-812b-005152ab97e6\data\admdb.sqlite
[2025-10-07 17:30:12] INFO: INI ALAMAT TABLENYA :  D:\Work\ARYA-WMS-SHOPPIE\ANG19\wmshopee\.angular\prerender-root\7cfb595e-6b81-4108-bbb9-a56f4df526d7\data\admdb.sqlite
[2025-10-07 17:30:12] INFO: INI ALAMAT TABLENYA :  D:\Work\ARYA-WMS-SHOPPIE\ANG19\wmshopee\.angular\prerender-root\3ed60d6d-3442-4931-9230-a3c8e10a5131\data\admdb.sqlite
[2025-10-07 17:30:12] INFO: INI ALAMAT TABLENYA :  D:\Work\ARYA-WMS-SHOPPIE\ANG19\wmshopee\.angular\prerender-root\f89e919e-818e-4fb7-a4d2-a76f3082d016\data\admdb.sqlite
[2025-10-07 17:30:12] INFO: INI ALAMAT TABLENYA :  D:\Work\ARYA-WMS-SHOPPIE\ANG19\wmshopee\.angular\prerender-root\a6215ba4-fa35-44b7-ad48-54d5e944ccff\data\admdb.sqlite
