[2025-10-16 09:07:11] INFO: INI ALAMAT TABLENYA :  D:\Work\ARYA-WMS-SHOPPIE\ANG19\wmshopee\.angular\prerender-root\ba673eb8-ef5f-4f37-a3d5-0da69efc5cd0\data\admdb.sqlite
[2025-10-16 09:07:26] INFO: INI ALAMAT TABLENYA :  D:\Work\ARYA-WMS-SHOPPIE\ANG19\wmshopee\.angular\prerender-root\8ed3c321-c60e-4be9-8548-7522c292f7e9\data\admdb.sqlite
[2025-10-16 09:07:26] INFO: INI ALAMAT TABLENYA :  D:\Work\ARYA-WMS-SHOPPIE\ANG19\wmshopee\.angular\prerender-root\1252169d-628c-4e37-82f2-a48366a5bb4a\data\admdb.sqlite
[2025-10-16 09:07:26] INFO: INI ALAMAT TABLENYA :  D:\Work\ARYA-WMS-SHOPPIE\ANG19\wmshopee\.angular\prerender-root\f9d289fc-8d02-4e2f-91c1-954a1ce44ef5\data\admdb.sqlite
[2025-10-16 09:07:26] INFO: INI ALAMAT TABLENYA :  D:\Work\ARYA-WMS-SHOPPIE\ANG19\wmshopee\.angular\prerender-root\83e789ab-2974-4e25-b057-deb4e16316d2\data\admdb.sqlite
[2025-10-16 09:08:10] INFO: INI ALAMAT TABLENYA :  D:\Work\ARYA-WMS-SHOPPIE\ANG19\wmshopee\dist\wmshopee\server\data\admdb.sqlite
[2025-10-16 09:08:14] INFO: ✅ Shopee refresh on fetchWithAuth Error: {"error":"invalid_acceess_token","message":"Invalid access_token, please have a check.","request_id":"e3e3e7f3413d17004e202b61cbc4f600"}
[2025-10-16 09:08:15] INFO: ✅ Shopee refresh on fetchWithAuth Error: {"error":"invalid_acceess_token","message":"Invalid access_token, please have a check.","request_id":"e3e3e7f3413d17005c5599ccc2c86300"}
[2025-10-16 09:08:15] INFO: Update data token : 
[2025-10-16 09:08:15] INFO: Update data token : 
[2025-10-16 09:08:40] INFO: ✅ package Sudah di List  235
[2025-10-16 09:26:25] INFO: INI ALAMAT TABLENYA :  D:\Work\ARYA-WMS-SHOPPIE\ANG19\wmshopee\.angular\prerender-root\e2e32b90-9bb0-4fa2-b342-acd4e48a29c3\data\admdb.sqlite
[2025-10-16 09:26:28] INFO: INI ALAMAT TABLENYA :  D:\Work\ARYA-WMS-SHOPPIE\ANG19\wmshopee\.angular\prerender-root\9f67c4ad-f3b8-4862-9235-7a9b60eeef37\data\admdb.sqlite
[2025-10-16 09:26:28] INFO: INI ALAMAT TABLENYA :  D:\Work\ARYA-WMS-SHOPPIE\ANG19\wmshopee\.angular\prerender-root\35777f7d-a57a-4a5b-adf3-4f4b4667cffb\data\admdb.sqlite
[2025-10-16 09:26:28] INFO: INI ALAMAT TABLENYA :  D:\Work\ARYA-WMS-SHOPPIE\ANG19\wmshopee\.angular\prerender-root\f1ee4d32-e95a-4475-ba74-5f38e2bd057c\data\admdb.sqlite
[2025-10-16 09:26:28] INFO: INI ALAMAT TABLENYA :  D:\Work\ARYA-WMS-SHOPPIE\ANG19\wmshopee\.angular\prerender-root\006e4db7-2be7-4199-ab32-20d15b6359bb\data\admdb.sqlite
[2025-10-16 09:26:49] INFO: INI ALAMAT TABLENYA :  D:\Work\ARYA-WMS-SHOPPIE\ANG19\wmshopee\.angular\prerender-root\06208956-7f21-4581-94ff-8130f2501d70\data\admdb.sqlite
[2025-10-16 09:26:51] INFO: INI ALAMAT TABLENYA :  D:\Work\ARYA-WMS-SHOPPIE\ANG19\wmshopee\.angular\prerender-root\9f3bfb36-25da-42e8-a40b-d48378c42878\data\admdb.sqlite
[2025-10-16 09:26:51] INFO: INI ALAMAT TABLENYA :  D:\Work\ARYA-WMS-SHOPPIE\ANG19\wmshopee\.angular\prerender-root\7e97c641-dbbc-4074-ac45-b60d4d3ab8c5\data\admdb.sqlite
[2025-10-16 09:26:51] INFO: INI ALAMAT TABLENYA :  D:\Work\ARYA-WMS-SHOPPIE\ANG19\wmshopee\.angular\prerender-root\5904542a-a6e7-44f4-bbb6-e6b1e95433fe\data\admdb.sqlite
[2025-10-16 09:26:51] INFO: INI ALAMAT TABLENYA :  D:\Work\ARYA-WMS-SHOPPIE\ANG19\wmshopee\.angular\prerender-root\80aae5e7-6eb7-4789-972c-dc3f495e485f\data\admdb.sqlite
[2025-10-16 09:28:41] INFO: INI ALAMAT TABLENYA :  D:\Work\ARYA-WMS-SHOPPIE\ANG19\wmshopee\dist\wmshopee\server\data\admdb.sqlite
[2025-10-16 09:28:45] INFO: ✅ Shopee refresh on fetchWithAuth Error: {"error":"invalid_acceess_token","message":"Invalid access_token, please have a check.","request_id":"e3e3e7f3413d60562317341e4e6ecb00"}
[2025-10-16 09:28:45] INFO: ✅ Shopee refresh on fetchWithAuth Error: {"error":"invalid_acceess_token","message":"Invalid access_token, please have a check.","request_id":"e3e3e7f3413d605633ceb4c9ff7bdf00"}
[2025-10-16 09:28:45] INFO: Update data token : 
[2025-10-16 09:28:45] INFO: Update data token : 
[2025-10-16 09:28:51] INFO: ✅ package Sudah di List  248
[2025-10-16 09:33:01] INFO: INI ALAMAT TABLENYA :  D:\Work\ARYA-WMS-SHOPPIE\ANG19\wmshopee\.angular\prerender-root\5cacc90c-8c1e-441b-892c-b2cfdc9d8b41\data\admdb.sqlite
[2025-10-16 09:33:04] INFO: INI ALAMAT TABLENYA :  D:\Work\ARYA-WMS-SHOPPIE\ANG19\wmshopee\.angular\prerender-root\6780df2c-3614-4f94-86fe-cf8ea1de6fe4\data\admdb.sqlite
[2025-10-16 09:33:04] INFO: INI ALAMAT TABLENYA :  D:\Work\ARYA-WMS-SHOPPIE\ANG19\wmshopee\.angular\prerender-root\7447833d-c4a4-40ae-a36c-5a87ad8fcc5a\data\admdb.sqlite
[2025-10-16 09:33:04] INFO: INI ALAMAT TABLENYA :  D:\Work\ARYA-WMS-SHOPPIE\ANG19\wmshopee\.angular\prerender-root\bdeb8d67-79d9-4cb8-84b8-2bd580ce1349\data\admdb.sqlite
[2025-10-16 09:33:04] INFO: INI ALAMAT TABLENYA :  D:\Work\ARYA-WMS-SHOPPIE\ANG19\wmshopee\.angular\prerender-root\247f0bf5-ea9c-44fe-9f20-ad6aaf9707bb\data\admdb.sqlite
[2025-10-16 09:33:22] INFO: INI ALAMAT TABLENYA :  D:\Work\ARYA-WMS-SHOPPIE\ANG19\wmshopee\dist\wmshopee\server\data\admdb.sqlite
[2025-10-16 09:33:25] INFO: ✅ Shopee refresh on fetchWithAuth Error: {"error":"invalid_acceess_token","message":"Invalid access_token, please have a check.","request_id":"e3e3e7f3413d7109357614dfa8024500"}
[2025-10-16 09:33:25] INFO: ✅ Shopee refresh on fetchWithAuth Error: {"error":"invalid_acceess_token","message":"Invalid access_token, please have a check.","request_id":"e3e3e7f3413d7109415444eebfb99c00"}
[2025-10-16 09:33:25] INFO: Update data token : 
[2025-10-16 09:33:25] INFO: Update data token : 
[2025-10-16 09:33:30] INFO: ✅ package Sudah di List  249
[2025-10-16 09:35:25] INFO: INI ALAMAT TABLENYA :  D:\Work\ARYA-WMS-SHOPPIE\ANG19\wmshopee\.angular\prerender-root\43ad6874-c4ff-4efa-8fdd-817c186882ba\data\admdb.sqlite
[2025-10-16 09:35:27] INFO: INI ALAMAT TABLENYA :  D:\Work\ARYA-WMS-SHOPPIE\ANG19\wmshopee\.angular\prerender-root\6a1b77db-f28a-440b-b1d0-d51daf240dcd\data\admdb.sqlite
[2025-10-16 09:35:27] INFO: INI ALAMAT TABLENYA :  D:\Work\ARYA-WMS-SHOPPIE\ANG19\wmshopee\.angular\prerender-root\d43bfa29-15a0-40ee-8537-31bc4064808d\data\admdb.sqlite
[2025-10-16 09:35:27] INFO: INI ALAMAT TABLENYA :  D:\Work\ARYA-WMS-SHOPPIE\ANG19\wmshopee\.angular\prerender-root\6cdc9698-53ac-4ee0-b25d-135e4e8275ac\data\admdb.sqlite
[2025-10-16 09:35:27] INFO: INI ALAMAT TABLENYA :  D:\Work\ARYA-WMS-SHOPPIE\ANG19\wmshopee\.angular\prerender-root\d14b53f0-7db9-47e7-8a8e-33a84a097539\data\admdb.sqlite
[2025-10-16 09:35:38] INFO: INI ALAMAT TABLENYA :  D:\Work\ARYA-WMS-SHOPPIE\ANG19\wmshopee\dist\wmshopee\server\data\admdb.sqlite
[2025-10-16 09:35:41] INFO: ✅ Shopee refresh on fetchWithAuth Error: {"error":"invalid_acceess_token","message":"Invalid access_token, please have a check.","request_id":"e3e3e7f3413d791f71f3fa3fb30db200"}
[2025-10-16 09:35:41] INFO: ✅ Shopee refresh on fetchWithAuth Error: {"error":"invalid_acceess_token","message":"Invalid access_token, please have a check.","request_id":"e3e3e7f3413d791f8715948e531c1000"}
[2025-10-16 09:35:41] INFO: Update data token : 
[2025-10-16 09:35:41] INFO: Update data token : 
[2025-10-16 09:36:52] INFO: ✅ package Sudah di List  249
[2025-10-16 09:42:41] INFO: INI ALAMAT TABLENYA :  D:\Work\ARYA-WMS-SHOPPIE\ANG19\wmshopee\.angular\prerender-root\9efd7c46-5aa0-4384-bd04-b512cbe30e1b\data\admdb.sqlite
[2025-10-16 09:42:43] INFO: INI ALAMAT TABLENYA :  D:\Work\ARYA-WMS-SHOPPIE\ANG19\wmshopee\.angular\prerender-root\8ebdd0f0-4ce7-441a-b0e7-22c3d9abbc25\data\admdb.sqlite
[2025-10-16 09:42:43] INFO: INI ALAMAT TABLENYA :  D:\Work\ARYA-WMS-SHOPPIE\ANG19\wmshopee\.angular\prerender-root\aff7a4f8-e8d4-4371-935f-de508f64d63c\data\admdb.sqlite
[2025-10-16 09:42:43] INFO: INI ALAMAT TABLENYA :  D:\Work\ARYA-WMS-SHOPPIE\ANG19\wmshopee\.angular\prerender-root\345585fd-4f13-4d1a-bd0d-f5325a5cf351\data\admdb.sqlite
[2025-10-16 09:42:43] INFO: INI ALAMAT TABLENYA :  D:\Work\ARYA-WMS-SHOPPIE\ANG19\wmshopee\.angular\prerender-root\0fffc5dc-5265-4966-a4c1-dbfd9f91d822\data\admdb.sqlite
[2025-10-16 09:42:54] INFO: INI ALAMAT TABLENYA :  D:\Work\ARYA-WMS-SHOPPIE\ANG19\wmshopee\dist\wmshopee\server\data\admdb.sqlite
[2025-10-16 09:43:02] INFO: ✅ package Sudah di List  252
[2025-10-16 09:49:53] INFO: INI ALAMAT TABLENYA :  D:\Work\ARYA-WMS-SHOPPIE\ANG19\wmshopee\.angular\prerender-root\16f9805c-d592-4127-b271-376f8a521967\data\admdb.sqlite
[2025-10-16 09:49:55] INFO: INI ALAMAT TABLENYA :  D:\Work\ARYA-WMS-SHOPPIE\ANG19\wmshopee\.angular\prerender-root\40984a3b-b11a-4f98-83ad-3438dfae2563\data\admdb.sqlite
[2025-10-16 09:49:55] INFO: INI ALAMAT TABLENYA :  D:\Work\ARYA-WMS-SHOPPIE\ANG19\wmshopee\.angular\prerender-root\a3563a7a-6e64-4398-a006-75980c85cf81\data\admdb.sqlite
[2025-10-16 09:49:55] INFO: INI ALAMAT TABLENYA :  D:\Work\ARYA-WMS-SHOPPIE\ANG19\wmshopee\.angular\prerender-root\86e944d4-782e-4643-8848-b4cb518ce8fe\data\admdb.sqlite
[2025-10-16 09:49:55] INFO: INI ALAMAT TABLENYA :  D:\Work\ARYA-WMS-SHOPPIE\ANG19\wmshopee\.angular\prerender-root\e616b65a-fcef-4663-9cb7-635b664cd98a\data\admdb.sqlite
[2025-10-16 09:50:06] INFO: INI ALAMAT TABLENYA :  D:\Work\ARYA-WMS-SHOPPIE\ANG19\wmshopee\dist\wmshopee\server\data\admdb.sqlite
[2025-10-16 09:58:22] INFO: INI ALAMAT TABLENYA :  D:\Work\ARYA-WMS-SHOPPIE\ANG19\wmshopee\.angular\prerender-root\639154cf-9c41-4835-9bdb-904b5ee735b4\data\admdb.sqlite
[2025-10-16 09:58:24] INFO: INI ALAMAT TABLENYA :  D:\Work\ARYA-WMS-SHOPPIE\ANG19\wmshopee\.angular\prerender-root\26b43d7a-8e08-40b0-92f5-a7632fc05569\data\admdb.sqlite
[2025-10-16 09:58:24] INFO: INI ALAMAT TABLENYA :  D:\Work\ARYA-WMS-SHOPPIE\ANG19\wmshopee\.angular\prerender-root\ba5f0f4e-832e-405d-b754-3e35a049eb47\data\admdb.sqlite
[2025-10-16 09:58:24] INFO: INI ALAMAT TABLENYA :  D:\Work\ARYA-WMS-SHOPPIE\ANG19\wmshopee\.angular\prerender-root\9c8f28af-ec0a-42cb-a40b-21381baf85c8\data\admdb.sqlite
[2025-10-16 09:58:24] INFO: INI ALAMAT TABLENYA :  D:\Work\ARYA-WMS-SHOPPIE\ANG19\wmshopee\.angular\prerender-root\cd531e7c-e7fd-46c3-9042-2b3bd92c9b5b\data\admdb.sqlite
[2025-10-16 09:58:37] INFO: INI ALAMAT TABLENYA :  D:\Work\ARYA-WMS-SHOPPIE\ANG19\wmshopee\dist\wmshopee\server\data\admdb.sqlite
[2025-10-16 10:42:21] INFO: INI ALAMAT TABLENYA :  D:\Work\ARYA-WMS-SHOPPIE\ANG19\wmshopee\.angular\prerender-root\b2624718-058e-481f-9e1d-185239d9c3ff\data\admdb.sqlite
[2025-10-16 10:42:23] INFO: INI ALAMAT TABLENYA :  D:\Work\ARYA-WMS-SHOPPIE\ANG19\wmshopee\.angular\prerender-root\edd1608f-d955-4be5-9994-6839bbea9e46\data\admdb.sqlite
[2025-10-16 10:42:23] INFO: INI ALAMAT TABLENYA :  D:\Work\ARYA-WMS-SHOPPIE\ANG19\wmshopee\.angular\prerender-root\98b8dd4f-c85f-4156-af68-b17713a85ec6\data\admdb.sqlite
[2025-10-16 10:42:23] INFO: INI ALAMAT TABLENYA :  D:\Work\ARYA-WMS-SHOPPIE\ANG19\wmshopee\.angular\prerender-root\7fcddf84-0f6a-44a6-a41b-40e3707d81d1\data\admdb.sqlite
[2025-10-16 10:42:23] INFO: INI ALAMAT TABLENYA :  D:\Work\ARYA-WMS-SHOPPIE\ANG19\wmshopee\.angular\prerender-root\5dd61437-679b-495a-83dd-b11011d21cda\data\admdb.sqlite
[2025-10-16 10:42:31] INFO: INI ALAMAT TABLENYA :  D:\Work\ARYA-WMS-SHOPPIE\ANG19\wmshopee\dist\wmshopee\server\data\admdb.sqlite
[2025-10-16 11:36:01] INFO: INI ALAMAT TABLENYA :  D:\Work\ARYA-WMS-SHOPPIE\ANG19\wmshopee\.angular\prerender-root\c578135f-645d-4f8e-9b56-f48635bdd829\data\admdb.sqlite
[2025-10-16 11:36:06] INFO: INI ALAMAT TABLENYA :  D:\Work\ARYA-WMS-SHOPPIE\ANG19\wmshopee\.angular\prerender-root\b0b1c598-0480-41df-b1be-7a5f115d9ed6\data\admdb.sqlite
[2025-10-16 11:36:06] INFO: INI ALAMAT TABLENYA :  D:\Work\ARYA-WMS-SHOPPIE\ANG19\wmshopee\.angular\prerender-root\fdc953ff-bd67-4120-b342-75df68b1eeaa\data\admdb.sqlite
[2025-10-16 11:36:06] INFO: INI ALAMAT TABLENYA :  D:\Work\ARYA-WMS-SHOPPIE\ANG19\wmshopee\.angular\prerender-root\d3d5c63c-bb7c-4102-be87-f92c1f58c724\data\admdb.sqlite
[2025-10-16 11:36:06] INFO: INI ALAMAT TABLENYA :  D:\Work\ARYA-WMS-SHOPPIE\ANG19\wmshopee\.angular\prerender-root\60569b3e-3994-4cc1-af41-8cc507913305\data\admdb.sqlite
[2025-10-16 11:36:46] INFO: INI ALAMAT TABLENYA :  D:\Work\ARYA-WMS-SHOPPIE\ANG19\wmshopee\.angular\prerender-root\a4c75475-a317-4c01-af67-dea26009e20c\data\admdb.sqlite
[2025-10-16 11:36:47] INFO: INI ALAMAT TABLENYA :  D:\Work\ARYA-WMS-SHOPPIE\ANG19\wmshopee\.angular\prerender-root\37b72744-c1bd-4669-8862-e4ba882d0f13\data\admdb.sqlite
[2025-10-16 11:36:47] INFO: INI ALAMAT TABLENYA :  D:\Work\ARYA-WMS-SHOPPIE\ANG19\wmshopee\.angular\prerender-root\64f35a63-dd70-4555-840a-f79a1ea3b151\data\admdb.sqlite
[2025-10-16 11:36:47] INFO: INI ALAMAT TABLENYA :  D:\Work\ARYA-WMS-SHOPPIE\ANG19\wmshopee\.angular\prerender-root\b25d212d-ac81-4ba8-bab6-6661e493a16e\data\admdb.sqlite
[2025-10-16 11:36:47] INFO: INI ALAMAT TABLENYA :  D:\Work\ARYA-WMS-SHOPPIE\ANG19\wmshopee\.angular\prerender-root\a71b507d-c69d-4ba5-96d7-96262f6b16ba\data\admdb.sqlite
[2025-10-16 11:54:15] INFO: INI ALAMAT TABLENYA :  D:\Work\ARYA-WMS-SHOPPIE\ANG19\wmshopee\.angular\prerender-root\4a2af951-26c4-4e7e-8f4d-aa40f97eef86\data\admdb.sqlite
[2025-10-16 11:54:17] INFO: INI ALAMAT TABLENYA :  D:\Work\ARYA-WMS-SHOPPIE\ANG19\wmshopee\.angular\prerender-root\d82915df-5d97-4b0e-9f90-003522568ee5\data\admdb.sqlite
[2025-10-16 11:54:17] INFO: INI ALAMAT TABLENYA :  D:\Work\ARYA-WMS-SHOPPIE\ANG19\wmshopee\.angular\prerender-root\3e3a87e5-675f-41f5-8d80-7fe2215cc1ec\data\admdb.sqlite
[2025-10-16 11:54:17] INFO: INI ALAMAT TABLENYA :  D:\Work\ARYA-WMS-SHOPPIE\ANG19\wmshopee\.angular\prerender-root\c9b0eff4-d49c-47ae-b05a-1f31d4a625bb\data\admdb.sqlite
[2025-10-16 11:54:17] INFO: INI ALAMAT TABLENYA :  D:\Work\ARYA-WMS-SHOPPIE\ANG19\wmshopee\.angular\prerender-root\ef48a7a8-33c5-43ed-b8d7-828dce69cb00\data\admdb.sqlite
[2025-10-16 11:54:26] INFO: INI ALAMAT TABLENYA :  D:\Work\ARYA-WMS-SHOPPIE\ANG19\wmshopee\dist\wmshopee\server\data\admdb.sqlite
[2025-10-16 11:54:53] INFO: ✅ package Sudah di List  224
[2025-10-16 12:09:48] INFO: INI ALAMAT TABLENYA :  D:\Work\ARYA-WMS-SHOPPIE\ANG19\wmshopee\.angular\prerender-root\bf0b5d42-9e85-44bf-a131-4ff84bb8a90e\data\admdb.sqlite
[2025-10-16 12:09:50] INFO: INI ALAMAT TABLENYA :  D:\Work\ARYA-WMS-SHOPPIE\ANG19\wmshopee\.angular\prerender-root\d70f36c7-dda6-47ed-8b18-011ba185c0a7\data\admdb.sqlite
[2025-10-16 12:09:50] INFO: INI ALAMAT TABLENYA :  D:\Work\ARYA-WMS-SHOPPIE\ANG19\wmshopee\.angular\prerender-root\af51ba3a-d036-4e03-8e72-f7235fc064a8\data\admdb.sqlite
[2025-10-16 12:09:50] INFO: INI ALAMAT TABLENYA :  D:\Work\ARYA-WMS-SHOPPIE\ANG19\wmshopee\.angular\prerender-root\2752b9ff-7899-4fdb-82eb-448d9c9727e2\data\admdb.sqlite
[2025-10-16 12:09:50] INFO: INI ALAMAT TABLENYA :  D:\Work\ARYA-WMS-SHOPPIE\ANG19\wmshopee\.angular\prerender-root\c338b316-923e-4073-8a26-e430296e0485\data\admdb.sqlite
[2025-10-16 12:09:57] INFO: INI ALAMAT TABLENYA :  D:\Work\ARYA-WMS-SHOPPIE\ANG19\wmshopee\dist\wmshopee\server\data\admdb.sqlite
[2025-10-16 12:15:17] INFO: INI ALAMAT TABLENYA :  D:\Work\ARYA-WMS-SHOPPIE\ANG19\wmshopee\.angular\prerender-root\7b2ae5f6-3089-48a8-bd86-5737c2cbccf2\data\admdb.sqlite
[2025-10-16 12:15:19] INFO: INI ALAMAT TABLENYA :  D:\Work\ARYA-WMS-SHOPPIE\ANG19\wmshopee\.angular\prerender-root\575f70ee-7722-4e7a-9141-5f8c4061034e\data\admdb.sqlite
[2025-10-16 12:15:19] INFO: INI ALAMAT TABLENYA :  D:\Work\ARYA-WMS-SHOPPIE\ANG19\wmshopee\.angular\prerender-root\d4dfddcb-b8dc-4257-a7db-7132574dc341\data\admdb.sqlite
[2025-10-16 12:15:19] INFO: INI ALAMAT TABLENYA :  D:\Work\ARYA-WMS-SHOPPIE\ANG19\wmshopee\.angular\prerender-root\74af90a8-f7f3-49a2-ad79-69af10f90641\data\admdb.sqlite
[2025-10-16 12:15:19] INFO: INI ALAMAT TABLENYA :  D:\Work\ARYA-WMS-SHOPPIE\ANG19\wmshopee\.angular\prerender-root\18e35dc3-99ff-4715-8524-a1e1027a2d03\data\admdb.sqlite
[2025-10-16 12:15:27] INFO: INI ALAMAT TABLENYA :  D:\Work\ARYA-WMS-SHOPPIE\ANG19\wmshopee\dist\wmshopee\server\data\admdb.sqlite
[2025-10-16 12:16:41] INFO: INI ALAMAT TABLENYA :  D:\Work\ARYA-WMS-SHOPPIE\ANG19\wmshopee\.angular\prerender-root\d29aef07-3547-4a75-973f-7d2f748efeab\data\admdb.sqlite
[2025-10-16 12:16:43] INFO: INI ALAMAT TABLENYA :  D:\Work\ARYA-WMS-SHOPPIE\ANG19\wmshopee\.angular\prerender-root\e2494426-1c31-4b11-8274-384fbcfed55d\data\admdb.sqlite
[2025-10-16 12:16:43] INFO: INI ALAMAT TABLENYA :  D:\Work\ARYA-WMS-SHOPPIE\ANG19\wmshopee\.angular\prerender-root\0f7c74c8-7cff-4582-9eb7-6478fc218b86\data\admdb.sqlite
[2025-10-16 12:16:43] INFO: INI ALAMAT TABLENYA :  D:\Work\ARYA-WMS-SHOPPIE\ANG19\wmshopee\.angular\prerender-root\83a732aa-0eef-43bd-93f5-6da93f12c0e1\data\admdb.sqlite
[2025-10-16 12:16:43] INFO: INI ALAMAT TABLENYA :  D:\Work\ARYA-WMS-SHOPPIE\ANG19\wmshopee\.angular\prerender-root\86e8422c-7e40-43c4-993c-c76720ef2630\data\admdb.sqlite
[2025-10-16 12:16:53] INFO: INI ALAMAT TABLENYA :  D:\Work\ARYA-WMS-SHOPPIE\ANG19\wmshopee\dist\wmshopee\server\data\admdb.sqlite
[2025-10-16 12:35:17] INFO: INI ALAMAT TABLENYA :  D:\Work\ARYA-WMS-SHOPPIE\ANG19\wmshopee\.angular\prerender-root\090ed47b-c43b-46a9-b757-46a3d1c05775\data\admdb.sqlite
[2025-10-16 12:35:21] INFO: INI ALAMAT TABLENYA :  D:\Work\ARYA-WMS-SHOPPIE\ANG19\wmshopee\.angular\prerender-root\a400bd55-d9f1-4c68-8530-7b59df2f96eb\data\admdb.sqlite
[2025-10-16 12:35:21] INFO: INI ALAMAT TABLENYA :  D:\Work\ARYA-WMS-SHOPPIE\ANG19\wmshopee\.angular\prerender-root\7305dc7d-4b18-4520-b31d-f8bea999c1ee\data\admdb.sqlite
[2025-10-16 12:35:21] INFO: INI ALAMAT TABLENYA :  D:\Work\ARYA-WMS-SHOPPIE\ANG19\wmshopee\.angular\prerender-root\cafef732-c1ac-412f-8314-92b6bb48e34a\data\admdb.sqlite
[2025-10-16 12:35:21] INFO: INI ALAMAT TABLENYA :  D:\Work\ARYA-WMS-SHOPPIE\ANG19\wmshopee\.angular\prerender-root\bf09a247-50d6-46c5-907e-8e65d84afbbc\data\admdb.sqlite
[2025-10-16 12:39:19] INFO: INI ALAMAT TABLENYA :  D:\Work\ARYA-WMS-SHOPPIE\ANG19\wmshopee\.angular\prerender-root\e5133afc-6cb2-4836-b83c-7e933486dfaa\data\admdb.sqlite
[2025-10-16 12:39:29] INFO: INI ALAMAT TABLENYA :  D:\Work\ARYA-WMS-SHOPPIE\ANG19\wmshopee\.angular\prerender-root\3703fb36-1860-424c-8967-3f6f5bcfa0f3\data\admdb.sqlite
[2025-10-16 12:39:29] INFO: INI ALAMAT TABLENYA :  D:\Work\ARYA-WMS-SHOPPIE\ANG19\wmshopee\.angular\prerender-root\01636c21-e1b0-4b0f-8ea1-fa49521e41ce\data\admdb.sqlite
[2025-10-16 12:39:29] INFO: INI ALAMAT TABLENYA :  D:\Work\ARYA-WMS-SHOPPIE\ANG19\wmshopee\.angular\prerender-root\4b50a5fa-a530-4a9f-a756-52e1c5f816eb\data\admdb.sqlite
[2025-10-16 12:39:29] INFO: INI ALAMAT TABLENYA :  D:\Work\ARYA-WMS-SHOPPIE\ANG19\wmshopee\.angular\prerender-root\347f334c-0efb-4dcb-8b11-b1fef2085b2f\data\admdb.sqlite
[2025-10-16 12:40:30] INFO: INI ALAMAT TABLENYA :  D:\Work\ARYA-WMS-SHOPPIE\ANG19\wmshopee\dist\wmshopee\server\data\admdb.sqlite
[2025-10-16 12:42:49] INFO: INI ALAMAT TABLENYA :  D:\Work\ARYA-WMS-SHOPPIE\ANG19\wmshopee\.angular\prerender-root\1afe488d-9ed2-4662-b139-2999642bea6a\data\admdb.sqlite
[2025-10-16 12:42:50] INFO: INI ALAMAT TABLENYA :  D:\Work\ARYA-WMS-SHOPPIE\ANG19\wmshopee\.angular\prerender-root\29f494fe-9c7a-499f-90fd-dbf75a7bb66b\data\admdb.sqlite
[2025-10-16 12:42:50] INFO: INI ALAMAT TABLENYA :  D:\Work\ARYA-WMS-SHOPPIE\ANG19\wmshopee\.angular\prerender-root\58644e7d-e989-4207-9a42-d09501140668\data\admdb.sqlite
[2025-10-16 12:42:50] INFO: INI ALAMAT TABLENYA :  D:\Work\ARYA-WMS-SHOPPIE\ANG19\wmshopee\.angular\prerender-root\df7c7314-7d35-4fb7-82a9-62e69693b89d\data\admdb.sqlite
[2025-10-16 12:42:50] INFO: INI ALAMAT TABLENYA :  D:\Work\ARYA-WMS-SHOPPIE\ANG19\wmshopee\.angular\prerender-root\3fd7b213-64fb-43bd-8790-d63e0801d0b6\data\admdb.sqlite
[2025-10-16 12:42:57] INFO: INI ALAMAT TABLENYA :  D:\Work\ARYA-WMS-SHOPPIE\ANG19\wmshopee\dist\wmshopee\server\data\admdb.sqlite
[2025-10-16 12:43:04] INFO: ✅ package Sudah di List  147
[2025-10-16 12:50:25] INFO: INI ALAMAT TABLENYA :  D:\Work\ARYA-WMS-SHOPPIE\ANG19\wmshopee\.angular\prerender-root\636b1f21-8588-4c94-9318-d0d1e8ad7eb7\data\admdb.sqlite
[2025-10-16 12:50:27] INFO: INI ALAMAT TABLENYA :  D:\Work\ARYA-WMS-SHOPPIE\ANG19\wmshopee\.angular\prerender-root\a347f4b8-69f3-41c8-bc1a-d778097b6b93\data\admdb.sqlite
[2025-10-16 12:50:27] INFO: INI ALAMAT TABLENYA :  D:\Work\ARYA-WMS-SHOPPIE\ANG19\wmshopee\.angular\prerender-root\fa019104-5de5-4bbe-acb5-77812b173889\data\admdb.sqlite
[2025-10-16 12:50:27] INFO: INI ALAMAT TABLENYA :  D:\Work\ARYA-WMS-SHOPPIE\ANG19\wmshopee\.angular\prerender-root\ecddfb2a-e18c-49bb-87f3-0a85b1e777d1\data\admdb.sqlite
[2025-10-16 12:50:27] INFO: INI ALAMAT TABLENYA :  D:\Work\ARYA-WMS-SHOPPIE\ANG19\wmshopee\.angular\prerender-root\bc628ec4-7c60-4f6c-bf82-84de54947c75\data\admdb.sqlite
[2025-10-16 12:50:35] INFO: INI ALAMAT TABLENYA :  D:\Work\ARYA-WMS-SHOPPIE\ANG19\wmshopee\dist\wmshopee\server\data\admdb.sqlite
[2025-10-16 13:31:18] INFO: INI ALAMAT TABLENYA :  D:\Work\ARYA-WMS-SHOPPIE\ANG19\wmshopee\.angular\prerender-root\85766372-8e77-4e42-b994-4fc55a792b0e\data\admdb.sqlite
[2025-10-16 13:31:20] INFO: INI ALAMAT TABLENYA :  D:\Work\ARYA-WMS-SHOPPIE\ANG19\wmshopee\.angular\prerender-root\63713c93-972d-4ec1-8870-eca0a4b94ad1\data\admdb.sqlite
[2025-10-16 13:31:20] INFO: INI ALAMAT TABLENYA :  D:\Work\ARYA-WMS-SHOPPIE\ANG19\wmshopee\.angular\prerender-root\4fcd185d-13d8-4bdc-b264-3b92b3c6a87d\data\admdb.sqlite
[2025-10-16 13:31:20] INFO: INI ALAMAT TABLENYA :  D:\Work\ARYA-WMS-SHOPPIE\ANG19\wmshopee\.angular\prerender-root\ae5c8e2c-f5a2-4615-88fa-65039548e0be\data\admdb.sqlite
[2025-10-16 13:31:20] INFO: INI ALAMAT TABLENYA :  D:\Work\ARYA-WMS-SHOPPIE\ANG19\wmshopee\.angular\prerender-root\44c1434f-c065-441c-afea-88e5b953b03f\data\admdb.sqlite
[2025-10-16 13:32:27] INFO: INI ALAMAT TABLENYA :  D:\Work\ARYA-WMS-SHOPPIE\ANG19\wmshopee\dist\wmshopee\server\data\admdb.sqlite
[2025-10-16 13:32:37] INFO: ✅ package Sudah di List  9
[2025-10-16 13:38:12] INFO: INI ALAMAT TABLENYA :  D:\Work\ARYA-WMS-SHOPPIE\ANG19\wmshopee\.angular\prerender-root\f71e74f2-09c9-48e9-823f-655cd9d57dc9\data\admdb.sqlite
[2025-10-16 13:38:14] INFO: INI ALAMAT TABLENYA :  D:\Work\ARYA-WMS-SHOPPIE\ANG19\wmshopee\.angular\prerender-root\2d6fd293-cee7-4994-963a-2ec69758005e\data\admdb.sqlite
[2025-10-16 13:38:14] INFO: INI ALAMAT TABLENYA :  D:\Work\ARYA-WMS-SHOPPIE\ANG19\wmshopee\.angular\prerender-root\c1ffa74a-a668-414c-b150-04c769dea954\data\admdb.sqlite
[2025-10-16 13:38:14] INFO: INI ALAMAT TABLENYA :  D:\Work\ARYA-WMS-SHOPPIE\ANG19\wmshopee\.angular\prerender-root\dd0bcbc3-d15c-433c-8159-541b9be879c9\data\admdb.sqlite
[2025-10-16 13:38:14] INFO: INI ALAMAT TABLENYA :  D:\Work\ARYA-WMS-SHOPPIE\ANG19\wmshopee\.angular\prerender-root\8d94d123-e08c-4dec-859b-c726f17c67c6\data\admdb.sqlite
[2025-10-16 13:38:28] INFO: INI ALAMAT TABLENYA :  D:\Work\ARYA-WMS-SHOPPIE\ANG19\wmshopee\dist\wmshopee\server\data\admdb.sqlite
[2025-10-16 13:38:44] INFO: ✅ Shopee refresh on fetchWithAuth Error: {"error":"invalid_acceess_token","message":"Invalid access_token, please have a check.","request_id":"e3e3e7f34140de6116abeae66192cf00"}
[2025-10-16 13:38:44] INFO: ✅ Shopee refresh on fetchWithAuth Error: {"error":"invalid_acceess_token","message":"Invalid access_token, please have a check.","request_id":"e3e3e7f34140de61242b668737ee7600"}
[2025-10-16 13:38:44] INFO: ✅ Shopee refresh on fetchWithAuthMETHOD Error: {"error":"invalid_acceess_token","message":"Invalid access_token, please have a check.","request_id":"e3e3e7f34140de613cfefc3e27084d00"}
[2025-10-16 13:38:44] INFO: ✅ Shopee refresh on fetchWithAuthMETHOD Error: {"error":"invalid_acceess_token","message":"Invalid access_token, please have a check.","request_id":"e3e3e7f34140de614fbf93e9f5e77d00"}
[2025-10-16 13:38:44] INFO: ✅ Shopee refresh on fetchWithAuthMETHOD Error: {"error":"invalid_acceess_token","message":"Invalid access_token, please have a check.","request_id":"e3e3e7f34140de6187dc474f41feb400"}
[2025-10-16 13:38:44] INFO: ✅ Shopee refresh on fetchWithAuthMETHOD Error: {"error":"invalid_acceess_token","message":"Invalid access_token, please have a check.","request_id":"e3e3e7f34140de61f60a19e899bd6000"}
[2025-10-16 13:38:44] INFO: Update data token : 
[2025-10-16 13:38:45] INFO: Update data token : 
[2025-10-16 13:38:45] INFO: Update data token : 
[2025-10-16 13:38:45] INFO: Update data token : 
[2025-10-16 13:38:45] INFO: Update data token : 
[2025-10-16 13:38:45] INFO: Update data token : 
[2025-10-16 13:39:06] INFO: ✅ package Sudah di List  13
[2025-10-16 13:47:16] INFO: ✅ package Sudah di List  13
