[2025-08-05 10:01:29] INFO: INI ALAMAT TABLENYA :  D:\Work\ARYA-WMS-SHOPPIE\ANG19\wmshopee\dist\wmshopee\server\data\admdb.sqlite
[2025-08-05 10:01:49] INFO: ✅ Shopee get List Error: {"error":"invalid_acceess_token","message":"Invalid access_token, please have a check.","request_id":"e3e3e7f33b95720e39f8cab9c79ff300"}
[2025-08-05 10:01:49] INFO: ✅ Shopee get List Error: {"error":"invalid_acceess_token","message":"Invalid access_token, please have a check.","request_id":"e3e3e7f33b95720e4e6fa52918debc00"}
[2025-08-05 10:01:49] INFO: Update data token : 
[2025-08-05 10:01:50] INFO: Update data token : 
[2025-08-05 10:17:29] INFO: INI ALAMAT TABLENYA :  D:\Work\ARYA-WMS-SHOPPIE\ANG19\wmshopee\.angular\prerender-root\e05d9998-ef85-43ed-b39c-edea5b7e4db1\data\admdb.sqlite
[2025-08-05 10:17:38] INFO: INI ALAMAT TABLENYA :  D:\Work\ARYA-WMS-SHOPPIE\ANG19\wmshopee\.angular\prerender-root\47d8a443-bb2f-4897-be52-a293261b4f2a\data\admdb.sqlite
[2025-08-05 10:17:38] INFO: INI ALAMAT TABLENYA :  D:\Work\ARYA-WMS-SHOPPIE\ANG19\wmshopee\.angular\prerender-root\1b9b76ca-fd35-4ed8-a158-50bee5e6fb13\data\admdb.sqlite
[2025-08-05 10:17:38] INFO: INI ALAMAT TABLENYA :  D:\Work\ARYA-WMS-SHOPPIE\ANG19\wmshopee\.angular\prerender-root\05afcd02-29a9-4317-936f-be13bcd49f85\data\admdb.sqlite
[2025-08-05 10:17:38] INFO: INI ALAMAT TABLENYA :  D:\Work\ARYA-WMS-SHOPPIE\ANG19\wmshopee\.angular\prerender-root\f1c977a8-540f-4b39-af67-867351331310\data\admdb.sqlite
[2025-08-05 10:17:57] INFO: INI ALAMAT TABLENYA :  D:\Work\ARYA-WMS-SHOPPIE\ANG19\wmshopee\dist\wmshopee\server\data\admdb.sqlite
[2025-08-05 10:22:32] INFO: ✅ Sudah di List  20
[2025-08-05 10:22:43] INFO: ✅ Sudah di List  43
[2025-08-05 10:22:58] INFO: JOB RESPONSE  {"code":20000,"message":"Records found","data":[{"id":9,"datepick":"2025-08-05","fromtime":"03:00:01","totime":"06:00:01","created_by":"102345690","fullname":"Super Admin","status":1,"totalresi":43,"created_at":"2025-08-05 10:22:43"},{"id":8,"datepick":"2025-08-05","fromtime":"00:00:01","totime":"03:00:01","created_by":"102345690","fullname":"Super Admin","status":0,"totalresi":20,"created_at":"2025-08-05 10:22:32"}]}
[2025-08-05 10:23:04] INFO: JOB RESPONSE  {"code":20000,"message":"Records found","data":[{"id":9,"datepick":"2025-08-05","fromtime":"03:00:01","totime":"06:00:01","created_by":"102345690","fullname":"Super Admin","status":1,"totalresi":43,"created_at":"2025-08-05 10:22:43"},{"id":8,"datepick":"2025-08-05","fromtime":"00:00:01","totime":"03:00:01","created_by":"102345690","fullname":"Super Admin","status":1,"totalresi":20,"created_at":"2025-08-05 10:22:32"}]}
[2025-08-05 10:23:25] INFO: ✅ Sudah di List  170
[2025-08-05 10:23:39] INFO: JOB RESPONSE  {"code":20000,"message":"Records found","data":[{"id":10,"datepick":"2025-08-05","fromtime":"06:00:01","totime":"09:00:01","created_by":"102345690","fullname":"Super Admin","status":1,"totalresi":170,"created_at":"2025-08-05 10:23:25"},{"id":9,"datepick":"2025-08-05","fromtime":"03:00:01","totime":"06:00:01","created_by":"102345690","fullname":"Super Admin","status":1,"totalresi":43,"created_at":"2025-08-05 10:22:43"},{"id":8,"datepick":"2025-08-05","fromtime":"00:00:01","totime":"03:00:01","created_by":"102345690","fullname":"Super Admin","status":1,"totalresi":20,"created_at":"2025-08-05 10:22:32"}]}
[2025-08-05 10:38:14] INFO: INI ALAMAT TABLENYA :  D:\Work\ARYA-WMS-SHOPPIE\ANG19\wmshopee\.angular\prerender-root\f28687e2-c618-423c-bd0a-bb485134aa03\data\admdb.sqlite
[2025-08-05 10:38:16] INFO: INI ALAMAT TABLENYA :  D:\Work\ARYA-WMS-SHOPPIE\ANG19\wmshopee\.angular\prerender-root\57f66f6a-7716-4ee8-b57d-77c13a281955\data\admdb.sqlite
[2025-08-05 10:38:16] INFO: INI ALAMAT TABLENYA :  D:\Work\ARYA-WMS-SHOPPIE\ANG19\wmshopee\.angular\prerender-root\84c6a24d-cb7b-4a8f-9e52-7d9b2b688e69\data\admdb.sqlite
[2025-08-05 10:38:16] INFO: INI ALAMAT TABLENYA :  D:\Work\ARYA-WMS-SHOPPIE\ANG19\wmshopee\.angular\prerender-root\33c73dab-4827-4e51-b7ca-651d17e7a73d\data\admdb.sqlite
[2025-08-05 10:38:16] INFO: INI ALAMAT TABLENYA :  D:\Work\ARYA-WMS-SHOPPIE\ANG19\wmshopee\.angular\prerender-root\378ea283-17fe-4ef4-8279-36260bbbf807\data\admdb.sqlite
[2025-08-05 10:38:25] INFO: INI ALAMAT TABLENYA :  D:\Work\ARYA-WMS-SHOPPIE\ANG19\wmshopee\dist\wmshopee\server\data\admdb.sqlite
[2025-08-05 10:41:55] INFO: INI ALAMAT TABLENYA :  D:\Work\ARYA-WMS-SHOPPIE\ANG19\wmshopee\.angular\prerender-root\6260c8ee-8422-4839-b4d0-5d99a60b3817\data\admdb.sqlite
[2025-08-05 10:41:57] INFO: INI ALAMAT TABLENYA :  D:\Work\ARYA-WMS-SHOPPIE\ANG19\wmshopee\.angular\prerender-root\7077a250-02de-4b60-a0ea-6cc354c7d2a1\data\admdb.sqlite
[2025-08-05 10:41:57] INFO: INI ALAMAT TABLENYA :  D:\Work\ARYA-WMS-SHOPPIE\ANG19\wmshopee\.angular\prerender-root\d08ef68f-839c-4fbd-bc26-27db77515819\data\admdb.sqlite
[2025-08-05 10:41:57] INFO: INI ALAMAT TABLENYA :  D:\Work\ARYA-WMS-SHOPPIE\ANG19\wmshopee\.angular\prerender-root\5a2078e1-e34c-43eb-b014-18cba5b3b483\data\admdb.sqlite
[2025-08-05 10:41:57] INFO: INI ALAMAT TABLENYA :  D:\Work\ARYA-WMS-SHOPPIE\ANG19\wmshopee\.angular\prerender-root\3c45d129-c763-4755-b85b-2dce63383a0a\data\admdb.sqlite
[2025-08-05 10:42:06] INFO: INI ALAMAT TABLENYA :  D:\Work\ARYA-WMS-SHOPPIE\ANG19\wmshopee\dist\wmshopee\server\data\admdb.sqlite
[2025-08-05 10:50:51] INFO: INI ALAMAT TABLENYA :  D:\Work\ARYA-WMS-SHOPPIE\ANG19\wmshopee\.angular\prerender-root\37a1c96a-eb44-4bca-99a9-01f1c857e318\data\admdb.sqlite
[2025-08-05 10:50:53] INFO: INI ALAMAT TABLENYA :  D:\Work\ARYA-WMS-SHOPPIE\ANG19\wmshopee\.angular\prerender-root\1bf647bb-b644-4380-baea-f76192f83d5d\data\admdb.sqlite
[2025-08-05 10:50:53] INFO: INI ALAMAT TABLENYA :  D:\Work\ARYA-WMS-SHOPPIE\ANG19\wmshopee\.angular\prerender-root\194593ce-14b2-4655-b6b4-513bf45751c9\data\admdb.sqlite
[2025-08-05 10:50:53] INFO: INI ALAMAT TABLENYA :  D:\Work\ARYA-WMS-SHOPPIE\ANG19\wmshopee\.angular\prerender-root\89d6271c-1528-4219-b168-4e3a7ee0f97a\data\admdb.sqlite
[2025-08-05 10:50:53] INFO: INI ALAMAT TABLENYA :  D:\Work\ARYA-WMS-SHOPPIE\ANG19\wmshopee\.angular\prerender-root\ec60ed26-aaa4-42b3-a533-549080327032\data\admdb.sqlite
[2025-08-05 10:51:08] INFO: INI ALAMAT TABLENYA :  D:\Work\ARYA-WMS-SHOPPIE\ANG19\wmshopee\dist\wmshopee\server\data\admdb.sqlite
[2025-08-05 10:51:55] INFO: INI ALAMAT TABLENYA :  D:\Work\ARYA-WMS-SHOPPIE\ANG19\wmshopee\.angular\prerender-root\9c8564d0-3c8d-4dae-afdd-c392ed4042ac\data\admdb.sqlite
[2025-08-05 10:51:57] INFO: INI ALAMAT TABLENYA :  D:\Work\ARYA-WMS-SHOPPIE\ANG19\wmshopee\.angular\prerender-root\e49d0464-f878-44d3-8314-92aab7f3dbb9\data\admdb.sqlite
[2025-08-05 10:51:57] INFO: INI ALAMAT TABLENYA :  D:\Work\ARYA-WMS-SHOPPIE\ANG19\wmshopee\.angular\prerender-root\03950558-abc7-40ba-b5dc-d4f500492826\data\admdb.sqlite
[2025-08-05 10:51:57] INFO: INI ALAMAT TABLENYA :  D:\Work\ARYA-WMS-SHOPPIE\ANG19\wmshopee\.angular\prerender-root\e1396c65-1947-4046-aa50-6f3de701ecb3\data\admdb.sqlite
[2025-08-05 10:51:57] INFO: INI ALAMAT TABLENYA :  D:\Work\ARYA-WMS-SHOPPIE\ANG19\wmshopee\.angular\prerender-root\bacd4290-c434-45fb-9692-6b3ff407bfd0\data\admdb.sqlite
[2025-08-05 10:52:10] INFO: INI ALAMAT TABLENYA :  D:\Work\ARYA-WMS-SHOPPIE\ANG19\wmshopee\dist\wmshopee\server\data\admdb.sqlite
[2025-08-05 10:53:54] INFO: INI ALAMAT TABLENYA :  D:\Work\ARYA-WMS-SHOPPIE\ANG19\wmshopee\.angular\prerender-root\2560e0bb-d6b5-40f9-adf8-07e364b236bc\data\admdb.sqlite
[2025-08-05 10:53:56] INFO: INI ALAMAT TABLENYA :  D:\Work\ARYA-WMS-SHOPPIE\ANG19\wmshopee\.angular\prerender-root\3441c451-3a05-4824-84ae-843046bed1e3\data\admdb.sqlite
[2025-08-05 10:53:56] INFO: INI ALAMAT TABLENYA :  D:\Work\ARYA-WMS-SHOPPIE\ANG19\wmshopee\.angular\prerender-root\da6556a2-1524-4d61-980f-6ad54793540b\data\admdb.sqlite
[2025-08-05 10:53:56] INFO: INI ALAMAT TABLENYA :  D:\Work\ARYA-WMS-SHOPPIE\ANG19\wmshopee\.angular\prerender-root\41255063-74bd-4f2d-ad02-bb45f68f36fe\data\admdb.sqlite
[2025-08-05 10:53:56] INFO: INI ALAMAT TABLENYA :  D:\Work\ARYA-WMS-SHOPPIE\ANG19\wmshopee\.angular\prerender-root\33fd61c1-3d02-4ce1-a29a-606da917aa7e\data\admdb.sqlite
[2025-08-05 10:54:05] INFO: INI ALAMAT TABLENYA :  D:\Work\ARYA-WMS-SHOPPIE\ANG19\wmshopee\dist\wmshopee\server\data\admdb.sqlite
[2025-08-05 11:04:37] INFO: INI ALAMAT TABLENYA :  D:\Work\ARYA-WMS-SHOPPIE\ANG19\wmshopee\.angular\prerender-root\921e693d-43ca-406b-a1ad-eabe23dc3e01\data\admdb.sqlite
[2025-08-05 11:04:39] INFO: INI ALAMAT TABLENYA :  D:\Work\ARYA-WMS-SHOPPIE\ANG19\wmshopee\.angular\prerender-root\e5075834-3486-4cc1-b6d7-1d319f80e120\data\admdb.sqlite
[2025-08-05 11:04:39] INFO: INI ALAMAT TABLENYA :  D:\Work\ARYA-WMS-SHOPPIE\ANG19\wmshopee\.angular\prerender-root\2450537f-63a7-452e-bb44-4362eb88ef37\data\admdb.sqlite
[2025-08-05 11:04:39] INFO: INI ALAMAT TABLENYA :  D:\Work\ARYA-WMS-SHOPPIE\ANG19\wmshopee\.angular\prerender-root\9f82f7cf-6512-4723-a6c3-1fdb537afb9d\data\admdb.sqlite
[2025-08-05 11:04:39] INFO: INI ALAMAT TABLENYA :  D:\Work\ARYA-WMS-SHOPPIE\ANG19\wmshopee\.angular\prerender-root\520e9851-e837-4d64-80b0-fc02f00e8bcc\data\admdb.sqlite
[2025-08-05 11:04:45] INFO: INI ALAMAT TABLENYA :  D:\Work\ARYA-WMS-SHOPPIE\ANG19\wmshopee\dist\wmshopee\server\data\admdb.sqlite
[2025-08-05 11:08:19] INFO: INI ALAMAT TABLENYA :  D:\Work\ARYA-WMS-SHOPPIE\ANG19\wmshopee\.angular\prerender-root\7ada4974-7240-4635-a38a-1ddd12b820b1\data\admdb.sqlite
[2025-08-05 11:08:21] INFO: INI ALAMAT TABLENYA :  D:\Work\ARYA-WMS-SHOPPIE\ANG19\wmshopee\.angular\prerender-root\fd116543-9944-4960-85f6-c5a05c3ea378\data\admdb.sqlite
[2025-08-05 11:08:21] INFO: INI ALAMAT TABLENYA :  D:\Work\ARYA-WMS-SHOPPIE\ANG19\wmshopee\.angular\prerender-root\72858ef5-2862-4a06-abf6-460a0eb1329b\data\admdb.sqlite
[2025-08-05 11:08:21] INFO: INI ALAMAT TABLENYA :  D:\Work\ARYA-WMS-SHOPPIE\ANG19\wmshopee\.angular\prerender-root\2851f92e-02ef-4607-af96-91a33562cf85\data\admdb.sqlite
[2025-08-05 11:08:21] INFO: INI ALAMAT TABLENYA :  D:\Work\ARYA-WMS-SHOPPIE\ANG19\wmshopee\.angular\prerender-root\3c2fe6bd-8544-4642-95eb-f59437bde14d\data\admdb.sqlite
[2025-08-05 11:08:30] INFO: INI ALAMAT TABLENYA :  D:\Work\ARYA-WMS-SHOPPIE\ANG19\wmshopee\dist\wmshopee\server\data\admdb.sqlite
[2025-08-05 11:09:02] INFO: INI ALAMAT TABLENYA :  D:\Work\ARYA-WMS-SHOPPIE\ANG19\wmshopee\.angular\prerender-root\a7abe68f-a2cb-4c24-a965-b3cbed0158f2\data\admdb.sqlite
[2025-08-05 11:09:04] INFO: INI ALAMAT TABLENYA :  D:\Work\ARYA-WMS-SHOPPIE\ANG19\wmshopee\.angular\prerender-root\20c031f8-6a6d-476c-892c-b34057d6fb39\data\admdb.sqlite
[2025-08-05 11:09:04] INFO: INI ALAMAT TABLENYA :  D:\Work\ARYA-WMS-SHOPPIE\ANG19\wmshopee\.angular\prerender-root\4c0b2d22-86e6-4f2e-beee-fa19d710d0dc\data\admdb.sqlite
[2025-08-05 11:09:04] INFO: INI ALAMAT TABLENYA :  D:\Work\ARYA-WMS-SHOPPIE\ANG19\wmshopee\.angular\prerender-root\adb1907b-ea19-41f9-afd4-7009ee86a8fc\data\admdb.sqlite
[2025-08-05 11:09:04] INFO: INI ALAMAT TABLENYA :  D:\Work\ARYA-WMS-SHOPPIE\ANG19\wmshopee\.angular\prerender-root\4ce3cd64-274d-41a0-873c-7a73878d7d08\data\admdb.sqlite
[2025-08-05 11:09:09] INFO: INI ALAMAT TABLENYA :  D:\Work\ARYA-WMS-SHOPPIE\ANG19\wmshopee\dist\wmshopee\server\data\admdb.sqlite
[2025-08-05 11:14:10] INFO: INI ALAMAT TABLENYA :  D:\Work\ARYA-WMS-SHOPPIE\ANG19\wmshopee\.angular\prerender-root\38e5a98c-9e34-443e-9c10-70fa7cdd6d66\data\admdb.sqlite
[2025-08-05 11:14:11] INFO: INI ALAMAT TABLENYA :  D:\Work\ARYA-WMS-SHOPPIE\ANG19\wmshopee\.angular\prerender-root\95e849b7-5989-4215-8340-e24251daab72\data\admdb.sqlite
[2025-08-05 11:14:11] INFO: INI ALAMAT TABLENYA :  D:\Work\ARYA-WMS-SHOPPIE\ANG19\wmshopee\.angular\prerender-root\ca675190-117f-4512-b544-daec5753b802\data\admdb.sqlite
[2025-08-05 11:14:11] INFO: INI ALAMAT TABLENYA :  D:\Work\ARYA-WMS-SHOPPIE\ANG19\wmshopee\.angular\prerender-root\b9fb8677-8966-40dc-b3bf-1d1be84b262c\data\admdb.sqlite
[2025-08-05 11:14:11] INFO: INI ALAMAT TABLENYA :  D:\Work\ARYA-WMS-SHOPPIE\ANG19\wmshopee\.angular\prerender-root\9ed3b7bb-b5a0-4868-8e11-3cbac44734a6\data\admdb.sqlite
[2025-08-05 11:14:18] INFO: INI ALAMAT TABLENYA :  D:\Work\ARYA-WMS-SHOPPIE\ANG19\wmshopee\dist\wmshopee\server\data\admdb.sqlite
[2025-08-05 11:16:29] INFO: INI ALAMAT TABLENYA :  D:\Work\ARYA-WMS-SHOPPIE\ANG19\wmshopee\.angular\prerender-root\46ebe628-5a65-4581-8090-6a0154445356\data\admdb.sqlite
[2025-08-05 11:16:31] INFO: INI ALAMAT TABLENYA :  D:\Work\ARYA-WMS-SHOPPIE\ANG19\wmshopee\.angular\prerender-root\5ca13385-cd91-4cd5-986e-d4cb3fd989ac\data\admdb.sqlite
[2025-08-05 11:16:31] INFO: INI ALAMAT TABLENYA :  D:\Work\ARYA-WMS-SHOPPIE\ANG19\wmshopee\.angular\prerender-root\79a5ea59-9a9e-4b57-a4e8-9190c208c7c5\data\admdb.sqlite
[2025-08-05 11:16:31] INFO: INI ALAMAT TABLENYA :  D:\Work\ARYA-WMS-SHOPPIE\ANG19\wmshopee\.angular\prerender-root\c17614aa-68a1-44e7-af2f-f220f3e1006c\data\admdb.sqlite
[2025-08-05 11:16:31] INFO: INI ALAMAT TABLENYA :  D:\Work\ARYA-WMS-SHOPPIE\ANG19\wmshopee\.angular\prerender-root\d4421f29-7e86-4eea-bdcc-027c920546e3\data\admdb.sqlite
[2025-08-05 11:18:46] INFO: INI ALAMAT TABLENYA :  D:\Work\ARYA-WMS-SHOPPIE\ANG19\wmshopee\dist\wmshopee\server\data\admdb.sqlite
[2025-08-05 15:53:32] INFO: INI ALAMAT TABLENYA :  D:\Work\ARYA-WMS-SHOPPIE\ANG19\wmshopee\.angular\prerender-root\e32d4609-74be-4693-a20f-f6938e9fa9cf\data\admdb.sqlite
[2025-08-05 15:53:41] INFO: INI ALAMAT TABLENYA :  D:\Work\ARYA-WMS-SHOPPIE\ANG19\wmshopee\.angular\prerender-root\c57939bd-64b2-4e6e-b419-b959b6ba0ad2\data\admdb.sqlite
[2025-08-05 15:53:41] INFO: INI ALAMAT TABLENYA :  D:\Work\ARYA-WMS-SHOPPIE\ANG19\wmshopee\.angular\prerender-root\a326a5c5-0892-4e36-b97e-ebad3eeacbdb\data\admdb.sqlite
[2025-08-05 15:53:41] INFO: INI ALAMAT TABLENYA :  D:\Work\ARYA-WMS-SHOPPIE\ANG19\wmshopee\.angular\prerender-root\0931cda7-09a3-44c9-a70f-bcffa3dd580b\data\admdb.sqlite
[2025-08-05 15:53:41] INFO: INI ALAMAT TABLENYA :  D:\Work\ARYA-WMS-SHOPPIE\ANG19\wmshopee\.angular\prerender-root\f4e2a8fc-7f8b-4e17-a90d-db763a27f225\data\admdb.sqlite
[2025-08-05 15:54:29] INFO: INI ALAMAT TABLENYA :  D:\Work\ARYA-WMS-SHOPPIE\ANG19\wmshopee\.angular\prerender-root\e56502e1-0b69-447f-9d46-c8b8f3082375\data\admdb.sqlite
[2025-08-05 15:54:31] INFO: INI ALAMAT TABLENYA :  D:\Work\ARYA-WMS-SHOPPIE\ANG19\wmshopee\.angular\prerender-root\79433dd3-4fee-4ff7-9250-59c31b9d6145\data\admdb.sqlite
[2025-08-05 15:54:31] INFO: INI ALAMAT TABLENYA :  D:\Work\ARYA-WMS-SHOPPIE\ANG19\wmshopee\.angular\prerender-root\35b992c5-93ad-48f3-95c4-b6b1dcf83c12\data\admdb.sqlite
[2025-08-05 15:54:31] INFO: INI ALAMAT TABLENYA :  D:\Work\ARYA-WMS-SHOPPIE\ANG19\wmshopee\.angular\prerender-root\696a66d8-80f2-4adb-90bf-99e4ca332557\data\admdb.sqlite
[2025-08-05 15:54:31] INFO: INI ALAMAT TABLENYA :  D:\Work\ARYA-WMS-SHOPPIE\ANG19\wmshopee\.angular\prerender-root\ce2585e2-fb8e-4089-b2d7-6a285be3eb8a\data\admdb.sqlite
[2025-08-05 15:55:29] INFO: INI ALAMAT TABLENYA :  D:\Work\ARYA-WMS-SHOPPIE\ANG19\wmshopee\.angular\prerender-root\69128631-a347-4760-9ee9-0b5c09cf5f10\data\admdb.sqlite
[2025-08-05 15:55:32] INFO: INI ALAMAT TABLENYA :  D:\Work\ARYA-WMS-SHOPPIE\ANG19\wmshopee\.angular\prerender-root\c631f939-75e6-4a20-8ed8-7e560ea63e81\data\admdb.sqlite
[2025-08-05 15:55:32] INFO: INI ALAMAT TABLENYA :  D:\Work\ARYA-WMS-SHOPPIE\ANG19\wmshopee\.angular\prerender-root\94dd707e-cbe5-48c7-b2f8-d9ee1ca69658\data\admdb.sqlite
[2025-08-05 15:55:32] INFO: INI ALAMAT TABLENYA :  D:\Work\ARYA-WMS-SHOPPIE\ANG19\wmshopee\.angular\prerender-root\91ef3f4a-57d2-4069-9908-5e7990375d99\data\admdb.sqlite
[2025-08-05 15:55:32] INFO: INI ALAMAT TABLENYA :  D:\Work\ARYA-WMS-SHOPPIE\ANG19\wmshopee\.angular\prerender-root\4736a011-7163-4da2-b246-767dab6461c3\data\admdb.sqlite
[2025-08-05 15:55:39] INFO: INI ALAMAT TABLENYA :  D:\Work\ARYA-WMS-SHOPPIE\ANG19\wmshopee\dist\wmshopee\server\data\admdb.sqlite
[2025-08-05 15:55:51] INFO: ✅ Shopee get List Error: {"error":"invalid_acceess_token","message":"Invalid access_token, please have a check.","request_id":"e3e3e7f33b9a64199cab6c3f2f25fd00"}
[2025-08-05 15:55:51] INFO: ✅ Shopee get List Error: {"error":"invalid_acceess_token","message":"Invalid access_token, please have a check.","request_id":"e3e3e7f33b9a6419ab4a436707420f00"}
[2025-08-05 15:55:51] INFO: Update data token : 
[2025-08-05 15:55:51] INFO: Update data token : 
[2025-08-05 15:57:11] INFO: INI ALAMAT TABLENYA :  D:\Work\ARYA-WMS-SHOPPIE\ANG19\wmshopee\.angular\prerender-root\542b9db7-9f5c-45aa-80a1-2669667677cf\data\admdb.sqlite
[2025-08-05 15:57:18] INFO: INI ALAMAT TABLENYA :  D:\Work\ARYA-WMS-SHOPPIE\ANG19\wmshopee\.angular\prerender-root\97cad1a4-c99e-4853-bcff-fe8c9140e424\data\admdb.sqlite
[2025-08-05 15:57:18] INFO: INI ALAMAT TABLENYA :  D:\Work\ARYA-WMS-SHOPPIE\ANG19\wmshopee\.angular\prerender-root\551719c4-d3de-4bd4-be16-3133733fedb0\data\admdb.sqlite
[2025-08-05 15:57:18] INFO: INI ALAMAT TABLENYA :  D:\Work\ARYA-WMS-SHOPPIE\ANG19\wmshopee\.angular\prerender-root\d803e73e-6520-43ad-bdb4-d08d72961df1\data\admdb.sqlite
[2025-08-05 15:57:18] INFO: INI ALAMAT TABLENYA :  D:\Work\ARYA-WMS-SHOPPIE\ANG19\wmshopee\.angular\prerender-root\5a6c860f-5e9d-471e-8d8c-bb5bf659d3b9\data\admdb.sqlite
[2025-08-05 16:00:15] INFO: INI ALAMAT TABLENYA :  D:\Work\ARYA-WMS-SHOPPIE\ANG19\wmshopee\.angular\prerender-root\d48067fa-3ba5-4c83-beca-ac9dea35c859\data\admdb.sqlite
[2025-08-05 16:00:17] INFO: INI ALAMAT TABLENYA :  D:\Work\ARYA-WMS-SHOPPIE\ANG19\wmshopee\.angular\prerender-root\de47fb92-5f26-481f-815b-c150b273ffdb\data\admdb.sqlite
[2025-08-05 16:00:17] INFO: INI ALAMAT TABLENYA :  D:\Work\ARYA-WMS-SHOPPIE\ANG19\wmshopee\.angular\prerender-root\4f166d5e-a8dd-4735-a36f-efaee37747a6\data\admdb.sqlite
[2025-08-05 16:00:17] INFO: INI ALAMAT TABLENYA :  D:\Work\ARYA-WMS-SHOPPIE\ANG19\wmshopee\.angular\prerender-root\4891fd79-a6e5-4e81-821e-a0577e3c35bb\data\admdb.sqlite
[2025-08-05 16:00:17] INFO: INI ALAMAT TABLENYA :  D:\Work\ARYA-WMS-SHOPPIE\ANG19\wmshopee\.angular\prerender-root\25cc7f84-c335-424d-b837-fecc5c79f5f7\data\admdb.sqlite
[2025-08-05 16:00:27] INFO: INI ALAMAT TABLENYA :  D:\Work\ARYA-WMS-SHOPPIE\ANG19\wmshopee\dist\wmshopee\server\data\admdb.sqlite
[2025-08-05 16:01:28] INFO: ✅ Shopee get List Error: {"error":"invalid_acceess_token","message":"Invalid access_token, please have a check.","request_id":"e3e3e7f33b9a783528220981b50f7700"}
[2025-08-05 16:01:28] INFO: ✅ Shopee get List Error: {"error":"invalid_acceess_token","message":"Invalid access_token, please have a check.","request_id":"e3e3e7f33b9a783531d79dd1b0460c00"}
[2025-08-05 16:01:28] INFO: Update data token : 
[2025-08-05 16:01:28] INFO: Update data token : 
[2025-08-05 16:02:42] INFO: INI ALAMAT TABLENYA :  D:\Work\ARYA-WMS-SHOPPIE\ANG19\wmshopee\.angular\prerender-root\3f0106bf-5507-4758-9822-71045461cb78\data\admdb.sqlite
[2025-08-05 16:02:48] INFO: INI ALAMAT TABLENYA :  D:\Work\ARYA-WMS-SHOPPIE\ANG19\wmshopee\.angular\prerender-root\45fcf620-8957-4013-b37b-a35c6c351157\data\admdb.sqlite
[2025-08-05 16:02:48] INFO: INI ALAMAT TABLENYA :  D:\Work\ARYA-WMS-SHOPPIE\ANG19\wmshopee\.angular\prerender-root\6d2cad70-8697-46d4-8c70-bb63e0453773\data\admdb.sqlite
[2025-08-05 16:02:48] INFO: INI ALAMAT TABLENYA :  D:\Work\ARYA-WMS-SHOPPIE\ANG19\wmshopee\.angular\prerender-root\ca088d61-0b4a-4ad8-9856-2742e37678b2\data\admdb.sqlite
[2025-08-05 16:02:48] INFO: INI ALAMAT TABLENYA :  D:\Work\ARYA-WMS-SHOPPIE\ANG19\wmshopee\.angular\prerender-root\e3b1353f-dd8e-4aa2-a7f4-25246c86b954\data\admdb.sqlite
[2025-08-05 16:03:06] INFO: INI ALAMAT TABLENYA :  D:\Work\ARYA-WMS-SHOPPIE\ANG19\wmshopee\dist\wmshopee\server\data\admdb.sqlite
[2025-08-05 16:03:09] INFO: ✅ Shopee get List Error: {"error":"invalid_acceess_token","message":"Invalid access_token, please have a check.","request_id":"e3e3e7f33b9a7e2feded92d906748600"}
[2025-08-05 16:03:09] INFO: ✅ Shopee get List Error: {"error":"invalid_acceess_token","message":"Invalid access_token, please have a check.","request_id":"e3e3e7f33b9a7e2ff9143dcc6ff6b000"}
[2025-08-05 16:03:09] INFO: Update data token : 
[2025-08-05 16:03:09] INFO: Update data token : 
[2025-08-05 16:04:51] INFO: INI ALAMAT TABLENYA :  D:\Work\ARYA-WMS-SHOPPIE\ANG19\wmshopee\.angular\prerender-root\26b9c6d8-7c16-4097-a4b1-571acd057179\data\admdb.sqlite
[2025-08-05 16:04:57] INFO: INI ALAMAT TABLENYA :  D:\Work\ARYA-WMS-SHOPPIE\ANG19\wmshopee\.angular\prerender-root\28fcb9f6-a9d8-4d3e-8a06-4e3d4837667b\data\admdb.sqlite
[2025-08-05 16:04:57] INFO: INI ALAMAT TABLENYA :  D:\Work\ARYA-WMS-SHOPPIE\ANG19\wmshopee\.angular\prerender-root\97bad6a6-37d7-48e3-bdec-a1acad66a0d7\data\admdb.sqlite
[2025-08-05 16:04:57] INFO: INI ALAMAT TABLENYA :  D:\Work\ARYA-WMS-SHOPPIE\ANG19\wmshopee\.angular\prerender-root\d6448d6d-1e7c-4945-8969-ac87372b9b2d\data\admdb.sqlite
[2025-08-05 16:04:57] INFO: INI ALAMAT TABLENYA :  D:\Work\ARYA-WMS-SHOPPIE\ANG19\wmshopee\.angular\prerender-root\50a0643f-54a4-4ce2-a65f-17e50c57ad9b\data\admdb.sqlite
[2025-08-05 16:05:07] INFO: INI ALAMAT TABLENYA :  D:\Work\ARYA-WMS-SHOPPIE\ANG19\wmshopee\dist\wmshopee\server\data\admdb.sqlite
[2025-08-05 16:05:09] INFO: ✅ Shopee get List Error: {"error":"invalid_acceess_token","message":"Invalid access_token, please have a check.","request_id":"e3e3e7f33b9a856426621f8f83fabb00"}
[2025-08-05 16:05:09] INFO: ✅ Shopee get List Error: {"error":"invalid_acceess_token","message":"Invalid access_token, please have a check.","request_id":"e3e3e7f33b9a856429d1a23522adb000"}
[2025-08-05 16:05:10] INFO: Update data token : 
[2025-08-05 16:05:10] INFO: Update data token : 
[2025-08-05 16:07:13] INFO: INI ALAMAT TABLENYA :  D:\Work\ARYA-WMS-SHOPPIE\ANG19\wmshopee\.angular\prerender-root\2e2ffc88-936e-4820-9a6d-ae5ece3fbfad\data\admdb.sqlite
[2025-08-05 16:07:18] INFO: INI ALAMAT TABLENYA :  D:\Work\ARYA-WMS-SHOPPIE\ANG19\wmshopee\.angular\prerender-root\22aa72df-1026-449e-8e57-60266c42811f\data\admdb.sqlite
[2025-08-05 16:07:18] INFO: INI ALAMAT TABLENYA :  D:\Work\ARYA-WMS-SHOPPIE\ANG19\wmshopee\.angular\prerender-root\648e8015-8ad9-4598-9784-a81eb7f20a4c\data\admdb.sqlite
[2025-08-05 16:07:18] INFO: INI ALAMAT TABLENYA :  D:\Work\ARYA-WMS-SHOPPIE\ANG19\wmshopee\.angular\prerender-root\c5d86074-c36d-42d6-9a1c-fab53317e148\data\admdb.sqlite
[2025-08-05 16:07:18] INFO: INI ALAMAT TABLENYA :  D:\Work\ARYA-WMS-SHOPPIE\ANG19\wmshopee\.angular\prerender-root\b4122cd2-0a61-4fcd-ab09-a361b03e441f\data\admdb.sqlite
[2025-08-05 16:08:17] INFO: INI ALAMAT TABLENYA :  D:\Work\ARYA-WMS-SHOPPIE\ANG19\wmshopee\.angular\prerender-root\e5f96bc4-cfbd-483e-8883-5e0a944158f9\data\admdb.sqlite
[2025-08-05 16:08:20] INFO: INI ALAMAT TABLENYA :  D:\Work\ARYA-WMS-SHOPPIE\ANG19\wmshopee\.angular\prerender-root\d0886ef6-8f8a-4148-987e-9dafa894bfca\data\admdb.sqlite
[2025-08-05 16:08:20] INFO: INI ALAMAT TABLENYA :  D:\Work\ARYA-WMS-SHOPPIE\ANG19\wmshopee\.angular\prerender-root\937bc40d-7679-43a6-a7f3-91f388cbd4a5\data\admdb.sqlite
[2025-08-05 16:08:20] INFO: INI ALAMAT TABLENYA :  D:\Work\ARYA-WMS-SHOPPIE\ANG19\wmshopee\.angular\prerender-root\3f9f8f90-99db-4019-a402-5329b024124d\data\admdb.sqlite
[2025-08-05 16:08:20] INFO: INI ALAMAT TABLENYA :  D:\Work\ARYA-WMS-SHOPPIE\ANG19\wmshopee\.angular\prerender-root\ad612c0e-c6e7-4bef-a040-b27683f94014\data\admdb.sqlite
[2025-08-05 16:08:29] INFO: INI ALAMAT TABLENYA :  D:\Work\ARYA-WMS-SHOPPIE\ANG19\wmshopee\dist\wmshopee\server\data\admdb.sqlite
[2025-08-05 16:08:32] INFO: ✅ Shopee get List Error: {"error":"invalid_acceess_token","message":"Invalid access_token, please have a check.","request_id":"e3e3e7f33b9a917a1698a612c1e78800"}
[2025-08-05 16:08:32] INFO: ✅ Shopee get List Error: {"error":"invalid_acceess_token","message":"Invalid access_token, please have a check.","request_id":"e3e3e7f33b9a917a1f359d8c0bbba400"}
[2025-08-05 16:08:32] INFO: Update data token : 
[2025-08-05 16:08:32] INFO: Update data token : 
[2025-08-05 16:09:46] INFO: INI ALAMAT TABLENYA :  D:\Work\ARYA-WMS-SHOPPIE\ANG19\wmshopee\.angular\prerender-root\c44dc9b8-f6ad-48c9-a4d4-7e2ba6f7a46d\data\admdb.sqlite
[2025-08-05 16:09:48] INFO: INI ALAMAT TABLENYA :  D:\Work\ARYA-WMS-SHOPPIE\ANG19\wmshopee\.angular\prerender-root\3942310d-ccd4-4f7a-be1a-4661c684fd4f\data\admdb.sqlite
[2025-08-05 16:09:48] INFO: INI ALAMAT TABLENYA :  D:\Work\ARYA-WMS-SHOPPIE\ANG19\wmshopee\.angular\prerender-root\5174414c-2d24-4a11-8ff1-4093e68e7754\data\admdb.sqlite
[2025-08-05 16:09:48] INFO: INI ALAMAT TABLENYA :  D:\Work\ARYA-WMS-SHOPPIE\ANG19\wmshopee\.angular\prerender-root\fc4c23ae-ed13-41e4-9fc5-0e1f3e64e511\data\admdb.sqlite
[2025-08-05 16:09:48] INFO: INI ALAMAT TABLENYA :  D:\Work\ARYA-WMS-SHOPPIE\ANG19\wmshopee\.angular\prerender-root\c702f9b5-6737-48e4-af31-85a559dc7223\data\admdb.sqlite
[2025-08-05 16:09:56] INFO: INI ALAMAT TABLENYA :  D:\Work\ARYA-WMS-SHOPPIE\ANG19\wmshopee\dist\wmshopee\server\data\admdb.sqlite
[2025-08-05 16:10:31] INFO: ✅ Shopee get List Error: {"error":"invalid_acceess_token","message":"Invalid access_token, please have a check.","request_id":"e3e3e7f33b9a98873230c94d6c32e600"}
[2025-08-05 16:10:31] INFO: ✅ Shopee get List Error: {"error":"invalid_acceess_token","message":"Invalid access_token, please have a check.","request_id":"e3e3e7f33b9a988742a1c30a74a2f100"}
[2025-08-05 16:10:31] INFO: Update data token : 
[2025-08-05 16:10:31] INFO: Update data token : 
[2025-08-05 16:13:10] INFO: INI ALAMAT TABLENYA :  D:\Work\ARYA-WMS-SHOPPIE\ANG19\wmshopee\.angular\prerender-root\27510352-6465-4663-b4ff-942a9e637f65\data\admdb.sqlite
[2025-08-05 16:13:16] INFO: INI ALAMAT TABLENYA :  D:\Work\ARYA-WMS-SHOPPIE\ANG19\wmshopee\.angular\prerender-root\0f892db5-394e-4cfd-af5f-89d0a53ca982\data\admdb.sqlite
[2025-08-05 16:13:16] INFO: INI ALAMAT TABLENYA :  D:\Work\ARYA-WMS-SHOPPIE\ANG19\wmshopee\.angular\prerender-root\ce5e206d-2c01-42f8-9ace-5b958d4ff3ef\data\admdb.sqlite
[2025-08-05 16:13:16] INFO: INI ALAMAT TABLENYA :  D:\Work\ARYA-WMS-SHOPPIE\ANG19\wmshopee\.angular\prerender-root\39c87278-bd27-42d2-a5b4-618ba3e83ae0\data\admdb.sqlite
[2025-08-05 16:13:16] INFO: INI ALAMAT TABLENYA :  D:\Work\ARYA-WMS-SHOPPIE\ANG19\wmshopee\.angular\prerender-root\3126f376-089c-4722-a7e3-f34a5bfdd6f8\data\admdb.sqlite
[2025-08-05 16:13:45] INFO: INI ALAMAT TABLENYA :  D:\Work\ARYA-WMS-SHOPPIE\ANG19\wmshopee\dist\wmshopee\server\data\admdb.sqlite
[2025-08-05 16:14:05] INFO: ✅ Shopee get List Error: {"error":"invalid_acceess_token","message":"Invalid access_token, please have a check.","request_id":"e3e3e7f33b9aa551e40543e0b4cfc000"}
[2025-08-05 16:14:05] INFO: ✅ Shopee get List Error: {"error":"invalid_acceess_token","message":"Invalid access_token, please have a check.","request_id":"e3e3e7f33b9aa551f0d00c27a37a6200"}
[2025-08-05 16:14:05] INFO: Update data token : 
[2025-08-05 16:14:05] INFO: Update data token : 
[2025-08-05 16:14:32] INFO: INI ALAMAT TABLENYA :  D:\Work\ARYA-WMS-SHOPPIE\ANG19\wmshopee\.angular\prerender-root\c1110c36-8963-4dcb-90b0-37f8f814b558\data\admdb.sqlite
[2025-08-05 16:14:38] INFO: INI ALAMAT TABLENYA :  D:\Work\ARYA-WMS-SHOPPIE\ANG19\wmshopee\.angular\prerender-root\145d4894-4d6d-4df5-bda5-77b9fc105092\data\admdb.sqlite
[2025-08-05 16:14:38] INFO: INI ALAMAT TABLENYA :  D:\Work\ARYA-WMS-SHOPPIE\ANG19\wmshopee\.angular\prerender-root\0bbfc5fa-4e61-4c3c-b7ae-5ad12b31555b\data\admdb.sqlite
[2025-08-05 16:14:38] INFO: INI ALAMAT TABLENYA :  D:\Work\ARYA-WMS-SHOPPIE\ANG19\wmshopee\.angular\prerender-root\a71c8293-c780-4e3d-a227-9789b114d5fb\data\admdb.sqlite
[2025-08-05 16:14:38] INFO: INI ALAMAT TABLENYA :  D:\Work\ARYA-WMS-SHOPPIE\ANG19\wmshopee\.angular\prerender-root\5dc184d7-66f0-4185-a3b5-5a426f06e2f5\data\admdb.sqlite
[2025-08-05 16:15:07] INFO: INI ALAMAT TABLENYA :  D:\Work\ARYA-WMS-SHOPPIE\ANG19\wmshopee\dist\wmshopee\server\data\admdb.sqlite
[2025-08-05 16:15:11] INFO: ✅ Shopee get List Error: {"error":"invalid_acceess_token","message":"Invalid access_token, please have a check.","request_id":"e3e3e7f33b9aa940ec99d9fba377cc00"}
[2025-08-05 16:15:11] INFO: ✅ Shopee get List Error: {"error":"invalid_acceess_token","message":"Invalid access_token, please have a check.","request_id":"e3e3e7f33b9aa940f4680910759a7a00"}
[2025-08-05 16:15:11] INFO: Update data token : 
[2025-08-05 16:15:11] INFO: Update data token : 
[2025-08-05 16:25:25] INFO: INI ALAMAT TABLENYA :  D:\Work\ARYA-WMS-SHOPPIE\ANG19\wmshopee\dist\wmshopee\server\data\admdb.sqlite
[2025-08-05 16:32:04] INFO: INI ALAMAT TABLENYA :  D:\Work\ARYA-WMS-SHOPPIE\ANG19\wmshopee\.angular\prerender-root\000b8ba3-ee30-4fb7-b27d-cbf2633feff6\data\admdb.sqlite
[2025-08-05 16:32:06] INFO: INI ALAMAT TABLENYA :  D:\Work\ARYA-WMS-SHOPPIE\ANG19\wmshopee\.angular\prerender-root\f2dc5c30-b9c5-449c-ac96-84a94c12dfa6\data\admdb.sqlite
[2025-08-05 16:32:06] INFO: INI ALAMAT TABLENYA :  D:\Work\ARYA-WMS-SHOPPIE\ANG19\wmshopee\.angular\prerender-root\a26d4380-35b7-4c87-8bff-e5982aa7ac44\data\admdb.sqlite
[2025-08-05 16:32:06] INFO: INI ALAMAT TABLENYA :  D:\Work\ARYA-WMS-SHOPPIE\ANG19\wmshopee\.angular\prerender-root\4c294524-62b1-4ddb-bbb2-4708c642d7f9\data\admdb.sqlite
[2025-08-05 16:32:06] INFO: INI ALAMAT TABLENYA :  D:\Work\ARYA-WMS-SHOPPIE\ANG19\wmshopee\.angular\prerender-root\ff81cdab-463b-499f-9cf6-707600fbd3cc\data\admdb.sqlite
[2025-08-05 16:32:16] INFO: INI ALAMAT TABLENYA :  D:\Work\ARYA-WMS-SHOPPIE\ANG19\wmshopee\dist\wmshopee\server\data\admdb.sqlite
[2025-08-05 16:32:22] INFO: ✅ Shopee get List Error: {"error":"invalid_acceess_token","message":"Invalid access_token, please have a check.","request_id":"e3e3e7f33b9ae6bbf4a60ddec15b9400"}
[2025-08-05 16:32:22] INFO: ✅ Shopee get List Error: {"error":"invalid_acceess_token","message":"Invalid access_token, please have a check.","request_id":"e3e3e7f33b9ae6bc00cf7e1dfa1ea300"}
[2025-08-05 16:32:22] INFO: Update data token : 
[2025-08-05 16:32:22] INFO: Update data token : 
[2025-08-05 16:32:35] ERROR: Error auth.controller :  {"code":"ERR_INVALID_ARG_TYPE"}
[2025-08-05 16:36:18] INFO: INI ALAMAT TABLENYA :  D:\Work\ARYA-WMS-SHOPPIE\ANG19\wmshopee\.angular\prerender-root\e3405249-2baf-4690-8c1f-63357cf4dbef\data\admdb.sqlite
[2025-08-05 16:36:24] INFO: INI ALAMAT TABLENYA :  D:\Work\ARYA-WMS-SHOPPIE\ANG19\wmshopee\.angular\prerender-root\7050d9d4-fc7d-48d3-b9d1-58e62783c3a5\data\admdb.sqlite
[2025-08-05 16:36:24] INFO: INI ALAMAT TABLENYA :  D:\Work\ARYA-WMS-SHOPPIE\ANG19\wmshopee\.angular\prerender-root\1a9d613b-a34b-48d3-8dd2-71d075fb723f\data\admdb.sqlite
[2025-08-05 16:36:24] INFO: INI ALAMAT TABLENYA :  D:\Work\ARYA-WMS-SHOPPIE\ANG19\wmshopee\.angular\prerender-root\acbe85c0-8486-477f-a698-00cc4af0352f\data\admdb.sqlite
[2025-08-05 16:36:24] INFO: INI ALAMAT TABLENYA :  D:\Work\ARYA-WMS-SHOPPIE\ANG19\wmshopee\.angular\prerender-root\df43f3eb-fc9f-4fb3-b915-57f0dc30a613\data\admdb.sqlite
[2025-08-05 16:36:48] INFO: INI ALAMAT TABLENYA :  D:\Work\ARYA-WMS-SHOPPIE\ANG19\wmshopee\dist\wmshopee\server\data\admdb.sqlite
[2025-08-05 16:36:55] ERROR: Error auth.controller :  {"code":"ERR_INVALID_ARG_TYPE"}
[2025-08-05 16:39:09] INFO: INI ALAMAT TABLENYA :  D:\Work\ARYA-WMS-SHOPPIE\ANG19\wmshopee\.angular\prerender-root\6e3137aa-9ee8-43f8-9abe-2c070617e689\data\admdb.sqlite
[2025-08-05 16:39:11] INFO: INI ALAMAT TABLENYA :  D:\Work\ARYA-WMS-SHOPPIE\ANG19\wmshopee\.angular\prerender-root\4efad2d0-0424-4a5e-aec3-3276142a334b\data\admdb.sqlite
[2025-08-05 16:39:11] INFO: INI ALAMAT TABLENYA :  D:\Work\ARYA-WMS-SHOPPIE\ANG19\wmshopee\.angular\prerender-root\40ca888f-f439-436a-a25e-02779f5ab713\data\admdb.sqlite
[2025-08-05 16:39:11] INFO: INI ALAMAT TABLENYA :  D:\Work\ARYA-WMS-SHOPPIE\ANG19\wmshopee\.angular\prerender-root\337f0e98-6a50-4885-ad90-0c11fa3f54f8\data\admdb.sqlite
[2025-08-05 16:39:11] INFO: INI ALAMAT TABLENYA :  D:\Work\ARYA-WMS-SHOPPIE\ANG19\wmshopee\.angular\prerender-root\cd058a52-f8e6-4894-9d89-90e0c033c61d\data\admdb.sqlite
[2025-08-05 16:39:19] INFO: INI ALAMAT TABLENYA :  D:\Work\ARYA-WMS-SHOPPIE\ANG19\wmshopee\dist\wmshopee\server\data\admdb.sqlite
[2025-08-05 16:39:32] INFO: ✅ Shopee get List Error: {"error":"invalid_acceess_token","message":"Invalid access_token, please have a check.","request_id":"e3e3e7f33b9b005ebb769c15c39c4900"}
[2025-08-05 16:39:32] INFO: ✅ Shopee get List Error: {"error":"invalid_acceess_token","message":"Invalid access_token, please have a check.","request_id":"e3e3e7f33b9b005f11c697d43af77900"}
[2025-08-05 16:39:32] INFO: Update data token : 
[2025-08-05 16:39:32] INFO: Update data token : 
[2025-08-05 16:44:16] INFO: INI ALAMAT TABLENYA :  D:\Work\ARYA-WMS-SHOPPIE\ANG19\wmshopee\.angular\prerender-root\caedd8bf-0304-40ce-ae40-03daeec6e829\data\admdb.sqlite
[2025-08-05 16:44:18] INFO: INI ALAMAT TABLENYA :  D:\Work\ARYA-WMS-SHOPPIE\ANG19\wmshopee\.angular\prerender-root\4ae85f4c-6d8c-48f8-bffc-28989c8a051e\data\admdb.sqlite
[2025-08-05 16:44:18] INFO: INI ALAMAT TABLENYA :  D:\Work\ARYA-WMS-SHOPPIE\ANG19\wmshopee\.angular\prerender-root\3c2ce70f-5c1e-4d12-8f15-b2429312706a\data\admdb.sqlite
[2025-08-05 16:44:18] INFO: INI ALAMAT TABLENYA :  D:\Work\ARYA-WMS-SHOPPIE\ANG19\wmshopee\.angular\prerender-root\0d9ccff2-2d96-4e38-8ed5-c85c0ef12049\data\admdb.sqlite
[2025-08-05 16:44:18] INFO: INI ALAMAT TABLENYA :  D:\Work\ARYA-WMS-SHOPPIE\ANG19\wmshopee\.angular\prerender-root\6a0e83d0-f5e4-44cc-8dce-f6cc332765ac\data\admdb.sqlite
[2025-08-05 16:44:27] INFO: INI ALAMAT TABLENYA :  D:\Work\ARYA-WMS-SHOPPIE\ANG19\wmshopee\dist\wmshopee\server\data\admdb.sqlite
[2025-08-05 16:47:13] INFO: INI ALAMAT TABLENYA :  D:\Work\ARYA-WMS-SHOPPIE\ANG19\wmshopee\.angular\prerender-root\50a7dbce-06ec-4281-ae92-b5fdf52adb74\data\admdb.sqlite
[2025-08-05 16:47:15] INFO: INI ALAMAT TABLENYA :  D:\Work\ARYA-WMS-SHOPPIE\ANG19\wmshopee\.angular\prerender-root\c95d9d3a-5a24-4001-9394-63683336d55e\data\admdb.sqlite
[2025-08-05 16:47:15] INFO: INI ALAMAT TABLENYA :  D:\Work\ARYA-WMS-SHOPPIE\ANG19\wmshopee\.angular\prerender-root\428d3e8b-8b6a-4a2d-a2bb-a96ae6d24737\data\admdb.sqlite
[2025-08-05 16:47:15] INFO: INI ALAMAT TABLENYA :  D:\Work\ARYA-WMS-SHOPPIE\ANG19\wmshopee\.angular\prerender-root\209cc475-d5c3-4d65-98b2-4333fa6480b7\data\admdb.sqlite
[2025-08-05 16:47:15] INFO: INI ALAMAT TABLENYA :  D:\Work\ARYA-WMS-SHOPPIE\ANG19\wmshopee\.angular\prerender-root\2dee4d78-afcb-4263-b6d1-b6b243de3756\data\admdb.sqlite
[2025-08-05 16:47:23] INFO: INI ALAMAT TABLENYA :  D:\Work\ARYA-WMS-SHOPPIE\ANG19\wmshopee\dist\wmshopee\server\data\admdb.sqlite
[2025-08-05 17:10:47] INFO: INI ALAMAT TABLENYA :  D:\Work\ARYA-WMS-SHOPPIE\ANG19\wmshopee\.angular\prerender-root\9fe46a15-8afe-4088-82b6-443f26a32c94\data\admdb.sqlite
[2025-08-05 17:10:54] INFO: INI ALAMAT TABLENYA :  D:\Work\ARYA-WMS-SHOPPIE\ANG19\wmshopee\.angular\prerender-root\9b25e51e-60b9-4ab7-a56d-d0bfc7cd091e\data\admdb.sqlite
[2025-08-05 17:10:54] INFO: INI ALAMAT TABLENYA :  D:\Work\ARYA-WMS-SHOPPIE\ANG19\wmshopee\.angular\prerender-root\50cc2669-09fb-4bec-b3f6-088cfe5e14cf\data\admdb.sqlite
[2025-08-05 17:10:54] INFO: INI ALAMAT TABLENYA :  D:\Work\ARYA-WMS-SHOPPIE\ANG19\wmshopee\.angular\prerender-root\cf942196-4d65-4647-9d56-0b9346a7033f\data\admdb.sqlite
[2025-08-05 17:10:54] INFO: INI ALAMAT TABLENYA :  D:\Work\ARYA-WMS-SHOPPIE\ANG19\wmshopee\.angular\prerender-root\0a84414f-365f-42e2-bfea-2b6acd716201\data\admdb.sqlite
[2025-08-05 17:11:16] INFO: INI ALAMAT TABLENYA :  D:\Work\ARYA-WMS-SHOPPIE\ANG19\wmshopee\dist\wmshopee\server\data\admdb.sqlite
[2025-08-05 17:11:50] INFO: INI ALAMAT TABLENYA :  D:\Work\ARYA-WMS-SHOPPIE\ANG19\wmshopee\dist\wmshopee\server\data\admdb.sqlite
[2025-08-05 17:14:04] INFO: INI ALAMAT TABLENYA :  D:\Work\ARYA-WMS-SHOPPIE\ANG19\wmshopee\.angular\prerender-root\445465da-6eec-48f0-bb29-cb18fac74946\data\admdb.sqlite
[2025-08-05 17:14:06] INFO: INI ALAMAT TABLENYA :  D:\Work\ARYA-WMS-SHOPPIE\ANG19\wmshopee\.angular\prerender-root\806a16bc-2668-4f0a-8de8-c6d0e0b309c9\data\admdb.sqlite
[2025-08-05 17:14:06] INFO: INI ALAMAT TABLENYA :  D:\Work\ARYA-WMS-SHOPPIE\ANG19\wmshopee\.angular\prerender-root\f3d50d36-0560-4369-9ee9-471f29cc7c5d\data\admdb.sqlite
[2025-08-05 17:14:06] INFO: INI ALAMAT TABLENYA :  D:\Work\ARYA-WMS-SHOPPIE\ANG19\wmshopee\.angular\prerender-root\28c41fa1-76f6-4511-8f79-84e3e1cc5e2d\data\admdb.sqlite
[2025-08-05 17:14:06] INFO: INI ALAMAT TABLENYA :  D:\Work\ARYA-WMS-SHOPPIE\ANG19\wmshopee\.angular\prerender-root\3e850669-aadb-4039-9164-9bea258230d9\data\admdb.sqlite
[2025-08-05 17:14:26] INFO: INI ALAMAT TABLENYA :  D:\Work\ARYA-WMS-SHOPPIE\ANG19\wmshopee\dist\wmshopee\server\data\admdb.sqlite
[2025-08-05 17:17:29] INFO: INI ALAMAT TABLENYA :  D:\Work\ARYA-WMS-SHOPPIE\ANG19\wmshopee\.angular\prerender-root\2b4c44ee-5d09-4bd8-8cc6-9d86ba6f109d\data\admdb.sqlite
[2025-08-05 17:17:32] INFO: INI ALAMAT TABLENYA :  D:\Work\ARYA-WMS-SHOPPIE\ANG19\wmshopee\.angular\prerender-root\17171706-646b-4dc1-b413-3961868c4d42\data\admdb.sqlite
[2025-08-05 17:17:32] INFO: INI ALAMAT TABLENYA :  D:\Work\ARYA-WMS-SHOPPIE\ANG19\wmshopee\.angular\prerender-root\644d5d8b-952b-40db-b755-0c82733f49c5\data\admdb.sqlite
[2025-08-05 17:17:32] INFO: INI ALAMAT TABLENYA :  D:\Work\ARYA-WMS-SHOPPIE\ANG19\wmshopee\.angular\prerender-root\47aabdac-9ad2-40f7-94e1-971c8b91027a\data\admdb.sqlite
[2025-08-05 17:17:32] INFO: INI ALAMAT TABLENYA :  D:\Work\ARYA-WMS-SHOPPIE\ANG19\wmshopee\.angular\prerender-root\58130a73-4628-446d-8956-8dc197d0f1c1\data\admdb.sqlite
[2025-08-05 17:18:02] INFO: INI ALAMAT TABLENYA :  D:\Work\ARYA-WMS-SHOPPIE\ANG19\wmshopee\.angular\prerender-root\96675720-cefd-4066-818f-c3d899eef3af\data\admdb.sqlite
[2025-08-05 17:18:04] INFO: INI ALAMAT TABLENYA :  D:\Work\ARYA-WMS-SHOPPIE\ANG19\wmshopee\.angular\prerender-root\f6c148f9-2fa5-4ed4-9a22-6659c26b279b\data\admdb.sqlite
[2025-08-05 17:18:04] INFO: INI ALAMAT TABLENYA :  D:\Work\ARYA-WMS-SHOPPIE\ANG19\wmshopee\.angular\prerender-root\9b00535a-8ce2-40b6-aa43-3d4f7d1276e6\data\admdb.sqlite
[2025-08-05 17:18:04] INFO: INI ALAMAT TABLENYA :  D:\Work\ARYA-WMS-SHOPPIE\ANG19\wmshopee\.angular\prerender-root\a30609ba-82b8-4111-aba6-04c7a132ff5d\data\admdb.sqlite
[2025-08-05 17:18:04] INFO: INI ALAMAT TABLENYA :  D:\Work\ARYA-WMS-SHOPPIE\ANG19\wmshopee\.angular\prerender-root\09e57a28-0b49-4b31-a748-6ce708e9e88e\data\admdb.sqlite
[2025-08-05 17:18:10] INFO: INI ALAMAT TABLENYA :  D:\Work\ARYA-WMS-SHOPPIE\ANG19\wmshopee\dist\wmshopee\server\data\admdb.sqlite
[2025-08-05 19:52:25] INFO: INI ALAMAT TABLENYA :  D:\Work\ARYA-WMS-SHOPPIE\ANG19\wmshopee\.angular\prerender-root\078adea5-3b5f-42ef-a5bb-beaecd960223\data\admdb.sqlite
[2025-08-05 19:52:33] INFO: INI ALAMAT TABLENYA :  D:\Work\ARYA-WMS-SHOPPIE\ANG19\wmshopee\.angular\prerender-root\cf0c056c-5f53-4582-af58-f4446fb5f3a2\data\admdb.sqlite
[2025-08-05 19:52:33] INFO: INI ALAMAT TABLENYA :  D:\Work\ARYA-WMS-SHOPPIE\ANG19\wmshopee\.angular\prerender-root\818f39cc-6a5e-415a-a9f9-b45a23447dfa\data\admdb.sqlite
[2025-08-05 19:52:33] INFO: INI ALAMAT TABLENYA :  D:\Work\ARYA-WMS-SHOPPIE\ANG19\wmshopee\.angular\prerender-root\95d4e166-71be-4d6e-9f81-0e90f6885776\data\admdb.sqlite
[2025-08-05 19:52:33] INFO: INI ALAMAT TABLENYA :  D:\Work\ARYA-WMS-SHOPPIE\ANG19\wmshopee\.angular\prerender-root\1cb71e61-2e94-4d08-aaf9-21268e603a59\data\admdb.sqlite
[2025-08-05 19:52:54] INFO: INI ALAMAT TABLENYA :  D:\Work\ARYA-WMS-SHOPPIE\ANG19\wmshopee\dist\wmshopee\server\data\admdb.sqlite
[2025-08-05 21:43:08] INFO: INI ALAMAT TABLENYA :  D:\Work\ARYA-WMS-SHOPPIE\ANG19\wmshopee\.angular\prerender-root\58976059-1f0e-4fc6-af2d-7349a1f7e780\data\admdb.sqlite
[2025-08-05 21:43:10] INFO: INI ALAMAT TABLENYA :  D:\Work\ARYA-WMS-SHOPPIE\ANG19\wmshopee\.angular\prerender-root\89aab592-f93c-4459-95fe-603590946013\data\admdb.sqlite
[2025-08-05 21:43:10] INFO: INI ALAMAT TABLENYA :  D:\Work\ARYA-WMS-SHOPPIE\ANG19\wmshopee\.angular\prerender-root\0b1d3d2f-16f0-4bac-a878-3d22c3de38d4\data\admdb.sqlite
[2025-08-05 21:43:10] INFO: INI ALAMAT TABLENYA :  D:\Work\ARYA-WMS-SHOPPIE\ANG19\wmshopee\.angular\prerender-root\51d1128b-ab33-46b1-8958-33b3e69c2edc\data\admdb.sqlite
[2025-08-05 21:43:10] INFO: INI ALAMAT TABLENYA :  D:\Work\ARYA-WMS-SHOPPIE\ANG19\wmshopee\.angular\prerender-root\0403f430-a58d-492b-ad32-b1b9427e1b52\data\admdb.sqlite
[2025-08-05 21:43:19] INFO: INI ALAMAT TABLENYA :  D:\Work\ARYA-WMS-SHOPPIE\ANG19\wmshopee\dist\wmshopee\server\data\admdb.sqlite
[2025-08-05 21:44:33] INFO: INI ALAMAT TABLENYA :  D:\Work\ARYA-WMS-SHOPPIE\ANG19\wmshopee\.angular\prerender-root\1bb320bc-ee0a-43a8-ae2c-e1b854ab3384\data\admdb.sqlite
[2025-08-05 21:44:35] INFO: INI ALAMAT TABLENYA :  D:\Work\ARYA-WMS-SHOPPIE\ANG19\wmshopee\.angular\prerender-root\147fd4f1-397b-449a-b928-1c8dfe4c45a0\data\admdb.sqlite
[2025-08-05 21:44:35] INFO: INI ALAMAT TABLENYA :  D:\Work\ARYA-WMS-SHOPPIE\ANG19\wmshopee\.angular\prerender-root\2cb45076-8deb-4533-be70-72b392af144e\data\admdb.sqlite
[2025-08-05 21:44:35] INFO: INI ALAMAT TABLENYA :  D:\Work\ARYA-WMS-SHOPPIE\ANG19\wmshopee\.angular\prerender-root\e9b35dc3-3ad0-4112-8b0c-1cf17ac088d6\data\admdb.sqlite
[2025-08-05 21:44:35] INFO: INI ALAMAT TABLENYA :  D:\Work\ARYA-WMS-SHOPPIE\ANG19\wmshopee\.angular\prerender-root\0bc7fc3e-8663-4fb9-a231-a8ce4d86ee5a\data\admdb.sqlite
[2025-08-05 21:44:41] INFO: INI ALAMAT TABLENYA :  D:\Work\ARYA-WMS-SHOPPIE\ANG19\wmshopee\dist\wmshopee\server\data\admdb.sqlite
[2025-08-05 21:45:17] INFO: ❌ Gagal kirim email: {"code":"EAUTH","response":"535 5.7.8 Authentication failed","responseCode":535,"command":"AUTH PLAIN"}
[2025-08-05 22:25:10] INFO: INI ALAMAT TABLENYA :  D:\Work\ARYA-WMS-SHOPPIE\ANG19\wmshopee\.angular\prerender-root\c396597d-74ec-4c37-b0c3-d6a71b0d28f5\data\admdb.sqlite
[2025-08-05 22:25:12] INFO: INI ALAMAT TABLENYA :  D:\Work\ARYA-WMS-SHOPPIE\ANG19\wmshopee\.angular\prerender-root\a27925b8-74e8-47f5-854e-60ccc68623c7\data\admdb.sqlite
[2025-08-05 22:25:12] INFO: INI ALAMAT TABLENYA :  D:\Work\ARYA-WMS-SHOPPIE\ANG19\wmshopee\.angular\prerender-root\52d08a26-1a89-4329-9f40-5a654fc3da84\data\admdb.sqlite
[2025-08-05 22:25:12] INFO: INI ALAMAT TABLENYA :  D:\Work\ARYA-WMS-SHOPPIE\ANG19\wmshopee\.angular\prerender-root\35098518-293d-4eb0-a9fd-9273f1f0b7bd\data\admdb.sqlite
[2025-08-05 22:25:12] INFO: INI ALAMAT TABLENYA :  D:\Work\ARYA-WMS-SHOPPIE\ANG19\wmshopee\.angular\prerender-root\3841bde0-955d-4987-a3d3-291a1dc571c1\data\admdb.sqlite
[2025-08-05 22:25:18] INFO: INI ALAMAT TABLENYA :  D:\Work\ARYA-WMS-SHOPPIE\ANG19\wmshopee\dist\wmshopee\server\data\admdb.sqlite
[2025-08-05 22:25:47] INFO: ❌ Gagal kirim email: {"code":"EAUTH","response":"535 5.7.8 Authentication failed","responseCode":535,"command":"AUTH PLAIN"}
[2025-08-05 22:28:59] INFO: INI ALAMAT TABLENYA :  D:\Work\ARYA-WMS-SHOPPIE\ANG19\wmshopee\.angular\prerender-root\1e696133-529f-46d7-b722-c80dd0575391\data\admdb.sqlite
[2025-08-05 22:29:01] INFO: INI ALAMAT TABLENYA :  D:\Work\ARYA-WMS-SHOPPIE\ANG19\wmshopee\.angular\prerender-root\08bc97ee-64a6-4933-9ad4-96c1d3b70aa4\data\admdb.sqlite
[2025-08-05 22:29:01] INFO: INI ALAMAT TABLENYA :  D:\Work\ARYA-WMS-SHOPPIE\ANG19\wmshopee\.angular\prerender-root\1a242862-ad86-462f-a691-24be14a5f6fe\data\admdb.sqlite
[2025-08-05 22:29:01] INFO: INI ALAMAT TABLENYA :  D:\Work\ARYA-WMS-SHOPPIE\ANG19\wmshopee\.angular\prerender-root\92f59f19-6d54-4f6f-bcaf-30e1eef35476\data\admdb.sqlite
[2025-08-05 22:29:01] INFO: INI ALAMAT TABLENYA :  D:\Work\ARYA-WMS-SHOPPIE\ANG19\wmshopee\.angular\prerender-root\f32b1c12-be23-4c13-bca1-31916f896f1c\data\admdb.sqlite
[2025-08-05 22:29:07] INFO: INI ALAMAT TABLENYA :  D:\Work\ARYA-WMS-SHOPPIE\ANG19\wmshopee\dist\wmshopee\server\data\admdb.sqlite
[2025-08-05 22:29:30] INFO: ❌ Gagal kirim email: {"code":"EAUTH","response":"535 5.7.8 Authentication failed","responseCode":535,"command":"AUTH PLAIN"}
[2025-08-05 22:56:08] INFO: INI ALAMAT TABLENYA :  D:\Work\ARYA-WMS-SHOPPIE\ANG19\wmshopee\.angular\prerender-root\ab1b0aaa-bf7f-4a08-880e-a5c427d0fb03\data\admdb.sqlite
[2025-08-05 22:56:10] INFO: INI ALAMAT TABLENYA :  D:\Work\ARYA-WMS-SHOPPIE\ANG19\wmshopee\.angular\prerender-root\c3c45a74-51a7-4a1f-8634-4d4e67f52182\data\admdb.sqlite
[2025-08-05 22:56:10] INFO: INI ALAMAT TABLENYA :  D:\Work\ARYA-WMS-SHOPPIE\ANG19\wmshopee\.angular\prerender-root\194267c8-830c-416c-98c0-ee1fbf42a8bf\data\admdb.sqlite
[2025-08-05 22:56:10] INFO: INI ALAMAT TABLENYA :  D:\Work\ARYA-WMS-SHOPPIE\ANG19\wmshopee\.angular\prerender-root\28071962-d02f-4ee4-afd5-35d613f91b8c\data\admdb.sqlite
[2025-08-05 22:56:10] INFO: INI ALAMAT TABLENYA :  D:\Work\ARYA-WMS-SHOPPIE\ANG19\wmshopee\.angular\prerender-root\4a958464-fa78-4d15-9ee3-dab71f7f7dc0\data\admdb.sqlite
[2025-08-05 22:56:16] INFO: INI ALAMAT TABLENYA :  D:\Work\ARYA-WMS-SHOPPIE\ANG19\wmshopee\dist\wmshopee\server\data\admdb.sqlite
[2025-08-05 22:56:34] INFO: ❌ Gagal kirim email: {"code":"EENVELOPE","command":"API"}
[2025-08-05 22:58:27] INFO: INI ALAMAT TABLENYA :  D:\Work\ARYA-WMS-SHOPPIE\ANG19\wmshopee\.angular\prerender-root\ab795c6a-f77a-4aab-9607-55b5811a627f\data\admdb.sqlite
[2025-08-05 22:58:28] INFO: INI ALAMAT TABLENYA :  D:\Work\ARYA-WMS-SHOPPIE\ANG19\wmshopee\.angular\prerender-root\0544e7e8-f484-47d5-8b74-8147fe758888\data\admdb.sqlite
[2025-08-05 22:58:28] INFO: INI ALAMAT TABLENYA :  D:\Work\ARYA-WMS-SHOPPIE\ANG19\wmshopee\.angular\prerender-root\84332da0-a0ca-486b-b970-79bc72d81bd6\data\admdb.sqlite
[2025-08-05 22:58:28] INFO: INI ALAMAT TABLENYA :  D:\Work\ARYA-WMS-SHOPPIE\ANG19\wmshopee\.angular\prerender-root\11e8f501-10b7-4f60-bcf8-13c157270c0e\data\admdb.sqlite
[2025-08-05 22:58:28] INFO: INI ALAMAT TABLENYA :  D:\Work\ARYA-WMS-SHOPPIE\ANG19\wmshopee\.angular\prerender-root\e727c060-e2df-4d3a-871c-c2ac12ffe91e\data\admdb.sqlite
[2025-08-05 22:58:34] INFO: INI ALAMAT TABLENYA :  D:\Work\ARYA-WMS-SHOPPIE\ANG19\wmshopee\dist\wmshopee\server\data\admdb.sqlite
[2025-08-05 22:58:48] INFO: ❌ Gagal kirim email: {"code":"EENVELOPE","command":"API"}
[2025-08-05 23:00:26] INFO: INI ALAMAT TABLENYA :  D:\Work\ARYA-WMS-SHOPPIE\ANG19\wmshopee\.angular\prerender-root\882a3590-c521-4c55-9830-d468f3a9f4f1\data\admdb.sqlite
[2025-08-05 23:00:28] INFO: INI ALAMAT TABLENYA :  D:\Work\ARYA-WMS-SHOPPIE\ANG19\wmshopee\.angular\prerender-root\b75c24e7-6e37-4956-b54a-dc8afb89b19e\data\admdb.sqlite
[2025-08-05 23:00:28] INFO: INI ALAMAT TABLENYA :  D:\Work\ARYA-WMS-SHOPPIE\ANG19\wmshopee\.angular\prerender-root\96e64b9c-997c-497b-8f7b-70f857010205\data\admdb.sqlite
[2025-08-05 23:00:28] INFO: INI ALAMAT TABLENYA :  D:\Work\ARYA-WMS-SHOPPIE\ANG19\wmshopee\.angular\prerender-root\67963661-cd62-48e7-b386-add75d42072c\data\admdb.sqlite
[2025-08-05 23:00:28] INFO: INI ALAMAT TABLENYA :  D:\Work\ARYA-WMS-SHOPPIE\ANG19\wmshopee\.angular\prerender-root\fbfd5b43-d863-418b-a653-5bc8215b7e51\data\admdb.sqlite
[2025-08-05 23:00:34] INFO: INI ALAMAT TABLENYA :  D:\Work\ARYA-WMS-SHOPPIE\ANG19\wmshopee\dist\wmshopee\server\data\admdb.sqlite
[2025-08-05 23:00:49] INFO: ❌ Gagal kirim email: {"code":"EENVELOPE","command":"API"}
[2025-08-05 23:01:40] INFO: INI ALAMAT TABLENYA :  D:\Work\ARYA-WMS-SHOPPIE\ANG19\wmshopee\.angular\prerender-root\2f8860d4-0eb7-4b0f-bbb6-38a7bfa6b8d8\data\admdb.sqlite
[2025-08-05 23:01:42] INFO: INI ALAMAT TABLENYA :  D:\Work\ARYA-WMS-SHOPPIE\ANG19\wmshopee\.angular\prerender-root\07aaf2c4-65c6-4baf-b549-9ee78af04efd\data\admdb.sqlite
[2025-08-05 23:01:42] INFO: INI ALAMAT TABLENYA :  D:\Work\ARYA-WMS-SHOPPIE\ANG19\wmshopee\.angular\prerender-root\8d091c7b-5777-4a59-ae53-086435553836\data\admdb.sqlite
[2025-08-05 23:01:42] INFO: INI ALAMAT TABLENYA :  D:\Work\ARYA-WMS-SHOPPIE\ANG19\wmshopee\.angular\prerender-root\04f521a1-40ae-4fa0-b081-6016210a0c16\data\admdb.sqlite
[2025-08-05 23:01:42] INFO: INI ALAMAT TABLENYA :  D:\Work\ARYA-WMS-SHOPPIE\ANG19\wmshopee\.angular\prerender-root\f3766815-7fb0-4675-b90c-37e83dcd51d9\data\admdb.sqlite
[2025-08-05 23:01:48] INFO: INI ALAMAT TABLENYA :  D:\Work\ARYA-WMS-SHOPPIE\ANG19\wmshopee\dist\wmshopee\server\data\admdb.sqlite
[2025-08-05 23:02:02] INFO: 📤 Email terkirim:  <65eb6fee-81a5-cb3c-1a99-7bf67ac85386@gmail.com>
[2025-08-05 23:12:15] INFO: INI ALAMAT TABLENYA :  D:\Work\ARYA-WMS-SHOPPIE\ANG19\wmshopee\.angular\prerender-root\2de3a463-b7f1-4fa1-be84-953b5b6b70c8\data\admdb.sqlite
[2025-08-05 23:12:17] INFO: INI ALAMAT TABLENYA :  D:\Work\ARYA-WMS-SHOPPIE\ANG19\wmshopee\.angular\prerender-root\fc809d32-746e-4583-82e8-7a367c192723\data\admdb.sqlite
[2025-08-05 23:12:17] INFO: INI ALAMAT TABLENYA :  D:\Work\ARYA-WMS-SHOPPIE\ANG19\wmshopee\.angular\prerender-root\e0c2d7e2-175d-43b5-9f49-315c4b4d162a\data\admdb.sqlite
[2025-08-05 23:12:17] INFO: INI ALAMAT TABLENYA :  D:\Work\ARYA-WMS-SHOPPIE\ANG19\wmshopee\.angular\prerender-root\d2004ac3-9b24-4cd7-844e-cd6100caf5fa\data\admdb.sqlite
[2025-08-05 23:12:17] INFO: INI ALAMAT TABLENYA :  D:\Work\ARYA-WMS-SHOPPIE\ANG19\wmshopee\.angular\prerender-root\c531caf8-02ce-407d-a37a-6c2bb5621c1b\data\admdb.sqlite
[2025-08-05 23:12:23] INFO: INI ALAMAT TABLENYA :  D:\Work\ARYA-WMS-SHOPPIE\ANG19\wmshopee\dist\wmshopee\server\data\admdb.sqlite
[2025-08-05 23:12:35] INFO: SMTP OBJECT  {"smtp":"smtp.gmail.com","usermail":"aryaadityawijaya@gmail.com","password":"vyenzhnzitzlqbbb","service":"gmail","secret":"https://myaccount.google.com/apppasswords","refreshtoken":"https://myaccount.google.com/apppasswords","accesstoken":"https://myaccount.google.com/apppasswords","port":465}
[2025-08-05 23:12:38] INFO: 📤 Email terkirim:  <e3b7656d-68b0-c53b-8e49-161799cce4f8@gmail.com>
[2025-08-05 23:18:57] INFO: INI ALAMAT TABLENYA :  D:\Work\ARYA-WMS-SHOPPIE\ANG19\wmshopee\.angular\prerender-root\c654ee80-d7f2-4c52-95c4-9fe93a55f4f0\data\admdb.sqlite
[2025-08-05 23:18:58] INFO: INI ALAMAT TABLENYA :  D:\Work\ARYA-WMS-SHOPPIE\ANG19\wmshopee\.angular\prerender-root\57033bbb-172a-47c2-902a-086e95406d3a\data\admdb.sqlite
[2025-08-05 23:18:58] INFO: INI ALAMAT TABLENYA :  D:\Work\ARYA-WMS-SHOPPIE\ANG19\wmshopee\.angular\prerender-root\1aadaf83-bbc1-4873-ad48-eef6761e7faa\data\admdb.sqlite
[2025-08-05 23:18:58] INFO: INI ALAMAT TABLENYA :  D:\Work\ARYA-WMS-SHOPPIE\ANG19\wmshopee\.angular\prerender-root\35799299-0865-4529-84ff-c4f8955cfadd\data\admdb.sqlite
[2025-08-05 23:18:58] INFO: INI ALAMAT TABLENYA :  D:\Work\ARYA-WMS-SHOPPIE\ANG19\wmshopee\.angular\prerender-root\cc225512-48e3-48ad-a1a9-87fe146bf0e6\data\admdb.sqlite
[2025-08-05 23:19:30] INFO: INI ALAMAT TABLENYA :  D:\Work\ARYA-WMS-SHOPPIE\ANG19\wmshopee\dist\wmshopee\server\data\admdb.sqlite
[2025-08-05 23:20:06] INFO: SMTP OBJECT  {"smtp":"smtp.gmail.com","usermail":"aryaadityawijaya@gmail.com","password":"vyenzhnzitzlqbbb","service":"gmail","secret":"https://myaccount.google.com/apppasswords","refreshtoken":"https://myaccount.google.com/apppasswords","accesstoken":"https://myaccount.google.com/apppasswords","port":465}
[2025-08-05 23:20:10] INFO: 📤 Email terkirim:  <f132aea2-4547-1159-a55d-c897a41feefc@gmail.com>
[2025-08-05 23:32:47] INFO: INI ALAMAT TABLENYA :  D:\Work\ARYA-WMS-SHOPPIE\ANG19\wmshopee\.angular\prerender-root\ef274580-4777-4d46-a494-d59cbc40b4d2\data\admdb.sqlite
[2025-08-05 23:32:48] INFO: INI ALAMAT TABLENYA :  D:\Work\ARYA-WMS-SHOPPIE\ANG19\wmshopee\.angular\prerender-root\d7daea19-8915-43c3-8d38-853a39bfc924\data\admdb.sqlite
[2025-08-05 23:32:48] INFO: INI ALAMAT TABLENYA :  D:\Work\ARYA-WMS-SHOPPIE\ANG19\wmshopee\.angular\prerender-root\94d73b8e-d6da-45f7-b571-5f50bf71b681\data\admdb.sqlite
[2025-08-05 23:32:48] INFO: INI ALAMAT TABLENYA :  D:\Work\ARYA-WMS-SHOPPIE\ANG19\wmshopee\.angular\prerender-root\3067286f-c17f-4049-990c-828eb7088c08\data\admdb.sqlite
[2025-08-05 23:32:48] INFO: INI ALAMAT TABLENYA :  D:\Work\ARYA-WMS-SHOPPIE\ANG19\wmshopee\.angular\prerender-root\671205f9-5232-4f76-bdda-cc194d3e148d\data\admdb.sqlite
[2025-08-05 23:32:59] INFO: INI ALAMAT TABLENYA :  D:\Work\ARYA-WMS-SHOPPIE\ANG19\wmshopee\dist\wmshopee\server\data\admdb.sqlite
[2025-08-05 23:33:12] INFO: SMTP OBJECT  {"smtp":"smtp.gmail.com","usermail":"aryaadityawijaya@gmail.com","password":"vyenzhnzitzlqbbb","service":"gmail","secret":"https://myaccount.google.com/apppasswords","refreshtoken":"https://myaccount.google.com/apppasswords","accesstoken":"https://myaccount.google.com/apppasswords","port":465}
[2025-08-05 23:33:14] INFO: 📤 Email terkirim:  <d34fddf9-cec0-9095-6290-b50d25ac3a2a@gmail.com>
[2025-08-05 23:34:28] INFO: INI ALAMAT TABLENYA :  D:\Work\ARYA-WMS-SHOPPIE\ANG19\wmshopee\.angular\prerender-root\18f40346-8511-4605-81fb-680e3f7ca466\data\admdb.sqlite
[2025-08-05 23:34:29] INFO: INI ALAMAT TABLENYA :  D:\Work\ARYA-WMS-SHOPPIE\ANG19\wmshopee\.angular\prerender-root\fef57653-f259-49a3-9c0c-763d79940c4d\data\admdb.sqlite
[2025-08-05 23:34:29] INFO: INI ALAMAT TABLENYA :  D:\Work\ARYA-WMS-SHOPPIE\ANG19\wmshopee\.angular\prerender-root\5e82bdbf-03e2-4972-a262-6d54de44c76a\data\admdb.sqlite
[2025-08-05 23:34:29] INFO: INI ALAMAT TABLENYA :  D:\Work\ARYA-WMS-SHOPPIE\ANG19\wmshopee\.angular\prerender-root\0bf132ba-2fe3-42bc-b601-68f98f81b4f1\data\admdb.sqlite
[2025-08-05 23:34:29] INFO: INI ALAMAT TABLENYA :  D:\Work\ARYA-WMS-SHOPPIE\ANG19\wmshopee\.angular\prerender-root\92c9c817-9457-4981-8460-38c73b2f4948\data\admdb.sqlite
[2025-08-05 23:34:34] INFO: INI ALAMAT TABLENYA :  D:\Work\ARYA-WMS-SHOPPIE\ANG19\wmshopee\dist\wmshopee\server\data\admdb.sqlite
[2025-08-05 23:34:44] INFO: SMTP OBJECT  {"smtp":"smtp.gmail.com","usermail":"aryaadityawijaya@gmail.com","password":"vyenzhnzitzlqbbb","service":"gmail","secret":"https://myaccount.google.com/apppasswords","refreshtoken":"https://myaccount.google.com/apppasswords","accesstoken":"https://myaccount.google.com/apppasswords","port":465}
[2025-08-05 23:34:47] INFO: 📤 Email terkirim:  <a3c54ab1-5d4b-286e-fab2-9e04074117f2@gmail.com>
[2025-08-05 23:35:38] INFO: ✅ Shopee get List Error: {"error":"invalid_acceess_token","message":"Invalid access_token, please have a check.","request_id":"e3e3e7f33ba0d079d45f8c26f9358700"}
[2025-08-05 23:35:38] INFO: ✅ Shopee get List Error: {"error":"invalid_acceess_token","message":"Invalid access_token, please have a check.","request_id":"e3e3e7f33ba0d079e5060c371e309400"}
[2025-08-05 23:35:38] INFO: Update data token : 
[2025-08-05 23:35:39] INFO: Update data token : 
