[2025-09-29 07:47:41] INFO: INI ALAMAT TABLENYA :  D:\Work\ARYA-WMS-SHOPPIE\ANG19\wmshopee\dist\wmshopee\server\data\admdb.sqlite
[2025-09-29 07:49:01] INFO: INI ALAMAT TABLENYA :  D:\Work\ARYA-WMS-SHOPPIE\ANG19\wmshopee\.angular\prerender-root\835559b7-40aa-4efc-af3a-797d0514cf51\data\admdb.sqlite
[2025-09-29 07:49:13] INFO: INI ALAMAT TABLENYA :  D:\Work\ARYA-WMS-SHOPPIE\ANG19\wmshopee\.angular\prerender-root\7f882e83-3bc5-43b4-be25-9bf465bffff0\data\admdb.sqlite
[2025-09-29 07:49:13] INFO: INI ALAMAT TABLENYA :  D:\Work\ARYA-WMS-SHOPPIE\ANG19\wmshopee\.angular\prerender-root\69730e97-f8e1-4f2a-a90d-402c9bcb85b7\data\admdb.sqlite
[2025-09-29 07:49:13] INFO: INI ALAMAT TABLENYA :  D:\Work\ARYA-WMS-SHOPPIE\ANG19\wmshopee\.angular\prerender-root\be450c9a-8fb2-40db-92e1-732d82de9bd4\data\admdb.sqlite
[2025-09-29 07:49:13] INFO: INI ALAMAT TABLENYA :  D:\Work\ARYA-WMS-SHOPPIE\ANG19\wmshopee\.angular\prerender-root\b5fd0e7f-4b13-4432-b614-e6c20605ee8a\data\admdb.sqlite
[2025-09-29 07:54:59] INFO: INI ALAMAT TABLENYA :  D:\Work\ARYA-WMS-SHOPPIE\ANG19\wmshopee\.angular\prerender-root\cc03c2ad-88b5-4021-b150-0a678c01feb2\data\admdb.sqlite
[2025-09-29 07:55:01] INFO: INI ALAMAT TABLENYA :  D:\Work\ARYA-WMS-SHOPPIE\ANG19\wmshopee\.angular\prerender-root\44bf18a1-f19f-427a-97a2-94059ce69f36\data\admdb.sqlite
[2025-09-29 07:55:01] INFO: INI ALAMAT TABLENYA :  D:\Work\ARYA-WMS-SHOPPIE\ANG19\wmshopee\.angular\prerender-root\5062f03d-6668-4f55-88b6-870ddef832f0\data\admdb.sqlite
[2025-09-29 07:55:01] INFO: INI ALAMAT TABLENYA :  D:\Work\ARYA-WMS-SHOPPIE\ANG19\wmshopee\.angular\prerender-root\ce5893c4-f9e9-49c6-8a50-b23a386645f9\data\admdb.sqlite
[2025-09-29 07:55:01] INFO: INI ALAMAT TABLENYA :  D:\Work\ARYA-WMS-SHOPPIE\ANG19\wmshopee\.angular\prerender-root\1ff82b16-e1b9-43d3-a98c-563d6b9c8b6b\data\admdb.sqlite
[2025-09-29 07:55:11] INFO: INI ALAMAT TABLENYA :  D:\Work\ARYA-WMS-SHOPPIE\ANG19\wmshopee\dist\wmshopee\server\data\admdb.sqlite
[2025-09-29 07:55:29] INFO: ✅ Shopee refresh on fetchWithAuth Error: {"error":"invalid_acceess_token","message":"Invalid access_token, please have a check.","request_id":"e3e3e7f33fe61780807475613a7b1f00"}
[2025-09-29 07:55:29] INFO: ✅ Shopee refresh on fetchWithAuth Error: {"error":"invalid_acceess_token","message":"Invalid access_token, please have a check.","request_id":"e3e3e7f33fe617808cfa6ca3f478e200"}
[2025-09-29 07:55:29] INFO: Update data token : 
[2025-09-29 07:55:29] INFO: Update data token : 
[2025-09-29 07:55:47] INFO: ✅ Sudah di List  66
[2025-09-29 07:55:49] INFO: ✅ package Sudah di List  {"order_sn":"250928NVXDN6VE","package_number":"OFG212752640275365"}
[2025-09-29 08:24:30] INFO: INI ALAMAT TABLENYA :  D:\Work\ARYA-WMS-SHOPPIE\ANG19\wmshopee\.angular\prerender-root\7ab4c753-5a1a-424d-9277-0a0711373980\data\admdb.sqlite
[2025-09-29 08:24:34] INFO: INI ALAMAT TABLENYA :  D:\Work\ARYA-WMS-SHOPPIE\ANG19\wmshopee\.angular\prerender-root\45b886c8-c0db-4f2d-8b8d-1dd2efc124af\data\admdb.sqlite
[2025-09-29 08:24:34] INFO: INI ALAMAT TABLENYA :  D:\Work\ARYA-WMS-SHOPPIE\ANG19\wmshopee\.angular\prerender-root\7bd02629-8c2c-4bcb-8736-5c54e41d5d50\data\admdb.sqlite
[2025-09-29 08:24:34] INFO: INI ALAMAT TABLENYA :  D:\Work\ARYA-WMS-SHOPPIE\ANG19\wmshopee\.angular\prerender-root\51e17cc4-e2f3-48e8-b63a-78d05cd7102d\data\admdb.sqlite
[2025-09-29 08:24:34] INFO: INI ALAMAT TABLENYA :  D:\Work\ARYA-WMS-SHOPPIE\ANG19\wmshopee\.angular\prerender-root\6a0ac597-6562-4beb-8929-1b3c698a3c0c\data\admdb.sqlite
[2025-09-29 08:34:13] INFO: INI ALAMAT TABLENYA :  D:\Work\ARYA-WMS-SHOPPIE\ANG19\wmshopee\dist\wmshopee\server\data\admdb.sqlite
[2025-09-29 09:16:01] INFO: INI ALAMAT TABLENYA :  D:\Work\ARYA-WMS-SHOPPIE\ANG19\wmshopee\.angular\prerender-root\61ec90e6-d230-416c-b24b-5557853c2e50\data\admdb.sqlite
[2025-09-29 09:16:03] INFO: INI ALAMAT TABLENYA :  D:\Work\ARYA-WMS-SHOPPIE\ANG19\wmshopee\.angular\prerender-root\969ec4d2-d889-449b-b360-c4a7381fdbef\data\admdb.sqlite
[2025-09-29 09:16:03] INFO: INI ALAMAT TABLENYA :  D:\Work\ARYA-WMS-SHOPPIE\ANG19\wmshopee\.angular\prerender-root\9303cfaa-c05f-4d6b-939d-8e3298c3ca9e\data\admdb.sqlite
[2025-09-29 09:16:03] INFO: INI ALAMAT TABLENYA :  D:\Work\ARYA-WMS-SHOPPIE\ANG19\wmshopee\.angular\prerender-root\32dcdc3c-e4f1-4965-8273-f01561d71066\data\admdb.sqlite
[2025-09-29 09:16:03] INFO: INI ALAMAT TABLENYA :  D:\Work\ARYA-WMS-SHOPPIE\ANG19\wmshopee\.angular\prerender-root\dc74a733-d275-4982-a13c-63c45717b70a\data\admdb.sqlite
[2025-09-29 09:16:19] INFO: INI ALAMAT TABLENYA :  D:\Work\ARYA-WMS-SHOPPIE\ANG19\wmshopee\dist\wmshopee\server\data\admdb.sqlite
[2025-09-29 09:16:24] ERROR: Error api.controller :  {"code":"SQLITE_ERROR"}
[2025-09-29 09:16:28] ERROR: Error api.controller :  {"code":"SQLITE_ERROR"}
[2025-09-29 09:16:39] ERROR: Error api.controller :  {"code":"SQLITE_ERROR"}
[2025-09-29 09:17:32] INFO: INI ALAMAT TABLENYA :  D:\Work\ARYA-WMS-SHOPPIE\ANG19\wmshopee\.angular\prerender-root\3d249a2b-4c7d-410a-a2f8-64441376551e\data\admdb.sqlite
[2025-09-29 09:17:34] INFO: INI ALAMAT TABLENYA :  D:\Work\ARYA-WMS-SHOPPIE\ANG19\wmshopee\.angular\prerender-root\a5df70e5-bb01-4d9f-9298-64e4d5156e1c\data\admdb.sqlite
[2025-09-29 09:17:34] INFO: INI ALAMAT TABLENYA :  D:\Work\ARYA-WMS-SHOPPIE\ANG19\wmshopee\.angular\prerender-root\5561742c-17be-48fe-b01e-183295f351e0\data\admdb.sqlite
[2025-09-29 09:17:34] INFO: INI ALAMAT TABLENYA :  D:\Work\ARYA-WMS-SHOPPIE\ANG19\wmshopee\.angular\prerender-root\fcda5e15-d301-4e16-b239-dfd93ef63b5b\data\admdb.sqlite
[2025-09-29 09:17:34] INFO: INI ALAMAT TABLENYA :  D:\Work\ARYA-WMS-SHOPPIE\ANG19\wmshopee\.angular\prerender-root\b37588a3-ce54-4abd-bc24-e693ce61df7f\data\admdb.sqlite
[2025-09-29 09:17:43] INFO: INI ALAMAT TABLENYA :  D:\Work\ARYA-WMS-SHOPPIE\ANG19\wmshopee\dist\wmshopee\server\data\admdb.sqlite
[2025-09-29 09:30:18] INFO: INI ALAMAT TABLENYA :  D:\Work\ARYA-WMS-SHOPPIE\ANG19\wmshopee\.angular\prerender-root\578b59c9-352d-48d0-8f23-b608154ae727\data\admdb.sqlite
[2025-09-29 09:30:20] INFO: INI ALAMAT TABLENYA :  D:\Work\ARYA-WMS-SHOPPIE\ANG19\wmshopee\.angular\prerender-root\9c74da75-4b1b-421c-8399-3b2f5414b08f\data\admdb.sqlite
[2025-09-29 09:30:20] INFO: INI ALAMAT TABLENYA :  D:\Work\ARYA-WMS-SHOPPIE\ANG19\wmshopee\.angular\prerender-root\2539b8a3-1256-4a14-b173-e45e5403f663\data\admdb.sqlite
[2025-09-29 09:30:20] INFO: INI ALAMAT TABLENYA :  D:\Work\ARYA-WMS-SHOPPIE\ANG19\wmshopee\.angular\prerender-root\1a250080-a99e-4ee8-928a-c6f803847b2b\data\admdb.sqlite
[2025-09-29 09:30:20] INFO: INI ALAMAT TABLENYA :  D:\Work\ARYA-WMS-SHOPPIE\ANG19\wmshopee\.angular\prerender-root\7e9ce933-03d5-4548-bfa1-1de35f19e410\data\admdb.sqlite
[2025-09-29 09:30:26] INFO: INI ALAMAT TABLENYA :  D:\Work\ARYA-WMS-SHOPPIE\ANG19\wmshopee\dist\wmshopee\server\data\admdb.sqlite
[2025-09-29 09:34:03] INFO: INI ALAMAT TABLENYA :  D:\Work\ARYA-WMS-SHOPPIE\ANG19\wmshopee\.angular\prerender-root\1a820232-eecf-4327-ac33-95c8e9d902de\data\admdb.sqlite
[2025-09-29 09:34:05] INFO: INI ALAMAT TABLENYA :  D:\Work\ARYA-WMS-SHOPPIE\ANG19\wmshopee\.angular\prerender-root\fbe1313d-0c58-4ff5-830b-d8466983b2c7\data\admdb.sqlite
[2025-09-29 09:34:05] INFO: INI ALAMAT TABLENYA :  D:\Work\ARYA-WMS-SHOPPIE\ANG19\wmshopee\.angular\prerender-root\d2042ab4-d096-49b3-8f0c-f43cc0672fae\data\admdb.sqlite
[2025-09-29 09:34:05] INFO: INI ALAMAT TABLENYA :  D:\Work\ARYA-WMS-SHOPPIE\ANG19\wmshopee\.angular\prerender-root\79f9ae3d-f48b-491f-bf73-aaf747b92b9d\data\admdb.sqlite
[2025-09-29 09:34:05] INFO: INI ALAMAT TABLENYA :  D:\Work\ARYA-WMS-SHOPPIE\ANG19\wmshopee\.angular\prerender-root\6f0038bb-3c86-46b7-b93e-9540f19f5708\data\admdb.sqlite
[2025-09-29 09:34:11] INFO: INI ALAMAT TABLENYA :  D:\Work\ARYA-WMS-SHOPPIE\ANG19\wmshopee\dist\wmshopee\server\data\admdb.sqlite
[2025-09-29 09:35:16] INFO: INI ALAMAT TABLENYA :  D:\Work\ARYA-WMS-SHOPPIE\ANG19\wmshopee\.angular\prerender-root\c73fd202-c0d8-471e-8dff-98baef7ff4af\data\admdb.sqlite
[2025-09-29 09:35:18] INFO: INI ALAMAT TABLENYA :  D:\Work\ARYA-WMS-SHOPPIE\ANG19\wmshopee\.angular\prerender-root\f942d175-1dbc-4d9e-835d-d37f2600c0fa\data\admdb.sqlite
[2025-09-29 09:35:18] INFO: INI ALAMAT TABLENYA :  D:\Work\ARYA-WMS-SHOPPIE\ANG19\wmshopee\.angular\prerender-root\94cf6263-1a5f-4610-a560-3b65640e3631\data\admdb.sqlite
[2025-09-29 09:35:18] INFO: INI ALAMAT TABLENYA :  D:\Work\ARYA-WMS-SHOPPIE\ANG19\wmshopee\.angular\prerender-root\f6ae00ee-0db9-48ff-973d-43e7ccc4222b\data\admdb.sqlite
[2025-09-29 09:35:18] INFO: INI ALAMAT TABLENYA :  D:\Work\ARYA-WMS-SHOPPIE\ANG19\wmshopee\.angular\prerender-root\ba4e2baa-160f-4395-ad70-feb32712e046\data\admdb.sqlite
[2025-09-29 09:35:29] INFO: INI ALAMAT TABLENYA :  D:\Work\ARYA-WMS-SHOPPIE\ANG19\wmshopee\dist\wmshopee\server\data\admdb.sqlite
[2025-09-29 09:36:02] INFO: INI ALAMAT TABLENYA :  D:\Work\ARYA-WMS-SHOPPIE\ANG19\wmshopee\.angular\prerender-root\9ec6932c-361b-4e10-8c7f-88f66d5695a6\data\admdb.sqlite
[2025-09-29 09:36:04] INFO: INI ALAMAT TABLENYA :  D:\Work\ARYA-WMS-SHOPPIE\ANG19\wmshopee\.angular\prerender-root\c8f07781-0cf7-4b62-89b4-8d11c1538716\data\admdb.sqlite
[2025-09-29 09:36:04] INFO: INI ALAMAT TABLENYA :  D:\Work\ARYA-WMS-SHOPPIE\ANG19\wmshopee\.angular\prerender-root\9bce9706-c784-46d2-8b26-a36a17adb0b7\data\admdb.sqlite
[2025-09-29 09:36:04] INFO: INI ALAMAT TABLENYA :  D:\Work\ARYA-WMS-SHOPPIE\ANG19\wmshopee\.angular\prerender-root\056998f7-80c7-4ba8-8676-eae719a29265\data\admdb.sqlite
[2025-09-29 09:36:04] INFO: INI ALAMAT TABLENYA :  D:\Work\ARYA-WMS-SHOPPIE\ANG19\wmshopee\.angular\prerender-root\e93448cf-7709-46b0-b000-b38ea0e1cca1\data\admdb.sqlite
[2025-09-29 09:36:16] INFO: INI ALAMAT TABLENYA :  D:\Work\ARYA-WMS-SHOPPIE\ANG19\wmshopee\dist\wmshopee\server\data\admdb.sqlite
[2025-09-29 09:43:41] INFO: INI ALAMAT TABLENYA :  D:\Work\ARYA-WMS-SHOPPIE\ANG19\wmshopee\.angular\prerender-root\b3f3293e-ffd8-4af6-ba10-283633d10877\data\admdb.sqlite
[2025-09-29 09:43:43] INFO: INI ALAMAT TABLENYA :  D:\Work\ARYA-WMS-SHOPPIE\ANG19\wmshopee\.angular\prerender-root\50a2beeb-ad93-4b3e-b932-74676726e823\data\admdb.sqlite
[2025-09-29 09:43:43] INFO: INI ALAMAT TABLENYA :  D:\Work\ARYA-WMS-SHOPPIE\ANG19\wmshopee\.angular\prerender-root\3121fb45-f6c7-45e2-92e8-3d25cef8c868\data\admdb.sqlite
[2025-09-29 09:43:43] INFO: INI ALAMAT TABLENYA :  D:\Work\ARYA-WMS-SHOPPIE\ANG19\wmshopee\.angular\prerender-root\247fa79c-e4f3-4724-a798-c4299310c199\data\admdb.sqlite
[2025-09-29 09:43:43] INFO: INI ALAMAT TABLENYA :  D:\Work\ARYA-WMS-SHOPPIE\ANG19\wmshopee\.angular\prerender-root\694f13ad-7852-4b0c-ba6a-fec23ba93d9f\data\admdb.sqlite
[2025-09-29 09:43:51] INFO: INI ALAMAT TABLENYA :  D:\Work\ARYA-WMS-SHOPPIE\ANG19\wmshopee\dist\wmshopee\server\data\admdb.sqlite
[2025-09-29 09:59:20] INFO: INI ALAMAT TABLENYA :  D:\Work\ARYA-WMS-SHOPPIE\ANG19\wmshopee\.angular\prerender-root\e21cf98c-b1c7-4ad8-a1fd-be6577c04572\data\admdb.sqlite
[2025-09-29 09:59:21] INFO: INI ALAMAT TABLENYA :  D:\Work\ARYA-WMS-SHOPPIE\ANG19\wmshopee\.angular\prerender-root\f9f9cf78-b2fc-48fb-be67-5fc194c18cb8\data\admdb.sqlite
[2025-09-29 09:59:21] INFO: INI ALAMAT TABLENYA :  D:\Work\ARYA-WMS-SHOPPIE\ANG19\wmshopee\.angular\prerender-root\513718a2-26da-42fc-bde0-5bb659926df5\data\admdb.sqlite
[2025-09-29 09:59:21] INFO: INI ALAMAT TABLENYA :  D:\Work\ARYA-WMS-SHOPPIE\ANG19\wmshopee\.angular\prerender-root\80b73d0b-1568-4122-a8d0-40a33bc25629\data\admdb.sqlite
[2025-09-29 09:59:21] INFO: INI ALAMAT TABLENYA :  D:\Work\ARYA-WMS-SHOPPIE\ANG19\wmshopee\.angular\prerender-root\71a68f61-1311-4e29-ac04-121d1f736cce\data\admdb.sqlite
[2025-09-29 09:59:29] INFO: INI ALAMAT TABLENYA :  D:\Work\ARYA-WMS-SHOPPIE\ANG19\wmshopee\dist\wmshopee\server\data\admdb.sqlite
[2025-09-29 10:06:23] INFO: INI ALAMAT TABLENYA :  D:\Work\ARYA-WMS-SHOPPIE\ANG19\wmshopee\.angular\prerender-root\adb48025-9519-45ac-b0d6-f4dd90f30f38\data\admdb.sqlite
[2025-09-29 10:06:24] INFO: INI ALAMAT TABLENYA :  D:\Work\ARYA-WMS-SHOPPIE\ANG19\wmshopee\.angular\prerender-root\f7793f41-c7d1-4d9f-bc43-325d428b4a3b\data\admdb.sqlite
[2025-09-29 10:06:24] INFO: INI ALAMAT TABLENYA :  D:\Work\ARYA-WMS-SHOPPIE\ANG19\wmshopee\.angular\prerender-root\cbc24eeb-a2f9-4c42-ae76-0b3d29c2a36e\data\admdb.sqlite
[2025-09-29 10:06:24] INFO: INI ALAMAT TABLENYA :  D:\Work\ARYA-WMS-SHOPPIE\ANG19\wmshopee\.angular\prerender-root\218579b6-a958-41d9-9b23-42de89dcb69e\data\admdb.sqlite
[2025-09-29 10:06:24] INFO: INI ALAMAT TABLENYA :  D:\Work\ARYA-WMS-SHOPPIE\ANG19\wmshopee\.angular\prerender-root\6c963139-9143-4c3e-ac10-d36221176e45\data\admdb.sqlite
[2025-09-29 10:06:31] INFO: INI ALAMAT TABLENYA :  D:\Work\ARYA-WMS-SHOPPIE\ANG19\wmshopee\dist\wmshopee\server\data\admdb.sqlite
[2025-09-29 10:11:48] INFO: INI ALAMAT TABLENYA :  D:\Work\ARYA-WMS-SHOPPIE\ANG19\wmshopee\.angular\prerender-root\acd3ee62-eb6e-4fd1-901a-213543528b5e\data\admdb.sqlite
[2025-09-29 10:11:49] INFO: INI ALAMAT TABLENYA :  D:\Work\ARYA-WMS-SHOPPIE\ANG19\wmshopee\.angular\prerender-root\caffa588-cafb-4964-be1c-3296400135bb\data\admdb.sqlite
[2025-09-29 10:11:49] INFO: INI ALAMAT TABLENYA :  D:\Work\ARYA-WMS-SHOPPIE\ANG19\wmshopee\.angular\prerender-root\9c743ca5-9c54-4fc3-9bdb-0e1fcd587e70\data\admdb.sqlite
[2025-09-29 10:11:49] INFO: INI ALAMAT TABLENYA :  D:\Work\ARYA-WMS-SHOPPIE\ANG19\wmshopee\.angular\prerender-root\450e56c6-d428-4e35-9db6-494d9d41d810\data\admdb.sqlite
[2025-09-29 10:11:49] INFO: INI ALAMAT TABLENYA :  D:\Work\ARYA-WMS-SHOPPIE\ANG19\wmshopee\.angular\prerender-root\224ad921-8cf9-4572-951f-75dc1d88b73f\data\admdb.sqlite
[2025-09-29 10:11:55] INFO: INI ALAMAT TABLENYA :  D:\Work\ARYA-WMS-SHOPPIE\ANG19\wmshopee\dist\wmshopee\server\data\admdb.sqlite
[2025-09-29 10:18:46] INFO: INI ALAMAT TABLENYA :  D:\Work\ARYA-WMS-SHOPPIE\ANG19\wmshopee\.angular\prerender-root\bbc07d94-f03d-466c-8818-770e39907fed\data\admdb.sqlite
[2025-09-29 10:18:47] INFO: INI ALAMAT TABLENYA :  D:\Work\ARYA-WMS-SHOPPIE\ANG19\wmshopee\.angular\prerender-root\0896a626-ebd3-40ae-9dd8-714de92b26d1\data\admdb.sqlite
[2025-09-29 10:18:47] INFO: INI ALAMAT TABLENYA :  D:\Work\ARYA-WMS-SHOPPIE\ANG19\wmshopee\.angular\prerender-root\c45a6467-6f8f-43f2-a0d8-0fe9f7574856\data\admdb.sqlite
[2025-09-29 10:18:47] INFO: INI ALAMAT TABLENYA :  D:\Work\ARYA-WMS-SHOPPIE\ANG19\wmshopee\.angular\prerender-root\791cd4b3-5b83-44e5-a8c8-7ee1e0e43282\data\admdb.sqlite
[2025-09-29 10:18:47] INFO: INI ALAMAT TABLENYA :  D:\Work\ARYA-WMS-SHOPPIE\ANG19\wmshopee\.angular\prerender-root\2e20642d-5f42-4a77-bae3-3c46741b7c6f\data\admdb.sqlite
[2025-09-29 10:19:27] INFO: INI ALAMAT TABLENYA :  D:\Work\ARYA-WMS-SHOPPIE\ANG19\wmshopee\.angular\prerender-root\bbe68955-4502-48b0-a4cc-4232862a1915\data\admdb.sqlite
[2025-09-29 10:19:29] INFO: INI ALAMAT TABLENYA :  D:\Work\ARYA-WMS-SHOPPIE\ANG19\wmshopee\.angular\prerender-root\e2392f6a-97c8-4db0-a561-2cbec9f938ff\data\admdb.sqlite
[2025-09-29 10:19:29] INFO: INI ALAMAT TABLENYA :  D:\Work\ARYA-WMS-SHOPPIE\ANG19\wmshopee\.angular\prerender-root\b57451ed-bf8a-44c1-84db-024da435e20f\data\admdb.sqlite
[2025-09-29 10:19:29] INFO: INI ALAMAT TABLENYA :  D:\Work\ARYA-WMS-SHOPPIE\ANG19\wmshopee\.angular\prerender-root\019b6806-112a-4a5f-a624-1918a2f6c770\data\admdb.sqlite
[2025-09-29 10:19:29] INFO: INI ALAMAT TABLENYA :  D:\Work\ARYA-WMS-SHOPPIE\ANG19\wmshopee\.angular\prerender-root\88e49f9d-638e-4f75-83b5-824e552242c3\data\admdb.sqlite
[2025-09-29 10:19:39] INFO: INI ALAMAT TABLENYA :  D:\Work\ARYA-WMS-SHOPPIE\ANG19\wmshopee\dist\wmshopee\server\data\admdb.sqlite
[2025-09-29 10:56:14] INFO: INI ALAMAT TABLENYA :  D:\Work\ARYA-WMS-SHOPPIE\ANG19\wmshopee\.angular\prerender-root\209a6a9f-4ad7-48a2-a392-b42fdbd45919\data\admdb.sqlite
[2025-09-29 10:56:26] INFO: INI ALAMAT TABLENYA :  D:\Work\ARYA-WMS-SHOPPIE\ANG19\wmshopee\.angular\prerender-root\63c4c653-2ec6-4dc2-9416-f11adc099281\data\admdb.sqlite
[2025-09-29 10:56:26] INFO: INI ALAMAT TABLENYA :  D:\Work\ARYA-WMS-SHOPPIE\ANG19\wmshopee\.angular\prerender-root\9936acfd-3c2f-43e0-9666-8aacc03f6097\data\admdb.sqlite
[2025-09-29 10:56:26] INFO: INI ALAMAT TABLENYA :  D:\Work\ARYA-WMS-SHOPPIE\ANG19\wmshopee\.angular\prerender-root\42e6edb9-457a-42c3-bb31-0e93ff45a9f7\data\admdb.sqlite
[2025-09-29 10:56:26] INFO: INI ALAMAT TABLENYA :  D:\Work\ARYA-WMS-SHOPPIE\ANG19\wmshopee\.angular\prerender-root\aa16b05a-cf73-4056-bf88-039acd1b0e58\data\admdb.sqlite
[2025-09-29 10:59:45] INFO: INI ALAMAT TABLENYA :  D:\Work\ARYA-WMS-SHOPPIE\ANG19\wmshopee\.angular\prerender-root\e63837b6-844f-4af8-abbb-8c3ec6c02310\data\admdb.sqlite
[2025-09-29 10:59:47] INFO: INI ALAMAT TABLENYA :  D:\Work\ARYA-WMS-SHOPPIE\ANG19\wmshopee\.angular\prerender-root\1f7cb10c-b54b-4c68-9498-5f92eb7a970b\data\admdb.sqlite
[2025-09-29 10:59:47] INFO: INI ALAMAT TABLENYA :  D:\Work\ARYA-WMS-SHOPPIE\ANG19\wmshopee\.angular\prerender-root\ccfaed16-8005-4ca0-b3fb-45580958a2bf\data\admdb.sqlite
[2025-09-29 10:59:47] INFO: INI ALAMAT TABLENYA :  D:\Work\ARYA-WMS-SHOPPIE\ANG19\wmshopee\.angular\prerender-root\344a4b72-16f6-4aba-8e74-77007de5e4b2\data\admdb.sqlite
[2025-09-29 10:59:47] INFO: INI ALAMAT TABLENYA :  D:\Work\ARYA-WMS-SHOPPIE\ANG19\wmshopee\.angular\prerender-root\85a3d19c-51a7-400f-85c4-c96ffb646b38\data\admdb.sqlite
[2025-09-29 11:00:00] INFO: INI ALAMAT TABLENYA :  D:\Work\ARYA-WMS-SHOPPIE\ANG19\wmshopee\dist\wmshopee\server\data\admdb.sqlite
[2025-09-29 11:15:30] INFO: INI ALAMAT TABLENYA :  D:\Work\ARYA-WMS-SHOPPIE\ANG19\wmshopee\.angular\prerender-root\d813e2ef-381e-41a1-a453-ac5e447d381b\data\admdb.sqlite
[2025-09-29 11:15:31] INFO: INI ALAMAT TABLENYA :  D:\Work\ARYA-WMS-SHOPPIE\ANG19\wmshopee\.angular\prerender-root\1c95ddf1-d536-47b2-98b1-d5d90681fdac\data\admdb.sqlite
[2025-09-29 11:15:31] INFO: INI ALAMAT TABLENYA :  D:\Work\ARYA-WMS-SHOPPIE\ANG19\wmshopee\.angular\prerender-root\a68fb3a2-1578-453f-a92d-b285992f8031\data\admdb.sqlite
[2025-09-29 11:15:31] INFO: INI ALAMAT TABLENYA :  D:\Work\ARYA-WMS-SHOPPIE\ANG19\wmshopee\.angular\prerender-root\f779c72a-9a36-4999-a9a9-a799ad2a0e45\data\admdb.sqlite
[2025-09-29 11:15:31] INFO: INI ALAMAT TABLENYA :  D:\Work\ARYA-WMS-SHOPPIE\ANG19\wmshopee\.angular\prerender-root\da835f23-21a0-465c-8d56-4a91dc7ddf21\data\admdb.sqlite
[2025-09-29 11:17:52] INFO: INI ALAMAT TABLENYA :  D:\Work\ARYA-WMS-SHOPPIE\ANG19\wmshopee\.angular\prerender-root\4d48de06-cb69-4501-8a14-d60f5bccb8e2\data\admdb.sqlite
[2025-09-29 11:17:53] INFO: INI ALAMAT TABLENYA :  D:\Work\ARYA-WMS-SHOPPIE\ANG19\wmshopee\.angular\prerender-root\a828dddd-87b6-4764-b7fc-7b8625c62c38\data\admdb.sqlite
[2025-09-29 11:17:53] INFO: INI ALAMAT TABLENYA :  D:\Work\ARYA-WMS-SHOPPIE\ANG19\wmshopee\.angular\prerender-root\437afb87-35d5-4683-b713-550d8fd13b98\data\admdb.sqlite
[2025-09-29 11:17:53] INFO: INI ALAMAT TABLENYA :  D:\Work\ARYA-WMS-SHOPPIE\ANG19\wmshopee\.angular\prerender-root\bbf694cd-070a-49c3-b2f1-f268077b52bc\data\admdb.sqlite
[2025-09-29 11:17:53] INFO: INI ALAMAT TABLENYA :  D:\Work\ARYA-WMS-SHOPPIE\ANG19\wmshopee\.angular\prerender-root\0bc0f617-92a1-4927-9d46-6ccb7d6a455e\data\admdb.sqlite
[2025-09-29 11:18:00] INFO: INI ALAMAT TABLENYA :  D:\Work\ARYA-WMS-SHOPPIE\ANG19\wmshopee\dist\wmshopee\server\data\admdb.sqlite
[2025-09-29 11:32:25] INFO: INI ALAMAT TABLENYA :  D:\Work\ARYA-WMS-SHOPPIE\ANG19\wmshopee\.angular\prerender-root\a4c6221a-9a73-471b-9ad8-3fdea3698c7b\data\admdb.sqlite
[2025-09-29 11:32:27] INFO: INI ALAMAT TABLENYA :  D:\Work\ARYA-WMS-SHOPPIE\ANG19\wmshopee\.angular\prerender-root\886601a5-1c86-4513-87dd-e55169c07220\data\admdb.sqlite
[2025-09-29 11:32:27] INFO: INI ALAMAT TABLENYA :  D:\Work\ARYA-WMS-SHOPPIE\ANG19\wmshopee\.angular\prerender-root\63add814-57d4-4c60-ac84-d5b20c8f67e7\data\admdb.sqlite
[2025-09-29 11:32:27] INFO: INI ALAMAT TABLENYA :  D:\Work\ARYA-WMS-SHOPPIE\ANG19\wmshopee\.angular\prerender-root\5e49cf8a-1d0d-44ba-8c26-2113cb2f82de\data\admdb.sqlite
[2025-09-29 11:32:27] INFO: INI ALAMAT TABLENYA :  D:\Work\ARYA-WMS-SHOPPIE\ANG19\wmshopee\.angular\prerender-root\de5c564b-8a05-4830-9083-81317186ccb6\data\admdb.sqlite
[2025-09-29 11:33:21] INFO: INI ALAMAT TABLENYA :  D:\Work\ARYA-WMS-SHOPPIE\ANG19\wmshopee\.angular\prerender-root\c9ae24f3-8e55-49b7-9e84-fb6b8f532ada\data\admdb.sqlite
[2025-09-29 11:33:23] INFO: INI ALAMAT TABLENYA :  D:\Work\ARYA-WMS-SHOPPIE\ANG19\wmshopee\.angular\prerender-root\9bab3a27-4e54-46ec-bb76-292049bf177d\data\admdb.sqlite
[2025-09-29 11:33:23] INFO: INI ALAMAT TABLENYA :  D:\Work\ARYA-WMS-SHOPPIE\ANG19\wmshopee\.angular\prerender-root\0c0e1bc7-1243-4756-963c-f5f6afe5ef1e\data\admdb.sqlite
[2025-09-29 11:33:23] INFO: INI ALAMAT TABLENYA :  D:\Work\ARYA-WMS-SHOPPIE\ANG19\wmshopee\.angular\prerender-root\fe49a9ed-ebbc-4153-bc91-bd525159d6fc\data\admdb.sqlite
[2025-09-29 11:33:23] INFO: INI ALAMAT TABLENYA :  D:\Work\ARYA-WMS-SHOPPIE\ANG19\wmshopee\.angular\prerender-root\0d19b31f-0a29-42eb-a523-abcc2a9528de\data\admdb.sqlite
[2025-09-29 11:33:29] INFO: INI ALAMAT TABLENYA :  D:\Work\ARYA-WMS-SHOPPIE\ANG19\wmshopee\dist\wmshopee\server\data\admdb.sqlite
[2025-09-29 11:40:25] INFO: INI ALAMAT TABLENYA :  D:\Work\ARYA-WMS-SHOPPIE\ANG19\wmshopee\.angular\prerender-root\c4c6d301-1bde-4152-baa1-3afda189e20c\data\admdb.sqlite
[2025-09-29 11:40:27] INFO: INI ALAMAT TABLENYA :  D:\Work\ARYA-WMS-SHOPPIE\ANG19\wmshopee\.angular\prerender-root\8d0dd494-c587-427a-a45c-cbdaa61d5875\data\admdb.sqlite
[2025-09-29 11:40:27] INFO: INI ALAMAT TABLENYA :  D:\Work\ARYA-WMS-SHOPPIE\ANG19\wmshopee\.angular\prerender-root\ae933f58-373e-428e-aaa8-85f555c4fe05\data\admdb.sqlite
[2025-09-29 11:40:27] INFO: INI ALAMAT TABLENYA :  D:\Work\ARYA-WMS-SHOPPIE\ANG19\wmshopee\.angular\prerender-root\8cf0deb8-630d-4f14-bde1-18867ab40fe2\data\admdb.sqlite
[2025-09-29 11:40:27] INFO: INI ALAMAT TABLENYA :  D:\Work\ARYA-WMS-SHOPPIE\ANG19\wmshopee\.angular\prerender-root\db526781-e66e-47ef-9ae7-66b07aa6b512\data\admdb.sqlite
[2025-09-29 11:40:49] INFO: INI ALAMAT TABLENYA :  D:\Work\ARYA-WMS-SHOPPIE\ANG19\wmshopee\dist\wmshopee\server\data\admdb.sqlite
[2025-09-29 11:42:45] INFO: INI ALAMAT TABLENYA :  D:\Work\ARYA-WMS-SHOPPIE\ANG19\wmshopee\.angular\prerender-root\9238dd34-4600-4811-9ee0-ae42498471ba\data\admdb.sqlite
[2025-09-29 11:42:46] INFO: INI ALAMAT TABLENYA :  D:\Work\ARYA-WMS-SHOPPIE\ANG19\wmshopee\.angular\prerender-root\1a2aa922-d6c9-495c-83b2-5d8bf6c9a8e6\data\admdb.sqlite
[2025-09-29 11:42:46] INFO: INI ALAMAT TABLENYA :  D:\Work\ARYA-WMS-SHOPPIE\ANG19\wmshopee\.angular\prerender-root\a8f26606-c272-4c47-9d85-0bf4b70ef9b2\data\admdb.sqlite
[2025-09-29 11:42:46] INFO: INI ALAMAT TABLENYA :  D:\Work\ARYA-WMS-SHOPPIE\ANG19\wmshopee\.angular\prerender-root\c1634645-bfe8-49c8-8847-01f34ccc7cc9\data\admdb.sqlite
[2025-09-29 11:42:46] INFO: INI ALAMAT TABLENYA :  D:\Work\ARYA-WMS-SHOPPIE\ANG19\wmshopee\.angular\prerender-root\b54cf417-6d7a-4ac0-93fa-3f7784503ef0\data\admdb.sqlite
[2025-09-29 11:42:53] INFO: INI ALAMAT TABLENYA :  D:\Work\ARYA-WMS-SHOPPIE\ANG19\wmshopee\dist\wmshopee\server\data\admdb.sqlite
[2025-09-29 11:44:29] INFO: INI ALAMAT TABLENYA :  D:\Work\ARYA-WMS-SHOPPIE\ANG19\wmshopee\.angular\prerender-root\c66d681e-9b12-467f-bf78-75c1a5e75022\data\admdb.sqlite
[2025-09-29 11:44:31] INFO: INI ALAMAT TABLENYA :  D:\Work\ARYA-WMS-SHOPPIE\ANG19\wmshopee\.angular\prerender-root\b35c32dd-214a-4508-bc6c-83dd068319a2\data\admdb.sqlite
[2025-09-29 11:44:31] INFO: INI ALAMAT TABLENYA :  D:\Work\ARYA-WMS-SHOPPIE\ANG19\wmshopee\.angular\prerender-root\60ef63bf-645b-4482-90db-dc984add5ae5\data\admdb.sqlite
[2025-09-29 11:44:31] INFO: INI ALAMAT TABLENYA :  D:\Work\ARYA-WMS-SHOPPIE\ANG19\wmshopee\.angular\prerender-root\863ba5a5-f9cd-461e-a9e5-b5df5d81e293\data\admdb.sqlite
[2025-09-29 11:44:31] INFO: INI ALAMAT TABLENYA :  D:\Work\ARYA-WMS-SHOPPIE\ANG19\wmshopee\.angular\prerender-root\c2dfe717-43d3-4601-8300-a0dadd6d4dec\data\admdb.sqlite
[2025-09-29 11:44:41] INFO: INI ALAMAT TABLENYA :  D:\Work\ARYA-WMS-SHOPPIE\ANG19\wmshopee\dist\wmshopee\server\data\admdb.sqlite
[2025-09-29 12:45:34] INFO: INI ALAMAT TABLENYA :  D:\Work\ARYA-WMS-SHOPPIE\ANG19\wmshopee\.angular\prerender-root\4ee4880c-83cd-4597-b825-cf6d82804c03\data\admdb.sqlite
[2025-09-29 12:45:36] INFO: INI ALAMAT TABLENYA :  D:\Work\ARYA-WMS-SHOPPIE\ANG19\wmshopee\.angular\prerender-root\4127d5e1-e87a-457c-bed8-0e4ea9905a9c\data\admdb.sqlite
[2025-09-29 12:45:36] INFO: INI ALAMAT TABLENYA :  D:\Work\ARYA-WMS-SHOPPIE\ANG19\wmshopee\.angular\prerender-root\832f037a-bf73-4f77-b17a-c5b8acfeee65\data\admdb.sqlite
[2025-09-29 12:45:36] INFO: INI ALAMAT TABLENYA :  D:\Work\ARYA-WMS-SHOPPIE\ANG19\wmshopee\.angular\prerender-root\c91f9436-5938-41a9-8b68-4b9f7c5cb345\data\admdb.sqlite
[2025-09-29 12:45:36] INFO: INI ALAMAT TABLENYA :  D:\Work\ARYA-WMS-SHOPPIE\ANG19\wmshopee\.angular\prerender-root\77889384-8a04-4119-8dfc-c507df0c7ae9\data\admdb.sqlite
[2025-09-29 12:45:46] INFO: INI ALAMAT TABLENYA :  D:\Work\ARYA-WMS-SHOPPIE\ANG19\wmshopee\dist\wmshopee\server\data\admdb.sqlite
[2025-09-29 12:45:50] INFO: ✅ Shopee refresh on fetchWithAuth Error: {"error":"invalid_acceess_token","message":"Invalid access_token, please have a check.","request_id":"e3e3e7f33fea25dc3726dc951ea35e00"}
[2025-09-29 12:45:50] INFO: ✅ Shopee refresh on fetchWithAuth Error: {"error":"invalid_acceess_token","message":"Invalid access_token, please have a check.","request_id":"e3e3e7f33fea25dc378c8349db292f00"}
[2025-09-29 12:45:50] INFO: Update data token : 
[2025-09-29 12:45:50] INFO: Update data token : 
[2025-09-29 12:54:22] INFO: INI ALAMAT TABLENYA :  D:\Work\ARYA-WMS-SHOPPIE\ANG19\wmshopee\.angular\prerender-root\d93f867d-680a-4d2e-bfde-0a54d8526011\data\admdb.sqlite
[2025-09-29 12:54:25] INFO: INI ALAMAT TABLENYA :  D:\Work\ARYA-WMS-SHOPPIE\ANG19\wmshopee\.angular\prerender-root\b0ce0ba7-34ce-46ad-83ae-19c31af27f2a\data\admdb.sqlite
[2025-09-29 12:54:25] INFO: INI ALAMAT TABLENYA :  D:\Work\ARYA-WMS-SHOPPIE\ANG19\wmshopee\.angular\prerender-root\f71ae26b-c32a-4a0f-bc1b-b38e194f8819\data\admdb.sqlite
[2025-09-29 12:54:25] INFO: INI ALAMAT TABLENYA :  D:\Work\ARYA-WMS-SHOPPIE\ANG19\wmshopee\.angular\prerender-root\7b5a9462-f147-484e-933a-f40b041b7420\data\admdb.sqlite
[2025-09-29 12:54:25] INFO: INI ALAMAT TABLENYA :  D:\Work\ARYA-WMS-SHOPPIE\ANG19\wmshopee\.angular\prerender-root\7129ed22-7653-4ea8-bd9a-fccd51541038\data\admdb.sqlite
[2025-09-29 12:55:37] INFO: INI ALAMAT TABLENYA :  D:\Work\ARYA-WMS-SHOPPIE\ANG19\wmshopee\.angular\prerender-root\b0202f5c-db6b-4b14-a58d-4756d9883451\data\admdb.sqlite
[2025-09-29 12:55:39] INFO: INI ALAMAT TABLENYA :  D:\Work\ARYA-WMS-SHOPPIE\ANG19\wmshopee\.angular\prerender-root\5549a17e-420e-4968-a4bf-9790e4ffbf13\data\admdb.sqlite
[2025-09-29 12:55:39] INFO: INI ALAMAT TABLENYA :  D:\Work\ARYA-WMS-SHOPPIE\ANG19\wmshopee\.angular\prerender-root\09d1b244-8883-4eae-b5de-996fd1c54178\data\admdb.sqlite
[2025-09-29 12:55:39] INFO: INI ALAMAT TABLENYA :  D:\Work\ARYA-WMS-SHOPPIE\ANG19\wmshopee\.angular\prerender-root\7120b789-72ab-48de-bb80-1981d66bee6a\data\admdb.sqlite
[2025-09-29 12:55:39] INFO: INI ALAMAT TABLENYA :  D:\Work\ARYA-WMS-SHOPPIE\ANG19\wmshopee\.angular\prerender-root\b53cb3a9-d1c5-4510-a317-86d0ba7733e2\data\admdb.sqlite
[2025-09-29 12:55:49] INFO: INI ALAMAT TABLENYA :  D:\Work\ARYA-WMS-SHOPPIE\ANG19\wmshopee\dist\wmshopee\server\data\admdb.sqlite
[2025-09-29 12:55:54] INFO: ✅ Shopee refresh on fetchWithAuth Error: {"error":"invalid_acceess_token","message":"Invalid access_token, please have a check.","request_id":"e3e3e7f33fea49e55ec980ca09877000"}
[2025-09-29 12:55:54] INFO: ✅ Shopee refresh on fetchWithAuth Error: {"error":"invalid_acceess_token","message":"Invalid access_token, please have a check.","request_id":"e3e3e7f33fea49e57ad79f165eec7c00"}
[2025-09-29 12:55:55] INFO: Update data token : 
[2025-09-29 12:55:55] INFO: Update data token : 
[2025-09-29 13:03:27] INFO: INI ALAMAT TABLENYA :  D:\Work\ARYA-WMS-SHOPPIE\ANG19\wmshopee\.angular\prerender-root\7790953d-e312-4d0f-83a4-35c3b6c809ad\data\admdb.sqlite
[2025-09-29 13:03:30] INFO: INI ALAMAT TABLENYA :  D:\Work\ARYA-WMS-SHOPPIE\ANG19\wmshopee\.angular\prerender-root\7bc5023c-4ba0-4d0a-a898-273ee89f67fa\data\admdb.sqlite
[2025-09-29 13:03:30] INFO: INI ALAMAT TABLENYA :  D:\Work\ARYA-WMS-SHOPPIE\ANG19\wmshopee\.angular\prerender-root\6d2e8542-aad1-4250-aee8-ae2ba4ae8a85\data\admdb.sqlite
[2025-09-29 13:03:30] INFO: INI ALAMAT TABLENYA :  D:\Work\ARYA-WMS-SHOPPIE\ANG19\wmshopee\.angular\prerender-root\733d1bde-6833-4c97-a948-a310d4cc04b5\data\admdb.sqlite
[2025-09-29 13:03:30] INFO: INI ALAMAT TABLENYA :  D:\Work\ARYA-WMS-SHOPPIE\ANG19\wmshopee\.angular\prerender-root\d1cc8456-6afc-4351-bd5f-ebe0c4c8a4c6\data\admdb.sqlite
[2025-09-29 13:03:40] INFO: INI ALAMAT TABLENYA :  D:\Work\ARYA-WMS-SHOPPIE\ANG19\wmshopee\dist\wmshopee\server\data\admdb.sqlite
[2025-09-29 13:12:49] INFO: INI ALAMAT TABLENYA :  D:\Work\ARYA-WMS-SHOPPIE\ANG19\wmshopee\.angular\prerender-root\18c5c3be-7097-4b5c-b4a3-3b0212224609\data\admdb.sqlite
[2025-09-29 13:12:51] INFO: INI ALAMAT TABLENYA :  D:\Work\ARYA-WMS-SHOPPIE\ANG19\wmshopee\.angular\prerender-root\03c5e3e7-7f08-4fd2-8c3e-222ad1a007d1\data\admdb.sqlite
[2025-09-29 13:12:51] INFO: INI ALAMAT TABLENYA :  D:\Work\ARYA-WMS-SHOPPIE\ANG19\wmshopee\.angular\prerender-root\e5b7c968-97d6-4328-8af7-0b8ce6ac536d\data\admdb.sqlite
[2025-09-29 13:12:51] INFO: INI ALAMAT TABLENYA :  D:\Work\ARYA-WMS-SHOPPIE\ANG19\wmshopee\.angular\prerender-root\c755b4a9-af8b-4864-9ba8-78c6569291e2\data\admdb.sqlite
[2025-09-29 13:12:51] INFO: INI ALAMAT TABLENYA :  D:\Work\ARYA-WMS-SHOPPIE\ANG19\wmshopee\.angular\prerender-root\61cff6d8-57a8-48fd-a44c-d86d756659aa\data\admdb.sqlite
[2025-09-29 13:13:01] INFO: INI ALAMAT TABLENYA :  D:\Work\ARYA-WMS-SHOPPIE\ANG19\wmshopee\dist\wmshopee\server\data\admdb.sqlite
[2025-09-29 13:13:06] INFO: ✅ Shopee refresh on fetchWithAuth Error: {"error":"invalid_acceess_token","message":"Invalid access_token, please have a check.","request_id":"e3e3e7f33fea875ae562272b54f0aa00"}
[2025-09-29 13:13:06] INFO: ✅ Shopee refresh on fetchWithAuth Error: {"error":"invalid_acceess_token","message":"Invalid access_token, please have a check.","request_id":"e3e3e7f33fea875adfa9418889f5fd00"}
[2025-09-29 13:13:06] INFO: Update data token : 
[2025-09-29 13:13:06] INFO: Update data token : 
[2025-09-29 13:29:09] INFO: INI ALAMAT TABLENYA :  D:\Work\ARYA-WMS-SHOPPIE\ANG19\wmshopee\.angular\prerender-root\d216f31d-b69a-4255-8e40-22f04306238c\data\admdb.sqlite
[2025-09-29 13:29:11] INFO: INI ALAMAT TABLENYA :  D:\Work\ARYA-WMS-SHOPPIE\ANG19\wmshopee\.angular\prerender-root\017d8581-7edc-4b2b-9790-1094dd6526d5\data\admdb.sqlite
[2025-09-29 13:29:11] INFO: INI ALAMAT TABLENYA :  D:\Work\ARYA-WMS-SHOPPIE\ANG19\wmshopee\.angular\prerender-root\6d72bc49-af3d-42fe-9aaf-22df72ee8a92\data\admdb.sqlite
[2025-09-29 13:29:11] INFO: INI ALAMAT TABLENYA :  D:\Work\ARYA-WMS-SHOPPIE\ANG19\wmshopee\.angular\prerender-root\a5bcb18a-22a4-4fdf-b701-6ed0b0222748\data\admdb.sqlite
[2025-09-29 13:29:11] INFO: INI ALAMAT TABLENYA :  D:\Work\ARYA-WMS-SHOPPIE\ANG19\wmshopee\.angular\prerender-root\7a201f97-7d85-4f7f-b5e7-39b5af017fe7\data\admdb.sqlite
[2025-09-29 13:29:47] INFO: INI ALAMAT TABLENYA :  D:\Work\ARYA-WMS-SHOPPIE\ANG19\wmshopee\dist\wmshopee\server\data\admdb.sqlite
[2025-09-29 13:29:52] INFO: ✅ Shopee refresh on fetchWithAuth Error: {"error":"invalid_acceess_token","message":"Invalid access_token, please have a check.","request_id":"e3e3e7f33feac3575c3d522de6d33800"}
[2025-09-29 13:29:52] INFO: ✅ Shopee refresh on fetchWithAuth Error: {"error":"invalid_acceess_token","message":"Invalid access_token, please have a check.","request_id":"e3e3e7f33feac35764fb690de7d3b800"}
[2025-09-29 13:29:52] INFO: Update data token : 
[2025-09-29 13:29:52] INFO: Update data token : 
[2025-09-29 17:54:59] INFO: INI ALAMAT TABLENYA :  D:\Work\ARYA-WMS-SHOPPIE\ANG19\wmshopee\.angular\prerender-root\cabab5d8-5c40-417b-9351-fea7ffc47e06\data\admdb.sqlite
[2025-09-29 17:55:01] INFO: INI ALAMAT TABLENYA :  D:\Work\ARYA-WMS-SHOPPIE\ANG19\wmshopee\.angular\prerender-root\e172a9aa-4c03-4bd1-8a2b-6006f205cf73\data\admdb.sqlite
[2025-09-29 17:55:01] INFO: INI ALAMAT TABLENYA :  D:\Work\ARYA-WMS-SHOPPIE\ANG19\wmshopee\.angular\prerender-root\ace8370a-40ba-4b2a-8ff1-3d355fdfd0f1\data\admdb.sqlite
[2025-09-29 17:55:01] INFO: INI ALAMAT TABLENYA :  D:\Work\ARYA-WMS-SHOPPIE\ANG19\wmshopee\.angular\prerender-root\e9c539d1-1196-495b-886b-c1b6d5164de1\data\admdb.sqlite
[2025-09-29 17:55:01] INFO: INI ALAMAT TABLENYA :  D:\Work\ARYA-WMS-SHOPPIE\ANG19\wmshopee\.angular\prerender-root\4fcc68f5-7e56-4b47-8392-aeb588d9760e\data\admdb.sqlite
[2025-09-29 17:56:59] INFO: INI ALAMAT TABLENYA :  D:\Work\ARYA-WMS-SHOPPIE\ANG19\wmshopee\dist\wmshopee\server\data\admdb.sqlite
[2025-09-29 17:57:03] INFO: ✅ Shopee refresh on fetchWithAuth Error: {"error":"invalid_acceess_token","message":"Invalid access_token, please have a check.","request_id":"e3e3e7f33fee7ed4a1d2bcfc25ff1300"}
[2025-09-29 17:57:03] INFO: ✅ Shopee refresh on fetchWithAuth Error: {"error":"invalid_acceess_token","message":"Invalid access_token, please have a check.","request_id":"e3e3e7f33fee7ed4af65a84a999c9400"}
[2025-09-29 17:57:03] INFO: Update data token : 
[2025-09-29 17:57:04] INFO: Update data token : 
