[2025-10-12 07:30:51] INFO: INI ALAMAT TABLENYA :  D:\Work\ARYA-WMS-SHOPPIE\ANG19\wmshopee\.angular\prerender-root\244b63ba-29cc-473f-84e3-2712274657f5\data\admdb.sqlite
[2025-10-12 07:30:56] INFO: INI ALAMAT TABLENYA :  D:\Work\ARYA-WMS-SHOPPIE\ANG19\wmshopee\.angular\prerender-root\7ef70722-c9fd-4692-9e3c-0ca54919d836\data\admdb.sqlite
[2025-10-12 07:30:56] INFO: INI ALAMAT TABLENYA :  D:\Work\ARYA-WMS-SHOPPIE\ANG19\wmshopee\.angular\prerender-root\67d4b896-0d68-486f-87c3-2cc6c67a97f3\data\admdb.sqlite
[2025-10-12 07:30:56] INFO: INI ALAMAT TABLENYA :  D:\Work\ARYA-WMS-SHOPPIE\ANG19\wmshopee\.angular\prerender-root\2cd0351a-7969-4ece-9131-181bf735f942\data\admdb.sqlite
[2025-10-12 07:30:56] INFO: INI ALAMAT TABLENYA :  D:\Work\ARYA-WMS-SHOPPIE\ANG19\wmshopee\.angular\prerender-root\6a49439d-d58b-48ba-8a87-27af516f964f\data\admdb.sqlite
[2025-10-12 07:31:47] INFO: INI ALAMAT TABLENYA :  D:\Work\ARYA-WMS-SHOPPIE\ANG19\wmshopee\dist\wmshopee\server\data\admdb.sqlite
[2025-10-12 07:31:52] INFO: ✅ Shopee refresh on fetchWithAuth Error: {"error":"invalid_acceess_token","message":"Invalid access_token, please have a check.","request_id":"e3e3e7f340eb46f9be776775ca789a00"}
[2025-10-12 07:31:52] INFO: ✅ Shopee refresh on fetchWithAuth Error: {"error":"invalid_acceess_token","message":"Invalid access_token, please have a check.","request_id":"e3e3e7f340eb46fa4c277b2364ff6700"}
[2025-10-12 07:31:52] INFO: Update data token : 
[2025-10-12 07:31:52] INFO: Update data token : 
[2025-10-12 07:32:20] INFO: ✅ package Sudah di List  155
[2025-10-12 07:50:20] INFO: INI ALAMAT TABLENYA :  D:\Work\ARYA-WMS-SHOPPIE\ANG19\wmshopee\.angular\prerender-root\74d6d802-eda9-424a-8036-e3ec58a6af05\data\admdb.sqlite
[2025-10-12 07:50:22] INFO: INI ALAMAT TABLENYA :  D:\Work\ARYA-WMS-SHOPPIE\ANG19\wmshopee\.angular\prerender-root\f752f718-7a63-4742-afa6-87c525fc15a0\data\admdb.sqlite
[2025-10-12 07:50:22] INFO: INI ALAMAT TABLENYA :  D:\Work\ARYA-WMS-SHOPPIE\ANG19\wmshopee\.angular\prerender-root\241fb0df-cacb-4b73-b5e3-2dbaa40eb801\data\admdb.sqlite
[2025-10-12 07:50:22] INFO: INI ALAMAT TABLENYA :  D:\Work\ARYA-WMS-SHOPPIE\ANG19\wmshopee\.angular\prerender-root\800ad8bc-8d4b-4102-9b50-962a8284fda5\data\admdb.sqlite
[2025-10-12 07:50:22] INFO: INI ALAMAT TABLENYA :  D:\Work\ARYA-WMS-SHOPPIE\ANG19\wmshopee\.angular\prerender-root\a5f8eab7-e4bc-4878-bc53-f130afbe9ce8\data\admdb.sqlite
[2025-10-12 07:50:34] INFO: INI ALAMAT TABLENYA :  D:\Work\ARYA-WMS-SHOPPIE\ANG19\wmshopee\dist\wmshopee\server\data\admdb.sqlite
[2025-10-12 07:53:17] INFO: INI ALAMAT TABLENYA :  D:\Work\ARYA-WMS-SHOPPIE\ANG19\wmshopee\.angular\prerender-root\f575e3ab-0843-4264-b418-df19d21ead10\data\admdb.sqlite
[2025-10-12 07:53:19] INFO: INI ALAMAT TABLENYA :  D:\Work\ARYA-WMS-SHOPPIE\ANG19\wmshopee\.angular\prerender-root\b9b4fdf6-6fd4-4cfc-9ec5-f3e90dd58713\data\admdb.sqlite
[2025-10-12 07:53:19] INFO: INI ALAMAT TABLENYA :  D:\Work\ARYA-WMS-SHOPPIE\ANG19\wmshopee\.angular\prerender-root\fda7abac-aa07-4d68-b048-1483e973689c\data\admdb.sqlite
[2025-10-12 07:53:19] INFO: INI ALAMAT TABLENYA :  D:\Work\ARYA-WMS-SHOPPIE\ANG19\wmshopee\.angular\prerender-root\b3040886-82f3-421e-86ba-8b45d9f7eed7\data\admdb.sqlite
[2025-10-12 07:53:19] INFO: INI ALAMAT TABLENYA :  D:\Work\ARYA-WMS-SHOPPIE\ANG19\wmshopee\.angular\prerender-root\085ea156-aa2e-4662-8dc8-91af6f3dbfad\data\admdb.sqlite
[2025-10-12 07:53:31] INFO: INI ALAMAT TABLENYA :  D:\Work\ARYA-WMS-SHOPPIE\ANG19\wmshopee\dist\wmshopee\server\data\admdb.sqlite
