[2025-08-02 08:38:48] INFO: INI ALAMAT TABLENYA :  D:\Work\ARYA-WMS-SHOPPIE\ANG19\wmshopee\.angular\prerender-root\42459896-2c0f-4897-a45b-8ca3a3768289\data\admdb.sqlite
[2025-08-02 08:38:54] INFO: INI ALAMAT TABLENYA :  D:\Work\ARYA-WMS-SHOPPIE\ANG19\wmshopee\.angular\prerender-root\1eac2477-476d-42a7-b987-2bfbd0dd2e92\data\admdb.sqlite
[2025-08-02 08:38:54] INFO: INI ALAMAT TABLENYA :  D:\Work\ARYA-WMS-SHOPPIE\ANG19\wmshopee\.angular\prerender-root\4161186a-6755-4c73-9e81-e0ad97f3564d\data\admdb.sqlite
[2025-08-02 08:38:54] INFO: INI ALAMAT TABLENYA :  D:\Work\ARYA-WMS-SHOPPIE\ANG19\wmshopee\.angular\prerender-root\2af8c8ec-6bb0-4df0-832c-28a7cb3312f3\data\admdb.sqlite
[2025-08-02 08:38:54] INFO: INI ALAMAT TABLENYA :  D:\Work\ARYA-WMS-SHOPPIE\ANG19\wmshopee\.angular\prerender-root\00a608ed-2fa2-4683-aa1b-91ee51070e14\data\admdb.sqlite
[2025-08-02 08:39:07] INFO: INI ALAMAT TABLENYA :  D:\Work\ARYA-WMS-SHOPPIE\ANG19\wmshopee\dist\wmshopee\server\data\admdb.sqlite
[2025-08-02 08:39:29] INFO: ✅ Shopee get List Error: {"error":"invalid_acceess_token","message":"Invalid access_token, please have a check.","request_id":"e3e3e7f33b57f209752ac8b7cbbfb200"}
[2025-08-02 08:39:29] INFO: Update data token : 
[2025-08-02 08:42:25] INFO: INI ALAMAT TABLENYA :  D:\Work\ARYA-WMS-SHOPPIE\ANG19\wmshopee\.angular\prerender-root\199d1db0-27eb-4384-beb5-e528c03a7d7d\data\admdb.sqlite
[2025-08-02 08:42:26] INFO: INI ALAMAT TABLENYA :  D:\Work\ARYA-WMS-SHOPPIE\ANG19\wmshopee\.angular\prerender-root\c7fde76e-2ea9-41f5-8fee-d1186cb45155\data\admdb.sqlite
[2025-08-02 08:42:26] INFO: INI ALAMAT TABLENYA :  D:\Work\ARYA-WMS-SHOPPIE\ANG19\wmshopee\.angular\prerender-root\94a745ef-4fb9-457a-86ee-4f91ae2bec6e\data\admdb.sqlite
[2025-08-02 08:42:26] INFO: INI ALAMAT TABLENYA :  D:\Work\ARYA-WMS-SHOPPIE\ANG19\wmshopee\.angular\prerender-root\3767d089-d1e7-4390-b8bc-e30123ae24e6\data\admdb.sqlite
[2025-08-02 08:42:26] INFO: INI ALAMAT TABLENYA :  D:\Work\ARYA-WMS-SHOPPIE\ANG19\wmshopee\.angular\prerender-root\1393e32c-beab-4fb0-93f9-1d0531c8c7b3\data\admdb.sqlite
[2025-08-02 08:42:34] INFO: INI ALAMAT TABLENYA :  D:\Work\ARYA-WMS-SHOPPIE\ANG19\wmshopee\dist\wmshopee\server\data\admdb.sqlite
[2025-08-02 08:52:32] INFO: INI ALAMAT TABLENYA :  D:\Work\ARYA-WMS-SHOPPIE\ANG19\wmshopee\.angular\prerender-root\a8163b08-d5cb-4a6b-a105-72f0e927e242\data\admdb.sqlite
[2025-08-02 08:52:38] INFO: INI ALAMAT TABLENYA :  D:\Work\ARYA-WMS-SHOPPIE\ANG19\wmshopee\.angular\prerender-root\670510f2-eb0d-4a6d-8c7a-771447c4f3ca\data\admdb.sqlite
[2025-08-02 08:52:38] INFO: INI ALAMAT TABLENYA :  D:\Work\ARYA-WMS-SHOPPIE\ANG19\wmshopee\.angular\prerender-root\843db605-3d81-41be-92ad-9df463706494\data\admdb.sqlite
[2025-08-02 08:52:38] INFO: INI ALAMAT TABLENYA :  D:\Work\ARYA-WMS-SHOPPIE\ANG19\wmshopee\.angular\prerender-root\8bd4e234-97fa-465b-92eb-22ba45cda411\data\admdb.sqlite
[2025-08-02 08:52:38] INFO: INI ALAMAT TABLENYA :  D:\Work\ARYA-WMS-SHOPPIE\ANG19\wmshopee\.angular\prerender-root\751dfdca-5ecb-4436-b1bd-a1736c9d63fd\data\admdb.sqlite
[2025-08-02 08:53:04] INFO: INI ALAMAT TABLENYA :  D:\Work\ARYA-WMS-SHOPPIE\ANG19\wmshopee\dist\wmshopee\server\data\admdb.sqlite
[2025-08-02 08:58:57] INFO: INI ALAMAT TABLENYA :  D:\Work\ARYA-WMS-SHOPPIE\ANG19\wmshopee\.angular\prerender-root\3a0f3299-6499-4a98-8f50-11818adeb106\data\admdb.sqlite
[2025-08-02 08:58:59] INFO: INI ALAMAT TABLENYA :  D:\Work\ARYA-WMS-SHOPPIE\ANG19\wmshopee\.angular\prerender-root\974ed531-e2ae-4e95-9060-052d59c047af\data\admdb.sqlite
[2025-08-02 08:58:59] INFO: INI ALAMAT TABLENYA :  D:\Work\ARYA-WMS-SHOPPIE\ANG19\wmshopee\.angular\prerender-root\42ec8c9c-4e10-43ff-a9e6-ceaf10599af5\data\admdb.sqlite
[2025-08-02 08:58:59] INFO: INI ALAMAT TABLENYA :  D:\Work\ARYA-WMS-SHOPPIE\ANG19\wmshopee\.angular\prerender-root\1df88797-814a-4d7f-a3ca-45f665a47a42\data\admdb.sqlite
[2025-08-02 08:58:59] INFO: INI ALAMAT TABLENYA :  D:\Work\ARYA-WMS-SHOPPIE\ANG19\wmshopee\.angular\prerender-root\9f847f48-d728-4f7f-a91f-1eca0025d27c\data\admdb.sqlite
[2025-08-02 08:59:13] INFO: INI ALAMAT TABLENYA :  D:\Work\ARYA-WMS-SHOPPIE\ANG19\wmshopee\dist\wmshopee\server\data\admdb.sqlite
[2025-08-02 09:00:06] INFO: INI ALAMAT TABLENYA :  D:\Work\ARYA-WMS-SHOPPIE\ANG19\wmshopee\.angular\prerender-root\6a30450c-2590-4a9f-bc01-ee7b626f6265\data\admdb.sqlite
[2025-08-02 09:00:08] INFO: INI ALAMAT TABLENYA :  D:\Work\ARYA-WMS-SHOPPIE\ANG19\wmshopee\.angular\prerender-root\79cc8286-19c3-4185-983a-496fb372f02a\data\admdb.sqlite
[2025-08-02 09:00:08] INFO: INI ALAMAT TABLENYA :  D:\Work\ARYA-WMS-SHOPPIE\ANG19\wmshopee\.angular\prerender-root\bdc74c56-271e-4d42-810b-76f47eb77bf4\data\admdb.sqlite
[2025-08-02 09:00:08] INFO: INI ALAMAT TABLENYA :  D:\Work\ARYA-WMS-SHOPPIE\ANG19\wmshopee\.angular\prerender-root\add30e85-085b-463b-824d-8559a2f106d9\data\admdb.sqlite
[2025-08-02 09:00:08] INFO: INI ALAMAT TABLENYA :  D:\Work\ARYA-WMS-SHOPPIE\ANG19\wmshopee\.angular\prerender-root\172e0c53-5e78-4880-aa5e-f799622acf03\data\admdb.sqlite
[2025-08-02 09:00:17] INFO: INI ALAMAT TABLENYA :  D:\Work\ARYA-WMS-SHOPPIE\ANG19\wmshopee\dist\wmshopee\server\data\admdb.sqlite
[2025-08-02 09:09:51] INFO: INI ALAMAT TABLENYA :  D:\Work\ARYA-WMS-SHOPPIE\ANG19\wmshopee\.angular\prerender-root\e7ba10a3-817b-400e-825a-fb01004441f5\data\admdb.sqlite
[2025-08-02 09:09:53] INFO: INI ALAMAT TABLENYA :  D:\Work\ARYA-WMS-SHOPPIE\ANG19\wmshopee\.angular\prerender-root\e5646777-50af-4ef7-b808-12dd71d4bc53\data\admdb.sqlite
[2025-08-02 09:09:53] INFO: INI ALAMAT TABLENYA :  D:\Work\ARYA-WMS-SHOPPIE\ANG19\wmshopee\.angular\prerender-root\b35e7940-9c63-4d80-8f94-e4b68bd95ce6\data\admdb.sqlite
[2025-08-02 09:09:53] INFO: INI ALAMAT TABLENYA :  D:\Work\ARYA-WMS-SHOPPIE\ANG19\wmshopee\.angular\prerender-root\0348a6dc-5038-442a-8ad7-f05db9846b3d\data\admdb.sqlite
[2025-08-02 09:09:53] INFO: INI ALAMAT TABLENYA :  D:\Work\ARYA-WMS-SHOPPIE\ANG19\wmshopee\.angular\prerender-root\61015f50-bc5b-4d73-9763-e275ea21145e\data\admdb.sqlite
[2025-08-02 09:09:59] INFO: INI ALAMAT TABLENYA :  D:\Work\ARYA-WMS-SHOPPIE\ANG19\wmshopee\dist\wmshopee\server\data\admdb.sqlite
[2025-08-02 09:12:38] INFO: INI ALAMAT TABLENYA :  D:\Work\ARYA-WMS-SHOPPIE\ANG19\wmshopee\.angular\prerender-root\ddbf56b9-f696-4459-a3db-45cf855823ad\data\admdb.sqlite
[2025-08-02 09:12:40] INFO: INI ALAMAT TABLENYA :  D:\Work\ARYA-WMS-SHOPPIE\ANG19\wmshopee\.angular\prerender-root\169cc5dc-279a-468a-9bc8-57f615ec6839\data\admdb.sqlite
[2025-08-02 09:12:40] INFO: INI ALAMAT TABLENYA :  D:\Work\ARYA-WMS-SHOPPIE\ANG19\wmshopee\.angular\prerender-root\25de7833-de2f-441e-b244-46b938c12c7c\data\admdb.sqlite
[2025-08-02 09:12:40] INFO: INI ALAMAT TABLENYA :  D:\Work\ARYA-WMS-SHOPPIE\ANG19\wmshopee\.angular\prerender-root\cd99b5b9-e37c-47da-adcb-74950f76be36\data\admdb.sqlite
[2025-08-02 09:12:40] INFO: INI ALAMAT TABLENYA :  D:\Work\ARYA-WMS-SHOPPIE\ANG19\wmshopee\.angular\prerender-root\d3bfb97e-51d5-45ed-afcc-b1b87d393247\data\admdb.sqlite
[2025-08-02 09:12:47] INFO: INI ALAMAT TABLENYA :  D:\Work\ARYA-WMS-SHOPPIE\ANG19\wmshopee\dist\wmshopee\server\data\admdb.sqlite
[2025-08-02 09:13:36] INFO: INI ALAMAT TABLENYA :  D:\Work\ARYA-WMS-SHOPPIE\ANG19\wmshopee\.angular\prerender-root\25c20622-af5f-40ce-b30e-b07790fa237e\data\admdb.sqlite
[2025-08-02 09:13:38] INFO: INI ALAMAT TABLENYA :  D:\Work\ARYA-WMS-SHOPPIE\ANG19\wmshopee\.angular\prerender-root\72479c21-ed4f-4084-a608-4673776f9fb1\data\admdb.sqlite
[2025-08-02 09:13:38] INFO: INI ALAMAT TABLENYA :  D:\Work\ARYA-WMS-SHOPPIE\ANG19\wmshopee\.angular\prerender-root\8230c6bb-4bbd-47c7-94ab-c6185886efa5\data\admdb.sqlite
[2025-08-02 09:13:38] INFO: INI ALAMAT TABLENYA :  D:\Work\ARYA-WMS-SHOPPIE\ANG19\wmshopee\.angular\prerender-root\c5c8b369-e3ef-4432-8903-c07624d20b1d\data\admdb.sqlite
[2025-08-02 09:13:38] INFO: INI ALAMAT TABLENYA :  D:\Work\ARYA-WMS-SHOPPIE\ANG19\wmshopee\.angular\prerender-root\d194efca-7c6a-4bd8-9f8d-4ff09ec9ef81\data\admdb.sqlite
[2025-08-02 09:13:44] INFO: INI ALAMAT TABLENYA :  D:\Work\ARYA-WMS-SHOPPIE\ANG19\wmshopee\dist\wmshopee\server\data\admdb.sqlite
[2025-08-02 09:19:09] INFO: INI ALAMAT TABLENYA :  D:\Work\ARYA-WMS-SHOPPIE\ANG19\wmshopee\.angular\prerender-root\9b8ff259-f2de-4a72-9bb7-e54ee042af48\data\admdb.sqlite
[2025-08-02 09:19:11] INFO: INI ALAMAT TABLENYA :  D:\Work\ARYA-WMS-SHOPPIE\ANG19\wmshopee\.angular\prerender-root\c8b74b72-a633-48a9-9c36-28e2e79a2ee6\data\admdb.sqlite
[2025-08-02 09:19:11] INFO: INI ALAMAT TABLENYA :  D:\Work\ARYA-WMS-SHOPPIE\ANG19\wmshopee\.angular\prerender-root\0217e894-7594-433a-b166-e4063998c7fb\data\admdb.sqlite
[2025-08-02 09:19:11] INFO: INI ALAMAT TABLENYA :  D:\Work\ARYA-WMS-SHOPPIE\ANG19\wmshopee\.angular\prerender-root\a56bfc6c-73b1-47c8-b533-57c86a872c40\data\admdb.sqlite
[2025-08-02 09:19:11] INFO: INI ALAMAT TABLENYA :  D:\Work\ARYA-WMS-SHOPPIE\ANG19\wmshopee\.angular\prerender-root\50e39b2a-269d-4304-ab77-ae493429f0cd\data\admdb.sqlite
[2025-08-02 09:19:28] INFO: INI ALAMAT TABLENYA :  D:\Work\ARYA-WMS-SHOPPIE\ANG19\wmshopee\dist\wmshopee\server\data\admdb.sqlite
[2025-08-02 09:23:53] INFO: INI ALAMAT TABLENYA :  D:\Work\ARYA-WMS-SHOPPIE\ANG19\wmshopee\.angular\prerender-root\0aeb8b86-bd7c-427b-8d5b-6bf6bd7777a5\data\admdb.sqlite
[2025-08-02 09:23:54] INFO: INI ALAMAT TABLENYA :  D:\Work\ARYA-WMS-SHOPPIE\ANG19\wmshopee\.angular\prerender-root\dc023b07-1106-463e-a97f-656add77198c\data\admdb.sqlite
[2025-08-02 09:23:54] INFO: INI ALAMAT TABLENYA :  D:\Work\ARYA-WMS-SHOPPIE\ANG19\wmshopee\.angular\prerender-root\f9445f6d-9564-48a3-a30a-3e15fcf1d892\data\admdb.sqlite
[2025-08-02 09:23:54] INFO: INI ALAMAT TABLENYA :  D:\Work\ARYA-WMS-SHOPPIE\ANG19\wmshopee\.angular\prerender-root\4a74f4ba-56cf-48ab-879a-e1e1d241dd1c\data\admdb.sqlite
[2025-08-02 09:23:54] INFO: INI ALAMAT TABLENYA :  D:\Work\ARYA-WMS-SHOPPIE\ANG19\wmshopee\.angular\prerender-root\c5cd81f1-0961-4ca3-8513-14eb49e0479f\data\admdb.sqlite
[2025-08-02 09:24:16] INFO: INI ALAMAT TABLENYA :  D:\Work\ARYA-WMS-SHOPPIE\ANG19\wmshopee\dist\wmshopee\server\data\admdb.sqlite
[2025-08-02 09:26:59] INFO: INI ALAMAT TABLENYA :  D:\Work\ARYA-WMS-SHOPPIE\ANG19\wmshopee\.angular\prerender-root\9e3cf8c2-9d94-4aac-b825-b56f27d939fd\data\admdb.sqlite
[2025-08-02 09:27:01] INFO: INI ALAMAT TABLENYA :  D:\Work\ARYA-WMS-SHOPPIE\ANG19\wmshopee\.angular\prerender-root\482b0ab0-d50f-4392-aa6a-d874654f8cd2\data\admdb.sqlite
[2025-08-02 09:27:01] INFO: INI ALAMAT TABLENYA :  D:\Work\ARYA-WMS-SHOPPIE\ANG19\wmshopee\.angular\prerender-root\ea728bea-2d5a-492f-be7e-220d938ce1fe\data\admdb.sqlite
[2025-08-02 09:27:01] INFO: INI ALAMAT TABLENYA :  D:\Work\ARYA-WMS-SHOPPIE\ANG19\wmshopee\.angular\prerender-root\2748b797-0945-4b17-9c5d-5296a3ae6f37\data\admdb.sqlite
[2025-08-02 09:27:01] INFO: INI ALAMAT TABLENYA :  D:\Work\ARYA-WMS-SHOPPIE\ANG19\wmshopee\.angular\prerender-root\87ac01c3-de6b-4c2e-b01d-29168daf8ed1\data\admdb.sqlite
[2025-08-02 09:27:09] INFO: INI ALAMAT TABLENYA :  D:\Work\ARYA-WMS-SHOPPIE\ANG19\wmshopee\dist\wmshopee\server\data\admdb.sqlite
[2025-08-02 09:29:29] INFO: INI ALAMAT TABLENYA :  D:\Work\ARYA-WMS-SHOPPIE\ANG19\wmshopee\.angular\prerender-root\db0b2eb3-149b-459f-8725-576349f46786\data\admdb.sqlite
[2025-08-02 09:29:31] INFO: INI ALAMAT TABLENYA :  D:\Work\ARYA-WMS-SHOPPIE\ANG19\wmshopee\.angular\prerender-root\823a3541-36e5-4446-a5b6-d65dbf88b0ed\data\admdb.sqlite
[2025-08-02 09:29:31] INFO: INI ALAMAT TABLENYA :  D:\Work\ARYA-WMS-SHOPPIE\ANG19\wmshopee\.angular\prerender-root\6119d74e-5b5f-490b-8693-d9a2f0b3da95\data\admdb.sqlite
[2025-08-02 09:29:31] INFO: INI ALAMAT TABLENYA :  D:\Work\ARYA-WMS-SHOPPIE\ANG19\wmshopee\.angular\prerender-root\bdaa252d-f4b8-4695-be0a-8e049ad5b925\data\admdb.sqlite
[2025-08-02 09:29:31] INFO: INI ALAMAT TABLENYA :  D:\Work\ARYA-WMS-SHOPPIE\ANG19\wmshopee\.angular\prerender-root\b38ae67a-68d2-4c95-b0e4-42ffa1b875af\data\admdb.sqlite
[2025-08-02 09:29:38] INFO: INI ALAMAT TABLENYA :  D:\Work\ARYA-WMS-SHOPPIE\ANG19\wmshopee\dist\wmshopee\server\data\admdb.sqlite
[2025-08-02 09:31:08] INFO: INI ALAMAT TABLENYA :  D:\Work\ARYA-WMS-SHOPPIE\ANG19\wmshopee\.angular\prerender-root\2faa22cf-f467-41a3-a7fe-9f690c3503d4\data\admdb.sqlite
[2025-08-02 09:31:09] INFO: INI ALAMAT TABLENYA :  D:\Work\ARYA-WMS-SHOPPIE\ANG19\wmshopee\.angular\prerender-root\9560b368-9039-4b0f-b548-6211b58bd69f\data\admdb.sqlite
[2025-08-02 09:31:09] INFO: INI ALAMAT TABLENYA :  D:\Work\ARYA-WMS-SHOPPIE\ANG19\wmshopee\.angular\prerender-root\5e1406ed-641d-4295-9203-7c9bb04ffe84\data\admdb.sqlite
[2025-08-02 09:31:09] INFO: INI ALAMAT TABLENYA :  D:\Work\ARYA-WMS-SHOPPIE\ANG19\wmshopee\.angular\prerender-root\e58255a7-6706-43af-a7e9-554ef7af3784\data\admdb.sqlite
[2025-08-02 09:31:09] INFO: INI ALAMAT TABLENYA :  D:\Work\ARYA-WMS-SHOPPIE\ANG19\wmshopee\.angular\prerender-root\8bf1c64e-ff96-4582-8529-4e2b7a6c0e1c\data\admdb.sqlite
[2025-08-02 09:31:33] INFO: INI ALAMAT TABLENYA :  D:\Work\ARYA-WMS-SHOPPIE\ANG19\wmshopee\dist\wmshopee\server\data\admdb.sqlite
[2025-08-02 09:34:39] INFO: INI ALAMAT TABLENYA :  D:\Work\ARYA-WMS-SHOPPIE\ANG19\wmshopee\.angular\prerender-root\ce8a4033-e2eb-4a49-b544-600036ffc489\data\admdb.sqlite
[2025-08-02 09:34:40] INFO: INI ALAMAT TABLENYA :  D:\Work\ARYA-WMS-SHOPPIE\ANG19\wmshopee\.angular\prerender-root\2e08719d-fe26-4837-807b-8e26feaf21e1\data\admdb.sqlite
[2025-08-02 09:34:40] INFO: INI ALAMAT TABLENYA :  D:\Work\ARYA-WMS-SHOPPIE\ANG19\wmshopee\.angular\prerender-root\5de03431-a401-4d75-aa10-211080551cf6\data\admdb.sqlite
[2025-08-02 09:34:40] INFO: INI ALAMAT TABLENYA :  D:\Work\ARYA-WMS-SHOPPIE\ANG19\wmshopee\.angular\prerender-root\04012191-c49c-4bbd-ada6-9574dcd431c0\data\admdb.sqlite
[2025-08-02 09:34:40] INFO: INI ALAMAT TABLENYA :  D:\Work\ARYA-WMS-SHOPPIE\ANG19\wmshopee\.angular\prerender-root\05a54d1a-c268-4654-9663-c405da5b9218\data\admdb.sqlite
[2025-08-02 09:35:31] INFO: INI ALAMAT TABLENYA :  D:\Work\ARYA-WMS-SHOPPIE\ANG19\wmshopee\dist\wmshopee\server\data\admdb.sqlite
[2025-08-02 09:35:42] INFO: INI ALAMAT TABLENYA :  D:\Work\ARYA-WMS-SHOPPIE\ANG19\wmshopee\.angular\prerender-root\8f086ec2-a5b8-4422-a4d8-7de6e2d9ce44\data\admdb.sqlite
[2025-08-02 09:35:44] INFO: INI ALAMAT TABLENYA :  D:\Work\ARYA-WMS-SHOPPIE\ANG19\wmshopee\.angular\prerender-root\15713b5e-5cd9-4c4b-a962-89088e770e98\data\admdb.sqlite
[2025-08-02 09:35:44] INFO: INI ALAMAT TABLENYA :  D:\Work\ARYA-WMS-SHOPPIE\ANG19\wmshopee\.angular\prerender-root\eeb6da79-faf6-4483-9b9d-d6d1ed4af535\data\admdb.sqlite
[2025-08-02 09:35:44] INFO: INI ALAMAT TABLENYA :  D:\Work\ARYA-WMS-SHOPPIE\ANG19\wmshopee\.angular\prerender-root\cdcd0186-018a-4602-aaec-a68aa7d8c23c\data\admdb.sqlite
[2025-08-02 09:35:44] INFO: INI ALAMAT TABLENYA :  D:\Work\ARYA-WMS-SHOPPIE\ANG19\wmshopee\.angular\prerender-root\a0f0bdf1-1b31-4709-a26e-9b50b1904c14\data\admdb.sqlite
[2025-08-02 09:35:50] INFO: INI ALAMAT TABLENYA :  D:\Work\ARYA-WMS-SHOPPIE\ANG19\wmshopee\dist\wmshopee\server\data\admdb.sqlite
