[2025-08-07 09:21:57] INFO: INI ALAMAT TABLENYA :  D:\Work\ARYA-WMS-SHOPPIE\ANG19\wmshopee\.angular\prerender-root\6de1573d-4cb6-4f54-8833-34dad132f772\data\admdb.sqlite
[2025-08-07 09:22:08] INFO: INI ALAMAT TABLENYA :  D:\Work\ARYA-WMS-SHOPPIE\ANG19\wmshopee\.angular\prerender-root\98d82b75-56e5-44d1-adc8-de94b594b154\data\admdb.sqlite
[2025-08-07 09:22:08] INFO: INI ALAMAT TABLENYA :  D:\Work\ARYA-WMS-SHOPPIE\ANG19\wmshopee\.angular\prerender-root\b8fc103e-6cc1-4cb6-89ff-639ab4bbe86c\data\admdb.sqlite
[2025-08-07 09:22:08] INFO: INI ALAMAT TABLENYA :  D:\Work\ARYA-WMS-SHOPPIE\ANG19\wmshopee\.angular\prerender-root\2e4fc3ce-11e8-425a-8922-dca526b416ea\data\admdb.sqlite
[2025-08-07 09:22:08] INFO: INI ALAMAT TABLENYA :  D:\Work\ARYA-WMS-SHOPPIE\ANG19\wmshopee\.angular\prerender-root\048e85e4-48b4-4a92-a0d3-5a7ff9038db9\data\admdb.sqlite
[2025-08-07 09:23:18] INFO: INI ALAMAT TABLENYA :  D:\Work\ARYA-WMS-SHOPPIE\ANG19\wmshopee\dist\wmshopee\server\data\admdb.sqlite
[2025-08-07 09:23:32] INFO: ✅ Shopee get List Error: {"error":"invalid_acceess_token","message":"Invalid access_token, please have a check.","request_id":"e3e3e7f33bbd24c96a6c69a685910200"}
[2025-08-07 09:23:32] INFO: ✅ Shopee get List Error: {"error":"invalid_acceess_token","message":"Invalid access_token, please have a check.","request_id":"e3e3e7f33bbd24c974a0de0e0575e700"}
[2025-08-07 09:23:32] INFO: Update data token : 
[2025-08-07 09:23:32] INFO: Update data token : 
[2025-08-07 09:34:30] INFO: HASIL INSERT TABLE  {"code":20000,"message":"Success insert","data":[{"iduser":"856239707"}]}
[2025-08-07 09:34:30] INFO: SMTP OBJECT  {"smtp":"smtp.gmail.com","usermail":"aryaadityawijaya@gmail.com","password":"vyenzhnzitzlqbbb","service":"gmail","secret":"https://myaccount.google.com/apppasswords","refreshtoken":"https://myaccount.google.com/apppasswords","accesstoken":"https://myaccount.google.com/apppasswords","port":465}
[2025-08-07 09:34:33] INFO: 📤 Email terkirim:  <afd13ce8-2163-db4c-00b6-8143cde030d3@gmail.com>
[2025-08-07 09:39:14] INFO: INI ALAMAT TABLENYA :  D:\Work\ARYA-WMS-SHOPPIE\ANG19\wmshopee\.angular\prerender-root\2029502d-92ed-4050-a6df-2a10b4603899\data\admdb.sqlite
[2025-08-07 09:39:15] INFO: INI ALAMAT TABLENYA :  D:\Work\ARYA-WMS-SHOPPIE\ANG19\wmshopee\.angular\prerender-root\dd691ebd-908c-45b1-9e49-86e2a71b3d9a\data\admdb.sqlite
[2025-08-07 09:39:15] INFO: INI ALAMAT TABLENYA :  D:\Work\ARYA-WMS-SHOPPIE\ANG19\wmshopee\.angular\prerender-root\63b56b4a-0619-4906-9320-611b2e7badae\data\admdb.sqlite
[2025-08-07 09:39:15] INFO: INI ALAMAT TABLENYA :  D:\Work\ARYA-WMS-SHOPPIE\ANG19\wmshopee\.angular\prerender-root\40f84da8-08b1-4504-b912-1adbb968cd9c\data\admdb.sqlite
[2025-08-07 09:39:15] INFO: INI ALAMAT TABLENYA :  D:\Work\ARYA-WMS-SHOPPIE\ANG19\wmshopee\.angular\prerender-root\ea4ff09c-4a00-48b7-b747-c6879891fa12\data\admdb.sqlite
[2025-08-07 09:39:22] INFO: INI ALAMAT TABLENYA :  D:\Work\ARYA-WMS-SHOPPIE\ANG19\wmshopee\dist\wmshopee\server\data\admdb.sqlite
[2025-08-07 09:54:52] INFO: INI ALAMAT TABLENYA :  D:\Work\ARYA-WMS-SHOPPIE\ANG19\wmshopee\.angular\prerender-root\9c4cfdf8-450d-49c7-a029-58f762792875\data\admdb.sqlite
[2025-08-07 09:54:53] INFO: INI ALAMAT TABLENYA :  D:\Work\ARYA-WMS-SHOPPIE\ANG19\wmshopee\.angular\prerender-root\2c60246c-f033-4378-ba14-b778a79a0703\data\admdb.sqlite
[2025-08-07 09:54:53] INFO: INI ALAMAT TABLENYA :  D:\Work\ARYA-WMS-SHOPPIE\ANG19\wmshopee\.angular\prerender-root\1f641ebf-5367-468c-86d8-0130d50f577f\data\admdb.sqlite
[2025-08-07 09:54:53] INFO: INI ALAMAT TABLENYA :  D:\Work\ARYA-WMS-SHOPPIE\ANG19\wmshopee\.angular\prerender-root\1cf45b85-726e-4a92-a2ef-f0a85d4cafed\data\admdb.sqlite
[2025-08-07 09:54:53] INFO: INI ALAMAT TABLENYA :  D:\Work\ARYA-WMS-SHOPPIE\ANG19\wmshopee\.angular\prerender-root\ffeeef38-0836-40c0-9c9e-0d70d5a4186a\data\admdb.sqlite
[2025-08-07 09:55:02] INFO: INI ALAMAT TABLENYA :  D:\Work\ARYA-WMS-SHOPPIE\ANG19\wmshopee\dist\wmshopee\server\data\admdb.sqlite
[2025-08-07 09:57:52] INFO: INI ALAMAT TABLENYA :  D:\Work\ARYA-WMS-SHOPPIE\ANG19\wmshopee\.angular\prerender-root\0d54f4d7-1f7f-4d8f-8bd5-610bfe68f59b\data\admdb.sqlite
[2025-08-07 09:57:53] INFO: INI ALAMAT TABLENYA :  D:\Work\ARYA-WMS-SHOPPIE\ANG19\wmshopee\.angular\prerender-root\34d85373-8876-40ae-90c4-e531c7c19195\data\admdb.sqlite
[2025-08-07 09:57:53] INFO: INI ALAMAT TABLENYA :  D:\Work\ARYA-WMS-SHOPPIE\ANG19\wmshopee\.angular\prerender-root\f9004014-254a-489b-8b44-eb493c97a145\data\admdb.sqlite
[2025-08-07 09:57:53] INFO: INI ALAMAT TABLENYA :  D:\Work\ARYA-WMS-SHOPPIE\ANG19\wmshopee\.angular\prerender-root\8e223736-62d8-4e39-8945-cfb193428d61\data\admdb.sqlite
[2025-08-07 09:57:53] INFO: INI ALAMAT TABLENYA :  D:\Work\ARYA-WMS-SHOPPIE\ANG19\wmshopee\.angular\prerender-root\88d32530-983e-442a-afb4-a04de561cd0a\data\admdb.sqlite
[2025-08-07 10:28:53] INFO: INI ALAMAT TABLENYA :  D:\Work\ARYA-WMS-SHOPPIE\ANG19\wmshopee\.angular\prerender-root\1754a16a-5e31-4485-bfb1-0c1bfd42fd95\data\admdb.sqlite
[2025-08-07 10:28:55] INFO: INI ALAMAT TABLENYA :  D:\Work\ARYA-WMS-SHOPPIE\ANG19\wmshopee\.angular\prerender-root\47be1b6d-6cba-44d1-955f-fb313825412c\data\admdb.sqlite
[2025-08-07 10:28:55] INFO: INI ALAMAT TABLENYA :  D:\Work\ARYA-WMS-SHOPPIE\ANG19\wmshopee\.angular\prerender-root\3da37333-5de7-4204-8e74-c18a51a467ac\data\admdb.sqlite
[2025-08-07 10:28:55] INFO: INI ALAMAT TABLENYA :  D:\Work\ARYA-WMS-SHOPPIE\ANG19\wmshopee\.angular\prerender-root\56e908ca-5397-4577-9dc7-327cc5a48c08\data\admdb.sqlite
[2025-08-07 10:28:55] INFO: INI ALAMAT TABLENYA :  D:\Work\ARYA-WMS-SHOPPIE\ANG19\wmshopee\.angular\prerender-root\bcf2e9a1-7a0e-4bcb-ac79-115f8f7fe0cb\data\admdb.sqlite
[2025-08-07 10:29:25] INFO: INI ALAMAT TABLENYA :  D:\Work\ARYA-WMS-SHOPPIE\ANG19\wmshopee\.angular\prerender-root\0c7eab99-6341-4be2-8b12-0461b87a5f75\data\admdb.sqlite
[2025-08-07 10:29:27] INFO: INI ALAMAT TABLENYA :  D:\Work\ARYA-WMS-SHOPPIE\ANG19\wmshopee\.angular\prerender-root\ad5723fd-888a-4182-a3f4-35a2d1a8cb9e\data\admdb.sqlite
[2025-08-07 10:29:27] INFO: INI ALAMAT TABLENYA :  D:\Work\ARYA-WMS-SHOPPIE\ANG19\wmshopee\.angular\prerender-root\a1bfafdd-48d2-420e-b4fb-e3386446356a\data\admdb.sqlite
[2025-08-07 10:29:27] INFO: INI ALAMAT TABLENYA :  D:\Work\ARYA-WMS-SHOPPIE\ANG19\wmshopee\.angular\prerender-root\db411fa0-eae2-46b1-a005-2dfa553ffc90\data\admdb.sqlite
[2025-08-07 10:29:27] INFO: INI ALAMAT TABLENYA :  D:\Work\ARYA-WMS-SHOPPIE\ANG19\wmshopee\.angular\prerender-root\da476e04-cdbe-4d44-b70b-5b7561912f9e\data\admdb.sqlite
[2025-08-07 10:29:34] INFO: INI ALAMAT TABLENYA :  D:\Work\ARYA-WMS-SHOPPIE\ANG19\wmshopee\dist\wmshopee\server\data\admdb.sqlite
[2025-08-07 10:33:40] INFO: INI ALAMAT TABLENYA :  D:\Work\ARYA-WMS-SHOPPIE\ANG19\wmshopee\.angular\prerender-root\1ec03e45-487b-4ca5-bd89-98b6cfd4d047\data\admdb.sqlite
[2025-08-07 10:33:41] INFO: INI ALAMAT TABLENYA :  D:\Work\ARYA-WMS-SHOPPIE\ANG19\wmshopee\.angular\prerender-root\3004f862-5291-482e-beff-f8fb869385ba\data\admdb.sqlite
[2025-08-07 10:33:41] INFO: INI ALAMAT TABLENYA :  D:\Work\ARYA-WMS-SHOPPIE\ANG19\wmshopee\.angular\prerender-root\8acb1cfd-3c0b-4bb4-87f8-9bc1fee01b58\data\admdb.sqlite
[2025-08-07 10:33:41] INFO: INI ALAMAT TABLENYA :  D:\Work\ARYA-WMS-SHOPPIE\ANG19\wmshopee\.angular\prerender-root\00c67e6b-75a0-4570-b99a-859d569d57ff\data\admdb.sqlite
[2025-08-07 10:33:41] INFO: INI ALAMAT TABLENYA :  D:\Work\ARYA-WMS-SHOPPIE\ANG19\wmshopee\.angular\prerender-root\8ad46aa0-a5ff-478e-9b56-dba86babb2d7\data\admdb.sqlite
[2025-08-07 10:33:49] INFO: INI ALAMAT TABLENYA :  D:\Work\ARYA-WMS-SHOPPIE\ANG19\wmshopee\dist\wmshopee\server\data\admdb.sqlite
[2025-08-07 10:35:01] INFO: INI ALAMAT TABLENYA :  D:\Work\ARYA-WMS-SHOPPIE\ANG19\wmshopee\.angular\prerender-root\53fcadd0-6c3b-411a-aece-358fcb0135d2\data\admdb.sqlite
[2025-08-07 10:35:03] INFO: INI ALAMAT TABLENYA :  D:\Work\ARYA-WMS-SHOPPIE\ANG19\wmshopee\.angular\prerender-root\2272a37b-0313-4855-9d08-e68c2017f5e9\data\admdb.sqlite
[2025-08-07 10:35:03] INFO: INI ALAMAT TABLENYA :  D:\Work\ARYA-WMS-SHOPPIE\ANG19\wmshopee\.angular\prerender-root\58e0c262-e34f-4461-8da7-b0a6135bca72\data\admdb.sqlite
[2025-08-07 10:35:03] INFO: INI ALAMAT TABLENYA :  D:\Work\ARYA-WMS-SHOPPIE\ANG19\wmshopee\.angular\prerender-root\de052de8-8ddb-4809-be0e-441fcb91057c\data\admdb.sqlite
[2025-08-07 10:35:03] INFO: INI ALAMAT TABLENYA :  D:\Work\ARYA-WMS-SHOPPIE\ANG19\wmshopee\.angular\prerender-root\39524d5b-ff2a-46f0-8731-14c0343f7022\data\admdb.sqlite
[2025-08-07 10:35:15] INFO: INI ALAMAT TABLENYA :  D:\Work\ARYA-WMS-SHOPPIE\ANG19\wmshopee\dist\wmshopee\server\data\admdb.sqlite
[2025-08-07 10:40:20] INFO: INI ALAMAT TABLENYA :  D:\Work\ARYA-WMS-SHOPPIE\ANG19\wmshopee\.angular\prerender-root\a2902ec5-f1f0-43d4-befd-cf2273a6dc9c\data\admdb.sqlite
[2025-08-07 10:40:22] INFO: INI ALAMAT TABLENYA :  D:\Work\ARYA-WMS-SHOPPIE\ANG19\wmshopee\.angular\prerender-root\19b2dace-0d53-4bb5-a378-3881d72bbd0a\data\admdb.sqlite
[2025-08-07 10:40:22] INFO: INI ALAMAT TABLENYA :  D:\Work\ARYA-WMS-SHOPPIE\ANG19\wmshopee\.angular\prerender-root\65e915cd-f0ec-479f-8b2e-80786ad2e2cd\data\admdb.sqlite
[2025-08-07 10:40:22] INFO: INI ALAMAT TABLENYA :  D:\Work\ARYA-WMS-SHOPPIE\ANG19\wmshopee\.angular\prerender-root\ecb93a43-ef97-412a-9b53-91ac7cbe1a96\data\admdb.sqlite
[2025-08-07 10:40:22] INFO: INI ALAMAT TABLENYA :  D:\Work\ARYA-WMS-SHOPPIE\ANG19\wmshopee\.angular\prerender-root\f1ab9fc5-1af2-4540-b562-82ab86345cbf\data\admdb.sqlite
[2025-08-07 10:40:35] INFO: INI ALAMAT TABLENYA :  D:\Work\ARYA-WMS-SHOPPIE\ANG19\wmshopee\dist\wmshopee\server\data\admdb.sqlite
[2025-08-07 10:42:51] INFO: INI ALAMAT TABLENYA :  D:\Work\ARYA-WMS-SHOPPIE\ANG19\wmshopee\.angular\prerender-root\615a1c29-02d5-44b0-9e35-732590023c65\data\admdb.sqlite
[2025-08-07 10:42:52] INFO: INI ALAMAT TABLENYA :  D:\Work\ARYA-WMS-SHOPPIE\ANG19\wmshopee\.angular\prerender-root\d7a9b743-9b73-4637-94c5-3e79860bfa82\data\admdb.sqlite
[2025-08-07 10:42:52] INFO: INI ALAMAT TABLENYA :  D:\Work\ARYA-WMS-SHOPPIE\ANG19\wmshopee\.angular\prerender-root\f376667d-3a55-4a0c-b10d-e891d73634be\data\admdb.sqlite
[2025-08-07 10:42:52] INFO: INI ALAMAT TABLENYA :  D:\Work\ARYA-WMS-SHOPPIE\ANG19\wmshopee\.angular\prerender-root\c58c4b6d-dc55-4b78-8301-7e3cd8013470\data\admdb.sqlite
[2025-08-07 10:42:52] INFO: INI ALAMAT TABLENYA :  D:\Work\ARYA-WMS-SHOPPIE\ANG19\wmshopee\.angular\prerender-root\3e80cb90-4e34-44ee-9d00-71d94ad2ff8d\data\admdb.sqlite
[2025-08-07 10:42:58] INFO: INI ALAMAT TABLENYA :  D:\Work\ARYA-WMS-SHOPPIE\ANG19\wmshopee\dist\wmshopee\server\data\admdb.sqlite
[2025-08-07 10:43:28] INFO: INI ALAMAT TABLENYA :  D:\Work\ARYA-WMS-SHOPPIE\ANG19\wmshopee\.angular\prerender-root\75aee397-86a1-4dd0-8d59-dbf6f155974c\data\admdb.sqlite
[2025-08-07 10:43:30] INFO: INI ALAMAT TABLENYA :  D:\Work\ARYA-WMS-SHOPPIE\ANG19\wmshopee\.angular\prerender-root\48fba21b-4eda-43e9-a6ca-14bfc02630ee\data\admdb.sqlite
[2025-08-07 10:43:30] INFO: INI ALAMAT TABLENYA :  D:\Work\ARYA-WMS-SHOPPIE\ANG19\wmshopee\.angular\prerender-root\6c2c32ea-deb5-4730-8307-f3dd9ba4e858\data\admdb.sqlite
[2025-08-07 10:43:30] INFO: INI ALAMAT TABLENYA :  D:\Work\ARYA-WMS-SHOPPIE\ANG19\wmshopee\.angular\prerender-root\0f6c3de2-edf6-4215-88b5-de1581638ebd\data\admdb.sqlite
[2025-08-07 10:43:30] INFO: INI ALAMAT TABLENYA :  D:\Work\ARYA-WMS-SHOPPIE\ANG19\wmshopee\.angular\prerender-root\53c72aa7-cef4-40a0-a12d-df50f24ab454\data\admdb.sqlite
[2025-08-07 10:43:35] INFO: INI ALAMAT TABLENYA :  D:\Work\ARYA-WMS-SHOPPIE\ANG19\wmshopee\dist\wmshopee\server\data\admdb.sqlite
[2025-08-07 10:52:50] INFO: INI ALAMAT TABLENYA :  D:\Work\ARYA-WMS-SHOPPIE\ANG19\wmshopee\.angular\prerender-root\b0b33334-a3cf-4223-865c-09a8c43cfb48\data\admdb.sqlite
[2025-08-07 10:52:52] INFO: INI ALAMAT TABLENYA :  D:\Work\ARYA-WMS-SHOPPIE\ANG19\wmshopee\.angular\prerender-root\73e34952-4e39-4002-bec1-bcd506a3b8c3\data\admdb.sqlite
[2025-08-07 10:52:52] INFO: INI ALAMAT TABLENYA :  D:\Work\ARYA-WMS-SHOPPIE\ANG19\wmshopee\.angular\prerender-root\9aae92aa-df25-4c34-9069-2eb58511a31c\data\admdb.sqlite
[2025-08-07 10:52:52] INFO: INI ALAMAT TABLENYA :  D:\Work\ARYA-WMS-SHOPPIE\ANG19\wmshopee\.angular\prerender-root\ca3c738d-b55d-4f03-9314-cc47b6bda895\data\admdb.sqlite
[2025-08-07 10:52:52] INFO: INI ALAMAT TABLENYA :  D:\Work\ARYA-WMS-SHOPPIE\ANG19\wmshopee\.angular\prerender-root\da6e94fc-b1c0-46e1-b645-79b125468bbd\data\admdb.sqlite
[2025-08-07 10:52:57] INFO: INI ALAMAT TABLENYA :  D:\Work\ARYA-WMS-SHOPPIE\ANG19\wmshopee\dist\wmshopee\server\data\admdb.sqlite
[2025-08-07 11:01:42] INFO: INI ALAMAT TABLENYA :  D:\Work\ARYA-WMS-SHOPPIE\ANG19\wmshopee\.angular\prerender-root\835c2901-aa5b-454a-8fd8-01dc156f65f6\data\admdb.sqlite
[2025-08-07 11:01:43] INFO: INI ALAMAT TABLENYA :  D:\Work\ARYA-WMS-SHOPPIE\ANG19\wmshopee\.angular\prerender-root\e53bcfea-ab6b-4b60-a225-2a28b508c6ec\data\admdb.sqlite
[2025-08-07 11:01:43] INFO: INI ALAMAT TABLENYA :  D:\Work\ARYA-WMS-SHOPPIE\ANG19\wmshopee\.angular\prerender-root\4c255bfe-0f2f-4cdf-88bc-50fb3a320629\data\admdb.sqlite
[2025-08-07 11:01:43] INFO: INI ALAMAT TABLENYA :  D:\Work\ARYA-WMS-SHOPPIE\ANG19\wmshopee\.angular\prerender-root\837a0841-1b77-418a-977e-328d224f1d09\data\admdb.sqlite
[2025-08-07 11:01:43] INFO: INI ALAMAT TABLENYA :  D:\Work\ARYA-WMS-SHOPPIE\ANG19\wmshopee\.angular\prerender-root\6385b6e2-843d-4add-ad0a-acdbe3251c12\data\admdb.sqlite
[2025-08-07 11:01:54] INFO: INI ALAMAT TABLENYA :  D:\Work\ARYA-WMS-SHOPPIE\ANG19\wmshopee\dist\wmshopee\server\data\admdb.sqlite
[2025-08-07 11:03:31] INFO: INI ALAMAT TABLENYA :  D:\Work\ARYA-WMS-SHOPPIE\ANG19\wmshopee\.angular\prerender-root\5e60af0b-e320-40e6-b768-b00a0ec9500c\data\admdb.sqlite
[2025-08-07 11:03:33] INFO: INI ALAMAT TABLENYA :  D:\Work\ARYA-WMS-SHOPPIE\ANG19\wmshopee\.angular\prerender-root\1ede5ec0-a745-4eaf-84c1-b46cbf8465a3\data\admdb.sqlite
[2025-08-07 11:03:33] INFO: INI ALAMAT TABLENYA :  D:\Work\ARYA-WMS-SHOPPIE\ANG19\wmshopee\.angular\prerender-root\df54f44e-7e5e-4f98-9c01-d172b52d55b9\data\admdb.sqlite
[2025-08-07 11:03:33] INFO: INI ALAMAT TABLENYA :  D:\Work\ARYA-WMS-SHOPPIE\ANG19\wmshopee\.angular\prerender-root\4d7166db-3a49-4512-ae72-6741d7f9b2a3\data\admdb.sqlite
[2025-08-07 11:03:33] INFO: INI ALAMAT TABLENYA :  D:\Work\ARYA-WMS-SHOPPIE\ANG19\wmshopee\.angular\prerender-root\65fd8ad6-a626-41e1-8d50-618c800d708e\data\admdb.sqlite
[2025-08-07 11:03:38] INFO: INI ALAMAT TABLENYA :  D:\Work\ARYA-WMS-SHOPPIE\ANG19\wmshopee\dist\wmshopee\server\data\admdb.sqlite
[2025-08-07 11:22:00] INFO: INI ALAMAT TABLENYA :  D:\Work\ARYA-WMS-SHOPPIE\ANG19\wmshopee\.angular\prerender-root\c47f4356-176a-4bda-9b02-a7e5150dc9cf\data\admdb.sqlite
[2025-08-07 11:22:01] INFO: INI ALAMAT TABLENYA :  D:\Work\ARYA-WMS-SHOPPIE\ANG19\wmshopee\.angular\prerender-root\1e01fdd3-227d-4943-868a-1ecc82e77a28\data\admdb.sqlite
[2025-08-07 11:22:01] INFO: INI ALAMAT TABLENYA :  D:\Work\ARYA-WMS-SHOPPIE\ANG19\wmshopee\.angular\prerender-root\cc234b0a-0ec2-4cf6-888b-474a7e794668\data\admdb.sqlite
[2025-08-07 11:22:01] INFO: INI ALAMAT TABLENYA :  D:\Work\ARYA-WMS-SHOPPIE\ANG19\wmshopee\.angular\prerender-root\ee782579-a010-4261-ba29-2028e5862b8e\data\admdb.sqlite
[2025-08-07 11:22:01] INFO: INI ALAMAT TABLENYA :  D:\Work\ARYA-WMS-SHOPPIE\ANG19\wmshopee\.angular\prerender-root\f09b2bfd-eb84-440a-9c02-b90ddbb64aa7\data\admdb.sqlite
[2025-08-07 11:23:07] INFO: INI ALAMAT TABLENYA :  D:\Work\ARYA-WMS-SHOPPIE\ANG19\wmshopee\.angular\prerender-root\c1c1661f-dbe9-4aad-8f50-bcf5a21e16e1\data\admdb.sqlite
[2025-08-07 11:23:08] INFO: INI ALAMAT TABLENYA :  D:\Work\ARYA-WMS-SHOPPIE\ANG19\wmshopee\.angular\prerender-root\cf0c180a-a23a-4cc6-b998-e152f534cafe\data\admdb.sqlite
[2025-08-07 11:23:08] INFO: INI ALAMAT TABLENYA :  D:\Work\ARYA-WMS-SHOPPIE\ANG19\wmshopee\.angular\prerender-root\0a6b60ae-006b-4d5c-8a85-f75d4b39ed94\data\admdb.sqlite
[2025-08-07 11:23:08] INFO: INI ALAMAT TABLENYA :  D:\Work\ARYA-WMS-SHOPPIE\ANG19\wmshopee\.angular\prerender-root\9d95f787-9dd9-4381-a391-dae5cb924a52\data\admdb.sqlite
[2025-08-07 11:23:08] INFO: INI ALAMAT TABLENYA :  D:\Work\ARYA-WMS-SHOPPIE\ANG19\wmshopee\.angular\prerender-root\8e2dffd6-705c-4ce4-836a-60b10a83e81e\data\admdb.sqlite
[2025-08-07 11:23:14] INFO: INI ALAMAT TABLENYA :  D:\Work\ARYA-WMS-SHOPPIE\ANG19\wmshopee\dist\wmshopee\server\data\admdb.sqlite
[2025-08-07 11:24:15] INFO: INI ALAMAT TABLENYA :  D:\Work\ARYA-WMS-SHOPPIE\ANG19\wmshopee\.angular\prerender-root\8098784f-196d-477f-8b39-4bf028412a17\data\admdb.sqlite
[2025-08-07 11:24:17] INFO: INI ALAMAT TABLENYA :  D:\Work\ARYA-WMS-SHOPPIE\ANG19\wmshopee\.angular\prerender-root\2ad7b3e7-00f6-4c6f-88e5-59286fa7651f\data\admdb.sqlite
[2025-08-07 11:24:17] INFO: INI ALAMAT TABLENYA :  D:\Work\ARYA-WMS-SHOPPIE\ANG19\wmshopee\.angular\prerender-root\aa6135e0-4de9-48ae-8987-c2ba6896064b\data\admdb.sqlite
[2025-08-07 11:24:17] INFO: INI ALAMAT TABLENYA :  D:\Work\ARYA-WMS-SHOPPIE\ANG19\wmshopee\.angular\prerender-root\7dcbe3c3-14e6-45aa-89ff-ea1cb8b4d506\data\admdb.sqlite
[2025-08-07 11:24:17] INFO: INI ALAMAT TABLENYA :  D:\Work\ARYA-WMS-SHOPPIE\ANG19\wmshopee\.angular\prerender-root\af3d92f6-1479-47df-b1ae-e7c03fe0ffca\data\admdb.sqlite
[2025-08-07 11:24:22] INFO: INI ALAMAT TABLENYA :  D:\Work\ARYA-WMS-SHOPPIE\ANG19\wmshopee\dist\wmshopee\server\data\admdb.sqlite
[2025-08-07 11:26:54] INFO: INI ALAMAT TABLENYA :  D:\Work\ARYA-WMS-SHOPPIE\ANG19\wmshopee\.angular\prerender-root\0de599cf-ec2e-48c2-858e-0a953a834985\data\admdb.sqlite
[2025-08-07 11:26:56] INFO: INI ALAMAT TABLENYA :  D:\Work\ARYA-WMS-SHOPPIE\ANG19\wmshopee\.angular\prerender-root\2cf9f69b-f6fc-4664-89c3-abca59efa3f8\data\admdb.sqlite
[2025-08-07 11:26:56] INFO: INI ALAMAT TABLENYA :  D:\Work\ARYA-WMS-SHOPPIE\ANG19\wmshopee\.angular\prerender-root\8ad09cf4-0524-480d-96f5-0d6867145f49\data\admdb.sqlite
[2025-08-07 11:26:56] INFO: INI ALAMAT TABLENYA :  D:\Work\ARYA-WMS-SHOPPIE\ANG19\wmshopee\.angular\prerender-root\fe3e77fd-3c3a-46e1-bd58-8dbd77631fcb\data\admdb.sqlite
[2025-08-07 11:26:56] INFO: INI ALAMAT TABLENYA :  D:\Work\ARYA-WMS-SHOPPIE\ANG19\wmshopee\.angular\prerender-root\120e1a50-1afa-4fbe-af03-8dda0d6d40de\data\admdb.sqlite
[2025-08-07 11:28:20] INFO: INI ALAMAT TABLENYA :  D:\Work\ARYA-WMS-SHOPPIE\ANG19\wmshopee\.angular\prerender-root\3b321ae3-6601-48d1-8cc4-a8e477820974\data\admdb.sqlite
[2025-08-07 11:28:21] INFO: INI ALAMAT TABLENYA :  D:\Work\ARYA-WMS-SHOPPIE\ANG19\wmshopee\.angular\prerender-root\33339980-1ac5-45c9-8bbd-14ea5ec60bb5\data\admdb.sqlite
[2025-08-07 11:28:21] INFO: INI ALAMAT TABLENYA :  D:\Work\ARYA-WMS-SHOPPIE\ANG19\wmshopee\.angular\prerender-root\3eb2e2df-7836-493c-840a-ed2b7a279a15\data\admdb.sqlite
[2025-08-07 11:28:21] INFO: INI ALAMAT TABLENYA :  D:\Work\ARYA-WMS-SHOPPIE\ANG19\wmshopee\.angular\prerender-root\42a31297-44f0-4d94-b8ca-840ba64681a0\data\admdb.sqlite
[2025-08-07 11:28:21] INFO: INI ALAMAT TABLENYA :  D:\Work\ARYA-WMS-SHOPPIE\ANG19\wmshopee\.angular\prerender-root\11621fc3-3197-4904-81ec-93ed7218b41d\data\admdb.sqlite
[2025-08-07 11:28:27] INFO: INI ALAMAT TABLENYA :  D:\Work\ARYA-WMS-SHOPPIE\ANG19\wmshopee\dist\wmshopee\server\data\admdb.sqlite
[2025-08-07 11:30:44] INFO: INI ALAMAT TABLENYA :  D:\Work\ARYA-WMS-SHOPPIE\ANG19\wmshopee\.angular\prerender-root\7391a557-acaa-4eb4-b776-8e59fedb2f28\data\admdb.sqlite
[2025-08-07 11:30:46] INFO: INI ALAMAT TABLENYA :  D:\Work\ARYA-WMS-SHOPPIE\ANG19\wmshopee\.angular\prerender-root\47641fbd-8b5b-49af-874f-63cdab22436f\data\admdb.sqlite
[2025-08-07 11:30:46] INFO: INI ALAMAT TABLENYA :  D:\Work\ARYA-WMS-SHOPPIE\ANG19\wmshopee\.angular\prerender-root\66153ded-1055-4c24-b763-ccde4bfdf171\data\admdb.sqlite
[2025-08-07 11:30:46] INFO: INI ALAMAT TABLENYA :  D:\Work\ARYA-WMS-SHOPPIE\ANG19\wmshopee\.angular\prerender-root\17d33254-1455-4756-b166-1d5d2dc489aa\data\admdb.sqlite
[2025-08-07 11:30:46] INFO: INI ALAMAT TABLENYA :  D:\Work\ARYA-WMS-SHOPPIE\ANG19\wmshopee\.angular\prerender-root\d9a4ec1f-b4ab-499e-acf9-ce896386faf3\data\admdb.sqlite
[2025-08-07 11:30:55] INFO: INI ALAMAT TABLENYA :  D:\Work\ARYA-WMS-SHOPPIE\ANG19\wmshopee\dist\wmshopee\server\data\admdb.sqlite
[2025-08-07 11:40:20] INFO: INI ALAMAT TABLENYA :  D:\Work\ARYA-WMS-SHOPPIE\ANG19\wmshopee\.angular\prerender-root\9edfb813-bb99-460b-8249-624ad98113f9\data\admdb.sqlite
[2025-08-07 11:40:21] INFO: INI ALAMAT TABLENYA :  D:\Work\ARYA-WMS-SHOPPIE\ANG19\wmshopee\.angular\prerender-root\36a740ae-1f7f-4d70-8120-b758d2e5f782\data\admdb.sqlite
[2025-08-07 11:40:21] INFO: INI ALAMAT TABLENYA :  D:\Work\ARYA-WMS-SHOPPIE\ANG19\wmshopee\.angular\prerender-root\eb6242ba-025a-4f99-8aaf-bed53eab78aa\data\admdb.sqlite
[2025-08-07 11:40:21] INFO: INI ALAMAT TABLENYA :  D:\Work\ARYA-WMS-SHOPPIE\ANG19\wmshopee\.angular\prerender-root\b8620202-f43f-4766-8ca6-c1f0e3a92aaf\data\admdb.sqlite
[2025-08-07 11:40:21] INFO: INI ALAMAT TABLENYA :  D:\Work\ARYA-WMS-SHOPPIE\ANG19\wmshopee\.angular\prerender-root\767f3b59-3671-4ca4-ab5a-6e65d2f47298\data\admdb.sqlite
[2025-08-07 11:40:30] INFO: INI ALAMAT TABLENYA :  D:\Work\ARYA-WMS-SHOPPIE\ANG19\wmshopee\dist\wmshopee\server\data\admdb.sqlite
[2025-08-07 11:41:39] INFO: INI ALAMAT TABLENYA :  D:\Work\ARYA-WMS-SHOPPIE\ANG19\wmshopee\.angular\prerender-root\5f24d8fc-81c8-4e58-b2a9-b11e58c0a90c\data\admdb.sqlite
[2025-08-07 11:41:41] INFO: INI ALAMAT TABLENYA :  D:\Work\ARYA-WMS-SHOPPIE\ANG19\wmshopee\.angular\prerender-root\8b27f4a2-33a6-4a3c-9f52-170d25784fd5\data\admdb.sqlite
[2025-08-07 11:41:41] INFO: INI ALAMAT TABLENYA :  D:\Work\ARYA-WMS-SHOPPIE\ANG19\wmshopee\.angular\prerender-root\465d11b4-625b-4ab3-b22b-cd3f2cb63ea3\data\admdb.sqlite
[2025-08-07 11:41:41] INFO: INI ALAMAT TABLENYA :  D:\Work\ARYA-WMS-SHOPPIE\ANG19\wmshopee\.angular\prerender-root\a1d8e2d2-b02e-4fa1-b6eb-d55b41e08432\data\admdb.sqlite
[2025-08-07 11:41:41] INFO: INI ALAMAT TABLENYA :  D:\Work\ARYA-WMS-SHOPPIE\ANG19\wmshopee\.angular\prerender-root\667131fa-961f-4959-b1c3-dd6c4ed69061\data\admdb.sqlite
[2025-08-07 11:41:48] INFO: INI ALAMAT TABLENYA :  D:\Work\ARYA-WMS-SHOPPIE\ANG19\wmshopee\dist\wmshopee\server\data\admdb.sqlite
[2025-08-07 12:09:48] INFO: INI ALAMAT TABLENYA :  D:\Work\ARYA-WMS-SHOPPIE\ANG19\wmshopee\.angular\prerender-root\f53a1c72-2a1d-436b-a18c-6f4b206ef58c\data\admdb.sqlite
[2025-08-07 12:09:49] INFO: INI ALAMAT TABLENYA :  D:\Work\ARYA-WMS-SHOPPIE\ANG19\wmshopee\.angular\prerender-root\6458c753-54f2-4ddc-a5fe-f7a846f7d26f\data\admdb.sqlite
[2025-08-07 12:09:49] INFO: INI ALAMAT TABLENYA :  D:\Work\ARYA-WMS-SHOPPIE\ANG19\wmshopee\.angular\prerender-root\468239f4-d636-4604-98c4-b4cedecd3492\data\admdb.sqlite
[2025-08-07 12:09:49] INFO: INI ALAMAT TABLENYA :  D:\Work\ARYA-WMS-SHOPPIE\ANG19\wmshopee\.angular\prerender-root\334be7e2-efdf-4b75-b348-594c4d965e3b\data\admdb.sqlite
[2025-08-07 12:09:49] INFO: INI ALAMAT TABLENYA :  D:\Work\ARYA-WMS-SHOPPIE\ANG19\wmshopee\.angular\prerender-root\b72444f0-bfff-4503-91d5-e9e06e20ccf9\data\admdb.sqlite
[2025-08-07 12:09:58] INFO: INI ALAMAT TABLENYA :  D:\Work\ARYA-WMS-SHOPPIE\ANG19\wmshopee\dist\wmshopee\server\data\admdb.sqlite
[2025-08-07 12:12:47] INFO: INI ALAMAT TABLENYA :  D:\Work\ARYA-WMS-SHOPPIE\ANG19\wmshopee\.angular\prerender-root\07393e4a-d862-46e3-9fa4-e5d59d4b5691\data\admdb.sqlite
[2025-08-07 12:12:49] INFO: INI ALAMAT TABLENYA :  D:\Work\ARYA-WMS-SHOPPIE\ANG19\wmshopee\.angular\prerender-root\1983d1af-6a42-4d80-af63-9edda34d30c1\data\admdb.sqlite
[2025-08-07 12:12:49] INFO: INI ALAMAT TABLENYA :  D:\Work\ARYA-WMS-SHOPPIE\ANG19\wmshopee\.angular\prerender-root\91325d64-a9b8-4c46-84a7-1191e45480be\data\admdb.sqlite
[2025-08-07 12:12:49] INFO: INI ALAMAT TABLENYA :  D:\Work\ARYA-WMS-SHOPPIE\ANG19\wmshopee\.angular\prerender-root\c21d16a9-3d43-4605-9cd9-2768b737c8c7\data\admdb.sqlite
[2025-08-07 12:12:49] INFO: INI ALAMAT TABLENYA :  D:\Work\ARYA-WMS-SHOPPIE\ANG19\wmshopee\.angular\prerender-root\562bd0b4-25cc-4d8a-a1f3-dc9568c35815\data\admdb.sqlite
[2025-08-07 12:26:09] INFO: INI ALAMAT TABLENYA :  D:\Work\ARYA-WMS-SHOPPIE\ANG19\wmshopee\.angular\prerender-root\ec34859f-ce72-4364-8987-a1e3e61ae615\data\admdb.sqlite
[2025-08-07 12:26:10] INFO: INI ALAMAT TABLENYA :  D:\Work\ARYA-WMS-SHOPPIE\ANG19\wmshopee\.angular\prerender-root\0ab4a7b3-639c-45dd-89e6-36aa5fbd3c0c\data\admdb.sqlite
[2025-08-07 12:26:10] INFO: INI ALAMAT TABLENYA :  D:\Work\ARYA-WMS-SHOPPIE\ANG19\wmshopee\.angular\prerender-root\15ae9a2e-48f0-45cc-b090-b05cc97e32c7\data\admdb.sqlite
[2025-08-07 12:26:10] INFO: INI ALAMAT TABLENYA :  D:\Work\ARYA-WMS-SHOPPIE\ANG19\wmshopee\.angular\prerender-root\b7726155-d706-4e4d-9ea7-841a9d364c62\data\admdb.sqlite
[2025-08-07 12:26:10] INFO: INI ALAMAT TABLENYA :  D:\Work\ARYA-WMS-SHOPPIE\ANG19\wmshopee\.angular\prerender-root\68930ec1-18c1-4946-9440-4cd079a8e008\data\admdb.sqlite
[2025-08-07 15:43:02] INFO: INI ALAMAT TABLENYA :  D:\Work\ARYA-WMS-SHOPPIE\ANG19\wmshopee\dist\wmshopee\server\data\admdb.sqlite
[2025-08-07 15:43:07] INFO: ✅ Shopee get List Error: {"error":"invalid_acceess_token","message":"Invalid access_token, please have a check.","request_id":"e3e3e7f33bc2725f34062a41de9e8200"}
[2025-08-07 15:43:07] INFO: ✅ Shopee get List Error: {"error":"invalid_acceess_token","message":"Invalid access_token, please have a check.","request_id":"e3e3e7f33bc2725f38a13c7848e6d800"}
[2025-08-07 15:43:07] INFO: Update data token : 
[2025-08-07 15:43:07] INFO: Update data token : 
[2025-08-07 15:46:32] INFO: INI ALAMAT TABLENYA :  D:\Work\ARYA-WMS-SHOPPIE\ANG19\wmshopee\.angular\prerender-root\2cf1fb3e-7f2d-4caf-be5a-73be62e9c3c6\data\admdb.sqlite
[2025-08-07 15:46:35] INFO: INI ALAMAT TABLENYA :  D:\Work\ARYA-WMS-SHOPPIE\ANG19\wmshopee\.angular\prerender-root\205b3f66-6fec-446e-a1a6-0f655f94f27f\data\admdb.sqlite
[2025-08-07 15:46:35] INFO: INI ALAMAT TABLENYA :  D:\Work\ARYA-WMS-SHOPPIE\ANG19\wmshopee\.angular\prerender-root\e087ec11-f4a9-44cc-bf84-acf7b9f7c20c\data\admdb.sqlite
[2025-08-07 15:46:35] INFO: INI ALAMAT TABLENYA :  D:\Work\ARYA-WMS-SHOPPIE\ANG19\wmshopee\.angular\prerender-root\90533d1c-3e2d-4474-8a74-b90fd8c48c4f\data\admdb.sqlite
[2025-08-07 15:46:35] INFO: INI ALAMAT TABLENYA :  D:\Work\ARYA-WMS-SHOPPIE\ANG19\wmshopee\.angular\prerender-root\c2046c5f-61cc-4b58-a8f2-8b7c939c2e59\data\admdb.sqlite
[2025-08-07 15:47:00] INFO: INI ALAMAT TABLENYA :  D:\Work\ARYA-WMS-SHOPPIE\ANG19\wmshopee\.angular\prerender-root\04a3c3f1-bbc1-4378-bad0-c90e7db73c35\data\admdb.sqlite
[2025-08-07 15:47:02] INFO: INI ALAMAT TABLENYA :  D:\Work\ARYA-WMS-SHOPPIE\ANG19\wmshopee\.angular\prerender-root\b35bc9d8-6031-45c0-8bb8-191e9d0b4f96\data\admdb.sqlite
[2025-08-07 15:47:02] INFO: INI ALAMAT TABLENYA :  D:\Work\ARYA-WMS-SHOPPIE\ANG19\wmshopee\.angular\prerender-root\9663bd62-fc1e-4499-9c24-f3862aa20636\data\admdb.sqlite
[2025-08-07 15:47:02] INFO: INI ALAMAT TABLENYA :  D:\Work\ARYA-WMS-SHOPPIE\ANG19\wmshopee\.angular\prerender-root\5e772c32-b4b1-4c3c-b546-0e84ca0eb002\data\admdb.sqlite
[2025-08-07 15:47:02] INFO: INI ALAMAT TABLENYA :  D:\Work\ARYA-WMS-SHOPPIE\ANG19\wmshopee\.angular\prerender-root\93295a6c-614c-407c-b9e1-d0b1ea88d6af\data\admdb.sqlite
[2025-08-07 15:47:10] INFO: INI ALAMAT TABLENYA :  D:\Work\ARYA-WMS-SHOPPIE\ANG19\wmshopee\dist\wmshopee\server\data\admdb.sqlite
[2025-08-07 15:47:17] INFO: ✅ Shopee get List Error: {"error":"invalid_acceess_token","message":"Invalid access_token, please have a check.","request_id":"e3e3e7f33bc2814148aff8c41b140b00"}
[2025-08-07 15:47:17] INFO: ✅ Shopee get List Error: {"error":"invalid_acceess_token","message":"Invalid access_token, please have a check.","request_id":"e3e3e7f33bc2814151f7c787d5455800"}
[2025-08-07 15:47:17] INFO: Update data token : 
[2025-08-07 15:47:17] INFO: Update data token : 
[2025-08-07 15:49:02] INFO: INI ALAMAT TABLENYA :  D:\Work\ARYA-WMS-SHOPPIE\ANG19\wmshopee\.angular\prerender-root\41935cbe-1b16-4b50-91dd-aa3645713780\data\admdb.sqlite
[2025-08-07 15:49:05] INFO: INI ALAMAT TABLENYA :  D:\Work\ARYA-WMS-SHOPPIE\ANG19\wmshopee\.angular\prerender-root\d36cd3af-1290-48f4-9b88-dbaea87dd8d9\data\admdb.sqlite
[2025-08-07 15:49:05] INFO: INI ALAMAT TABLENYA :  D:\Work\ARYA-WMS-SHOPPIE\ANG19\wmshopee\.angular\prerender-root\9be4121e-ddba-4ccb-b21c-e6d1ca3193bb\data\admdb.sqlite
[2025-08-07 15:49:05] INFO: INI ALAMAT TABLENYA :  D:\Work\ARYA-WMS-SHOPPIE\ANG19\wmshopee\.angular\prerender-root\d9cbd7e8-ad22-48f3-92d2-b845b6bf9ae2\data\admdb.sqlite
[2025-08-07 15:49:05] INFO: INI ALAMAT TABLENYA :  D:\Work\ARYA-WMS-SHOPPIE\ANG19\wmshopee\.angular\prerender-root\1545e7e2-e0cf-412f-9057-d30323c426f7\data\admdb.sqlite
[2025-08-07 15:49:13] INFO: INI ALAMAT TABLENYA :  D:\Work\ARYA-WMS-SHOPPIE\ANG19\wmshopee\dist\wmshopee\server\data\admdb.sqlite
[2025-08-07 15:49:21] INFO: ✅ Shopee get List Error: {"error":"invalid_acceess_token","message":"Invalid access_token, please have a check.","request_id":"e3e3e7f33bc2889e74ce60a92f643000"}
[2025-08-07 15:49:21] INFO: ✅ Shopee get List Error: {"error":"invalid_acceess_token","message":"Invalid access_token, please have a check.","request_id":"e3e3e7f33bc2889e7c254435d341f500"}
[2025-08-07 15:49:21] INFO: Update data token : 
[2025-08-07 15:49:21] INFO: Update data token : 
[2025-08-07 15:50:34] INFO: ✅ Sudah di List  0
[2025-08-07 15:50:53] INFO: ✅ Sudah di List  0
[2025-08-07 15:51:03] INFO: ✅ Sudah di List  0
[2025-08-07 15:51:12] INFO: ✅ Sudah di List  3
[2025-08-07 15:51:40] INFO: ✅ Sudah di List  47
[2025-08-07 15:54:27] INFO: INI ALAMAT TABLENYA :  D:\Work\ARYA-WMS-SHOPPIE\ANG19\wmshopee\dist\wmshopee\server\data\admdb.sqlite
[2025-08-07 16:19:31] INFO: INI ALAMAT TABLENYA :  D:\Work\ARYA-WMS-SHOPPIE\ANG19\wmshopee\.angular\prerender-root\07840163-d25b-4899-a440-75e40e6fb130\data\admdb.sqlite
[2025-08-07 16:19:33] INFO: INI ALAMAT TABLENYA :  D:\Work\ARYA-WMS-SHOPPIE\ANG19\wmshopee\.angular\prerender-root\336ce845-2d26-4b00-907a-a1fc6c359ae7\data\admdb.sqlite
[2025-08-07 16:19:33] INFO: INI ALAMAT TABLENYA :  D:\Work\ARYA-WMS-SHOPPIE\ANG19\wmshopee\.angular\prerender-root\1e519d5b-bb5f-4f34-acb0-996199eb090a\data\admdb.sqlite
[2025-08-07 16:19:33] INFO: INI ALAMAT TABLENYA :  D:\Work\ARYA-WMS-SHOPPIE\ANG19\wmshopee\.angular\prerender-root\06aecf9e-3648-4d6b-b9da-7f0f13f29e69\data\admdb.sqlite
[2025-08-07 16:19:33] INFO: INI ALAMAT TABLENYA :  D:\Work\ARYA-WMS-SHOPPIE\ANG19\wmshopee\.angular\prerender-root\a836f298-12d9-4ee5-afec-77879ad30008\data\admdb.sqlite
[2025-08-07 16:51:34] INFO: INI ALAMAT TABLENYA :  D:\Work\ARYA-WMS-SHOPPIE\ANG19\wmshopee\.angular\prerender-root\fde41ba3-e345-469b-ab50-14c9706ca21f\data\admdb.sqlite
[2025-08-07 16:51:36] INFO: INI ALAMAT TABLENYA :  D:\Work\ARYA-WMS-SHOPPIE\ANG19\wmshopee\.angular\prerender-root\7027974f-0097-440a-9a5b-127fc4d09e81\data\admdb.sqlite
[2025-08-07 16:51:36] INFO: INI ALAMAT TABLENYA :  D:\Work\ARYA-WMS-SHOPPIE\ANG19\wmshopee\.angular\prerender-root\064149aa-a1f7-4e57-a64a-c58cd02e6269\data\admdb.sqlite
[2025-08-07 16:51:36] INFO: INI ALAMAT TABLENYA :  D:\Work\ARYA-WMS-SHOPPIE\ANG19\wmshopee\.angular\prerender-root\feafd734-07d2-4ae6-93b9-e9f0c0536ec0\data\admdb.sqlite
[2025-08-07 16:51:36] INFO: INI ALAMAT TABLENYA :  D:\Work\ARYA-WMS-SHOPPIE\ANG19\wmshopee\.angular\prerender-root\84c44c0a-88bd-4477-9c8c-46612a976774\data\admdb.sqlite
[2025-08-07 16:51:45] INFO: INI ALAMAT TABLENYA :  D:\Work\ARYA-WMS-SHOPPIE\ANG19\wmshopee\dist\wmshopee\server\data\admdb.sqlite
[2025-08-07 16:53:00] INFO: INI ALAMAT TABLENYA :  D:\Work\ARYA-WMS-SHOPPIE\ANG19\wmshopee\.angular\prerender-root\32c836cb-15d1-48e2-adbc-a90495512377\data\admdb.sqlite
[2025-08-07 16:53:02] INFO: INI ALAMAT TABLENYA :  D:\Work\ARYA-WMS-SHOPPIE\ANG19\wmshopee\.angular\prerender-root\87ab5e7f-ecea-45e7-aa10-e9eda49867d1\data\admdb.sqlite
[2025-08-07 16:53:02] INFO: INI ALAMAT TABLENYA :  D:\Work\ARYA-WMS-SHOPPIE\ANG19\wmshopee\.angular\prerender-root\76bceeac-6a59-4124-937f-9b141caff967\data\admdb.sqlite
[2025-08-07 16:53:02] INFO: INI ALAMAT TABLENYA :  D:\Work\ARYA-WMS-SHOPPIE\ANG19\wmshopee\.angular\prerender-root\8f3def94-953c-477c-8485-23fa6784417b\data\admdb.sqlite
[2025-08-07 16:53:02] INFO: INI ALAMAT TABLENYA :  D:\Work\ARYA-WMS-SHOPPIE\ANG19\wmshopee\.angular\prerender-root\7bd279ab-0b9d-4b9b-b8c1-6e935572087e\data\admdb.sqlite
[2025-08-07 16:53:14] INFO: INI ALAMAT TABLENYA :  D:\Work\ARYA-WMS-SHOPPIE\ANG19\wmshopee\dist\wmshopee\server\data\admdb.sqlite
[2025-08-07 16:56:42] INFO: ✅ Sudah di List  0
[2025-08-07 16:57:05] INFO: ✅ Sudah di List  0
[2025-08-07 16:57:14] INFO: ✅ Sudah di List  0
[2025-08-07 16:57:21] INFO: ✅ Sudah di List  1
[2025-08-07 17:11:07] INFO: INI ALAMAT TABLENYA :  D:\Work\ARYA-WMS-SHOPPIE\ANG19\wmshopee\.angular\prerender-root\6a4854b4-9f30-49c2-8aaa-b0dfc4edb9d3\data\admdb.sqlite
[2025-08-07 17:11:09] INFO: INI ALAMAT TABLENYA :  D:\Work\ARYA-WMS-SHOPPIE\ANG19\wmshopee\.angular\prerender-root\26ef899d-5d78-457e-a577-be1aa3eb08bf\data\admdb.sqlite
[2025-08-07 17:11:09] INFO: INI ALAMAT TABLENYA :  D:\Work\ARYA-WMS-SHOPPIE\ANG19\wmshopee\.angular\prerender-root\157c05f6-d845-4d3f-a3b2-4b11e9c438aa\data\admdb.sqlite
[2025-08-07 17:11:09] INFO: INI ALAMAT TABLENYA :  D:\Work\ARYA-WMS-SHOPPIE\ANG19\wmshopee\.angular\prerender-root\f4984e42-d5c1-4bc6-9360-6d8a1cc953f7\data\admdb.sqlite
[2025-08-07 17:11:09] INFO: INI ALAMAT TABLENYA :  D:\Work\ARYA-WMS-SHOPPIE\ANG19\wmshopee\.angular\prerender-root\605dfa22-4e12-4f7a-8edf-e773f33fe69a\data\admdb.sqlite
[2025-08-07 17:11:18] INFO: INI ALAMAT TABLENYA :  D:\Work\ARYA-WMS-SHOPPIE\ANG19\wmshopee\dist\wmshopee\server\data\admdb.sqlite
[2025-08-07 17:11:59] INFO: ✅ Sudah di List  4
[2025-08-07 17:12:05] ERROR: Error api.controller :  {"code":"SQLITE_ERROR"}
[2025-08-07 17:13:16] INFO: INI ALAMAT TABLENYA :  D:\Work\ARYA-WMS-SHOPPIE\ANG19\wmshopee\.angular\prerender-root\0cdd525b-ff20-49f9-9ab3-808842f6d424\data\admdb.sqlite
[2025-08-07 17:13:18] INFO: INI ALAMAT TABLENYA :  D:\Work\ARYA-WMS-SHOPPIE\ANG19\wmshopee\.angular\prerender-root\50afd51c-ede2-4171-b4d7-e1e996ce4acd\data\admdb.sqlite
[2025-08-07 17:13:18] INFO: INI ALAMAT TABLENYA :  D:\Work\ARYA-WMS-SHOPPIE\ANG19\wmshopee\.angular\prerender-root\732ada81-ab3d-4295-a171-1c9d20f7f7eb\data\admdb.sqlite
[2025-08-07 17:13:18] INFO: INI ALAMAT TABLENYA :  D:\Work\ARYA-WMS-SHOPPIE\ANG19\wmshopee\.angular\prerender-root\c8c60011-3494-47e6-8c80-262076f2f803\data\admdb.sqlite
[2025-08-07 17:13:18] INFO: INI ALAMAT TABLENYA :  D:\Work\ARYA-WMS-SHOPPIE\ANG19\wmshopee\.angular\prerender-root\ece3c85e-b8e7-49df-8049-bc6dfda15f0e\data\admdb.sqlite
[2025-08-07 17:13:26] INFO: INI ALAMAT TABLENYA :  D:\Work\ARYA-WMS-SHOPPIE\ANG19\wmshopee\dist\wmshopee\server\data\admdb.sqlite
[2025-08-07 17:13:39] INFO: ✅ Sudah di List  4
[2025-08-07 17:13:42] ERROR: Error api.controller :  {"code":"SQLITE_ERROR"}
[2025-08-07 17:15:26] INFO: INI ALAMAT TABLENYA :  D:\Work\ARYA-WMS-SHOPPIE\ANG19\wmshopee\.angular\prerender-root\fc4da799-b301-4189-af54-962a7b2ef826\data\admdb.sqlite
[2025-08-07 17:15:28] INFO: INI ALAMAT TABLENYA :  D:\Work\ARYA-WMS-SHOPPIE\ANG19\wmshopee\.angular\prerender-root\3478dbcd-5ea8-4f49-8c9f-33865a169383\data\admdb.sqlite
[2025-08-07 17:15:28] INFO: INI ALAMAT TABLENYA :  D:\Work\ARYA-WMS-SHOPPIE\ANG19\wmshopee\.angular\prerender-root\517197ff-a346-49fb-bd88-e3468cfcf472\data\admdb.sqlite
[2025-08-07 17:15:28] INFO: INI ALAMAT TABLENYA :  D:\Work\ARYA-WMS-SHOPPIE\ANG19\wmshopee\.angular\prerender-root\f6c41ce1-3c21-441f-b007-d00808e9554b\data\admdb.sqlite
[2025-08-07 17:15:28] INFO: INI ALAMAT TABLENYA :  D:\Work\ARYA-WMS-SHOPPIE\ANG19\wmshopee\.angular\prerender-root\5f5b0217-098f-4ef0-9b62-a81230811b25\data\admdb.sqlite
[2025-08-07 17:15:39] INFO: INI ALAMAT TABLENYA :  D:\Work\ARYA-WMS-SHOPPIE\ANG19\wmshopee\dist\wmshopee\server\data\admdb.sqlite
[2025-08-07 17:15:53] INFO: ✅ Sudah di List  0
[2025-08-07 17:16:16] INFO: INI ALAMAT TABLENYA :  D:\Work\ARYA-WMS-SHOPPIE\ANG19\wmshopee\.angular\prerender-root\83bbb2ec-d5fa-40f7-a1be-943a668acb76\data\admdb.sqlite
[2025-08-07 17:16:18] INFO: INI ALAMAT TABLENYA :  D:\Work\ARYA-WMS-SHOPPIE\ANG19\wmshopee\.angular\prerender-root\296f56e9-3c5a-44fb-aa12-97ae550bcbe1\data\admdb.sqlite
[2025-08-07 17:16:18] INFO: INI ALAMAT TABLENYA :  D:\Work\ARYA-WMS-SHOPPIE\ANG19\wmshopee\.angular\prerender-root\1453d14c-745d-4c1d-abab-b01a5652809d\data\admdb.sqlite
[2025-08-07 17:16:18] INFO: INI ALAMAT TABLENYA :  D:\Work\ARYA-WMS-SHOPPIE\ANG19\wmshopee\.angular\prerender-root\dfbb2ad7-ddbc-40ce-a0aa-fe72d5a5fb4d\data\admdb.sqlite
[2025-08-07 17:16:18] INFO: INI ALAMAT TABLENYA :  D:\Work\ARYA-WMS-SHOPPIE\ANG19\wmshopee\.angular\prerender-root\5f303ea5-3f14-4cc7-9b86-97736bbdb1ab\data\admdb.sqlite
[2025-08-07 17:16:25] INFO: INI ALAMAT TABLENYA :  D:\Work\ARYA-WMS-SHOPPIE\ANG19\wmshopee\dist\wmshopee\server\data\admdb.sqlite
[2025-08-07 17:16:33] INFO: ✅ Sudah di List  4
[2025-08-07 17:16:38] ERROR: Error api.controller :  {"code":"SQLITE_ERROR"}
[2025-08-07 17:17:10] INFO: INI ALAMAT TABLENYA :  D:\Work\ARYA-WMS-SHOPPIE\ANG19\wmshopee\.angular\prerender-root\13ec10ee-134b-4179-af43-19503bf36827\data\admdb.sqlite
[2025-08-07 17:17:12] INFO: INI ALAMAT TABLENYA :  D:\Work\ARYA-WMS-SHOPPIE\ANG19\wmshopee\.angular\prerender-root\8106ad1a-d171-49b0-8d02-3966214c11b4\data\admdb.sqlite
[2025-08-07 17:17:12] INFO: INI ALAMAT TABLENYA :  D:\Work\ARYA-WMS-SHOPPIE\ANG19\wmshopee\.angular\prerender-root\54511292-3bd9-46e4-9630-c97f0236ba20\data\admdb.sqlite
[2025-08-07 17:17:12] INFO: INI ALAMAT TABLENYA :  D:\Work\ARYA-WMS-SHOPPIE\ANG19\wmshopee\.angular\prerender-root\fef590eb-7ad0-4302-9b0a-f9169e1ec140\data\admdb.sqlite
[2025-08-07 17:17:12] INFO: INI ALAMAT TABLENYA :  D:\Work\ARYA-WMS-SHOPPIE\ANG19\wmshopee\.angular\prerender-root\f5eebcf2-630b-47fe-9907-2efc424be011\data\admdb.sqlite
[2025-08-07 17:17:25] INFO: INI ALAMAT TABLENYA :  D:\Work\ARYA-WMS-SHOPPIE\ANG19\wmshopee\dist\wmshopee\server\data\admdb.sqlite
[2025-08-07 17:17:34] INFO: ✅ Sudah di List  4
[2025-08-07 17:17:37] ERROR: Error api.controller :  {"code":"SQLITE_ERROR"}
[2025-08-07 17:18:03] INFO: INI ALAMAT TABLENYA :  D:\Work\ARYA-WMS-SHOPPIE\ANG19\wmshopee\.angular\prerender-root\93cf9f64-8fc9-4914-8f78-519aeed7599f\data\admdb.sqlite
[2025-08-07 17:18:05] INFO: INI ALAMAT TABLENYA :  D:\Work\ARYA-WMS-SHOPPIE\ANG19\wmshopee\.angular\prerender-root\e99a22d1-91f5-486a-91cd-c5258a952f59\data\admdb.sqlite
[2025-08-07 17:18:05] INFO: INI ALAMAT TABLENYA :  D:\Work\ARYA-WMS-SHOPPIE\ANG19\wmshopee\.angular\prerender-root\b0463872-aff6-40cb-a7a6-e70d9df228d7\data\admdb.sqlite
[2025-08-07 17:18:05] INFO: INI ALAMAT TABLENYA :  D:\Work\ARYA-WMS-SHOPPIE\ANG19\wmshopee\.angular\prerender-root\1eb3b1ac-e642-4377-98cf-1d2c451f1e4b\data\admdb.sqlite
[2025-08-07 17:18:05] INFO: INI ALAMAT TABLENYA :  D:\Work\ARYA-WMS-SHOPPIE\ANG19\wmshopee\.angular\prerender-root\0622b0f8-d6ba-41d8-89b9-fc6b1133ae50\data\admdb.sqlite
[2025-08-07 17:18:31] INFO: INI ALAMAT TABLENYA :  D:\Work\ARYA-WMS-SHOPPIE\ANG19\wmshopee\.angular\prerender-root\ab5b41ea-48c2-4336-afbc-0ec3ead63703\data\admdb.sqlite
[2025-08-07 17:18:34] INFO: INI ALAMAT TABLENYA :  D:\Work\ARYA-WMS-SHOPPIE\ANG19\wmshopee\.angular\prerender-root\e4b02511-e005-4846-8d91-8fdfd2b4f911\data\admdb.sqlite
[2025-08-07 17:18:34] INFO: INI ALAMAT TABLENYA :  D:\Work\ARYA-WMS-SHOPPIE\ANG19\wmshopee\.angular\prerender-root\d336f515-3f82-438f-bc4a-24c5f1d04d87\data\admdb.sqlite
[2025-08-07 17:18:34] INFO: INI ALAMAT TABLENYA :  D:\Work\ARYA-WMS-SHOPPIE\ANG19\wmshopee\.angular\prerender-root\06c3d997-8e9d-42cb-a55e-e1fa77523e22\data\admdb.sqlite
[2025-08-07 17:18:34] INFO: INI ALAMAT TABLENYA :  D:\Work\ARYA-WMS-SHOPPIE\ANG19\wmshopee\.angular\prerender-root\5a72031e-abf9-4c51-b043-9a26de33ac20\data\admdb.sqlite
[2025-08-07 17:19:30] INFO: INI ALAMAT TABLENYA :  D:\Work\ARYA-WMS-SHOPPIE\ANG19\wmshopee\.angular\prerender-root\1ee3e928-cd29-4d72-8221-7c98ef589787\data\admdb.sqlite
[2025-08-07 17:19:32] INFO: INI ALAMAT TABLENYA :  D:\Work\ARYA-WMS-SHOPPIE\ANG19\wmshopee\.angular\prerender-root\a8bffeb6-3947-4a7e-94b9-55187011d6b7\data\admdb.sqlite
[2025-08-07 17:19:32] INFO: INI ALAMAT TABLENYA :  D:\Work\ARYA-WMS-SHOPPIE\ANG19\wmshopee\.angular\prerender-root\fd96853e-4296-4014-9552-95cb16442537\data\admdb.sqlite
[2025-08-07 17:19:32] INFO: INI ALAMAT TABLENYA :  D:\Work\ARYA-WMS-SHOPPIE\ANG19\wmshopee\.angular\prerender-root\cf6ca95d-c3c6-453a-912a-1fdf8ccdd578\data\admdb.sqlite
[2025-08-07 17:19:32] INFO: INI ALAMAT TABLENYA :  D:\Work\ARYA-WMS-SHOPPIE\ANG19\wmshopee\.angular\prerender-root\a5cdd78c-5687-495e-b03f-6cea45b74776\data\admdb.sqlite
[2025-08-07 17:19:42] INFO: INI ALAMAT TABLENYA :  D:\Work\ARYA-WMS-SHOPPIE\ANG19\wmshopee\dist\wmshopee\server\data\admdb.sqlite
[2025-08-07 17:19:50] INFO: ✅ Sudah di List  4
[2025-08-07 17:33:30] INFO: INI ALAMAT TABLENYA :  D:\Work\ARYA-WMS-SHOPPIE\ANG19\wmshopee\.angular\prerender-root\34d5ec2f-8283-443e-854b-e349710c9007\data\admdb.sqlite
[2025-08-07 17:33:33] INFO: INI ALAMAT TABLENYA :  D:\Work\ARYA-WMS-SHOPPIE\ANG19\wmshopee\.angular\prerender-root\a6f2f115-f1a7-41a6-897f-df7e85fbaae3\data\admdb.sqlite
[2025-08-07 17:33:33] INFO: INI ALAMAT TABLENYA :  D:\Work\ARYA-WMS-SHOPPIE\ANG19\wmshopee\.angular\prerender-root\26ace153-aed5-4f36-9d0a-53e162a6cd42\data\admdb.sqlite
[2025-08-07 17:33:33] INFO: INI ALAMAT TABLENYA :  D:\Work\ARYA-WMS-SHOPPIE\ANG19\wmshopee\.angular\prerender-root\16db2dd4-299d-46cb-a776-e17f7707ba00\data\admdb.sqlite
[2025-08-07 17:33:33] INFO: INI ALAMAT TABLENYA :  D:\Work\ARYA-WMS-SHOPPIE\ANG19\wmshopee\.angular\prerender-root\cb8cee16-2597-40de-8d92-e2883e52ca85\data\admdb.sqlite
[2025-08-07 17:33:57] INFO: INI ALAMAT TABLENYA :  D:\Work\ARYA-WMS-SHOPPIE\ANG19\wmshopee\dist\wmshopee\server\data\admdb.sqlite
[2025-08-07 17:34:09] INFO: ✅ Sudah di List  4
[2025-08-07 17:34:14] ERROR: Error api.controller :  {"code":"SQLITE_ERROR"}
[2025-08-07 17:36:39] INFO: INI ALAMAT TABLENYA :  D:\Work\ARYA-WMS-SHOPPIE\ANG19\wmshopee\.angular\prerender-root\a3da574e-288c-40fb-9a34-dfc25d52fdcf\data\admdb.sqlite
[2025-08-07 17:36:41] INFO: INI ALAMAT TABLENYA :  D:\Work\ARYA-WMS-SHOPPIE\ANG19\wmshopee\.angular\prerender-root\936d1cdd-292c-4791-8b18-afa20723530d\data\admdb.sqlite
[2025-08-07 17:36:41] INFO: INI ALAMAT TABLENYA :  D:\Work\ARYA-WMS-SHOPPIE\ANG19\wmshopee\.angular\prerender-root\6049f09c-8796-4592-b9a5-3590ae975d7d\data\admdb.sqlite
[2025-08-07 17:36:41] INFO: INI ALAMAT TABLENYA :  D:\Work\ARYA-WMS-SHOPPIE\ANG19\wmshopee\.angular\prerender-root\551a4c80-7039-487d-8ace-7b75b033b3ec\data\admdb.sqlite
[2025-08-07 17:36:41] INFO: INI ALAMAT TABLENYA :  D:\Work\ARYA-WMS-SHOPPIE\ANG19\wmshopee\.angular\prerender-root\480501ed-435f-4105-b40f-e7da8041002c\data\admdb.sqlite
[2025-08-07 17:36:49] INFO: INI ALAMAT TABLENYA :  D:\Work\ARYA-WMS-SHOPPIE\ANG19\wmshopee\dist\wmshopee\server\data\admdb.sqlite
[2025-08-07 17:36:58] INFO: ✅ Sudah di List  4
[2025-08-07 17:37:01] ERROR: Error api.controller :  {"code":"SQLITE_ERROR"}
[2025-08-07 17:38:01] ERROR: Error api.controller :  {"code":"SQLITE_ERROR"}
[2025-08-07 17:45:40] INFO: INI ALAMAT TABLENYA :  D:\Work\ARYA-WMS-SHOPPIE\ANG19\wmshopee\.angular\prerender-root\706c8bae-8fa7-46d1-9088-bf379cddbf2c\data\admdb.sqlite
[2025-08-07 17:45:42] INFO: INI ALAMAT TABLENYA :  D:\Work\ARYA-WMS-SHOPPIE\ANG19\wmshopee\.angular\prerender-root\19d600a2-4a54-478c-b31e-f4797cbc8969\data\admdb.sqlite
[2025-08-07 17:45:42] INFO: INI ALAMAT TABLENYA :  D:\Work\ARYA-WMS-SHOPPIE\ANG19\wmshopee\.angular\prerender-root\cd085532-e599-45c4-97bf-d22186a2b7eb\data\admdb.sqlite
[2025-08-07 17:45:42] INFO: INI ALAMAT TABLENYA :  D:\Work\ARYA-WMS-SHOPPIE\ANG19\wmshopee\.angular\prerender-root\d080a4a6-c7e8-4113-b9e2-b7b5791d8475\data\admdb.sqlite
[2025-08-07 17:45:42] INFO: INI ALAMAT TABLENYA :  D:\Work\ARYA-WMS-SHOPPIE\ANG19\wmshopee\.angular\prerender-root\0cb436e4-35dd-4b29-a26a-a4ce254b2376\data\admdb.sqlite
[2025-08-07 17:46:05] INFO: INI ALAMAT TABLENYA :  D:\Work\ARYA-WMS-SHOPPIE\ANG19\wmshopee\.angular\prerender-root\5be341ef-f26f-4c59-ac48-719a7c19ba83\data\admdb.sqlite
[2025-08-07 17:46:07] INFO: INI ALAMAT TABLENYA :  D:\Work\ARYA-WMS-SHOPPIE\ANG19\wmshopee\.angular\prerender-root\0161ab3c-5e9a-4907-91a9-876d70ef30b3\data\admdb.sqlite
[2025-08-07 17:46:07] INFO: INI ALAMAT TABLENYA :  D:\Work\ARYA-WMS-SHOPPIE\ANG19\wmshopee\.angular\prerender-root\2077e8a3-fd7a-46c2-9547-b91b73e734fb\data\admdb.sqlite
[2025-08-07 17:46:07] INFO: INI ALAMAT TABLENYA :  D:\Work\ARYA-WMS-SHOPPIE\ANG19\wmshopee\.angular\prerender-root\77396046-3ae3-4504-b0df-5daee4cd4c3e\data\admdb.sqlite
[2025-08-07 17:46:07] INFO: INI ALAMAT TABLENYA :  D:\Work\ARYA-WMS-SHOPPIE\ANG19\wmshopee\.angular\prerender-root\5ba3d29b-e07a-4d13-b9dd-7f1b6ca14db1\data\admdb.sqlite
[2025-08-07 17:46:16] INFO: INI ALAMAT TABLENYA :  D:\Work\ARYA-WMS-SHOPPIE\ANG19\wmshopee\dist\wmshopee\server\data\admdb.sqlite
[2025-08-07 17:46:24] INFO: ✅ Sudah di List  4
