[2025-09-30 08:19:04] INFO: INI ALAMAT TABLENYA :  D:\Work\ARYA-WMS-SHOPPIE\ANG19\wmshopee\.angular\prerender-root\a029aa3e-97b1-426b-8738-528a22ce38db\data\admdb.sqlite
[2025-09-30 08:19:15] INFO: INI ALAMAT TABLENYA :  D:\Work\ARYA-WMS-SHOPPIE\ANG19\wmshopee\.angular\prerender-root\8f18af49-2b60-4f13-8128-44ae62f345ce\data\admdb.sqlite
[2025-09-30 08:19:15] INFO: INI ALAMAT TABLENYA :  D:\Work\ARYA-WMS-SHOPPIE\ANG19\wmshopee\.angular\prerender-root\622e178e-2292-4f71-bf80-a9cdecf55fd5\data\admdb.sqlite
[2025-09-30 08:19:15] INFO: INI ALAMAT TABLENYA :  D:\Work\ARYA-WMS-SHOPPIE\ANG19\wmshopee\.angular\prerender-root\ef71b67a-42d5-4a57-82f3-b42cd0fe4ed6\data\admdb.sqlite
[2025-09-30 08:19:15] INFO: INI ALAMAT TABLENYA :  D:\Work\ARYA-WMS-SHOPPIE\ANG19\wmshopee\.angular\prerender-root\6bac8f71-79bf-4fbc-879c-79039c7cc7aa\data\admdb.sqlite
[2025-09-30 08:21:05] INFO: INI ALAMAT TABLENYA :  D:\Work\ARYA-WMS-SHOPPIE\ANG19\wmshopee\dist\wmshopee\server\data\admdb.sqlite
[2025-09-30 08:21:10] INFO: ✅ Shopee refresh on fetchWithAuth Error: {"error":"invalid_acceess_token","message":"Invalid access_token, please have a check.","request_id":"e3e3e7f33ffa913e16cbdfa4069a7000"}
[2025-09-30 08:21:10] INFO: ✅ Shopee refresh on fetchWithAuth Error: {"error":"invalid_acceess_token","message":"Invalid access_token, please have a check.","request_id":"e3e3e7f33ffa913e197180f4c2d6dc00"}
[2025-09-30 08:21:10] INFO: Update data token : 
[2025-09-30 08:21:10] INFO: Update data token : 
[2025-09-30 08:21:35] INFO: ✅ Sudah di List  95
[2025-09-30 08:21:36] INFO: ✅ package Sudah di List  {"order_sn":"250929RTPXHY0H","package_number":"OFG212853321259538"}
[2025-09-30 08:28:15] INFO: INI ALAMAT TABLENYA :  D:\Work\ARYA-WMS-SHOPPIE\ANG19\wmshopee\.angular\prerender-root\bf7c1b69-290e-4c42-8e00-4563a380f450\data\admdb.sqlite
[2025-09-30 08:28:42] INFO: INI ALAMAT TABLENYA :  D:\Work\ARYA-WMS-SHOPPIE\ANG19\wmshopee\.angular\prerender-root\1a6c6583-25de-4785-9634-997d57e81502\data\admdb.sqlite
[2025-09-30 08:28:42] INFO: INI ALAMAT TABLENYA :  D:\Work\ARYA-WMS-SHOPPIE\ANG19\wmshopee\.angular\prerender-root\54a3c2bb-7ab9-49dd-811d-7c202a6e0b99\data\admdb.sqlite
[2025-09-30 08:28:42] INFO: INI ALAMAT TABLENYA :  D:\Work\ARYA-WMS-SHOPPIE\ANG19\wmshopee\.angular\prerender-root\fe875f92-59d1-4cef-a723-0f44987c20ff\data\admdb.sqlite
[2025-09-30 08:28:42] INFO: INI ALAMAT TABLENYA :  D:\Work\ARYA-WMS-SHOPPIE\ANG19\wmshopee\.angular\prerender-root\d50e57f3-45e6-42e7-b9bd-59d0a282ef75\data\admdb.sqlite
[2025-09-30 08:29:33] INFO: INI ALAMAT TABLENYA :  D:\Work\ARYA-WMS-SHOPPIE\ANG19\wmshopee\dist\wmshopee\server\data\admdb.sqlite
[2025-09-30 08:29:39] ERROR: Error auth.controller :  {"code":"SQLITE_ERROR"}
[2025-09-30 08:30:08] ERROR: Error auth.controller :  {"code":"SQLITE_ERROR"}
[2025-09-30 08:33:14] INFO: INI ALAMAT TABLENYA :  D:\Work\ARYA-WMS-SHOPPIE\ANG19\wmshopee\.angular\prerender-root\49667635-61d0-4ae9-82f7-7441f6faaf74\data\admdb.sqlite
[2025-09-30 08:33:21] INFO: INI ALAMAT TABLENYA :  D:\Work\ARYA-WMS-SHOPPIE\ANG19\wmshopee\.angular\prerender-root\5efc543b-4897-4717-b46e-3b0c75262a19\data\admdb.sqlite
[2025-09-30 08:33:21] INFO: INI ALAMAT TABLENYA :  D:\Work\ARYA-WMS-SHOPPIE\ANG19\wmshopee\.angular\prerender-root\e66b1d07-bf0a-47cf-a7b9-3b090813ead4\data\admdb.sqlite
[2025-09-30 08:33:21] INFO: INI ALAMAT TABLENYA :  D:\Work\ARYA-WMS-SHOPPIE\ANG19\wmshopee\.angular\prerender-root\fb23a286-1e34-4ca8-a180-738e455862fa\data\admdb.sqlite
[2025-09-30 08:33:21] INFO: INI ALAMAT TABLENYA :  D:\Work\ARYA-WMS-SHOPPIE\ANG19\wmshopee\.angular\prerender-root\c1a0b81a-105f-4ee7-a240-bfb995b9346b\data\admdb.sqlite
[2025-09-30 08:33:43] INFO: INI ALAMAT TABLENYA :  D:\Work\ARYA-WMS-SHOPPIE\ANG19\wmshopee\dist\wmshopee\server\data\admdb.sqlite
[2025-09-30 08:33:50] INFO: ✅ Shopee refresh on fetchWithAuth Error: {"error":"invalid_acceess_token","message":"Invalid access_token, please have a check.","request_id":"e3e3e7f33ffabe8807030c7c991a9600"}
[2025-09-30 08:33:50] INFO: ✅ Shopee refresh on fetchWithAuth Error: {"error":"invalid_acceess_token","message":"Invalid access_token, please have a check.","request_id":"e3e3e7f33ffabe881e4dc9d83f984c00"}
[2025-09-30 08:33:50] INFO: Update data token : 
[2025-09-30 08:33:50] INFO: Update data token : 
[2025-09-30 08:33:57] INFO: ✅ Sudah di List  100
[2025-09-30 08:33:58] INFO: ✅ package Sudah di List  {"order_sn":"250929RTPXHY0H","package_number":"OFG212853321259538"}
[2025-09-30 08:35:12] INFO: INI ALAMAT TABLENYA :  D:\Work\ARYA-WMS-SHOPPIE\ANG19\wmshopee\.angular\prerender-root\e7111e97-c9cc-4ee1-b6ee-41026665f479\data\admdb.sqlite
[2025-09-30 08:35:15] INFO: INI ALAMAT TABLENYA :  D:\Work\ARYA-WMS-SHOPPIE\ANG19\wmshopee\.angular\prerender-root\b6405649-6542-430d-a0ae-0ed3ad065313\data\admdb.sqlite
[2025-09-30 08:35:15] INFO: INI ALAMAT TABLENYA :  D:\Work\ARYA-WMS-SHOPPIE\ANG19\wmshopee\.angular\prerender-root\f451d543-68bb-46d4-a30d-7fe058da1525\data\admdb.sqlite
[2025-09-30 08:35:15] INFO: INI ALAMAT TABLENYA :  D:\Work\ARYA-WMS-SHOPPIE\ANG19\wmshopee\.angular\prerender-root\ec81e0b4-bfd7-4cb7-be62-ea1abae57f2d\data\admdb.sqlite
[2025-09-30 08:35:15] INFO: INI ALAMAT TABLENYA :  D:\Work\ARYA-WMS-SHOPPIE\ANG19\wmshopee\.angular\prerender-root\f46060d3-e92e-4012-8691-37fb6d9af176\data\admdb.sqlite
[2025-09-30 09:04:14] INFO: INI ALAMAT TABLENYA :  D:\Work\ARYA-WMS-SHOPPIE\ANG19\wmshopee\dist\wmshopee\server\data\admdb.sqlite
[2025-09-30 09:16:44] INFO: INI ALAMAT TABLENYA :  D:\Work\ARYA-WMS-SHOPPIE\ANG19\wmshopee\.angular\prerender-root\30701388-7020-4784-884b-c4a017d64461\data\admdb.sqlite
[2025-09-30 09:16:46] INFO: INI ALAMAT TABLENYA :  D:\Work\ARYA-WMS-SHOPPIE\ANG19\wmshopee\.angular\prerender-root\862b3c63-755a-4c83-83f3-b3ecef227593\data\admdb.sqlite
[2025-09-30 09:16:46] INFO: INI ALAMAT TABLENYA :  D:\Work\ARYA-WMS-SHOPPIE\ANG19\wmshopee\.angular\prerender-root\84544aa6-c9d7-4531-b502-3258638eaccf\data\admdb.sqlite
[2025-09-30 09:16:46] INFO: INI ALAMAT TABLENYA :  D:\Work\ARYA-WMS-SHOPPIE\ANG19\wmshopee\.angular\prerender-root\c50bf95c-ec1b-46fe-b5b6-f30c1637bea2\data\admdb.sqlite
[2025-09-30 09:16:46] INFO: INI ALAMAT TABLENYA :  D:\Work\ARYA-WMS-SHOPPIE\ANG19\wmshopee\.angular\prerender-root\29199ab1-d52c-4c6c-b897-61bb0b867f43\data\admdb.sqlite
[2025-09-30 09:17:01] INFO: INI ALAMAT TABLENYA :  D:\Work\ARYA-WMS-SHOPPIE\ANG19\wmshopee\dist\wmshopee\server\data\admdb.sqlite
[2025-09-30 09:34:06] INFO: INI ALAMAT TABLENYA :  D:\Work\ARYA-WMS-SHOPPIE\ANG19\wmshopee\.angular\prerender-root\59a7e1dc-88d5-441f-a664-3ee120af1c2d\data\admdb.sqlite
[2025-09-30 09:34:08] INFO: INI ALAMAT TABLENYA :  D:\Work\ARYA-WMS-SHOPPIE\ANG19\wmshopee\.angular\prerender-root\32e10ce7-7b34-407d-be09-5e3decc0a827\data\admdb.sqlite
[2025-09-30 09:34:08] INFO: INI ALAMAT TABLENYA :  D:\Work\ARYA-WMS-SHOPPIE\ANG19\wmshopee\.angular\prerender-root\97a9120e-625e-43a7-876b-2b91f2a8d7e1\data\admdb.sqlite
[2025-09-30 09:34:08] INFO: INI ALAMAT TABLENYA :  D:\Work\ARYA-WMS-SHOPPIE\ANG19\wmshopee\.angular\prerender-root\01bb1852-2edb-44a1-afc4-8576c33f587e\data\admdb.sqlite
[2025-09-30 09:34:08] INFO: INI ALAMAT TABLENYA :  D:\Work\ARYA-WMS-SHOPPIE\ANG19\wmshopee\.angular\prerender-root\c289dfc8-9e75-4bfc-91c1-471cd80dbd64\data\admdb.sqlite
[2025-09-30 09:34:55] INFO: INI ALAMAT TABLENYA :  D:\Work\ARYA-WMS-SHOPPIE\ANG19\wmshopee\.angular\prerender-root\c6e8754c-ba52-4a68-b413-7f8f9ec915de\data\admdb.sqlite
[2025-09-30 09:35:01] INFO: INI ALAMAT TABLENYA :  D:\Work\ARYA-WMS-SHOPPIE\ANG19\wmshopee\.angular\prerender-root\4db8082b-fd4d-4834-bf26-e432a523a0e4\data\admdb.sqlite
[2025-09-30 09:35:01] INFO: INI ALAMAT TABLENYA :  D:\Work\ARYA-WMS-SHOPPIE\ANG19\wmshopee\.angular\prerender-root\8b4b2d57-e305-4ead-b114-dc49d69b50e1\data\admdb.sqlite
[2025-09-30 09:35:01] INFO: INI ALAMAT TABLENYA :  D:\Work\ARYA-WMS-SHOPPIE\ANG19\wmshopee\.angular\prerender-root\d17565c3-4ccd-48d9-86bb-7031c10f3c8c\data\admdb.sqlite
[2025-09-30 09:35:01] INFO: INI ALAMAT TABLENYA :  D:\Work\ARYA-WMS-SHOPPIE\ANG19\wmshopee\.angular\prerender-root\452b5d0c-8d00-4c6b-940e-3e54bc512cef\data\admdb.sqlite
[2025-09-30 09:35:42] INFO: INI ALAMAT TABLENYA :  D:\Work\ARYA-WMS-SHOPPIE\ANG19\wmshopee\dist\wmshopee\server\data\admdb.sqlite
[2025-09-30 09:41:42] INFO: INI ALAMAT TABLENYA :  D:\Work\ARYA-WMS-SHOPPIE\ANG19\wmshopee\.angular\prerender-root\619981d0-4da6-4625-ab65-4f8aafd0d98a\data\admdb.sqlite
[2025-09-30 09:41:45] INFO: INI ALAMAT TABLENYA :  D:\Work\ARYA-WMS-SHOPPIE\ANG19\wmshopee\.angular\prerender-root\3b9c129e-2e11-45e6-87bf-6e7f8f948f9b\data\admdb.sqlite
[2025-09-30 09:41:45] INFO: INI ALAMAT TABLENYA :  D:\Work\ARYA-WMS-SHOPPIE\ANG19\wmshopee\.angular\prerender-root\e172132d-1aec-4d95-9b57-e8f7bcb68cb2\data\admdb.sqlite
[2025-09-30 09:41:45] INFO: INI ALAMAT TABLENYA :  D:\Work\ARYA-WMS-SHOPPIE\ANG19\wmshopee\.angular\prerender-root\970ee844-a0cc-49c5-a58c-d9cc5df71ae0\data\admdb.sqlite
[2025-09-30 09:41:45] INFO: INI ALAMAT TABLENYA :  D:\Work\ARYA-WMS-SHOPPIE\ANG19\wmshopee\.angular\prerender-root\549fe6a7-90f9-4cf1-900f-2bd2f7a157e1\data\admdb.sqlite
[2025-09-30 09:42:21] INFO: INI ALAMAT TABLENYA :  D:\Work\ARYA-WMS-SHOPPIE\ANG19\wmshopee\dist\wmshopee\server\data\admdb.sqlite
[2025-09-30 10:28:08] INFO: INI ALAMAT TABLENYA :  D:\Work\ARYA-WMS-SHOPPIE\ANG19\wmshopee\.angular\prerender-root\51f14971-e49f-4330-a39f-b790606559ac\data\admdb.sqlite
[2025-09-30 10:28:09] INFO: INI ALAMAT TABLENYA :  D:\Work\ARYA-WMS-SHOPPIE\ANG19\wmshopee\.angular\prerender-root\e8ce94e2-1c7b-438b-af1d-20d40e23e510\data\admdb.sqlite
[2025-09-30 10:28:09] INFO: INI ALAMAT TABLENYA :  D:\Work\ARYA-WMS-SHOPPIE\ANG19\wmshopee\.angular\prerender-root\34dd45a0-639a-4a46-b604-61e897de05d6\data\admdb.sqlite
[2025-09-30 10:28:09] INFO: INI ALAMAT TABLENYA :  D:\Work\ARYA-WMS-SHOPPIE\ANG19\wmshopee\.angular\prerender-root\c69555bb-1972-4b75-8db9-d129901048ab\data\admdb.sqlite
[2025-09-30 10:28:09] INFO: INI ALAMAT TABLENYA :  D:\Work\ARYA-WMS-SHOPPIE\ANG19\wmshopee\.angular\prerender-root\0865bc52-4975-4716-a2e3-47ad90962913\data\admdb.sqlite
[2025-09-30 10:28:18] INFO: INI ALAMAT TABLENYA :  D:\Work\ARYA-WMS-SHOPPIE\ANG19\wmshopee\dist\wmshopee\server\data\admdb.sqlite
[2025-09-30 10:46:42] INFO: INI ALAMAT TABLENYA :  D:\Work\ARYA-WMS-SHOPPIE\ANG19\wmshopee\.angular\prerender-root\dc285ca6-09d3-431d-9693-f288dac57d3d\data\admdb.sqlite
[2025-09-30 10:46:44] INFO: INI ALAMAT TABLENYA :  D:\Work\ARYA-WMS-SHOPPIE\ANG19\wmshopee\.angular\prerender-root\ab66a44b-47c0-43c0-9813-7ec72adb2a41\data\admdb.sqlite
[2025-09-30 10:46:44] INFO: INI ALAMAT TABLENYA :  D:\Work\ARYA-WMS-SHOPPIE\ANG19\wmshopee\.angular\prerender-root\3c78a5e0-8113-44f5-8e24-db5db3b595fe\data\admdb.sqlite
[2025-09-30 10:46:44] INFO: INI ALAMAT TABLENYA :  D:\Work\ARYA-WMS-SHOPPIE\ANG19\wmshopee\.angular\prerender-root\35a95eb9-502a-4d25-96a6-ff8a59a309a1\data\admdb.sqlite
[2025-09-30 10:46:44] INFO: INI ALAMAT TABLENYA :  D:\Work\ARYA-WMS-SHOPPIE\ANG19\wmshopee\.angular\prerender-root\85d0b98b-2fdc-46cb-9cb2-c7da77eab26d\data\admdb.sqlite
[2025-09-30 10:51:09] INFO: INI ALAMAT TABLENYA :  D:\Work\ARYA-WMS-SHOPPIE\ANG19\wmshopee\.angular\prerender-root\26329af3-3767-4ad9-b9c8-f02d5dc36041\data\admdb.sqlite
[2025-09-30 10:51:11] INFO: INI ALAMAT TABLENYA :  D:\Work\ARYA-WMS-SHOPPIE\ANG19\wmshopee\.angular\prerender-root\23a37bb9-7d58-44a3-90ac-2285232729c3\data\admdb.sqlite
[2025-09-30 10:51:11] INFO: INI ALAMAT TABLENYA :  D:\Work\ARYA-WMS-SHOPPIE\ANG19\wmshopee\.angular\prerender-root\5b8431b6-11f1-4913-a640-ffffc15b2bc6\data\admdb.sqlite
[2025-09-30 10:51:11] INFO: INI ALAMAT TABLENYA :  D:\Work\ARYA-WMS-SHOPPIE\ANG19\wmshopee\.angular\prerender-root\33e3a78e-7206-4f67-b561-8277e7558faa\data\admdb.sqlite
[2025-09-30 10:51:11] INFO: INI ALAMAT TABLENYA :  D:\Work\ARYA-WMS-SHOPPIE\ANG19\wmshopee\.angular\prerender-root\122c9338-f74c-466f-b8e6-2f21a47c8c21\data\admdb.sqlite
[2025-09-30 10:51:19] INFO: INI ALAMAT TABLENYA :  D:\Work\ARYA-WMS-SHOPPIE\ANG19\wmshopee\dist\wmshopee\server\data\admdb.sqlite
[2025-09-30 10:52:19] INFO: INI ALAMAT TABLENYA :  D:\Work\ARYA-WMS-SHOPPIE\ANG19\wmshopee\.angular\prerender-root\61ad49a7-bfc9-4c98-930e-c3c0a366b905\data\admdb.sqlite
[2025-09-30 10:52:21] INFO: INI ALAMAT TABLENYA :  D:\Work\ARYA-WMS-SHOPPIE\ANG19\wmshopee\.angular\prerender-root\ce279503-fc46-446c-b33c-b717bebfc54d\data\admdb.sqlite
[2025-09-30 10:52:21] INFO: INI ALAMAT TABLENYA :  D:\Work\ARYA-WMS-SHOPPIE\ANG19\wmshopee\.angular\prerender-root\0471d80e-bb76-4ad6-bcd5-f4d1d98a0b8a\data\admdb.sqlite
[2025-09-30 10:52:21] INFO: INI ALAMAT TABLENYA :  D:\Work\ARYA-WMS-SHOPPIE\ANG19\wmshopee\.angular\prerender-root\093b4685-1ac3-44f3-b8ad-4ecb1223662a\data\admdb.sqlite
[2025-09-30 10:52:21] INFO: INI ALAMAT TABLENYA :  D:\Work\ARYA-WMS-SHOPPIE\ANG19\wmshopee\.angular\prerender-root\c53d2ee2-851d-41a2-a602-b8074162909c\data\admdb.sqlite
[2025-09-30 10:52:37] INFO: INI ALAMAT TABLENYA :  D:\Work\ARYA-WMS-SHOPPIE\ANG19\wmshopee\dist\wmshopee\server\data\admdb.sqlite
[2025-09-30 11:07:16] INFO: INI ALAMAT TABLENYA :  D:\Work\ARYA-WMS-SHOPPIE\ANG19\wmshopee\.angular\prerender-root\1a723802-fc87-47e0-a849-d5d7eafd19ab\data\admdb.sqlite
[2025-09-30 11:07:18] INFO: INI ALAMAT TABLENYA :  D:\Work\ARYA-WMS-SHOPPIE\ANG19\wmshopee\.angular\prerender-root\e6876605-a48e-46a4-a6b3-015f62d466e0\data\admdb.sqlite
[2025-09-30 11:07:18] INFO: INI ALAMAT TABLENYA :  D:\Work\ARYA-WMS-SHOPPIE\ANG19\wmshopee\.angular\prerender-root\d7d39a8d-2423-42ca-a7b8-33b0d46c41ae\data\admdb.sqlite
[2025-09-30 11:07:18] INFO: INI ALAMAT TABLENYA :  D:\Work\ARYA-WMS-SHOPPIE\ANG19\wmshopee\.angular\prerender-root\dad3d89a-0507-4ab1-bc51-ac829a91cbab\data\admdb.sqlite
[2025-09-30 11:07:18] INFO: INI ALAMAT TABLENYA :  D:\Work\ARYA-WMS-SHOPPIE\ANG19\wmshopee\.angular\prerender-root\5938a493-819c-44af-8dd2-4cdb580afe08\data\admdb.sqlite
[2025-09-30 11:07:38] INFO: INI ALAMAT TABLENYA :  D:\Work\ARYA-WMS-SHOPPIE\ANG19\wmshopee\dist\wmshopee\server\data\admdb.sqlite
[2025-09-30 11:12:30] ERROR: Error api.controller :  {"code":"SQLITE_ERROR"}
[2025-09-30 11:12:52] ERROR: Error api.controller :  {"code":"SQLITE_ERROR"}
[2025-09-30 11:27:54] INFO: INI ALAMAT TABLENYA :  D:\Work\ARYA-WMS-SHOPPIE\ANG19\wmshopee\.angular\prerender-root\ebe975f1-8f94-4edd-8d14-a25a6ef634c4\data\admdb.sqlite
[2025-09-30 11:27:56] INFO: INI ALAMAT TABLENYA :  D:\Work\ARYA-WMS-SHOPPIE\ANG19\wmshopee\.angular\prerender-root\fb8ab504-3671-470b-b2a3-6813274af1fb\data\admdb.sqlite
[2025-09-30 11:27:56] INFO: INI ALAMAT TABLENYA :  D:\Work\ARYA-WMS-SHOPPIE\ANG19\wmshopee\.angular\prerender-root\86a6c60f-5eb2-4c9b-a7a3-568c71b36871\data\admdb.sqlite
[2025-09-30 11:27:56] INFO: INI ALAMAT TABLENYA :  D:\Work\ARYA-WMS-SHOPPIE\ANG19\wmshopee\.angular\prerender-root\2336960d-ddd0-4acb-a4c9-e0dbbf35e5ad\data\admdb.sqlite
[2025-09-30 11:27:56] INFO: INI ALAMAT TABLENYA :  D:\Work\ARYA-WMS-SHOPPIE\ANG19\wmshopee\.angular\prerender-root\3344e75a-cba7-4be6-be9f-6888f3fdcd77\data\admdb.sqlite
[2025-09-30 11:28:38] INFO: INI ALAMAT TABLENYA :  D:\Work\ARYA-WMS-SHOPPIE\ANG19\wmshopee\.angular\prerender-root\afbbe3ae-ebb9-4447-91ad-29a82c8f9054\data\admdb.sqlite
[2025-09-30 11:28:39] INFO: INI ALAMAT TABLENYA :  D:\Work\ARYA-WMS-SHOPPIE\ANG19\wmshopee\.angular\prerender-root\21655aa0-4aa8-4195-8f1d-38a719fa920b\data\admdb.sqlite
[2025-09-30 11:28:39] INFO: INI ALAMAT TABLENYA :  D:\Work\ARYA-WMS-SHOPPIE\ANG19\wmshopee\.angular\prerender-root\78d952c4-d88c-42be-aebe-765fed36149f\data\admdb.sqlite
[2025-09-30 11:28:39] INFO: INI ALAMAT TABLENYA :  D:\Work\ARYA-WMS-SHOPPIE\ANG19\wmshopee\.angular\prerender-root\40e3e7d8-db97-4b33-b704-f1ae45077741\data\admdb.sqlite
[2025-09-30 11:28:39] INFO: INI ALAMAT TABLENYA :  D:\Work\ARYA-WMS-SHOPPIE\ANG19\wmshopee\.angular\prerender-root\24a2f7e5-6f79-45f4-b195-384134f3d135\data\admdb.sqlite
[2025-09-30 11:28:47] INFO: INI ALAMAT TABLENYA :  D:\Work\ARYA-WMS-SHOPPIE\ANG19\wmshopee\dist\wmshopee\server\data\admdb.sqlite
[2025-09-30 11:46:17] INFO: INI ALAMAT TABLENYA :  D:\Work\ARYA-WMS-SHOPPIE\ANG19\wmshopee\.angular\prerender-root\4747ba84-31a0-43a0-b41c-93b73c80e0d1\data\admdb.sqlite
[2025-09-30 11:46:19] INFO: INI ALAMAT TABLENYA :  D:\Work\ARYA-WMS-SHOPPIE\ANG19\wmshopee\.angular\prerender-root\bfaf5232-37a9-4f78-a5a5-7c9c46432d62\data\admdb.sqlite
[2025-09-30 11:46:19] INFO: INI ALAMAT TABLENYA :  D:\Work\ARYA-WMS-SHOPPIE\ANG19\wmshopee\.angular\prerender-root\16e5bccb-e234-401a-8b86-11cb4db7e917\data\admdb.sqlite
[2025-09-30 11:46:19] INFO: INI ALAMAT TABLENYA :  D:\Work\ARYA-WMS-SHOPPIE\ANG19\wmshopee\.angular\prerender-root\55f35c73-c872-4fbd-b77a-af0900ebad47\data\admdb.sqlite
[2025-09-30 11:46:19] INFO: INI ALAMAT TABLENYA :  D:\Work\ARYA-WMS-SHOPPIE\ANG19\wmshopee\.angular\prerender-root\703898de-f95c-46fc-94fd-b7a293fc9260\data\admdb.sqlite
[2025-09-30 11:46:27] INFO: INI ALAMAT TABLENYA :  D:\Work\ARYA-WMS-SHOPPIE\ANG19\wmshopee\dist\wmshopee\server\data\admdb.sqlite
[2025-09-30 11:52:21] INFO: INI ALAMAT TABLENYA :  D:\Work\ARYA-WMS-SHOPPIE\ANG19\wmshopee\.angular\prerender-root\5d15472b-3fc0-4881-8eeb-38ce6e31dde5\data\admdb.sqlite
[2025-09-30 11:52:22] INFO: INI ALAMAT TABLENYA :  D:\Work\ARYA-WMS-SHOPPIE\ANG19\wmshopee\.angular\prerender-root\3d4144d6-7d59-4098-8193-acb69c1ea36f\data\admdb.sqlite
[2025-09-30 11:52:22] INFO: INI ALAMAT TABLENYA :  D:\Work\ARYA-WMS-SHOPPIE\ANG19\wmshopee\.angular\prerender-root\90963544-c391-46e0-a0b9-f8dc16004fd7\data\admdb.sqlite
[2025-09-30 11:52:22] INFO: INI ALAMAT TABLENYA :  D:\Work\ARYA-WMS-SHOPPIE\ANG19\wmshopee\.angular\prerender-root\1b9baa82-476c-475b-865f-949496400e9d\data\admdb.sqlite
[2025-09-30 11:52:22] INFO: INI ALAMAT TABLENYA :  D:\Work\ARYA-WMS-SHOPPIE\ANG19\wmshopee\.angular\prerender-root\2379aa1a-1fe5-4f51-9230-18841f280054\data\admdb.sqlite
[2025-09-30 11:54:22] INFO: INI ALAMAT TABLENYA :  D:\Work\ARYA-WMS-SHOPPIE\ANG19\wmshopee\.angular\prerender-root\995448e6-b5b9-4c9c-ab49-6349dc1ac9fc\data\admdb.sqlite
[2025-09-30 11:54:23] INFO: INI ALAMAT TABLENYA :  D:\Work\ARYA-WMS-SHOPPIE\ANG19\wmshopee\.angular\prerender-root\37ef522d-9ecc-46e2-ba07-65a133af577e\data\admdb.sqlite
[2025-09-30 11:54:23] INFO: INI ALAMAT TABLENYA :  D:\Work\ARYA-WMS-SHOPPIE\ANG19\wmshopee\.angular\prerender-root\fc0aacdb-33d1-4867-b015-dd79cb57219a\data\admdb.sqlite
[2025-09-30 11:54:23] INFO: INI ALAMAT TABLENYA :  D:\Work\ARYA-WMS-SHOPPIE\ANG19\wmshopee\.angular\prerender-root\855583d3-9b05-408e-a285-c06919564b51\data\admdb.sqlite
[2025-09-30 11:54:23] INFO: INI ALAMAT TABLENYA :  D:\Work\ARYA-WMS-SHOPPIE\ANG19\wmshopee\.angular\prerender-root\4c27fdbd-1350-4354-93ad-0332d3772bb0\data\admdb.sqlite
[2025-09-30 11:54:31] INFO: INI ALAMAT TABLENYA :  D:\Work\ARYA-WMS-SHOPPIE\ANG19\wmshopee\dist\wmshopee\server\data\admdb.sqlite
[2025-09-30 12:22:45] INFO: INI ALAMAT TABLENYA :  D:\Work\ARYA-WMS-SHOPPIE\ANG19\wmshopee\.angular\prerender-root\52b8cc79-81ed-4c54-8796-eb29c0fba2f1\data\admdb.sqlite
[2025-09-30 12:22:56] INFO: INI ALAMAT TABLENYA :  D:\Work\ARYA-WMS-SHOPPIE\ANG19\wmshopee\.angular\prerender-root\b26b259f-a468-4a8d-80f9-03cf8efd412d\data\admdb.sqlite
[2025-09-30 12:22:56] INFO: INI ALAMAT TABLENYA :  D:\Work\ARYA-WMS-SHOPPIE\ANG19\wmshopee\.angular\prerender-root\5706a98c-1f07-4c3f-b6c0-29e15739dca2\data\admdb.sqlite
[2025-09-30 12:22:56] INFO: INI ALAMAT TABLENYA :  D:\Work\ARYA-WMS-SHOPPIE\ANG19\wmshopee\.angular\prerender-root\167894e3-f3d1-4621-93ef-868be92d5f8e\data\admdb.sqlite
[2025-09-30 12:22:56] INFO: INI ALAMAT TABLENYA :  D:\Work\ARYA-WMS-SHOPPIE\ANG19\wmshopee\.angular\prerender-root\72cd500c-3d75-4d54-a730-546d77b72bfe\data\admdb.sqlite
[2025-09-30 12:23:15] INFO: INI ALAMAT TABLENYA :  D:\Work\ARYA-WMS-SHOPPIE\ANG19\wmshopee\dist\wmshopee\server\data\admdb.sqlite
[2025-09-30 12:31:19] INFO: INI ALAMAT TABLENYA :  D:\Work\ARYA-WMS-SHOPPIE\ANG19\wmshopee\.angular\prerender-root\35a6a7ad-1d77-4d11-aaca-5312e9f14e85\data\admdb.sqlite
[2025-09-30 12:31:20] INFO: INI ALAMAT TABLENYA :  D:\Work\ARYA-WMS-SHOPPIE\ANG19\wmshopee\.angular\prerender-root\6eb68dd0-7477-40e4-aae5-595064e7c730\data\admdb.sqlite
[2025-09-30 12:31:20] INFO: INI ALAMAT TABLENYA :  D:\Work\ARYA-WMS-SHOPPIE\ANG19\wmshopee\.angular\prerender-root\7e950985-1290-436b-9297-4fe05f675ee6\data\admdb.sqlite
[2025-09-30 12:31:20] INFO: INI ALAMAT TABLENYA :  D:\Work\ARYA-WMS-SHOPPIE\ANG19\wmshopee\.angular\prerender-root\ebed5c63-f731-4b23-8116-13b204587076\data\admdb.sqlite
[2025-09-30 12:31:20] INFO: INI ALAMAT TABLENYA :  D:\Work\ARYA-WMS-SHOPPIE\ANG19\wmshopee\.angular\prerender-root\b8008fc2-7a65-4344-82d0-40ce8d2c1cd8\data\admdb.sqlite
[2025-09-30 12:31:27] INFO: INI ALAMAT TABLENYA :  D:\Work\ARYA-WMS-SHOPPIE\ANG19\wmshopee\dist\wmshopee\server\data\admdb.sqlite
[2025-09-30 12:44:25] INFO: INI ALAMAT TABLENYA :  D:\Work\ARYA-WMS-SHOPPIE\ANG19\wmshopee\.angular\prerender-root\5348af0d-6615-4565-9ae5-5494503a4436\data\admdb.sqlite
[2025-09-30 12:44:27] INFO: INI ALAMAT TABLENYA :  D:\Work\ARYA-WMS-SHOPPIE\ANG19\wmshopee\.angular\prerender-root\4467c38d-09c0-4981-ad2c-ef31aa76da98\data\admdb.sqlite
[2025-09-30 12:44:26] INFO: INI ALAMAT TABLENYA :  D:\Work\ARYA-WMS-SHOPPIE\ANG19\wmshopee\.angular\prerender-root\02cb3717-b634-43f8-8f60-57440535b939\data\admdb.sqlite
[2025-09-30 12:44:27] INFO: INI ALAMAT TABLENYA :  D:\Work\ARYA-WMS-SHOPPIE\ANG19\wmshopee\.angular\prerender-root\6d9e9191-6d35-454f-bfc0-54cf24f8b8bb\data\admdb.sqlite
[2025-09-30 12:44:27] INFO: INI ALAMAT TABLENYA :  D:\Work\ARYA-WMS-SHOPPIE\ANG19\wmshopee\.angular\prerender-root\e131a849-1688-41a9-aafb-45fd381c2861\data\admdb.sqlite
[2025-09-30 12:54:51] INFO: INI ALAMAT TABLENYA :  D:\Work\ARYA-WMS-SHOPPIE\ANG19\wmshopee\.angular\prerender-root\005ba1fc-9d89-431e-a75b-6e6e9afb461b\data\admdb.sqlite
[2025-09-30 12:54:53] INFO: INI ALAMAT TABLENYA :  D:\Work\ARYA-WMS-SHOPPIE\ANG19\wmshopee\.angular\prerender-root\da44f4c7-34ba-4284-a507-f96995c847a1\data\admdb.sqlite
[2025-09-30 12:54:53] INFO: INI ALAMAT TABLENYA :  D:\Work\ARYA-WMS-SHOPPIE\ANG19\wmshopee\.angular\prerender-root\5ba17027-48ad-4c74-b033-1f05e83ed1f6\data\admdb.sqlite
[2025-09-30 12:54:53] INFO: INI ALAMAT TABLENYA :  D:\Work\ARYA-WMS-SHOPPIE\ANG19\wmshopee\.angular\prerender-root\f6851dc7-3ae4-4366-87de-5d2f128aad86\data\admdb.sqlite
[2025-09-30 12:54:53] INFO: INI ALAMAT TABLENYA :  D:\Work\ARYA-WMS-SHOPPIE\ANG19\wmshopee\.angular\prerender-root\c8e14291-330a-4ce2-bab3-576049ee21e6\data\admdb.sqlite
[2025-09-30 12:55:00] INFO: INI ALAMAT TABLENYA :  D:\Work\ARYA-WMS-SHOPPIE\ANG19\wmshopee\dist\wmshopee\server\data\admdb.sqlite
[2025-09-30 12:55:06] INFO: ✅ Shopee refresh on fetchWithAuth Error: {"error":"invalid_acceess_token","message":"Invalid access_token, please have a check.","request_id":"e3e3e7f33ffe64d8fb0a59e1a7817400"}
[2025-09-30 12:55:06] INFO: ✅ Shopee refresh on fetchWithAuth Error: {"error":"invalid_acceess_token","message":"Invalid access_token, please have a check.","request_id":"e3e3e7f33ffe64d9a04645287c939e00"}
[2025-09-30 12:55:06] INFO: Update data token : 
[2025-09-30 12:55:06] INFO: Update data token : 
[2025-09-30 13:00:47] INFO: INI ALAMAT TABLENYA :  D:\Work\ARYA-WMS-SHOPPIE\ANG19\wmshopee\.angular\prerender-root\edb548ee-e06e-4362-ab6e-75c06f67de43\data\admdb.sqlite
[2025-09-30 13:00:48] INFO: INI ALAMAT TABLENYA :  D:\Work\ARYA-WMS-SHOPPIE\ANG19\wmshopee\.angular\prerender-root\2b417d59-7215-4b71-bdca-a3b8e41442c0\data\admdb.sqlite
[2025-09-30 13:00:48] INFO: INI ALAMAT TABLENYA :  D:\Work\ARYA-WMS-SHOPPIE\ANG19\wmshopee\.angular\prerender-root\ac064007-e625-4f9b-9cc1-7ee9531cb16f\data\admdb.sqlite
[2025-09-30 13:00:48] INFO: INI ALAMAT TABLENYA :  D:\Work\ARYA-WMS-SHOPPIE\ANG19\wmshopee\.angular\prerender-root\57e08408-554b-4adc-86f1-4e585a6b20ea\data\admdb.sqlite
[2025-09-30 13:00:48] INFO: INI ALAMAT TABLENYA :  D:\Work\ARYA-WMS-SHOPPIE\ANG19\wmshopee\.angular\prerender-root\818efcb7-88f9-4bdf-bcd5-2564b49d9955\data\admdb.sqlite
[2025-09-30 13:01:02] INFO: INI ALAMAT TABLENYA :  D:\Work\ARYA-WMS-SHOPPIE\ANG19\wmshopee\dist\wmshopee\server\data\admdb.sqlite
[2025-09-30 13:01:05] INFO: ✅ Shopee refresh on fetchWithAuth Error: {"error":"invalid_acceess_token","message":"Invalid access_token, please have a check.","request_id":"e3e3e7f33ffe7a3e5d0f7603cb15bd00"}
[2025-09-30 13:01:05] INFO: ✅ Shopee refresh on fetchWithAuth Error: {"error":"invalid_acceess_token","message":"Invalid access_token, please have a check.","request_id":"e3e3e7f33ffe7a3e625f60e1e9122e00"}
[2025-09-30 13:01:05] INFO: Update data token : 
[2025-09-30 13:01:05] INFO: Update data token : 
[2025-09-30 13:05:22] INFO: INI ALAMAT TABLENYA :  D:\Work\ARYA-WMS-SHOPPIE\ANG19\wmshopee\.angular\prerender-root\3a907a20-8376-434c-936d-c264b1e7b639\data\admdb.sqlite
[2025-09-30 13:05:24] INFO: INI ALAMAT TABLENYA :  D:\Work\ARYA-WMS-SHOPPIE\ANG19\wmshopee\.angular\prerender-root\6d750e4d-6a90-4a4b-976c-0bcac8dbc047\data\admdb.sqlite
[2025-09-30 13:05:24] INFO: INI ALAMAT TABLENYA :  D:\Work\ARYA-WMS-SHOPPIE\ANG19\wmshopee\.angular\prerender-root\be42bef9-3617-41ff-a34f-219dc7291895\data\admdb.sqlite
[2025-09-30 13:05:24] INFO: INI ALAMAT TABLENYA :  D:\Work\ARYA-WMS-SHOPPIE\ANG19\wmshopee\.angular\prerender-root\66d6c9df-ed29-4db5-9fc0-734ed09f48bf\data\admdb.sqlite
[2025-09-30 13:05:24] INFO: INI ALAMAT TABLENYA :  D:\Work\ARYA-WMS-SHOPPIE\ANG19\wmshopee\.angular\prerender-root\538931fc-e95c-44bf-b5d9-d4e36cd02ca5\data\admdb.sqlite
[2025-09-30 13:05:30] INFO: INI ALAMAT TABLENYA :  D:\Work\ARYA-WMS-SHOPPIE\ANG19\wmshopee\dist\wmshopee\server\data\admdb.sqlite
[2025-09-30 13:05:34] INFO: ✅ Shopee refresh on fetchWithAuth Error: {"error":"invalid_acceess_token","message":"Invalid access_token, please have a check.","request_id":"e3e3e7f33ffe8a478bde2f4ff7686200"}
[2025-09-30 13:05:34] INFO: ✅ Shopee refresh on fetchWithAuth Error: {"error":"invalid_acceess_token","message":"Invalid access_token, please have a check.","request_id":"e3e3e7f33ffe8a47ef816d84b9ef9300"}
[2025-09-30 13:05:34] INFO: Update data token : 
[2025-09-30 13:05:35] INFO: Update data token : 
[2025-09-30 13:06:27] INFO: INI ALAMAT TABLENYA :  D:\Work\ARYA-WMS-SHOPPIE\ANG19\wmshopee\.angular\prerender-root\5c84ad8a-f9a4-4948-bd09-d2b36f7ee13e\data\admdb.sqlite
[2025-09-30 13:06:29] INFO: INI ALAMAT TABLENYA :  D:\Work\ARYA-WMS-SHOPPIE\ANG19\wmshopee\.angular\prerender-root\c445a4f2-7135-49a4-ab7c-828ccb2e786e\data\admdb.sqlite
[2025-09-30 13:06:29] INFO: INI ALAMAT TABLENYA :  D:\Work\ARYA-WMS-SHOPPIE\ANG19\wmshopee\.angular\prerender-root\af7b007a-4d85-4a4c-bf40-f7c375d2ae73\data\admdb.sqlite
[2025-09-30 13:06:29] INFO: INI ALAMAT TABLENYA :  D:\Work\ARYA-WMS-SHOPPIE\ANG19\wmshopee\.angular\prerender-root\8946052a-5c44-4497-90aa-dca7fed75c68\data\admdb.sqlite
[2025-09-30 13:06:29] INFO: INI ALAMAT TABLENYA :  D:\Work\ARYA-WMS-SHOPPIE\ANG19\wmshopee\.angular\prerender-root\c36f7b4f-4944-43ac-a6a1-c4d23695b65b\data\admdb.sqlite
[2025-09-30 13:06:35] INFO: INI ALAMAT TABLENYA :  D:\Work\ARYA-WMS-SHOPPIE\ANG19\wmshopee\dist\wmshopee\server\data\admdb.sqlite
[2025-09-30 13:06:37] INFO: ✅ Shopee refresh on fetchWithAuth Error: {"error":"invalid_acceess_token","message":"Invalid access_token, please have a check.","request_id":"e3e3e7f33ffe8e0d15c69958e87f6c00"}
[2025-09-30 13:06:37] INFO: ✅ Shopee refresh on fetchWithAuth Error: {"error":"invalid_acceess_token","message":"Invalid access_token, please have a check.","request_id":"e3e3e7f33ffe8e0d18d5367a8761e700"}
[2025-09-30 13:06:37] INFO: Update data token : 
[2025-09-30 13:06:37] INFO: Update data token : 
[2025-09-30 13:08:47] INFO: INI ALAMAT TABLENYA :  D:\Work\ARYA-WMS-SHOPPIE\ANG19\wmshopee\.angular\prerender-root\179d5a94-44d2-46f3-9b73-e39297796c0e\data\admdb.sqlite
[2025-09-30 13:08:48] INFO: INI ALAMAT TABLENYA :  D:\Work\ARYA-WMS-SHOPPIE\ANG19\wmshopee\.angular\prerender-root\9d07a3f9-b981-4828-bfd6-d393b0bf5a96\data\admdb.sqlite
[2025-09-30 13:08:48] INFO: INI ALAMAT TABLENYA :  D:\Work\ARYA-WMS-SHOPPIE\ANG19\wmshopee\.angular\prerender-root\cdfa630a-73dc-4bbf-864d-167bfc8c40e5\data\admdb.sqlite
[2025-09-30 13:08:48] INFO: INI ALAMAT TABLENYA :  D:\Work\ARYA-WMS-SHOPPIE\ANG19\wmshopee\.angular\prerender-root\5c553c3c-7943-4aff-9bee-6b2d3d377b68\data\admdb.sqlite
[2025-09-30 13:08:48] INFO: INI ALAMAT TABLENYA :  D:\Work\ARYA-WMS-SHOPPIE\ANG19\wmshopee\.angular\prerender-root\b5a62697-01e6-433e-878b-b41ca9bf456f\data\admdb.sqlite
[2025-09-30 13:08:55] INFO: INI ALAMAT TABLENYA :  D:\Work\ARYA-WMS-SHOPPIE\ANG19\wmshopee\dist\wmshopee\server\data\admdb.sqlite
[2025-09-30 13:08:59] INFO: ✅ Shopee refresh on fetchWithAuth Error: {"error":"invalid_acceess_token","message":"Invalid access_token, please have a check.","request_id":"e3e3e7f33ffe967b17d85b73f05ee700"}
[2025-09-30 13:08:59] INFO: ✅ Shopee refresh on fetchWithAuth Error: {"error":"invalid_acceess_token","message":"Invalid access_token, please have a check.","request_id":"e3e3e7f33ffe967b22b639e54a78a000"}
[2025-09-30 13:08:59] INFO: Update data token : 
[2025-09-30 13:08:59] INFO: Update data token : 
[2025-09-30 13:16:26] INFO: INI ALAMAT TABLENYA :  D:\Work\ARYA-WMS-SHOPPIE\ANG19\wmshopee\.angular\prerender-root\431726e1-430b-4012-b564-4d8b95184a2c\data\admdb.sqlite
[2025-09-30 13:16:28] INFO: INI ALAMAT TABLENYA :  D:\Work\ARYA-WMS-SHOPPIE\ANG19\wmshopee\.angular\prerender-root\f3113bb9-26d3-4eaf-b684-4e3266ff3f45\data\admdb.sqlite
[2025-09-30 13:16:28] INFO: INI ALAMAT TABLENYA :  D:\Work\ARYA-WMS-SHOPPIE\ANG19\wmshopee\.angular\prerender-root\d02c71a5-0f25-4cd8-bdcf-6e769ddd6726\data\admdb.sqlite
[2025-09-30 13:16:28] INFO: INI ALAMAT TABLENYA :  D:\Work\ARYA-WMS-SHOPPIE\ANG19\wmshopee\.angular\prerender-root\0d6616f9-3949-4af3-8563-386a824f9275\data\admdb.sqlite
[2025-09-30 13:16:28] INFO: INI ALAMAT TABLENYA :  D:\Work\ARYA-WMS-SHOPPIE\ANG19\wmshopee\.angular\prerender-root\3da74269-25cb-451a-9e6b-2c33fae31f79\data\admdb.sqlite
[2025-09-30 13:16:35] INFO: INI ALAMAT TABLENYA :  D:\Work\ARYA-WMS-SHOPPIE\ANG19\wmshopee\dist\wmshopee\server\data\admdb.sqlite
[2025-09-30 13:16:39] INFO: ✅ Shopee refresh on fetchWithAuth Error: {"error":"invalid_acceess_token","message":"Invalid access_token, please have a check.","request_id":"e3e3e7f33ffeb1ee76696fedb9c49700"}
[2025-09-30 13:16:39] INFO: Update data token : 
[2025-09-30 13:16:39] INFO: ✅ Shopee refresh on fetchWithAuth Error: {"error":"invalid_acceess_token","message":"Invalid access_token, please have a check.","request_id":"e3e3e7f33ffeb1f2c4f945393d283300"}
[2025-09-30 13:16:40] INFO: Update data token : 
[2025-09-30 13:34:03] INFO: INI ALAMAT TABLENYA :  D:\Work\ARYA-WMS-SHOPPIE\ANG19\wmshopee\.angular\prerender-root\da6ea260-ed9f-43cd-ba82-7cc666833dfe\data\admdb.sqlite
[2025-09-30 13:34:05] INFO: INI ALAMAT TABLENYA :  D:\Work\ARYA-WMS-SHOPPIE\ANG19\wmshopee\.angular\prerender-root\79b6f111-36f0-4999-90a7-f1451c404645\data\admdb.sqlite
[2025-09-30 13:34:05] INFO: INI ALAMAT TABLENYA :  D:\Work\ARYA-WMS-SHOPPIE\ANG19\wmshopee\.angular\prerender-root\dbbcf38f-0d05-4a84-a5a6-109b4f46acc1\data\admdb.sqlite
[2025-09-30 13:34:05] INFO: INI ALAMAT TABLENYA :  D:\Work\ARYA-WMS-SHOPPIE\ANG19\wmshopee\.angular\prerender-root\a683770a-4e1a-44a9-967a-556d84984411\data\admdb.sqlite
[2025-09-30 13:34:05] INFO: INI ALAMAT TABLENYA :  D:\Work\ARYA-WMS-SHOPPIE\ANG19\wmshopee\.angular\prerender-root\d844d5f1-23aa-4442-9e54-9cc37d796763\data\admdb.sqlite
[2025-09-30 13:34:12] INFO: INI ALAMAT TABLENYA :  D:\Work\ARYA-WMS-SHOPPIE\ANG19\wmshopee\dist\wmshopee\server\data\admdb.sqlite
[2025-09-30 13:34:14] INFO: ✅ Shopee refresh on fetchWithAuth Error: {"error":"invalid_acceess_token","message":"Invalid access_token, please have a check.","request_id":"e3e3e7f33ffef0d2d93901fc8b7e5e00"}
[2025-09-30 13:34:14] INFO: ✅ Shopee refresh on fetchWithAuth Error: {"error":"invalid_acceess_token","message":"Invalid access_token, please have a check.","request_id":"e3e3e7f33ffef0d2ffd90db315467600"}
[2025-09-30 13:34:14] INFO: Update data token : 
[2025-09-30 13:34:14] INFO: Update data token : 
[2025-09-30 13:35:10] INFO: INI ALAMAT TABLENYA :  D:\Work\ARYA-WMS-SHOPPIE\ANG19\wmshopee\.angular\prerender-root\7d87f9b8-3122-449a-aaa0-8764cf1450d5\data\admdb.sqlite
[2025-09-30 13:35:12] INFO: INI ALAMAT TABLENYA :  D:\Work\ARYA-WMS-SHOPPIE\ANG19\wmshopee\.angular\prerender-root\2ab7829b-4768-45af-ae08-d8c7b68dfd42\data\admdb.sqlite
[2025-09-30 13:35:12] INFO: INI ALAMAT TABLENYA :  D:\Work\ARYA-WMS-SHOPPIE\ANG19\wmshopee\.angular\prerender-root\75c14952-27ed-4eda-a17b-5dd673b5bd73\data\admdb.sqlite
[2025-09-30 13:35:12] INFO: INI ALAMAT TABLENYA :  D:\Work\ARYA-WMS-SHOPPIE\ANG19\wmshopee\.angular\prerender-root\f7bce525-eb1b-41f8-b5e7-ac460addd2e9\data\admdb.sqlite
[2025-09-30 13:35:12] INFO: INI ALAMAT TABLENYA :  D:\Work\ARYA-WMS-SHOPPIE\ANG19\wmshopee\.angular\prerender-root\f62c459b-29f0-4455-a289-6452ceabacfa\data\admdb.sqlite
[2025-09-30 13:35:32] INFO: INI ALAMAT TABLENYA :  D:\Work\ARYA-WMS-SHOPPIE\ANG19\wmshopee\dist\wmshopee\server\data\admdb.sqlite
[2025-09-30 13:38:44] INFO: INI ALAMAT TABLENYA :  D:\Work\ARYA-WMS-SHOPPIE\ANG19\wmshopee\.angular\prerender-root\ea1e873b-dc2a-49bc-8f1e-aaf83ec095c9\data\admdb.sqlite
[2025-09-30 13:38:45] INFO: INI ALAMAT TABLENYA :  D:\Work\ARYA-WMS-SHOPPIE\ANG19\wmshopee\.angular\prerender-root\df6699b5-fcf8-47dc-84a7-4260fa9d206b\data\admdb.sqlite
[2025-09-30 13:38:45] INFO: INI ALAMAT TABLENYA :  D:\Work\ARYA-WMS-SHOPPIE\ANG19\wmshopee\.angular\prerender-root\caaef0f8-5031-40a1-935c-0689c4d7c697\data\admdb.sqlite
[2025-09-30 13:38:45] INFO: INI ALAMAT TABLENYA :  D:\Work\ARYA-WMS-SHOPPIE\ANG19\wmshopee\.angular\prerender-root\3fe79716-c2bb-4512-9f35-e5803ab72f8c\data\admdb.sqlite
[2025-09-30 13:38:45] INFO: INI ALAMAT TABLENYA :  D:\Work\ARYA-WMS-SHOPPIE\ANG19\wmshopee\.angular\prerender-root\7bd7496d-2d9a-40d5-95b4-821d22aa3666\data\admdb.sqlite
[2025-09-30 13:38:52] INFO: INI ALAMAT TABLENYA :  D:\Work\ARYA-WMS-SHOPPIE\ANG19\wmshopee\dist\wmshopee\server\data\admdb.sqlite
[2025-09-30 13:44:01] INFO: INI ALAMAT TABLENYA :  D:\Work\ARYA-WMS-SHOPPIE\ANG19\wmshopee\.angular\prerender-root\f74a1a97-d047-4b49-922c-a0433bf040e6\data\admdb.sqlite
[2025-09-30 13:44:03] INFO: INI ALAMAT TABLENYA :  D:\Work\ARYA-WMS-SHOPPIE\ANG19\wmshopee\.angular\prerender-root\ba2d8170-0243-4ffb-bc4a-bd313857b335\data\admdb.sqlite
[2025-09-30 13:44:03] INFO: INI ALAMAT TABLENYA :  D:\Work\ARYA-WMS-SHOPPIE\ANG19\wmshopee\.angular\prerender-root\52e908fa-fd09-4380-b3fd-cc4feca7951a\data\admdb.sqlite
[2025-09-30 13:44:03] INFO: INI ALAMAT TABLENYA :  D:\Work\ARYA-WMS-SHOPPIE\ANG19\wmshopee\.angular\prerender-root\1b195925-73f6-4b39-aa6d-ad3d4d884ead\data\admdb.sqlite
[2025-09-30 13:44:03] INFO: INI ALAMAT TABLENYA :  D:\Work\ARYA-WMS-SHOPPIE\ANG19\wmshopee\.angular\prerender-root\81de3015-624e-4ee2-abb3-bc1acc8af0bf\data\admdb.sqlite
[2025-09-30 13:44:21] INFO: INI ALAMAT TABLENYA :  D:\Work\ARYA-WMS-SHOPPIE\ANG19\wmshopee\dist\wmshopee\server\data\admdb.sqlite
[2025-09-30 13:47:17] INFO: INI ALAMAT TABLENYA :  D:\Work\ARYA-WMS-SHOPPIE\ANG19\wmshopee\.angular\prerender-root\622d9c67-3975-4863-a032-0f670369648f\data\admdb.sqlite
[2025-09-30 13:47:19] INFO: INI ALAMAT TABLENYA :  D:\Work\ARYA-WMS-SHOPPIE\ANG19\wmshopee\.angular\prerender-root\aae4c8f9-654b-49a0-b7a3-7cac922894b8\data\admdb.sqlite
[2025-09-30 13:47:19] INFO: INI ALAMAT TABLENYA :  D:\Work\ARYA-WMS-SHOPPIE\ANG19\wmshopee\.angular\prerender-root\d33c4435-f3bb-43d0-bebd-06174c5eb059\data\admdb.sqlite
[2025-09-30 13:47:19] INFO: INI ALAMAT TABLENYA :  D:\Work\ARYA-WMS-SHOPPIE\ANG19\wmshopee\.angular\prerender-root\960772ec-c75a-4ab6-94e1-af876070ec14\data\admdb.sqlite
[2025-09-30 13:47:19] INFO: INI ALAMAT TABLENYA :  D:\Work\ARYA-WMS-SHOPPIE\ANG19\wmshopee\.angular\prerender-root\588b8173-ae38-4330-aab7-cafdc9b3a33a\data\admdb.sqlite
[2025-09-30 13:47:26] INFO: INI ALAMAT TABLENYA :  D:\Work\ARYA-WMS-SHOPPIE\ANG19\wmshopee\dist\wmshopee\server\data\admdb.sqlite
[2025-09-30 13:49:25] INFO: INI ALAMAT TABLENYA :  D:\Work\ARYA-WMS-SHOPPIE\ANG19\wmshopee\.angular\prerender-root\9b218d32-9176-4f47-a4a4-419e088854fe\data\admdb.sqlite
[2025-09-30 13:49:26] INFO: INI ALAMAT TABLENYA :  D:\Work\ARYA-WMS-SHOPPIE\ANG19\wmshopee\.angular\prerender-root\c8d5b405-e36d-4896-bd6b-d0fff174ddb3\data\admdb.sqlite
[2025-09-30 13:49:26] INFO: INI ALAMAT TABLENYA :  D:\Work\ARYA-WMS-SHOPPIE\ANG19\wmshopee\.angular\prerender-root\7f914b31-888c-4fc3-9db4-c82a5cb55ba5\data\admdb.sqlite
[2025-09-30 13:49:26] INFO: INI ALAMAT TABLENYA :  D:\Work\ARYA-WMS-SHOPPIE\ANG19\wmshopee\.angular\prerender-root\f3354b62-9003-4df7-92ef-c332ae98aa71\data\admdb.sqlite
[2025-09-30 13:49:26] INFO: INI ALAMAT TABLENYA :  D:\Work\ARYA-WMS-SHOPPIE\ANG19\wmshopee\.angular\prerender-root\eb3a5a6c-85bd-4d92-979d-dff268640c65\data\admdb.sqlite
[2025-09-30 13:49:33] INFO: INI ALAMAT TABLENYA :  D:\Work\ARYA-WMS-SHOPPIE\ANG19\wmshopee\dist\wmshopee\server\data\admdb.sqlite
[2025-09-30 13:58:37] INFO: INI ALAMAT TABLENYA :  D:\Work\ARYA-WMS-SHOPPIE\ANG19\wmshopee\.angular\prerender-root\aa425e49-cd76-4fbe-a5d6-c310ed2421c5\data\admdb.sqlite
[2025-09-30 13:58:38] INFO: INI ALAMAT TABLENYA :  D:\Work\ARYA-WMS-SHOPPIE\ANG19\wmshopee\.angular\prerender-root\6105f2f4-3289-48a0-a537-55a1d2cf6ca6\data\admdb.sqlite
[2025-09-30 13:58:38] INFO: INI ALAMAT TABLENYA :  D:\Work\ARYA-WMS-SHOPPIE\ANG19\wmshopee\.angular\prerender-root\b0dc97fd-cfda-417a-9cd8-563e489cc136\data\admdb.sqlite
[2025-09-30 13:58:38] INFO: INI ALAMAT TABLENYA :  D:\Work\ARYA-WMS-SHOPPIE\ANG19\wmshopee\.angular\prerender-root\eac69577-41fc-4f07-9a5d-81c23f47b6f2\data\admdb.sqlite
[2025-09-30 13:58:38] INFO: INI ALAMAT TABLENYA :  D:\Work\ARYA-WMS-SHOPPIE\ANG19\wmshopee\.angular\prerender-root\1e236bb0-2838-464f-a17a-566a3ab1d9f1\data\admdb.sqlite
[2025-09-30 14:00:43] INFO: INI ALAMAT TABLENYA :  D:\Work\ARYA-WMS-SHOPPIE\ANG19\wmshopee\.angular\prerender-root\5698f233-c865-432b-9db9-ea54ba16ced5\data\admdb.sqlite
[2025-09-30 14:00:44] INFO: INI ALAMAT TABLENYA :  D:\Work\ARYA-WMS-SHOPPIE\ANG19\wmshopee\.angular\prerender-root\964b2cdb-1d3a-4874-845a-429a41e3d18d\data\admdb.sqlite
[2025-09-30 14:00:44] INFO: INI ALAMAT TABLENYA :  D:\Work\ARYA-WMS-SHOPPIE\ANG19\wmshopee\.angular\prerender-root\ce005834-171c-4712-9b43-8c1a6f5b94a6\data\admdb.sqlite
[2025-09-30 14:00:44] INFO: INI ALAMAT TABLENYA :  D:\Work\ARYA-WMS-SHOPPIE\ANG19\wmshopee\.angular\prerender-root\579e7b66-fee9-45a4-bc53-34256a138763\data\admdb.sqlite
[2025-09-30 14:00:44] INFO: INI ALAMAT TABLENYA :  D:\Work\ARYA-WMS-SHOPPIE\ANG19\wmshopee\.angular\prerender-root\a8d6dd79-4057-4183-a55c-54d6e574bfb7\data\admdb.sqlite
[2025-09-30 14:01:51] INFO: INI ALAMAT TABLENYA :  D:\Work\ARYA-WMS-SHOPPIE\ANG19\wmshopee\dist\wmshopee\server\data\admdb.sqlite
[2025-09-30 14:06:17] INFO: INI ALAMAT TABLENYA :  D:\Work\ARYA-WMS-SHOPPIE\ANG19\wmshopee\.angular\prerender-root\3eacf8be-7065-4ec4-ab48-c4a6b1ae7cdc\data\admdb.sqlite
[2025-09-30 14:06:19] INFO: INI ALAMAT TABLENYA :  D:\Work\ARYA-WMS-SHOPPIE\ANG19\wmshopee\.angular\prerender-root\33f005e9-8086-4d6d-aacc-2139fc65e974\data\admdb.sqlite
[2025-09-30 14:06:19] INFO: INI ALAMAT TABLENYA :  D:\Work\ARYA-WMS-SHOPPIE\ANG19\wmshopee\.angular\prerender-root\e0a75ee4-3414-4253-8f4d-723a8e349368\data\admdb.sqlite
[2025-09-30 14:06:19] INFO: INI ALAMAT TABLENYA :  D:\Work\ARYA-WMS-SHOPPIE\ANG19\wmshopee\.angular\prerender-root\95e12d7f-dec9-49d6-b73c-fa1e02ee0366\data\admdb.sqlite
[2025-09-30 14:06:19] INFO: INI ALAMAT TABLENYA :  D:\Work\ARYA-WMS-SHOPPIE\ANG19\wmshopee\.angular\prerender-root\206e0ac7-dd96-4f8f-aa81-251b088fb86d\data\admdb.sqlite
[2025-09-30 14:06:27] INFO: INI ALAMAT TABLENYA :  D:\Work\ARYA-WMS-SHOPPIE\ANG19\wmshopee\dist\wmshopee\server\data\admdb.sqlite
[2025-09-30 14:17:09] INFO: INI ALAMAT TABLENYA :  D:\Work\ARYA-WMS-SHOPPIE\ANG19\wmshopee\.angular\prerender-root\bdf53f42-fbf7-4402-89b6-8942711bc42b\data\admdb.sqlite
[2025-09-30 14:17:11] INFO: INI ALAMAT TABLENYA :  D:\Work\ARYA-WMS-SHOPPIE\ANG19\wmshopee\.angular\prerender-root\fdfe419b-5849-4822-b47c-cd8e9f3f8411\data\admdb.sqlite
[2025-09-30 14:17:11] INFO: INI ALAMAT TABLENYA :  D:\Work\ARYA-WMS-SHOPPIE\ANG19\wmshopee\.angular\prerender-root\20cf51d9-62d2-4e63-9127-0c4490844705\data\admdb.sqlite
[2025-09-30 14:17:11] INFO: INI ALAMAT TABLENYA :  D:\Work\ARYA-WMS-SHOPPIE\ANG19\wmshopee\.angular\prerender-root\0963162c-8c9e-498f-b304-0f37af2ac658\data\admdb.sqlite
[2025-09-30 14:17:11] INFO: INI ALAMAT TABLENYA :  D:\Work\ARYA-WMS-SHOPPIE\ANG19\wmshopee\.angular\prerender-root\31856c11-fab6-4963-a802-13343773d55f\data\admdb.sqlite
[2025-09-30 14:17:20] INFO: INI ALAMAT TABLENYA :  D:\Work\ARYA-WMS-SHOPPIE\ANG19\wmshopee\dist\wmshopee\server\data\admdb.sqlite
[2025-09-30 14:21:14] INFO: INI ALAMAT TABLENYA :  D:\Work\ARYA-WMS-SHOPPIE\ANG19\wmshopee\.angular\prerender-root\f0a4c9bb-1d75-4236-bac8-638bc2804315\data\admdb.sqlite
[2025-09-30 14:21:15] INFO: INI ALAMAT TABLENYA :  D:\Work\ARYA-WMS-SHOPPIE\ANG19\wmshopee\.angular\prerender-root\c174fe0a-eb46-4811-9221-bcd8d850b5fb\data\admdb.sqlite
[2025-09-30 14:21:15] INFO: INI ALAMAT TABLENYA :  D:\Work\ARYA-WMS-SHOPPIE\ANG19\wmshopee\.angular\prerender-root\d4c367de-4063-4531-8063-cd13f3768038\data\admdb.sqlite
[2025-09-30 14:21:15] INFO: INI ALAMAT TABLENYA :  D:\Work\ARYA-WMS-SHOPPIE\ANG19\wmshopee\.angular\prerender-root\b6810bd2-c371-4c4c-8c06-3a3ecb00fb5c\data\admdb.sqlite
[2025-09-30 14:21:15] INFO: INI ALAMAT TABLENYA :  D:\Work\ARYA-WMS-SHOPPIE\ANG19\wmshopee\.angular\prerender-root\c03f1e2c-b731-4772-ad74-5d415b27d5ba\data\admdb.sqlite
[2025-09-30 14:21:54] INFO: INI ALAMAT TABLENYA :  D:\Work\ARYA-WMS-SHOPPIE\ANG19\wmshopee\.angular\prerender-root\2b15410a-d2a2-4972-b133-22d8407bc942\data\admdb.sqlite
[2025-09-30 14:21:56] INFO: INI ALAMAT TABLENYA :  D:\Work\ARYA-WMS-SHOPPIE\ANG19\wmshopee\.angular\prerender-root\185cc223-c0b3-4da5-b393-23ecdf25f44e\data\admdb.sqlite
[2025-09-30 14:21:56] INFO: INI ALAMAT TABLENYA :  D:\Work\ARYA-WMS-SHOPPIE\ANG19\wmshopee\.angular\prerender-root\527c897c-3d59-4b75-a256-4df07d4dbe3f\data\admdb.sqlite
[2025-09-30 14:21:56] INFO: INI ALAMAT TABLENYA :  D:\Work\ARYA-WMS-SHOPPIE\ANG19\wmshopee\.angular\prerender-root\99bb0d05-d5e7-4c65-a72d-5e974a2a076a\data\admdb.sqlite
[2025-09-30 14:21:56] INFO: INI ALAMAT TABLENYA :  D:\Work\ARYA-WMS-SHOPPIE\ANG19\wmshopee\.angular\prerender-root\c5f0daf6-eadf-4013-8f3f-095e44ca01c9\data\admdb.sqlite
[2025-09-30 14:22:47] INFO: INI ALAMAT TABLENYA :  D:\Work\ARYA-WMS-SHOPPIE\ANG19\wmshopee\dist\wmshopee\server\data\admdb.sqlite
[2025-09-30 14:58:59] INFO: INI ALAMAT TABLENYA :  D:\Work\ARYA-WMS-SHOPPIE\ANG19\wmshopee\.angular\prerender-root\d6a52fcc-8bf8-4819-ba30-f504df916169\data\admdb.sqlite
[2025-09-30 14:59:12] INFO: INI ALAMAT TABLENYA :  D:\Work\ARYA-WMS-SHOPPIE\ANG19\wmshopee\.angular\prerender-root\afcf6b29-fede-4456-bb26-88a51f7d67df\data\admdb.sqlite
[2025-09-30 14:59:12] INFO: INI ALAMAT TABLENYA :  D:\Work\ARYA-WMS-SHOPPIE\ANG19\wmshopee\.angular\prerender-root\2a3867a0-3251-4441-b2c7-e8aa80ab6147\data\admdb.sqlite
[2025-09-30 14:59:12] INFO: INI ALAMAT TABLENYA :  D:\Work\ARYA-WMS-SHOPPIE\ANG19\wmshopee\.angular\prerender-root\2aa73e94-a45b-4539-8043-d7eae3ab98c9\data\admdb.sqlite
[2025-09-30 14:59:12] INFO: INI ALAMAT TABLENYA :  D:\Work\ARYA-WMS-SHOPPIE\ANG19\wmshopee\.angular\prerender-root\c7d32b68-5f9e-480e-8872-18c82fba4129\data\admdb.sqlite
[2025-09-30 15:00:21] INFO: INI ALAMAT TABLENYA :  D:\Work\ARYA-WMS-SHOPPIE\ANG19\wmshopee\.angular\prerender-root\8a4fff52-e996-40e1-a9ce-de8c5ce17139\data\admdb.sqlite
[2025-09-30 15:00:22] INFO: INI ALAMAT TABLENYA :  D:\Work\ARYA-WMS-SHOPPIE\ANG19\wmshopee\.angular\prerender-root\1e4cb00a-cfc4-47c7-9a89-f41a245bfafe\data\admdb.sqlite
[2025-09-30 15:00:22] INFO: INI ALAMAT TABLENYA :  D:\Work\ARYA-WMS-SHOPPIE\ANG19\wmshopee\.angular\prerender-root\b9a3ac2d-6eff-47d2-a025-a2ec11108deb\data\admdb.sqlite
[2025-09-30 15:00:22] INFO: INI ALAMAT TABLENYA :  D:\Work\ARYA-WMS-SHOPPIE\ANG19\wmshopee\.angular\prerender-root\9e0f3b1b-56c9-4082-8793-d7d0c286dfd2\data\admdb.sqlite
[2025-09-30 15:00:22] INFO: INI ALAMAT TABLENYA :  D:\Work\ARYA-WMS-SHOPPIE\ANG19\wmshopee\.angular\prerender-root\b0217448-1725-4328-b303-48ba0538b629\data\admdb.sqlite
[2025-09-30 15:00:29] INFO: INI ALAMAT TABLENYA :  D:\Work\ARYA-WMS-SHOPPIE\ANG19\wmshopee\dist\wmshopee\server\data\admdb.sqlite
[2025-09-30 15:01:44] INFO: INI ALAMAT TABLENYA :  D:\Work\ARYA-WMS-SHOPPIE\ANG19\wmshopee\.angular\prerender-root\cddc9a16-dc57-4693-b7d4-4d6045ffdd32\data\admdb.sqlite
[2025-09-30 15:01:46] INFO: INI ALAMAT TABLENYA :  D:\Work\ARYA-WMS-SHOPPIE\ANG19\wmshopee\.angular\prerender-root\d5204cae-de3b-46ad-86e1-b1a41723b8db\data\admdb.sqlite
[2025-09-30 15:01:46] INFO: INI ALAMAT TABLENYA :  D:\Work\ARYA-WMS-SHOPPIE\ANG19\wmshopee\.angular\prerender-root\2d768f05-814f-4edd-afe9-155020e41771\data\admdb.sqlite
[2025-09-30 15:01:46] INFO: INI ALAMAT TABLENYA :  D:\Work\ARYA-WMS-SHOPPIE\ANG19\wmshopee\.angular\prerender-root\d41d260c-7059-4b51-96a6-e03e5596b7af\data\admdb.sqlite
[2025-09-30 15:01:46] INFO: INI ALAMAT TABLENYA :  D:\Work\ARYA-WMS-SHOPPIE\ANG19\wmshopee\.angular\prerender-root\d431216f-f6a0-4004-a4ca-07aa1d4e8970\data\admdb.sqlite
[2025-09-30 15:02:07] INFO: INI ALAMAT TABLENYA :  D:\Work\ARYA-WMS-SHOPPIE\ANG19\wmshopee\dist\wmshopee\server\data\admdb.sqlite
[2025-09-30 15:08:31] INFO: INI ALAMAT TABLENYA :  D:\Work\ARYA-WMS-SHOPPIE\ANG19\wmshopee\.angular\prerender-root\1774828c-1f61-493a-88c3-185c870e4555\data\admdb.sqlite
[2025-09-30 15:08:32] INFO: INI ALAMAT TABLENYA :  D:\Work\ARYA-WMS-SHOPPIE\ANG19\wmshopee\.angular\prerender-root\ba0e295b-62e3-44e7-a004-883ec67cf901\data\admdb.sqlite
[2025-09-30 15:08:32] INFO: INI ALAMAT TABLENYA :  D:\Work\ARYA-WMS-SHOPPIE\ANG19\wmshopee\.angular\prerender-root\c760b5a4-4e70-440f-b714-096e832ac8a4\data\admdb.sqlite
[2025-09-30 15:08:32] INFO: INI ALAMAT TABLENYA :  D:\Work\ARYA-WMS-SHOPPIE\ANG19\wmshopee\.angular\prerender-root\930dd02f-bc70-49eb-826b-d1f7ea66ce13\data\admdb.sqlite
[2025-09-30 15:08:32] INFO: INI ALAMAT TABLENYA :  D:\Work\ARYA-WMS-SHOPPIE\ANG19\wmshopee\.angular\prerender-root\6d1012b5-de25-4482-a709-a69af7f966be\data\admdb.sqlite
[2025-09-30 15:08:39] INFO: INI ALAMAT TABLENYA :  D:\Work\ARYA-WMS-SHOPPIE\ANG19\wmshopee\dist\wmshopee\server\data\admdb.sqlite
[2025-09-30 15:11:56] INFO: INI ALAMAT TABLENYA :  D:\Work\ARYA-WMS-SHOPPIE\ANG19\wmshopee\.angular\prerender-root\f4afd004-7118-417a-8057-9a316a592bcf\data\admdb.sqlite
[2025-09-30 15:11:57] INFO: INI ALAMAT TABLENYA :  D:\Work\ARYA-WMS-SHOPPIE\ANG19\wmshopee\.angular\prerender-root\5a069264-25c1-4c21-b212-d2cb88f014e6\data\admdb.sqlite
[2025-09-30 15:11:57] INFO: INI ALAMAT TABLENYA :  D:\Work\ARYA-WMS-SHOPPIE\ANG19\wmshopee\.angular\prerender-root\5fae87b4-1848-4fd8-8271-7419b9453e45\data\admdb.sqlite
[2025-09-30 15:11:57] INFO: INI ALAMAT TABLENYA :  D:\Work\ARYA-WMS-SHOPPIE\ANG19\wmshopee\.angular\prerender-root\25d5fdb6-1f85-46e1-b943-1450ce889179\data\admdb.sqlite
[2025-09-30 15:11:57] INFO: INI ALAMAT TABLENYA :  D:\Work\ARYA-WMS-SHOPPIE\ANG19\wmshopee\.angular\prerender-root\6aa95561-a158-4419-9538-b9f448dc5584\data\admdb.sqlite
[2025-09-30 15:12:04] INFO: INI ALAMAT TABLENYA :  D:\Work\ARYA-WMS-SHOPPIE\ANG19\wmshopee\dist\wmshopee\server\data\admdb.sqlite
