[2025-08-15 09:28:31] INFO: INI ALAMAT TABLENYA :  D:\Work\ARYA-WMS-SHOPPIE\ANG19\wmshopee\.angular\prerender-root\74ad2608-1b3a-43f3-a4b6-7652382cdacd\data\admdb.sqlite
[2025-08-15 09:28:48] INFO: INI ALAMAT TABLENYA :  D:\Work\ARYA-WMS-SHOPPIE\ANG19\wmshopee\.angular\prerender-root\5535f9ee-40f6-4c25-9bd2-ebd2f8e62a44\data\admdb.sqlite
[2025-08-15 09:28:48] INFO: INI ALAMAT TABLENYA :  D:\Work\ARYA-WMS-SHOPPIE\ANG19\wmshopee\.angular\prerender-root\c24c601f-8d6a-4372-b836-4028585752c2\data\admdb.sqlite
[2025-08-15 09:28:48] INFO: INI ALAMAT TABLENYA :  D:\Work\ARYA-WMS-SHOPPIE\ANG19\wmshopee\.angular\prerender-root\5b1ca46b-4dd7-49fc-868c-2b36cb6993c2\data\admdb.sqlite
[2025-08-15 09:28:48] INFO: INI ALAMAT TABLENYA :  D:\Work\ARYA-WMS-SHOPPIE\ANG19\wmshopee\.angular\prerender-root\6f6fc585-0c5a-41e9-b66a-105aa5e1ef27\data\admdb.sqlite
[2025-08-15 09:33:58] INFO: INI ALAMAT TABLENYA :  D:\Work\ARYA-WMS-SHOPPIE\ANG19\wmshopee\dist\wmshopee\server\data\admdb.sqlite
[2025-08-15 09:34:02] INFO: Update data token : 
[2025-08-15 09:34:02] INFO: Update data token : 
[2025-08-15 09:34:19] INFO: ✅ Sudah di List  130
[2025-08-15 09:34:21] INFO: ✅ package Sudah di List  {"order_sn":"250814SGR2H44X","package_number":"OFG208876981240297"}
[2025-08-15 10:49:29] INFO: INI ALAMAT TABLENYA :  D:\Work\ARYA-WMS-SHOPPIE\ANG19\wmshopee\.angular\prerender-root\a05a9c79-75f1-4fc7-b8af-9d3e3dd8728f\data\admdb.sqlite
[2025-08-15 10:49:30] INFO: INI ALAMAT TABLENYA :  D:\Work\ARYA-WMS-SHOPPIE\ANG19\wmshopee\.angular\prerender-root\fc63b8fb-3a48-4c8f-affb-bba94c971b25\data\admdb.sqlite
[2025-08-15 10:49:30] INFO: INI ALAMAT TABLENYA :  D:\Work\ARYA-WMS-SHOPPIE\ANG19\wmshopee\.angular\prerender-root\a9f0aa6a-08f2-4efd-9e49-7214c52965df\data\admdb.sqlite
[2025-08-15 10:49:30] INFO: INI ALAMAT TABLENYA :  D:\Work\ARYA-WMS-SHOPPIE\ANG19\wmshopee\.angular\prerender-root\b127a848-a09a-45cf-9d83-6f83e28c6e26\data\admdb.sqlite
[2025-08-15 10:49:30] INFO: INI ALAMAT TABLENYA :  D:\Work\ARYA-WMS-SHOPPIE\ANG19\wmshopee\.angular\prerender-root\7edc826a-eef7-4123-abd3-1f60a818941c\data\admdb.sqlite
[2025-08-15 10:50:15] INFO: INI ALAMAT TABLENYA :  D:\Work\ARYA-WMS-SHOPPIE\ANG19\wmshopee\dist\wmshopee\server\data\admdb.sqlite
[2025-08-15 10:57:24] INFO: INI ALAMAT TABLENYA :  D:\Work\ARYA-WMS-SHOPPIE\ANG19\wmshopee\.angular\prerender-root\0430d8b5-c746-4f7d-80df-21d0e6feb864\data\admdb.sqlite
[2025-08-15 10:57:26] INFO: INI ALAMAT TABLENYA :  D:\Work\ARYA-WMS-SHOPPIE\ANG19\wmshopee\.angular\prerender-root\77a646f3-3e19-4e7d-b852-186e1750dd5d\data\admdb.sqlite
[2025-08-15 10:57:26] INFO: INI ALAMAT TABLENYA :  D:\Work\ARYA-WMS-SHOPPIE\ANG19\wmshopee\.angular\prerender-root\fbbec05d-8ac7-45e5-9de4-277338311e3f\data\admdb.sqlite
[2025-08-15 10:57:26] INFO: INI ALAMAT TABLENYA :  D:\Work\ARYA-WMS-SHOPPIE\ANG19\wmshopee\.angular\prerender-root\1ec55dcf-3ba4-47eb-920b-66746da54508\data\admdb.sqlite
[2025-08-15 10:57:26] INFO: INI ALAMAT TABLENYA :  D:\Work\ARYA-WMS-SHOPPIE\ANG19\wmshopee\.angular\prerender-root\3186091e-8a71-4919-b0aa-f9193d43b7a8\data\admdb.sqlite
[2025-08-15 10:57:45] INFO: INI ALAMAT TABLENYA :  D:\Work\ARYA-WMS-SHOPPIE\ANG19\wmshopee\dist\wmshopee\server\data\admdb.sqlite
[2025-08-15 17:16:50] INFO: INI ALAMAT TABLENYA :  D:\Work\ARYA-WMS-SHOPPIE\ANG19\wmshopee\.angular\prerender-root\83078b9b-0f96-4fcd-b7db-b32a9874a472\data\admdb.sqlite
[2025-08-15 17:16:52] INFO: INI ALAMAT TABLENYA :  D:\Work\ARYA-WMS-SHOPPIE\ANG19\wmshopee\.angular\prerender-root\e04c1cf8-9277-475f-8169-bd3f5d2a33df\data\admdb.sqlite
[2025-08-15 17:16:52] INFO: INI ALAMAT TABLENYA :  D:\Work\ARYA-WMS-SHOPPIE\ANG19\wmshopee\.angular\prerender-root\930ebbb8-b224-4bda-b620-0ed2899e4382\data\admdb.sqlite
[2025-08-15 17:16:52] INFO: INI ALAMAT TABLENYA :  D:\Work\ARYA-WMS-SHOPPIE\ANG19\wmshopee\.angular\prerender-root\5e097761-4c43-4c93-af30-445dd19f0b4f\data\admdb.sqlite
[2025-08-15 17:16:52] INFO: INI ALAMAT TABLENYA :  D:\Work\ARYA-WMS-SHOPPIE\ANG19\wmshopee\.angular\prerender-root\0a306f38-a9a2-4ef0-8b3e-5e11e3171f15\data\admdb.sqlite
[2025-08-15 17:17:03] INFO: INI ALAMAT TABLENYA :  D:\Work\ARYA-WMS-SHOPPIE\ANG19\wmshopee\dist\wmshopee\server\data\admdb.sqlite
[2025-08-15 17:17:06] INFO: Update data token : 
[2025-08-15 17:17:06] INFO: Update data token : 
[2025-08-15 17:54:38] INFO: INI ALAMAT TABLENYA :  D:\Work\ARYA-WMS-SHOPPIE\ANG19\wmshopee\.angular\prerender-root\a88c5dc1-e343-4b00-b070-1c14e339e5e4\data\admdb.sqlite
[2025-08-15 17:54:40] INFO: INI ALAMAT TABLENYA :  D:\Work\ARYA-WMS-SHOPPIE\ANG19\wmshopee\.angular\prerender-root\d6a35655-0a08-4fa8-b549-c719346c58c4\data\admdb.sqlite
[2025-08-15 17:54:40] INFO: INI ALAMAT TABLENYA :  D:\Work\ARYA-WMS-SHOPPIE\ANG19\wmshopee\.angular\prerender-root\ae1648d5-8332-4ba8-9197-5b55eda51daf\data\admdb.sqlite
[2025-08-15 17:54:40] INFO: INI ALAMAT TABLENYA :  D:\Work\ARYA-WMS-SHOPPIE\ANG19\wmshopee\.angular\prerender-root\b70eb8bb-5c29-4782-b853-6b507126a6ce\data\admdb.sqlite
[2025-08-15 17:54:40] INFO: INI ALAMAT TABLENYA :  D:\Work\ARYA-WMS-SHOPPIE\ANG19\wmshopee\.angular\prerender-root\12efbdf8-38ff-40fe-bccc-64996d898c22\data\admdb.sqlite
[2025-08-15 17:54:54] INFO: INI ALAMAT TABLENYA :  D:\Work\ARYA-WMS-SHOPPIE\ANG19\wmshopee\dist\wmshopee\server\data\admdb.sqlite
[2025-08-15 17:55:00] INFO: Update data token : 
[2025-08-15 17:55:00] INFO: Update data token : 
[2025-08-15 17:58:07] INFO: INI ALAMAT TABLENYA :  D:\Work\ARYA-WMS-SHOPPIE\ANG19\wmshopee\.angular\prerender-root\e376e1c4-540b-4885-889c-fee9ceb2d289\data\admdb.sqlite
[2025-08-15 17:58:09] INFO: INI ALAMAT TABLENYA :  D:\Work\ARYA-WMS-SHOPPIE\ANG19\wmshopee\.angular\prerender-root\1daaf7b9-aeed-4b1d-a454-e748439b80b9\data\admdb.sqlite
[2025-08-15 17:58:09] INFO: INI ALAMAT TABLENYA :  D:\Work\ARYA-WMS-SHOPPIE\ANG19\wmshopee\.angular\prerender-root\f09b75a6-bd62-4367-8032-7df3fa79e1b2\data\admdb.sqlite
[2025-08-15 17:58:09] INFO: INI ALAMAT TABLENYA :  D:\Work\ARYA-WMS-SHOPPIE\ANG19\wmshopee\.angular\prerender-root\dffe31f8-54d1-4e5e-abb0-2bdfecbe38af\data\admdb.sqlite
[2025-08-15 17:58:09] INFO: INI ALAMAT TABLENYA :  D:\Work\ARYA-WMS-SHOPPIE\ANG19\wmshopee\.angular\prerender-root\68effa30-07cd-458b-94bd-671631781883\data\admdb.sqlite
[2025-08-15 17:58:18] INFO: INI ALAMAT TABLENYA :  D:\Work\ARYA-WMS-SHOPPIE\ANG19\wmshopee\dist\wmshopee\server\data\admdb.sqlite
[2025-08-15 17:58:28] INFO: Update data token : 
[2025-08-15 17:58:28] INFO: Update data token : 
[2025-08-15 18:22:50] INFO: INI ALAMAT TABLENYA :  D:\Work\ARYA-WMS-SHOPPIE\ANG19\wmshopee\.angular\prerender-root\33cb94b5-e3d6-457f-b96d-5b76d1ae766a\data\admdb.sqlite
[2025-08-15 18:22:52] INFO: INI ALAMAT TABLENYA :  D:\Work\ARYA-WMS-SHOPPIE\ANG19\wmshopee\.angular\prerender-root\0970a27a-88c7-4b37-825b-9124535fa545\data\admdb.sqlite
[2025-08-15 18:22:52] INFO: INI ALAMAT TABLENYA :  D:\Work\ARYA-WMS-SHOPPIE\ANG19\wmshopee\.angular\prerender-root\9af23475-c39f-4b64-8eef-9c313def76bd\data\admdb.sqlite
[2025-08-15 18:22:52] INFO: INI ALAMAT TABLENYA :  D:\Work\ARYA-WMS-SHOPPIE\ANG19\wmshopee\.angular\prerender-root\a1cf0caf-c52d-4f5e-af3c-599ba2a206a5\data\admdb.sqlite
[2025-08-15 18:22:52] INFO: INI ALAMAT TABLENYA :  D:\Work\ARYA-WMS-SHOPPIE\ANG19\wmshopee\.angular\prerender-root\a0af4107-8899-44a0-a2e2-0975d4d424ee\data\admdb.sqlite
[2025-08-15 19:07:13] INFO: INI ALAMAT TABLENYA :  D:\Work\ARYA-WMS-SHOPPIE\ANG19\wmshopee\.angular\prerender-root\bdb0898e-c15d-4af0-b743-ab317fd4ee92\data\admdb.sqlite
[2025-08-15 19:07:23] INFO: INI ALAMAT TABLENYA :  D:\Work\ARYA-WMS-SHOPPIE\ANG19\wmshopee\.angular\prerender-root\a641e0ad-0154-43ee-bf88-635c5e48de4d\data\admdb.sqlite
[2025-08-15 19:07:23] INFO: INI ALAMAT TABLENYA :  D:\Work\ARYA-WMS-SHOPPIE\ANG19\wmshopee\.angular\prerender-root\e8ed85a7-fc51-48ed-97d0-4b9ba1fb48a1\data\admdb.sqlite
[2025-08-15 19:07:23] INFO: INI ALAMAT TABLENYA :  D:\Work\ARYA-WMS-SHOPPIE\ANG19\wmshopee\.angular\prerender-root\2f5031df-894c-4471-9a8f-b4b277b3d6f5\data\admdb.sqlite
[2025-08-15 19:07:23] INFO: INI ALAMAT TABLENYA :  D:\Work\ARYA-WMS-SHOPPIE\ANG19\wmshopee\.angular\prerender-root\a3b8da97-426f-4404-bf81-3593a1226bee\data\admdb.sqlite
[2025-08-15 19:07:49] INFO: INI ALAMAT TABLENYA :  D:\Work\ARYA-WMS-SHOPPIE\ANG19\wmshopee\dist\wmshopee\server\data\admdb.sqlite
[2025-08-15 19:33:14] INFO: INI ALAMAT TABLENYA :  D:\Work\ARYA-WMS-SHOPPIE\ANG19\wmshopee\.angular\prerender-root\8bb500c6-dea7-4729-be8b-0c5b156c66e9\data\admdb.sqlite
[2025-08-15 19:33:15] INFO: INI ALAMAT TABLENYA :  D:\Work\ARYA-WMS-SHOPPIE\ANG19\wmshopee\.angular\prerender-root\aca4d85d-8ddd-41e6-93d2-6f2cb1ed86d1\data\admdb.sqlite
[2025-08-15 19:33:15] INFO: INI ALAMAT TABLENYA :  D:\Work\ARYA-WMS-SHOPPIE\ANG19\wmshopee\.angular\prerender-root\2396377b-05fc-4374-b2f1-3cca85d5aab6\data\admdb.sqlite
[2025-08-15 19:33:15] INFO: INI ALAMAT TABLENYA :  D:\Work\ARYA-WMS-SHOPPIE\ANG19\wmshopee\.angular\prerender-root\14162576-0f10-401e-bee8-a5f2adf7b549\data\admdb.sqlite
[2025-08-15 19:33:15] INFO: INI ALAMAT TABLENYA :  D:\Work\ARYA-WMS-SHOPPIE\ANG19\wmshopee\.angular\prerender-root\b4b1c5e9-18f6-473a-99ea-94952c3749ac\data\admdb.sqlite
[2025-08-15 19:33:22] INFO: INI ALAMAT TABLENYA :  D:\Work\ARYA-WMS-SHOPPIE\ANG19\wmshopee\dist\wmshopee\server\data\admdb.sqlite
[2025-08-15 19:35:23] INFO: INI ALAMAT TABLENYA :  D:\Work\ARYA-WMS-SHOPPIE\ANG19\wmshopee\.angular\prerender-root\4c10ba8f-566c-48e9-bcf5-610ea4e9337c\data\admdb.sqlite
[2025-08-15 19:35:25] INFO: INI ALAMAT TABLENYA :  D:\Work\ARYA-WMS-SHOPPIE\ANG19\wmshopee\.angular\prerender-root\dfb1c519-ab34-47dc-b088-ec3c6c847130\data\admdb.sqlite
[2025-08-15 19:35:25] INFO: INI ALAMAT TABLENYA :  D:\Work\ARYA-WMS-SHOPPIE\ANG19\wmshopee\.angular\prerender-root\52e59573-6bb8-4b19-ae11-ac43bedb23f3\data\admdb.sqlite
[2025-08-15 19:35:25] INFO: INI ALAMAT TABLENYA :  D:\Work\ARYA-WMS-SHOPPIE\ANG19\wmshopee\.angular\prerender-root\8389a6d3-ac49-41f7-8751-05be472934aa\data\admdb.sqlite
[2025-08-15 19:35:25] INFO: INI ALAMAT TABLENYA :  D:\Work\ARYA-WMS-SHOPPIE\ANG19\wmshopee\.angular\prerender-root\6a3e6a1a-392b-4379-9d92-61350e49e4c5\data\admdb.sqlite
[2025-08-15 19:35:32] INFO: INI ALAMAT TABLENYA :  D:\Work\ARYA-WMS-SHOPPIE\ANG19\wmshopee\dist\wmshopee\server\data\admdb.sqlite
[2025-08-15 19:48:46] INFO: INI ALAMAT TABLENYA :  D:\Work\ARYA-WMS-SHOPPIE\ANG19\wmshopee\.angular\prerender-root\a2d2d2c8-3a3b-4a81-a92a-5564a200da1b\data\admdb.sqlite
[2025-08-15 19:48:48] INFO: INI ALAMAT TABLENYA :  D:\Work\ARYA-WMS-SHOPPIE\ANG19\wmshopee\.angular\prerender-root\d42723ab-5c77-46e5-a04e-1254c538773a\data\admdb.sqlite
[2025-08-15 19:48:48] INFO: INI ALAMAT TABLENYA :  D:\Work\ARYA-WMS-SHOPPIE\ANG19\wmshopee\.angular\prerender-root\912c29d0-a7e7-458a-9099-3f068fda56f9\data\admdb.sqlite
[2025-08-15 19:48:48] INFO: INI ALAMAT TABLENYA :  D:\Work\ARYA-WMS-SHOPPIE\ANG19\wmshopee\.angular\prerender-root\f5ebfc54-7c93-48bc-9ff2-277dc0476485\data\admdb.sqlite
[2025-08-15 19:48:48] INFO: INI ALAMAT TABLENYA :  D:\Work\ARYA-WMS-SHOPPIE\ANG19\wmshopee\.angular\prerender-root\f921a455-1167-46c2-b01c-439450b11ebe\data\admdb.sqlite
[2025-08-15 19:48:55] INFO: INI ALAMAT TABLENYA :  D:\Work\ARYA-WMS-SHOPPIE\ANG19\wmshopee\dist\wmshopee\server\data\admdb.sqlite
[2025-08-15 20:02:47] INFO: INI ALAMAT TABLENYA :  D:\Work\ARYA-WMS-SHOPPIE\ANG19\wmshopee\.angular\prerender-root\389d6f1f-9b7e-4d4c-96c8-534ef8de693f\data\admdb.sqlite
[2025-08-15 20:02:48] INFO: INI ALAMAT TABLENYA :  D:\Work\ARYA-WMS-SHOPPIE\ANG19\wmshopee\.angular\prerender-root\7744459a-a92b-4b0b-ac78-3712ec319d8c\data\admdb.sqlite
[2025-08-15 20:02:48] INFO: INI ALAMAT TABLENYA :  D:\Work\ARYA-WMS-SHOPPIE\ANG19\wmshopee\.angular\prerender-root\a7e0e01d-e407-40dd-94d1-aa273eee1a22\data\admdb.sqlite
[2025-08-15 20:02:48] INFO: INI ALAMAT TABLENYA :  D:\Work\ARYA-WMS-SHOPPIE\ANG19\wmshopee\.angular\prerender-root\37611ffa-5a16-4889-bd7b-05984f338407\data\admdb.sqlite
[2025-08-15 20:02:48] INFO: INI ALAMAT TABLENYA :  D:\Work\ARYA-WMS-SHOPPIE\ANG19\wmshopee\.angular\prerender-root\3eede96a-a55b-4fcd-8537-106311577591\data\admdb.sqlite
[2025-08-15 20:02:55] INFO: INI ALAMAT TABLENYA :  D:\Work\ARYA-WMS-SHOPPIE\ANG19\wmshopee\dist\wmshopee\server\data\admdb.sqlite
