[2025-09-01 11:33:31] INFO: INI ALAMAT TABLENYA :  D:\Work\ARYA-WMS-SHOPPIE\ANG19\wmshopee\dist\wmshopee\server\data\admdb.sqlite
[2025-09-01 11:34:16] INFO: ✅ Shopee refresh on fetchWithAuth Error: {"error":"invalid_acceess_token","message":"Invalid access_token, please have a check.","request_id":"e3e3e7f33db5e26ae0b9b3f114bfd500"}
[2025-09-01 11:34:16] INFO: ✅ Shopee refresh on fetchWithAuth Error: {"error":"invalid_acceess_token","message":"Invalid access_token, please have a check.","request_id":"e3e3e7f33db5e26b021bacdaf7a35a00"}
[2025-09-01 11:34:16] INFO: Update data token : 
[2025-09-01 11:34:16] INFO: Update data token : 
[2025-09-01 11:34:39] INFO: ✅ Sudah di List  27
[2025-09-01 11:34:39] INFO: ✅ package Sudah di List  {"order_sn":"250901BGV6C51N","package_number":"OFG210396083283893"}
[2025-09-01 11:35:55] INFO: INI ALAMAT TABLENYA :  D:\Work\ARYA-WMS-SHOPPIE\ANG19\wmshopee\.angular\prerender-root\59f76448-6b10-4f99-8bfe-3ec7e1b0b367\data\admdb.sqlite
[2025-09-01 11:36:00] INFO: INI ALAMAT TABLENYA :  D:\Work\ARYA-WMS-SHOPPIE\ANG19\wmshopee\.angular\prerender-root\9aafdfc6-52e8-462c-b62c-b33e5f656bef\data\admdb.sqlite
[2025-09-01 11:36:00] INFO: INI ALAMAT TABLENYA :  D:\Work\ARYA-WMS-SHOPPIE\ANG19\wmshopee\.angular\prerender-root\24dbaaaa-3ab2-45e7-8045-3a083e6f3f42\data\admdb.sqlite
[2025-09-01 11:36:00] INFO: INI ALAMAT TABLENYA :  D:\Work\ARYA-WMS-SHOPPIE\ANG19\wmshopee\.angular\prerender-root\d7091c21-60fa-441d-8334-999141925d01\data\admdb.sqlite
[2025-09-01 11:36:00] INFO: INI ALAMAT TABLENYA :  D:\Work\ARYA-WMS-SHOPPIE\ANG19\wmshopee\.angular\prerender-root\0b8c3ed9-68e9-4a4c-b8ba-9aeccb5b982c\data\admdb.sqlite
[2025-09-01 11:36:41] INFO: INI ALAMAT TABLENYA :  D:\Work\ARYA-WMS-SHOPPIE\ANG19\wmshopee\dist\wmshopee\server\data\admdb.sqlite
[2025-09-01 11:48:57] INFO: INI ALAMAT TABLENYA :  D:\Work\ARYA-WMS-SHOPPIE\ANG19\wmshopee\.angular\prerender-root\85cfc9b1-4b27-46a3-90e3-424dd0402740\data\admdb.sqlite
[2025-09-01 11:49:07] INFO: INI ALAMAT TABLENYA :  D:\Work\ARYA-WMS-SHOPPIE\ANG19\wmshopee\.angular\prerender-root\e108fd89-5274-4bff-8eb5-03c4c1c34ff5\data\admdb.sqlite
[2025-09-01 11:49:07] INFO: INI ALAMAT TABLENYA :  D:\Work\ARYA-WMS-SHOPPIE\ANG19\wmshopee\.angular\prerender-root\1b122b01-106f-4a8a-b2a5-404b62052554\data\admdb.sqlite
[2025-09-01 11:49:07] INFO: INI ALAMAT TABLENYA :  D:\Work\ARYA-WMS-SHOPPIE\ANG19\wmshopee\.angular\prerender-root\ba583493-4b6b-428f-9836-ba6221cd8275\data\admdb.sqlite
[2025-09-01 11:49:07] INFO: INI ALAMAT TABLENYA :  D:\Work\ARYA-WMS-SHOPPIE\ANG19\wmshopee\.angular\prerender-root\991d80b7-553a-454f-85fd-8e0a959eef7a\data\admdb.sqlite
[2025-09-01 11:49:52] INFO: INI ALAMAT TABLENYA :  D:\Work\ARYA-WMS-SHOPPIE\ANG19\wmshopee\dist\wmshopee\server\data\admdb.sqlite
[2025-09-01 11:52:37] INFO: INI ALAMAT TABLENYA :  D:\Work\ARYA-WMS-SHOPPIE\ANG19\wmshopee\.angular\prerender-root\07e82741-866d-46eb-a6ad-df5b3a58ae98\data\admdb.sqlite
[2025-09-01 11:52:38] INFO: INI ALAMAT TABLENYA :  D:\Work\ARYA-WMS-SHOPPIE\ANG19\wmshopee\.angular\prerender-root\6eeedaf2-5f4f-436e-a3db-fdb23cf71199\data\admdb.sqlite
[2025-09-01 11:52:38] INFO: INI ALAMAT TABLENYA :  D:\Work\ARYA-WMS-SHOPPIE\ANG19\wmshopee\.angular\prerender-root\92fed80b-978b-43c3-a818-7e8511f23bed\data\admdb.sqlite
[2025-09-01 11:52:38] INFO: INI ALAMAT TABLENYA :  D:\Work\ARYA-WMS-SHOPPIE\ANG19\wmshopee\.angular\prerender-root\c5ff3f45-1e14-444d-ace7-57c6cd64f9f5\data\admdb.sqlite
[2025-09-01 11:52:38] INFO: INI ALAMAT TABLENYA :  D:\Work\ARYA-WMS-SHOPPIE\ANG19\wmshopee\.angular\prerender-root\07e14cd3-c813-4d67-9467-10f727b7c9c0\data\admdb.sqlite
[2025-09-01 11:52:46] INFO: INI ALAMAT TABLENYA :  D:\Work\ARYA-WMS-SHOPPIE\ANG19\wmshopee\dist\wmshopee\server\data\admdb.sqlite
[2025-09-01 12:03:01] INFO: INI ALAMAT TABLENYA :  D:\Work\ARYA-WMS-SHOPPIE\ANG19\wmshopee\.angular\prerender-root\030019ba-ae89-419f-87a2-38d535089581\data\admdb.sqlite
[2025-09-01 12:03:03] INFO: INI ALAMAT TABLENYA :  D:\Work\ARYA-WMS-SHOPPIE\ANG19\wmshopee\.angular\prerender-root\dfb4128d-509b-4915-a5bf-a7d177d980eb\data\admdb.sqlite
[2025-09-01 12:03:03] INFO: INI ALAMAT TABLENYA :  D:\Work\ARYA-WMS-SHOPPIE\ANG19\wmshopee\.angular\prerender-root\373100ba-854e-4fea-a9c9-45c3f35ba2d5\data\admdb.sqlite
[2025-09-01 12:03:03] INFO: INI ALAMAT TABLENYA :  D:\Work\ARYA-WMS-SHOPPIE\ANG19\wmshopee\.angular\prerender-root\b695d5ea-c18a-4d76-8c5b-7c63f7c85bfd\data\admdb.sqlite
[2025-09-01 12:03:03] INFO: INI ALAMAT TABLENYA :  D:\Work\ARYA-WMS-SHOPPIE\ANG19\wmshopee\.angular\prerender-root\34281fdf-9c76-4c3f-8e77-7c1bacd3e32e\data\admdb.sqlite
[2025-09-01 12:03:13] INFO: INI ALAMAT TABLENYA :  D:\Work\ARYA-WMS-SHOPPIE\ANG19\wmshopee\dist\wmshopee\server\data\admdb.sqlite
[2025-09-01 12:16:13] INFO: INI ALAMAT TABLENYA :  D:\Work\ARYA-WMS-SHOPPIE\ANG19\wmshopee\.angular\prerender-root\1631cec3-8620-4c6e-bdb9-730797af3151\data\admdb.sqlite
[2025-09-01 12:16:15] INFO: INI ALAMAT TABLENYA :  D:\Work\ARYA-WMS-SHOPPIE\ANG19\wmshopee\.angular\prerender-root\f9c7a156-ee04-4715-900e-f0dab73f7319\data\admdb.sqlite
[2025-09-01 12:16:15] INFO: INI ALAMAT TABLENYA :  D:\Work\ARYA-WMS-SHOPPIE\ANG19\wmshopee\.angular\prerender-root\6271c73e-d025-4d89-af02-837e9a54c358\data\admdb.sqlite
[2025-09-01 12:16:15] INFO: INI ALAMAT TABLENYA :  D:\Work\ARYA-WMS-SHOPPIE\ANG19\wmshopee\.angular\prerender-root\277326f4-3828-40a2-b3c4-ceec9417a574\data\admdb.sqlite
[2025-09-01 12:16:15] INFO: INI ALAMAT TABLENYA :  D:\Work\ARYA-WMS-SHOPPIE\ANG19\wmshopee\.angular\prerender-root\5ddb5060-20fd-478a-bf15-4da5f87ebe7a\data\admdb.sqlite
[2025-09-01 12:25:01] INFO: INI ALAMAT TABLENYA :  D:\Work\ARYA-WMS-SHOPPIE\ANG19\wmshopee\dist\wmshopee\server\data\admdb.sqlite
[2025-09-01 12:26:29] INFO: INI ALAMAT TABLENYA :  D:\Work\ARYA-WMS-SHOPPIE\ANG19\wmshopee\.angular\prerender-root\8b4d3106-f035-4156-9f5a-03cc2ee8a51a\data\admdb.sqlite
[2025-09-01 12:26:31] INFO: INI ALAMAT TABLENYA :  D:\Work\ARYA-WMS-SHOPPIE\ANG19\wmshopee\.angular\prerender-root\9fa97d46-1b31-4c8e-9f09-ce663af2dd26\data\admdb.sqlite
[2025-09-01 12:26:31] INFO: INI ALAMAT TABLENYA :  D:\Work\ARYA-WMS-SHOPPIE\ANG19\wmshopee\.angular\prerender-root\a4a61dd0-0b82-4169-b9c5-5149a29d6408\data\admdb.sqlite
[2025-09-01 12:26:31] INFO: INI ALAMAT TABLENYA :  D:\Work\ARYA-WMS-SHOPPIE\ANG19\wmshopee\.angular\prerender-root\e9a523b2-63b5-4838-b370-84e0d023c198\data\admdb.sqlite
[2025-09-01 12:26:31] INFO: INI ALAMAT TABLENYA :  D:\Work\ARYA-WMS-SHOPPIE\ANG19\wmshopee\.angular\prerender-root\a42b0f1d-0ce2-40cd-9ff9-85155cc8545c\data\admdb.sqlite
[2025-09-01 12:26:57] INFO: INI ALAMAT TABLENYA :  D:\Work\ARYA-WMS-SHOPPIE\ANG19\wmshopee\dist\wmshopee\server\data\admdb.sqlite
[2025-09-01 12:27:23] INFO: INI ALAMAT TABLENYA :  D:\Work\ARYA-WMS-SHOPPIE\ANG19\wmshopee\.angular\prerender-root\7d1b24d9-5249-49cf-b670-1dbc83d59699\data\admdb.sqlite
[2025-09-01 12:27:25] INFO: INI ALAMAT TABLENYA :  D:\Work\ARYA-WMS-SHOPPIE\ANG19\wmshopee\.angular\prerender-root\d8061575-4ea3-47ef-b6ce-0e1e80f123f7\data\admdb.sqlite
[2025-09-01 12:27:25] INFO: INI ALAMAT TABLENYA :  D:\Work\ARYA-WMS-SHOPPIE\ANG19\wmshopee\.angular\prerender-root\dad4be60-c46d-4e99-89e5-06cb66724622\data\admdb.sqlite
[2025-09-01 12:27:25] INFO: INI ALAMAT TABLENYA :  D:\Work\ARYA-WMS-SHOPPIE\ANG19\wmshopee\.angular\prerender-root\b4d16afa-a580-4b1f-8b4f-4e28a1951ba9\data\admdb.sqlite
[2025-09-01 12:27:25] INFO: INI ALAMAT TABLENYA :  D:\Work\ARYA-WMS-SHOPPIE\ANG19\wmshopee\.angular\prerender-root\1e5695ae-26d3-47b4-aa17-411572252d0f\data\admdb.sqlite
[2025-09-01 12:27:35] INFO: INI ALAMAT TABLENYA :  D:\Work\ARYA-WMS-SHOPPIE\ANG19\wmshopee\dist\wmshopee\server\data\admdb.sqlite
[2025-09-01 12:42:02] INFO: INI ALAMAT TABLENYA :  D:\Work\ARYA-WMS-SHOPPIE\ANG19\wmshopee\.angular\prerender-root\d242e06d-168a-4ad5-b9ef-f3079ba77fe8\data\admdb.sqlite
[2025-09-01 12:42:04] INFO: INI ALAMAT TABLENYA :  D:\Work\ARYA-WMS-SHOPPIE\ANG19\wmshopee\.angular\prerender-root\e18ab116-fce3-4408-89cc-ef6fff2db36b\data\admdb.sqlite
[2025-09-01 12:42:04] INFO: INI ALAMAT TABLENYA :  D:\Work\ARYA-WMS-SHOPPIE\ANG19\wmshopee\.angular\prerender-root\5f7b73af-d7bd-49d6-8f9a-fb835772417a\data\admdb.sqlite
[2025-09-01 12:42:04] INFO: INI ALAMAT TABLENYA :  D:\Work\ARYA-WMS-SHOPPIE\ANG19\wmshopee\.angular\prerender-root\8b7aed3c-6efc-45aa-be27-f7014e9fc373\data\admdb.sqlite
[2025-09-01 12:42:04] INFO: INI ALAMAT TABLENYA :  D:\Work\ARYA-WMS-SHOPPIE\ANG19\wmshopee\.angular\prerender-root\e78dc51c-f345-4778-aa83-d95616e66f89\data\admdb.sqlite
[2025-09-01 12:42:11] INFO: INI ALAMAT TABLENYA :  D:\Work\ARYA-WMS-SHOPPIE\ANG19\wmshopee\dist\wmshopee\server\data\admdb.sqlite
[2025-09-01 13:02:41] INFO: INI ALAMAT TABLENYA :  D:\Work\ARYA-WMS-SHOPPIE\ANG19\wmshopee\.angular\prerender-root\73a0ac3f-c7b8-49bb-8ebc-1049891c151b\data\admdb.sqlite
[2025-09-01 13:02:43] INFO: INI ALAMAT TABLENYA :  D:\Work\ARYA-WMS-SHOPPIE\ANG19\wmshopee\.angular\prerender-root\3763bc13-8e6e-40f4-bc84-0a60f48e9777\data\admdb.sqlite
[2025-09-01 13:02:43] INFO: INI ALAMAT TABLENYA :  D:\Work\ARYA-WMS-SHOPPIE\ANG19\wmshopee\.angular\prerender-root\297f571f-fbf7-4b8b-89af-973870f6947c\data\admdb.sqlite
[2025-09-01 13:02:43] INFO: INI ALAMAT TABLENYA :  D:\Work\ARYA-WMS-SHOPPIE\ANG19\wmshopee\.angular\prerender-root\6919d6d6-11c3-4965-a04a-e8aee8be19c0\data\admdb.sqlite
[2025-09-01 13:02:43] INFO: INI ALAMAT TABLENYA :  D:\Work\ARYA-WMS-SHOPPIE\ANG19\wmshopee\.angular\prerender-root\0a138405-c23c-4aa7-9ba5-62033ac99744\data\admdb.sqlite
[2025-09-01 13:03:04] INFO: INI ALAMAT TABLENYA :  D:\Work\ARYA-WMS-SHOPPIE\ANG19\wmshopee\dist\wmshopee\server\data\admdb.sqlite
[2025-09-01 13:05:17] INFO: INI ALAMAT TABLENYA :  D:\Work\ARYA-WMS-SHOPPIE\ANG19\wmshopee\.angular\prerender-root\912aa802-2674-46f2-8697-1c833ac0b427\data\admdb.sqlite
[2025-09-01 13:05:19] INFO: INI ALAMAT TABLENYA :  D:\Work\ARYA-WMS-SHOPPIE\ANG19\wmshopee\.angular\prerender-root\306fd6eb-7ae6-4df9-b028-8f59c6b1dd58\data\admdb.sqlite
[2025-09-01 13:05:19] INFO: INI ALAMAT TABLENYA :  D:\Work\ARYA-WMS-SHOPPIE\ANG19\wmshopee\.angular\prerender-root\ade4a1ce-0e5d-449b-afaf-53a65ae427bd\data\admdb.sqlite
[2025-09-01 13:05:19] INFO: INI ALAMAT TABLENYA :  D:\Work\ARYA-WMS-SHOPPIE\ANG19\wmshopee\.angular\prerender-root\54e5f9c5-531e-457d-9a59-ead88e4506e3\data\admdb.sqlite
[2025-09-01 13:05:19] INFO: INI ALAMAT TABLENYA :  D:\Work\ARYA-WMS-SHOPPIE\ANG19\wmshopee\.angular\prerender-root\37205a8a-2424-4675-b911-806904294b58\data\admdb.sqlite
[2025-09-01 13:05:26] INFO: INI ALAMAT TABLENYA :  D:\Work\ARYA-WMS-SHOPPIE\ANG19\wmshopee\dist\wmshopee\server\data\admdb.sqlite
[2025-09-01 13:09:32] INFO: Ketika ship order 2 
[2025-09-01 13:09:33] INFO: Ketika ship order 2 
[2025-09-01 13:11:30] INFO: Ketika ship order 2 
[2025-09-01 13:11:31] INFO: Ketika ship order 2 
[2025-09-01 13:11:32] INFO: Ketika ship order 2 
[2025-09-01 13:11:33] INFO: Ketika ship order 2 
[2025-09-01 13:12:44] INFO: INI ALAMAT TABLENYA :  D:\Work\ARYA-WMS-SHOPPIE\ANG19\wmshopee\.angular\prerender-root\c9299cd6-2326-4b2f-a0da-4c7b4d6ee0a6\data\admdb.sqlite
[2025-09-01 13:12:46] INFO: INI ALAMAT TABLENYA :  D:\Work\ARYA-WMS-SHOPPIE\ANG19\wmshopee\.angular\prerender-root\bd2251bb-a1ce-485f-92f1-7ecf0792ace8\data\admdb.sqlite
[2025-09-01 13:12:46] INFO: INI ALAMAT TABLENYA :  D:\Work\ARYA-WMS-SHOPPIE\ANG19\wmshopee\.angular\prerender-root\1023be6b-c60d-4fbc-b0f8-e3dbdc1c4d1e\data\admdb.sqlite
[2025-09-01 13:12:46] INFO: INI ALAMAT TABLENYA :  D:\Work\ARYA-WMS-SHOPPIE\ANG19\wmshopee\.angular\prerender-root\cb32ba10-c37c-4524-8228-36c529f50512\data\admdb.sqlite
[2025-09-01 13:12:46] INFO: INI ALAMAT TABLENYA :  D:\Work\ARYA-WMS-SHOPPIE\ANG19\wmshopee\.angular\prerender-root\b5550862-a8fe-4687-9d7b-4de25f06b8e4\data\admdb.sqlite
[2025-09-01 13:12:53] INFO: INI ALAMAT TABLENYA :  D:\Work\ARYA-WMS-SHOPPIE\ANG19\wmshopee\dist\wmshopee\server\data\admdb.sqlite
[2025-09-01 13:13:06] INFO: ✅ Sudah di List  31
[2025-09-01 13:13:06] INFO: ✅ package Sudah di List  {"order_sn":"250901BQYXBGRA","package_number":"OFG210403725231637"}
