[2025-07-29 09:37:21] INFO: INI ALAMAT TABLENYA :  D:\Work\ARYA-WMS-SHOPPIE\ANG19\wmshopee\.angular\prerender-root\eb3d8565-8328-4d66-b7a7-96bad755867b\data\admdb.sqlite
[2025-07-29 09:37:24] INFO: INI ALAMAT TABLENYA :  D:\Work\ARYA-WMS-SHOPPIE\ANG19\wmshopee\.angular\prerender-root\58872e8e-21c0-4547-8a32-1680cc170fb5\data\admdb.sqlite
[2025-07-29 09:37:24] INFO: INI ALAMAT TABLENYA :  D:\Work\ARYA-WMS-SHOPPIE\ANG19\wmshopee\.angular\prerender-root\1d584d6f-2567-444a-b6da-c1c8f155e2ad\data\admdb.sqlite
[2025-07-29 09:37:24] INFO: INI ALAMAT TABLENYA :  D:\Work\ARYA-WMS-SHOPPIE\ANG19\wmshopee\.angular\prerender-root\d309e891-048b-470a-aae3-d621facc8ce3\data\admdb.sqlite
[2025-07-29 09:37:40] INFO: INI ALAMAT TABLENYA :  D:\Work\ARYA-WMS-SHOPPIE\ANG19\wmshopee\dist\wmshopee\server\data\admdb.sqlite
[2025-07-29 09:38:00] INFO: ✅ Shopee get List Error: {"error":"invalid_acceess_token","message":"Invalid access_token, please have a check.","request_id":"e3e3e7f33b084c057f6039f4f1724700"}
[2025-07-29 09:38:01] INFO: Update data token : 
[2025-07-29 09:38:02] INFO: ✅ Sudah di List  103
[2025-07-29 09:38:51] INFO: INI ALAMAT TABLENYA :  D:\Work\ARYA-WMS-SHOPPIE\ANG19\wmshopee\dist\wmshopee\server\data\admdb.sqlite
[2025-07-29 09:40:47] INFO: INI ALAMAT TABLENYA :  D:\Work\ARYA-WMS-SHOPPIE\ANG19\wmshopee\.angular\prerender-root\80c666ba-780b-473b-9e1a-2bc36fb4055e\data\admdb.sqlite
[2025-07-29 09:40:49] INFO: INI ALAMAT TABLENYA :  D:\Work\ARYA-WMS-SHOPPIE\ANG19\wmshopee\.angular\prerender-root\0db6b223-7165-4e6a-bcbf-614e1edbc0df\data\admdb.sqlite
[2025-07-29 09:40:49] INFO: INI ALAMAT TABLENYA :  D:\Work\ARYA-WMS-SHOPPIE\ANG19\wmshopee\.angular\prerender-root\8b08772d-2c4a-4da6-9db2-3ca2ccdae268\data\admdb.sqlite
[2025-07-29 09:40:49] INFO: INI ALAMAT TABLENYA :  D:\Work\ARYA-WMS-SHOPPIE\ANG19\wmshopee\.angular\prerender-root\dd05089d-03c8-40e7-a4d6-ac8219384c35\data\admdb.sqlite
[2025-07-29 09:41:36] INFO: INI ALAMAT TABLENYA :  D:\Work\ARYA-WMS-SHOPPIE\ANG19\wmshopee\dist\wmshopee\server\data\admdb.sqlite
[2025-07-29 09:41:46] INFO: ✅ Shopee get List Error: {"error":"invalid_acceess_token","message":"Invalid access_token, please have a check.","request_id":"e3e3e7f33b08597d125e1a327a1a2e00"}
[2025-07-29 09:41:47] INFO: Update data token : 
[2025-07-29 09:41:47] INFO: ✅ Sudah di List  15
[2025-07-29 09:44:17] INFO: INI ALAMAT TABLENYA :  D:\Work\ARYA-WMS-SHOPPIE\ANG19\wmshopee\.angular\prerender-root\34535d83-e3c8-4047-921a-a3645ddb32fb\data\admdb.sqlite
[2025-07-29 09:44:19] INFO: INI ALAMAT TABLENYA :  D:\Work\ARYA-WMS-SHOPPIE\ANG19\wmshopee\.angular\prerender-root\aab02501-591b-4aac-a9e6-8d497ec673b0\data\admdb.sqlite
[2025-07-29 09:44:19] INFO: INI ALAMAT TABLENYA :  D:\Work\ARYA-WMS-SHOPPIE\ANG19\wmshopee\.angular\prerender-root\09953401-f024-48cc-9d77-1b4955be14bf\data\admdb.sqlite
[2025-07-29 09:44:19] INFO: INI ALAMAT TABLENYA :  D:\Work\ARYA-WMS-SHOPPIE\ANG19\wmshopee\.angular\prerender-root\06d128e8-8eca-4962-9ac3-e0376cdbac5a\data\admdb.sqlite
[2025-07-29 09:44:31] INFO: INI ALAMAT TABLENYA :  D:\Work\ARYA-WMS-SHOPPIE\ANG19\wmshopee\dist\wmshopee\server\data\admdb.sqlite
[2025-07-29 09:44:40] INFO: ✅ Shopee get List Error: {"error":"invalid_acceess_token","message":"Invalid access_token, please have a check.","request_id":"e3e3e7f33b0863ce35bbaa662010d900"}
[2025-07-29 09:44:44] INFO: Update data token : 
[2025-07-29 09:44:44] INFO: ✅ Sudah di List  15
[2025-07-29 09:45:32] INFO: JOB RESPONSE  {"code":20000,"message":"Records found","data":[{"id":2,"datepick":"2025-07-29","fromtime":"00:00:01","totime":"03:00:01","created_by":"102345690","fullname":"Super Admin","status":1,"totalresi":15,"created_at":"2025-07-29 09:44:44"}]}
[2025-07-29 10:38:55] INFO: INI ALAMAT TABLENYA :  D:\Work\ARYA-WMS-SHOPPIE\ANG19\wmshopee\.angular\prerender-root\e9f30540-71fc-486d-aab5-ebd57e674ddf\data\admdb.sqlite
[2025-07-29 10:38:57] INFO: INI ALAMAT TABLENYA :  D:\Work\ARYA-WMS-SHOPPIE\ANG19\wmshopee\.angular\prerender-root\89ab5ef2-b86c-4926-8595-7e206268b737\data\admdb.sqlite
[2025-07-29 10:38:57] INFO: INI ALAMAT TABLENYA :  D:\Work\ARYA-WMS-SHOPPIE\ANG19\wmshopee\.angular\prerender-root\0abfd12e-b65c-4731-9ece-c9ac177e9c53\data\admdb.sqlite
[2025-07-29 10:38:57] INFO: INI ALAMAT TABLENYA :  D:\Work\ARYA-WMS-SHOPPIE\ANG19\wmshopee\.angular\prerender-root\9da4a8a8-74b3-4391-a7b7-9d1fb169ce58\data\admdb.sqlite
[2025-07-29 10:39:05] INFO: INI ALAMAT TABLENYA :  D:\Work\ARYA-WMS-SHOPPIE\ANG19\wmshopee\dist\wmshopee\server\data\admdb.sqlite
[2025-07-29 10:39:21] INFO: ✅ Shopee get List Error: {"error":"invalid_acceess_token","message":"Invalid access_token, please have a check.","request_id":"e3e3e7f33b09275911b3007c2a399e00"}
[2025-07-29 10:39:21] INFO: Update data token : 
[2025-07-29 10:39:21] INFO: ✅ Sudah di List  9
[2025-07-29 10:39:36] INFO: JOB RESPONSE  {"code":20000,"message":"Records found","data":[{"id":2,"datepick":"2025-07-29","fromtime":"00:00:01","totime":"03:00:01","created_by":"102345690","fullname":"Super Admin","status":1,"totalresi":9,"created_at":"2025-07-29 10:39:21"}]}
[2025-07-29 10:41:38] INFO: INI ALAMAT TABLENYA :  D:\Work\ARYA-WMS-SHOPPIE\ANG19\wmshopee\.angular\prerender-root\1907595f-2d33-4234-bd37-b1fa081ad8c6\data\admdb.sqlite
[2025-07-29 10:41:40] INFO: INI ALAMAT TABLENYA :  D:\Work\ARYA-WMS-SHOPPIE\ANG19\wmshopee\.angular\prerender-root\1421f531-afa9-446d-aeb8-6574a22ffb80\data\admdb.sqlite
[2025-07-29 10:41:40] INFO: INI ALAMAT TABLENYA :  D:\Work\ARYA-WMS-SHOPPIE\ANG19\wmshopee\.angular\prerender-root\70726e91-0f63-4ac4-868f-1f76eaf65221\data\admdb.sqlite
[2025-07-29 10:41:40] INFO: INI ALAMAT TABLENYA :  D:\Work\ARYA-WMS-SHOPPIE\ANG19\wmshopee\.angular\prerender-root\54bfb5f3-8674-4c39-949c-f0bebb49a58d\data\admdb.sqlite
[2025-07-29 10:41:49] INFO: INI ALAMAT TABLENYA :  D:\Work\ARYA-WMS-SHOPPIE\ANG19\wmshopee\dist\wmshopee\server\data\admdb.sqlite
[2025-07-29 10:42:01] INFO: ✅ Shopee get List Error: {"error":"invalid_acceess_token","message":"Invalid access_token, please have a check.","request_id":"e3e3e7f33b0930eb3f4a92a7230e7000"}
[2025-07-29 10:42:01] INFO: Update data token : 
[2025-07-29 10:42:02] INFO: ✅ Sudah di List  8
[2025-07-29 10:42:13] INFO: JOB RESPONSE  {"code":20000,"message":"Records found","data":[{"id":2,"datepick":"2025-07-29","fromtime":"00:00:01","totime":"03:00:01","created_by":"102345690","fullname":"Super Admin","status":1,"totalresi":8,"created_at":"2025-07-29 10:42:02"}]}
[2025-07-29 10:53:36] INFO: INI ALAMAT TABLENYA :  D:\Work\ARYA-WMS-SHOPPIE\ANG19\wmshopee\.angular\prerender-root\19d075a4-c69e-4dc6-8fc5-583397fc396a\data\admdb.sqlite
[2025-07-29 10:53:38] INFO: INI ALAMAT TABLENYA :  D:\Work\ARYA-WMS-SHOPPIE\ANG19\wmshopee\.angular\prerender-root\24c5e540-f71c-4e56-9fae-a4c476a86b96\data\admdb.sqlite
[2025-07-29 10:53:38] INFO: INI ALAMAT TABLENYA :  D:\Work\ARYA-WMS-SHOPPIE\ANG19\wmshopee\.angular\prerender-root\25cef814-d4d9-4922-8403-725149ea0659\data\admdb.sqlite
[2025-07-29 10:53:38] INFO: INI ALAMAT TABLENYA :  D:\Work\ARYA-WMS-SHOPPIE\ANG19\wmshopee\.angular\prerender-root\80915697-377c-42c9-aaed-7ade755fd54d\data\admdb.sqlite
[2025-07-29 10:53:46] INFO: INI ALAMAT TABLENYA :  D:\Work\ARYA-WMS-SHOPPIE\ANG19\wmshopee\dist\wmshopee\server\data\admdb.sqlite
[2025-07-29 10:55:37] INFO: INI ALAMAT TABLENYA :  D:\Work\ARYA-WMS-SHOPPIE\ANG19\wmshopee\.angular\prerender-root\2807165c-57d6-45fa-a873-3c99f955ffaa\data\admdb.sqlite
[2025-07-29 10:55:40] INFO: INI ALAMAT TABLENYA :  D:\Work\ARYA-WMS-SHOPPIE\ANG19\wmshopee\.angular\prerender-root\a3655254-0379-48e9-b6fc-0b4902c8499e\data\admdb.sqlite
[2025-07-29 10:55:40] INFO: INI ALAMAT TABLENYA :  D:\Work\ARYA-WMS-SHOPPIE\ANG19\wmshopee\.angular\prerender-root\2d49588c-28d0-4994-b251-08b4739f7f64\data\admdb.sqlite
[2025-07-29 10:55:40] INFO: INI ALAMAT TABLENYA :  D:\Work\ARYA-WMS-SHOPPIE\ANG19\wmshopee\.angular\prerender-root\6df64ca2-398b-4981-9319-a8d866c26e59\data\admdb.sqlite
[2025-07-29 10:55:47] INFO: INI ALAMAT TABLENYA :  D:\Work\ARYA-WMS-SHOPPIE\ANG19\wmshopee\dist\wmshopee\server\data\admdb.sqlite
[2025-07-29 10:56:41] INFO: INI ALAMAT TABLENYA :  D:\Work\ARYA-WMS-SHOPPIE\ANG19\wmshopee\.angular\prerender-root\3d47521b-1379-4e51-8acb-cc507ba54113\data\admdb.sqlite
[2025-07-29 10:56:43] INFO: INI ALAMAT TABLENYA :  D:\Work\ARYA-WMS-SHOPPIE\ANG19\wmshopee\.angular\prerender-root\5bde85eb-b9ea-4bbe-a1e5-377d6717e567\data\admdb.sqlite
[2025-07-29 10:56:43] INFO: INI ALAMAT TABLENYA :  D:\Work\ARYA-WMS-SHOPPIE\ANG19\wmshopee\.angular\prerender-root\885223a0-a4e2-4afa-b9c4-9e9e4b362bea\data\admdb.sqlite
[2025-07-29 10:56:43] INFO: INI ALAMAT TABLENYA :  D:\Work\ARYA-WMS-SHOPPIE\ANG19\wmshopee\.angular\prerender-root\7b972558-cbfb-494a-8897-2e25bcba1059\data\admdb.sqlite
[2025-07-29 10:56:52] INFO: INI ALAMAT TABLENYA :  D:\Work\ARYA-WMS-SHOPPIE\ANG19\wmshopee\dist\wmshopee\server\data\admdb.sqlite
[2025-07-29 11:05:55] INFO: INI ALAMAT TABLENYA :  D:\Work\ARYA-WMS-SHOPPIE\ANG19\wmshopee\.angular\prerender-root\2bde6e60-9119-4d79-8669-3158775e8da4\data\admdb.sqlite
[2025-07-29 11:05:57] INFO: INI ALAMAT TABLENYA :  D:\Work\ARYA-WMS-SHOPPIE\ANG19\wmshopee\.angular\prerender-root\f4a0a8e5-edf0-4745-8847-939951a11caf\data\admdb.sqlite
[2025-07-29 11:05:57] INFO: INI ALAMAT TABLENYA :  D:\Work\ARYA-WMS-SHOPPIE\ANG19\wmshopee\.angular\prerender-root\2f2e8f6c-68d6-40b3-8029-495f4aebb35f\data\admdb.sqlite
[2025-07-29 11:05:57] INFO: INI ALAMAT TABLENYA :  D:\Work\ARYA-WMS-SHOPPIE\ANG19\wmshopee\.angular\prerender-root\8d1d24c0-dba8-4d1c-b845-185bdc7dfced\data\admdb.sqlite
[2025-07-29 11:06:04] INFO: INI ALAMAT TABLENYA :  D:\Work\ARYA-WMS-SHOPPIE\ANG19\wmshopee\dist\wmshopee\server\data\admdb.sqlite
[2025-07-29 11:07:28] INFO: INI ALAMAT TABLENYA :  D:\Work\ARYA-WMS-SHOPPIE\ANG19\wmshopee\.angular\prerender-root\b04cd313-840e-4377-b0bc-12d978a90176\data\admdb.sqlite
[2025-07-29 11:07:30] INFO: INI ALAMAT TABLENYA :  D:\Work\ARYA-WMS-SHOPPIE\ANG19\wmshopee\.angular\prerender-root\9f09ec13-e6d0-41f0-a669-5d3a117161f0\data\admdb.sqlite
[2025-07-29 11:07:30] INFO: INI ALAMAT TABLENYA :  D:\Work\ARYA-WMS-SHOPPIE\ANG19\wmshopee\.angular\prerender-root\d856754b-e174-4b9c-b288-c2c5b99e7a68\data\admdb.sqlite
[2025-07-29 11:07:30] INFO: INI ALAMAT TABLENYA :  D:\Work\ARYA-WMS-SHOPPIE\ANG19\wmshopee\.angular\prerender-root\ec588166-944b-46a6-8cd8-a84fa245a0d2\data\admdb.sqlite
[2025-07-29 11:07:42] INFO: INI ALAMAT TABLENYA :  D:\Work\ARYA-WMS-SHOPPIE\ANG19\wmshopee\dist\wmshopee\server\data\admdb.sqlite
[2025-07-29 11:07:50] ERROR: Error api.controller :  {}
[2025-07-29 11:10:29] INFO: INI ALAMAT TABLENYA :  D:\Work\ARYA-WMS-SHOPPIE\ANG19\wmshopee\.angular\prerender-root\d3ca5fb1-33a1-440a-a2d8-fb8a7493c374\data\admdb.sqlite
[2025-07-29 11:10:31] INFO: INI ALAMAT TABLENYA :  D:\Work\ARYA-WMS-SHOPPIE\ANG19\wmshopee\.angular\prerender-root\075f4674-bc17-4baa-9f39-abdf11dc9dfe\data\admdb.sqlite
[2025-07-29 11:10:31] INFO: INI ALAMAT TABLENYA :  D:\Work\ARYA-WMS-SHOPPIE\ANG19\wmshopee\.angular\prerender-root\50d182af-2bfd-4ec7-a090-8453a47e61f1\data\admdb.sqlite
[2025-07-29 11:10:31] INFO: INI ALAMAT TABLENYA :  D:\Work\ARYA-WMS-SHOPPIE\ANG19\wmshopee\.angular\prerender-root\757e3feb-0017-420a-9f52-8111754a1e86\data\admdb.sqlite
[2025-07-29 11:10:40] INFO: INI ALAMAT TABLENYA :  D:\Work\ARYA-WMS-SHOPPIE\ANG19\wmshopee\dist\wmshopee\server\data\admdb.sqlite
[2025-07-29 11:13:10] INFO: INI ALAMAT TABLENYA :  D:\Work\ARYA-WMS-SHOPPIE\ANG19\wmshopee\.angular\prerender-root\2e44f614-00a1-407b-ab5a-63e5215f270b\data\admdb.sqlite
[2025-07-29 11:13:12] INFO: INI ALAMAT TABLENYA :  D:\Work\ARYA-WMS-SHOPPIE\ANG19\wmshopee\.angular\prerender-root\127312c2-3aa2-41a6-a3ca-d03ac2df7aaf\data\admdb.sqlite
[2025-07-29 11:13:12] INFO: INI ALAMAT TABLENYA :  D:\Work\ARYA-WMS-SHOPPIE\ANG19\wmshopee\.angular\prerender-root\d4ad0283-f4a4-402d-9ab4-6c13aab9b617\data\admdb.sqlite
[2025-07-29 11:13:12] INFO: INI ALAMAT TABLENYA :  D:\Work\ARYA-WMS-SHOPPIE\ANG19\wmshopee\.angular\prerender-root\2d21d6e7-3c22-40c1-af22-0e229acb1353\data\admdb.sqlite
[2025-07-29 11:13:20] INFO: INI ALAMAT TABLENYA :  D:\Work\ARYA-WMS-SHOPPIE\ANG19\wmshopee\dist\wmshopee\server\data\admdb.sqlite
[2025-07-29 11:13:27] INFO: Controller hasil View Result  {"code":20000,"message":"Success get data!","data":[{"item_id":"22971641745.0","item_name":"Bendera Indonesia Merah Putih ukuran 40x60 90x60 80x120 90x135","model_name":"60x90","image_url":"https://cf.shopee.co.id/file/id-11134207-7qul5-liay3hyrlocwa7_tn","qty":7},{"item_id":"23216184410.0","item_name":"Ring Kacu Hasduk Dasi Pramuka SD SMP SMA Siaga Penegak Penggalang Pembina Anak Dewasa","model_name":"Seng Merah  2 PCS","image_url":"https://cf.shopee.co.id/file/id-11134207-7rbkd-m9e6alqxt6v6d2_tn","qty":3},{"item_id":"29869451809.0","item_name":"Buku Pramuka Siaga Penggalang Penegak Sd Smp Sma","model_name":"SKU Penggalang","image_url":"https://cf.shopee.co.id/file/id-11134207-7ras8-m3adbeolgkv426_tn","qty":2},{"item_id":"21090149630.0","item_name":"Kerudung Sekolah SD Serut Pita Instan KATUN PREMIUM Anak Perempuan jilbab","model_name":"OREN,S","image_url":"https://cf.shopee.co.id/file/id-11134207-7rbk8-m9fn36ynq64y19_tn","qty":2},{"item_id":"23017694207.0","item_name":"Bet Badge WOSM pandu dunia pramuka","model_name":"Kotak Ungu + Coklat","image_url":"https://cf.shopee.co.id/file/id-11134207-7ra0u-mcgafu2ney3r6f_tn","qty":1},{"item_id":"23016169848.0","item_name":"Buku Syarat Kecakapan Umum SKU Pramuka Siaga Penggalang Penegak Sd Smp Sma","model_name":"Buku SKU Siaga","image_url":"https://cf.shopee.co.id/file/sg-11134201-23010-ncvwkgn3fwlv62_tn","qty":1},{"item_id":"22816182963.0","item_name":"Tali Kur Pluit Pramuka SD SMP SMA Siaga Penggalang Penegak Anak Sekolah","model_name":"Tali MERAH saja","image_url":"https://cf.shopee.co.id/file/id-11134207-7rbka-m8ofwbsjahgt2e_tn","qty":1},{"item_id":"22717697194.0","item_name":"Bet tunas kelapa pelantikan pramuka putra putri","model_name":"BULAT UNGU+COKLAT","image_url":"https://cf.shopee.co.id/file/id-11134207-7ra0n-mcgafu2nj5t33a_tn","qty":1},{"item_id":"20070985118.0","item_name":"Tali Tambang Pramuka 5 dan 10 meter","model_name":"5 meter","image_url":"https://cf.shopee.co.id/file/id-11134207-7rbk9-m91a3cv9qnwybf_tn","qty":1},{"item_id":"19771419636.0","item_name":"Buku Saku Pramuka SD SMP SMA Siaga Penggalang Penegak","model_name":"BUKU SAKU","image_url":"https://cf.shopee.co.id/file/id-11134207-7rbk0-m7g36u6sa4yd72_tn","qty":1}]}
[2025-07-29 17:59:24] INFO: INI ALAMAT TABLENYA :  D:\Work\ARYA-WMS-SHOPPIE\ANG19\wmshopee\.angular\prerender-root\8fbbe3d4-aa2a-42e3-9070-cb630d4dbc43\data\admdb.sqlite
[2025-07-29 17:59:29] INFO: INI ALAMAT TABLENYA :  D:\Work\ARYA-WMS-SHOPPIE\ANG19\wmshopee\.angular\prerender-root\5ce50871-4bbf-4980-b974-b32f7d56c5cc\data\admdb.sqlite
[2025-07-29 17:59:29] INFO: INI ALAMAT TABLENYA :  D:\Work\ARYA-WMS-SHOPPIE\ANG19\wmshopee\.angular\prerender-root\b3a0181a-3644-42af-8110-859c643c9560\data\admdb.sqlite
[2025-07-29 17:59:29] INFO: INI ALAMAT TABLENYA :  D:\Work\ARYA-WMS-SHOPPIE\ANG19\wmshopee\.angular\prerender-root\d3c9e4ca-434e-4e2a-b43c-182284186ee7\data\admdb.sqlite
[2025-07-29 17:59:41] INFO: INI ALAMAT TABLENYA :  D:\Work\ARYA-WMS-SHOPPIE\ANG19\wmshopee\dist\wmshopee\server\data\admdb.sqlite
[2025-07-29 18:03:12] INFO: INI ALAMAT TABLENYA :  D:\Work\ARYA-WMS-SHOPPIE\ANG19\wmshopee\.angular\prerender-root\b4c597b2-6aea-470f-8d8b-2b5e548c3d1f\data\admdb.sqlite
[2025-07-29 18:03:14] INFO: INI ALAMAT TABLENYA :  D:\Work\ARYA-WMS-SHOPPIE\ANG19\wmshopee\.angular\prerender-root\f6a45c97-45c3-4303-a26e-6349a48d4701\data\admdb.sqlite
[2025-07-29 18:03:14] INFO: INI ALAMAT TABLENYA :  D:\Work\ARYA-WMS-SHOPPIE\ANG19\wmshopee\.angular\prerender-root\0cee621e-d32e-4ec1-9899-218f4386fcb5\data\admdb.sqlite
[2025-07-29 18:03:14] INFO: INI ALAMAT TABLENYA :  D:\Work\ARYA-WMS-SHOPPIE\ANG19\wmshopee\.angular\prerender-root\4cf96f9c-fbbd-4a9b-b614-126bf5a492a9\data\admdb.sqlite
[2025-07-29 18:03:48] INFO: INI ALAMAT TABLENYA :  D:\Work\ARYA-WMS-SHOPPIE\ANG19\wmshopee\.angular\prerender-root\259956d6-6c1d-46d3-b538-1d59052398e3\data\admdb.sqlite
[2025-07-29 18:03:49] INFO: INI ALAMAT TABLENYA :  D:\Work\ARYA-WMS-SHOPPIE\ANG19\wmshopee\.angular\prerender-root\64397110-5398-41ee-bb1f-562eedae415a\data\admdb.sqlite
[2025-07-29 18:03:49] INFO: INI ALAMAT TABLENYA :  D:\Work\ARYA-WMS-SHOPPIE\ANG19\wmshopee\.angular\prerender-root\d43b7e0d-b070-406f-806b-1553f2f8962e\data\admdb.sqlite
[2025-07-29 18:03:49] INFO: INI ALAMAT TABLENYA :  D:\Work\ARYA-WMS-SHOPPIE\ANG19\wmshopee\.angular\prerender-root\73a6d501-ade8-4302-a4dd-e49177eef2d5\data\admdb.sqlite
[2025-07-29 18:03:56] INFO: INI ALAMAT TABLENYA :  D:\Work\ARYA-WMS-SHOPPIE\ANG19\wmshopee\dist\wmshopee\server\data\admdb.sqlite
[2025-07-29 18:10:19] INFO: INI ALAMAT TABLENYA :  D:\Work\ARYA-WMS-SHOPPIE\ANG19\wmshopee\.angular\prerender-root\53bae54a-43c6-43de-97dd-6c8714a52fc3\data\admdb.sqlite
[2025-07-29 18:10:20] INFO: INI ALAMAT TABLENYA :  D:\Work\ARYA-WMS-SHOPPIE\ANG19\wmshopee\.angular\prerender-root\83707ba4-b8d5-44c4-838c-bd42795ddf6c\data\admdb.sqlite
[2025-07-29 18:10:20] INFO: INI ALAMAT TABLENYA :  D:\Work\ARYA-WMS-SHOPPIE\ANG19\wmshopee\.angular\prerender-root\e5c46aa6-0c96-4b32-860b-12d7fee1fe4b\data\admdb.sqlite
[2025-07-29 18:10:20] INFO: INI ALAMAT TABLENYA :  D:\Work\ARYA-WMS-SHOPPIE\ANG19\wmshopee\.angular\prerender-root\1882f95d-4475-4782-8a50-caa71bcf72aa\data\admdb.sqlite
[2025-07-29 18:14:41] INFO: INI ALAMAT TABLENYA :  D:\Work\ARYA-WMS-SHOPPIE\ANG19\wmshopee\.angular\prerender-root\f7cc7d2a-cbf5-4cbe-82e3-0b846836e12a\data\admdb.sqlite
[2025-07-29 18:14:42] INFO: INI ALAMAT TABLENYA :  D:\Work\ARYA-WMS-SHOPPIE\ANG19\wmshopee\.angular\prerender-root\2afe09d6-09d8-4224-a5f1-e087722b3cd3\data\admdb.sqlite
[2025-07-29 18:14:42] INFO: INI ALAMAT TABLENYA :  D:\Work\ARYA-WMS-SHOPPIE\ANG19\wmshopee\.angular\prerender-root\acd2c99c-ec6b-43b3-926a-08bb077072e0\data\admdb.sqlite
[2025-07-29 18:14:42] INFO: INI ALAMAT TABLENYA :  D:\Work\ARYA-WMS-SHOPPIE\ANG19\wmshopee\.angular\prerender-root\9499ca94-5d86-47ae-b439-f3304d1d108e\data\admdb.sqlite
[2025-07-29 18:14:48] INFO: INI ALAMAT TABLENYA :  D:\Work\ARYA-WMS-SHOPPIE\ANG19\wmshopee\dist\wmshopee\server\data\admdb.sqlite
[2025-07-29 18:15:28] INFO: INI ALAMAT TABLENYA :  D:\Work\ARYA-WMS-SHOPPIE\ANG19\wmshopee\.angular\prerender-root\a293bf52-765b-445c-9569-41751f5ab902\data\admdb.sqlite
[2025-07-29 18:15:29] INFO: INI ALAMAT TABLENYA :  D:\Work\ARYA-WMS-SHOPPIE\ANG19\wmshopee\.angular\prerender-root\ee7198f0-a8d9-49bd-8547-259c00c8fd2b\data\admdb.sqlite
[2025-07-29 18:15:29] INFO: INI ALAMAT TABLENYA :  D:\Work\ARYA-WMS-SHOPPIE\ANG19\wmshopee\.angular\prerender-root\be022352-88c9-4c3c-9ce9-0819493a2ccd\data\admdb.sqlite
[2025-07-29 18:15:29] INFO: INI ALAMAT TABLENYA :  D:\Work\ARYA-WMS-SHOPPIE\ANG19\wmshopee\.angular\prerender-root\8d11675e-825c-4f98-bcd0-c6d515d6db8a\data\admdb.sqlite
[2025-07-29 18:16:35] INFO: INI ALAMAT TABLENYA :  D:\Work\ARYA-WMS-SHOPPIE\ANG19\wmshopee\dist\wmshopee\server\data\admdb.sqlite
[2025-07-29 18:17:02] INFO: ✅ Shopee get List Error: {"error":"invalid_acceess_token","message":"Invalid access_token, please have a check.","request_id":"e3e3e7f33b0f8c300cfa046a71dd4000"}
[2025-07-29 18:17:02] INFO: Update data token : 
[2025-07-29 18:17:02] INFO: ✅ Sudah di List  0
[2025-07-29 18:17:29] INFO: ✅ Sudah di List  0
[2025-07-29 18:17:46] INFO: ✅ Sudah di List  0
[2025-07-29 18:18:28] INFO: INI ALAMAT TABLENYA :  D:\Work\ARYA-WMS-SHOPPIE\ANG19\wmshopee\.angular\prerender-root\66aba726-b105-4da4-9990-1c39a0ff4ae5\data\admdb.sqlite
[2025-07-29 18:18:29] INFO: INI ALAMAT TABLENYA :  D:\Work\ARYA-WMS-SHOPPIE\ANG19\wmshopee\.angular\prerender-root\47431783-3099-473b-95f3-c8a267dac0fd\data\admdb.sqlite
[2025-07-29 18:18:29] INFO: INI ALAMAT TABLENYA :  D:\Work\ARYA-WMS-SHOPPIE\ANG19\wmshopee\.angular\prerender-root\63055be5-0705-4581-94ce-2678691c5185\data\admdb.sqlite
[2025-07-29 18:18:29] INFO: INI ALAMAT TABLENYA :  D:\Work\ARYA-WMS-SHOPPIE\ANG19\wmshopee\.angular\prerender-root\70bf361e-2040-4005-86f8-91886951b152\data\admdb.sqlite
[2025-07-29 18:18:34] INFO: INI ALAMAT TABLENYA :  D:\Work\ARYA-WMS-SHOPPIE\ANG19\wmshopee\dist\wmshopee\server\data\admdb.sqlite
[2025-07-29 18:18:52] INFO: ✅ Shopee get List Error: {"error":"invalid_acceess_token","message":"Invalid access_token, please have a check.","request_id":"e3e3e7f33b0f92bea0115864abdf9600"}
[2025-07-29 18:18:52] INFO: Update data token : 
[2025-07-29 18:18:53] INFO: ✅ Sudah di List  22
[2025-07-29 18:19:07] INFO: JOB RESPONSE  {"code":20000,"message":"Records found","data":[{"id":3,"datepick":"2025-07-29","fromtime":"03:00:01","totime":"06:00:01","created_by":"102345690","fullname":"Super Admin","status":1,"totalresi":22,"created_at":"2025-07-29 18:18:53"},{"id":2,"datepick":"2025-07-29","fromtime":"00:00:01","totime":"03:00:01","created_by":"102345690","fullname":"Super Admin","status":1,"totalresi":8,"created_at":"2025-07-29 10:42:02"}]}
[2025-07-29 18:20:46] INFO: ✅ Sudah di List  129
[2025-07-29 18:21:04] INFO: JOB RESPONSE  {"code":20000,"message":"Records found","data":[{"id":4,"datepick":"2025-07-29","fromtime":"06:00:01","totime":"09:00:01","created_by":"102345690","fullname":"Super Admin","status":1,"totalresi":129,"created_at":"2025-07-29 18:20:46"},{"id":3,"datepick":"2025-07-29","fromtime":"03:00:01","totime":"06:00:01","created_by":"102345690","fullname":"Super Admin","status":1,"totalresi":22,"created_at":"2025-07-29 18:18:53"},{"id":2,"datepick":"2025-07-29","fromtime":"00:00:01","totime":"03:00:01","created_by":"102345690","fullname":"Super Admin","status":1,"totalresi":8,"created_at":"2025-07-29 10:42:02"}]}
