[2025-10-17 09:49:39] INFO: INI ALAMAT TABLENYA :  D:\Work\ARYA-WMS-SHOPPIE\ANG19\wmshopee\.angular\prerender-root\fd788f8e-5076-45ee-ae0a-7687ff989ad0\data\admdb.sqlite
[2025-10-17 09:49:50] INFO: INI ALAMAT TABLENYA :  D:\Work\ARYA-WMS-SHOPPIE\ANG19\wmshopee\.angular\prerender-root\b94ff4ee-8c50-4324-8329-708c21f361f4\data\admdb.sqlite
[2025-10-17 09:49:50] INFO: INI ALAMAT TABLENYA :  D:\Work\ARYA-WMS-SHOPPIE\ANG19\wmshopee\.angular\prerender-root\caae6fbc-743b-4cb0-b240-11dc51e964e8\data\admdb.sqlite
[2025-10-17 09:49:50] INFO: INI ALAMAT TABLENYA :  D:\Work\ARYA-WMS-SHOPPIE\ANG19\wmshopee\.angular\prerender-root\4dde7ae7-3cc2-42a0-a607-d94b4626b1fd\data\admdb.sqlite
[2025-10-17 09:49:50] INFO: INI ALAMAT TABLENYA :  D:\Work\ARYA-WMS-SHOPPIE\ANG19\wmshopee\.angular\prerender-root\da8e20c1-475e-4787-8ee1-26466ebe9065\data\admdb.sqlite
[2025-10-17 09:55:34] INFO: INI ALAMAT TABLENYA :  D:\Work\ARYA-WMS-SHOPPIE\ANG19\wmshopee\.angular\prerender-root\1e372e9e-d727-471d-9f39-e3279fe37d19\data\admdb.sqlite
[2025-10-17 09:55:46] INFO: INI ALAMAT TABLENYA :  D:\Work\ARYA-WMS-SHOPPIE\ANG19\wmshopee\.angular\prerender-root\bfa6e38c-c769-4332-91ff-4a4d736a1393\data\admdb.sqlite
[2025-10-17 09:55:46] INFO: INI ALAMAT TABLENYA :  D:\Work\ARYA-WMS-SHOPPIE\ANG19\wmshopee\.angular\prerender-root\b7fd4b7b-5f41-49d8-ad86-61a55d510aa4\data\admdb.sqlite
[2025-10-17 09:55:46] INFO: INI ALAMAT TABLENYA :  D:\Work\ARYA-WMS-SHOPPIE\ANG19\wmshopee\.angular\prerender-root\1c35084d-9000-457e-90bf-100cce167405\data\admdb.sqlite
[2025-10-17 09:55:46] INFO: INI ALAMAT TABLENYA :  D:\Work\ARYA-WMS-SHOPPIE\ANG19\wmshopee\.angular\prerender-root\7f61880c-479c-440d-8b20-a0f69b5d64ee\data\admdb.sqlite
[2025-10-17 10:17:28] INFO: INI ALAMAT TABLENYA :  D:\Work\ARYA-WMS-SHOPPIE\ANG19\wmshopee\dist\wmshopee\server\data\admdb.sqlite
[2025-10-17 10:18:03] INFO: ✅ Shopee refresh on fetchWithAuth Error: {"error":"invalid_acceess_token","message":"Invalid access_token, please have a check.","request_id":"e3e3e7f341522e7e1ebd9e0134641900"}
[2025-10-17 10:18:03] INFO: ✅ Shopee refresh on fetchWithAuth Error: {"error":"invalid_acceess_token","message":"Invalid access_token, please have a check.","request_id":"e3e3e7f341522e7e2b66496361d19800"}
[2025-10-17 10:18:03] INFO: Update data token : 
[2025-10-17 10:18:03] INFO: Update data token : 
[2025-10-17 10:33:19] INFO: INI ALAMAT TABLENYA :  D:\Work\ARYA-WMS-SHOPPIE\ANG19\wmshopee\.angular\prerender-root\fd47b473-44f1-4a36-ac17-822d56b3f81d\data\admdb.sqlite
[2025-10-17 10:33:33] INFO: INI ALAMAT TABLENYA :  D:\Work\ARYA-WMS-SHOPPIE\ANG19\wmshopee\.angular\prerender-root\2a610986-aebf-4fa7-85a0-b218336ffade\data\admdb.sqlite
[2025-10-17 10:33:33] INFO: INI ALAMAT TABLENYA :  D:\Work\ARYA-WMS-SHOPPIE\ANG19\wmshopee\.angular\prerender-root\7f85ae54-bcd8-41c3-91c2-97c8be0f151c\data\admdb.sqlite
[2025-10-17 10:33:33] INFO: INI ALAMAT TABLENYA :  D:\Work\ARYA-WMS-SHOPPIE\ANG19\wmshopee\.angular\prerender-root\654aee74-e4bc-4886-b809-76f85679d49b\data\admdb.sqlite
[2025-10-17 10:33:33] INFO: INI ALAMAT TABLENYA :  D:\Work\ARYA-WMS-SHOPPIE\ANG19\wmshopee\.angular\prerender-root\51fbb49e-3c0d-493f-80b3-8442f03ecd66\data\admdb.sqlite
[2025-10-17 10:50:46] INFO: INI ALAMAT TABLENYA :  D:\Work\ARYA-WMS-SHOPPIE\ANG19\wmshopee\dist\wmshopee\server\data\admdb.sqlite
[2025-10-17 10:51:00] INFO: ✅ package Sudah di List  0
[2025-10-17 10:51:28] INFO: ✅ package Sudah di List  0
[2025-10-17 10:53:26] INFO: ✅ package Sudah di List  2
