[2025-10-25 08:25:01] INFO: INI ALAMAT TABLENYA :  D:\Work\ARYA-WMS-SHOPPIE\ANG19\wmshopee\.angular\prerender-root\2fc660b0-6475-4fa9-acfa-787d1d986fa7\data\admdb.sqlite
[2025-10-25 08:25:15] INFO: INI ALAMAT TABLENYA :  D:\Work\ARYA-WMS-SHOPPIE\ANG19\wmshopee\.angular\prerender-root\65345554-bfe1-45d2-888d-2f6c42b29819\data\admdb.sqlite
[2025-10-25 08:25:15] INFO: INI ALAMAT TABLENYA :  D:\Work\ARYA-WMS-SHOPPIE\ANG19\wmshopee\.angular\prerender-root\cd7722c0-6154-4842-9fea-7ffd05238af4\data\admdb.sqlite
[2025-10-25 08:25:15] INFO: INI ALAMAT TABLENYA :  D:\Work\ARYA-WMS-SHOPPIE\ANG19\wmshopee\.angular\prerender-root\c478d848-4c61-4652-a068-8311afbf9267\data\admdb.sqlite
[2025-10-25 08:25:15] INFO: INI ALAMAT TABLENYA :  D:\Work\ARYA-WMS-SHOPPIE\ANG19\wmshopee\.angular\prerender-root\c1a1227c-467d-4851-ae8d-468e2e69947e\data\admdb.sqlite
[2025-10-25 08:25:48] INFO: INI ALAMAT TABLENYA :  D:\Work\ARYA-WMS-SHOPPIE\ANG19\wmshopee\dist\wmshopee\server\data\admdb.sqlite
[2025-10-25 08:26:19] INFO: ✅ Shopee refresh on fetchWithAuth Error: {"error":"invalid_acceess_token","message":"Invalid access_token, please have a check.","request_id":"e3e3e7f341f18daf6f0e3c7a06804b00"}
[2025-10-25 08:26:19] INFO: ✅ Shopee refresh on fetchWithAuth Error: {"error":"invalid_acceess_token","message":"Invalid access_token, please have a check.","request_id":"e3e3e7f341f18daf991fbc9972fcda00"}
[2025-10-25 08:26:19] INFO: Update data token : 
[2025-10-25 08:26:19] INFO: Update data token : 
[2025-10-25 08:26:57] INFO: INI ALAMAT TABLENYA :  D:\Work\ARYA-WMS-SHOPPIE\ANG19\wmshopee\.angular\prerender-root\4522789b-efc8-4730-8797-0b0d72373e19\data\admdb.sqlite
[2025-10-25 08:26:59] INFO: INI ALAMAT TABLENYA :  D:\Work\ARYA-WMS-SHOPPIE\ANG19\wmshopee\.angular\prerender-root\c0274aa4-ca4f-4871-b48c-88dde64d25a0\data\admdb.sqlite
[2025-10-25 08:26:59] INFO: INI ALAMAT TABLENYA :  D:\Work\ARYA-WMS-SHOPPIE\ANG19\wmshopee\.angular\prerender-root\f9e6fdfd-22c6-40ec-942f-c371f3527ace\data\admdb.sqlite
[2025-10-25 08:26:59] INFO: INI ALAMAT TABLENYA :  D:\Work\ARYA-WMS-SHOPPIE\ANG19\wmshopee\.angular\prerender-root\b3ca181c-2b9e-4bd4-9757-706c92ba2acc\data\admdb.sqlite
[2025-10-25 08:26:59] INFO: INI ALAMAT TABLENYA :  D:\Work\ARYA-WMS-SHOPPIE\ANG19\wmshopee\.angular\prerender-root\d3e29e3e-b122-4cca-9ed5-713f45e07b9c\data\admdb.sqlite
[2025-10-25 08:27:12] INFO: INI ALAMAT TABLENYA :  D:\Work\ARYA-WMS-SHOPPIE\ANG19\wmshopee\dist\wmshopee\server\data\admdb.sqlite
[2025-10-25 08:27:24] INFO: ✅ package Sudah di List  147
[2025-10-25 08:51:25] INFO: INI ALAMAT TABLENYA :  D:\Work\ARYA-WMS-SHOPPIE\ANG19\wmshopee\.angular\prerender-root\c7ab18b5-8d10-4aad-8694-2d72358259c9\data\admdb.sqlite
[2025-10-25 08:51:42] INFO: INI ALAMAT TABLENYA :  D:\Work\ARYA-WMS-SHOPPIE\ANG19\wmshopee\.angular\prerender-root\c9d100be-2d3e-41e2-9ac9-9f3c66a43efa\data\admdb.sqlite
[2025-10-25 08:51:42] INFO: INI ALAMAT TABLENYA :  D:\Work\ARYA-WMS-SHOPPIE\ANG19\wmshopee\.angular\prerender-root\ee618565-f66f-4328-b0ae-1c33b6e50f45\data\admdb.sqlite
[2025-10-25 08:51:42] INFO: INI ALAMAT TABLENYA :  D:\Work\ARYA-WMS-SHOPPIE\ANG19\wmshopee\.angular\prerender-root\dd835bb4-52e1-4f71-915b-4c49c0ee41b8\data\admdb.sqlite
[2025-10-25 08:51:42] INFO: INI ALAMAT TABLENYA :  D:\Work\ARYA-WMS-SHOPPIE\ANG19\wmshopee\.angular\prerender-root\0a29f345-522e-4821-87cc-82ef48833a30\data\admdb.sqlite
[2025-10-25 08:52:18] INFO: INI ALAMAT TABLENYA :  D:\Work\ARYA-WMS-SHOPPIE\ANG19\wmshopee\dist\wmshopee\server\data\admdb.sqlite
[2025-10-25 09:16:34] INFO: INI ALAMAT TABLENYA :  D:\Work\ARYA-WMS-SHOPPIE\ANG19\wmshopee\.angular\prerender-root\f808e97c-a2f2-4e33-a299-0c31296af73b\data\admdb.sqlite
[2025-10-25 09:16:35] INFO: INI ALAMAT TABLENYA :  D:\Work\ARYA-WMS-SHOPPIE\ANG19\wmshopee\.angular\prerender-root\49899315-ad73-4dad-88e9-b92249eca0db\data\admdb.sqlite
[2025-10-25 09:16:35] INFO: INI ALAMAT TABLENYA :  D:\Work\ARYA-WMS-SHOPPIE\ANG19\wmshopee\.angular\prerender-root\489740cb-8c4a-46e6-a979-2cc6812a690f\data\admdb.sqlite
[2025-10-25 09:16:35] INFO: INI ALAMAT TABLENYA :  D:\Work\ARYA-WMS-SHOPPIE\ANG19\wmshopee\.angular\prerender-root\083cee01-4c22-4284-bbbc-0b8efa4da341\data\admdb.sqlite
[2025-10-25 09:16:35] INFO: INI ALAMAT TABLENYA :  D:\Work\ARYA-WMS-SHOPPIE\ANG19\wmshopee\.angular\prerender-root\bb6c1b97-ae0d-44c6-bcef-b36cd04231f7\data\admdb.sqlite
[2025-10-25 09:16:43] INFO: INI ALAMAT TABLENYA :  D:\Work\ARYA-WMS-SHOPPIE\ANG19\wmshopee\dist\wmshopee\server\data\admdb.sqlite
[2025-10-25 09:16:47] ERROR: Error api.controller :  {"code":"SQLITE_ERROR"}
[2025-10-25 09:16:47] ERROR: Error api.controller :  {"code":"SQLITE_ERROR"}
[2025-10-25 09:16:47] ERROR: Error api.controller :  {"code":"SQLITE_ERROR"}
[2025-10-25 09:16:47] ERROR: Error api.controller :  {"code":"SQLITE_ERROR"}
[2025-10-25 09:19:20] INFO: INI ALAMAT TABLENYA :  D:\Work\ARYA-WMS-SHOPPIE\ANG19\wmshopee\.angular\prerender-root\e6aa19f2-21e0-4315-9b7d-178856cd9857\data\admdb.sqlite
[2025-10-25 09:19:21] INFO: INI ALAMAT TABLENYA :  D:\Work\ARYA-WMS-SHOPPIE\ANG19\wmshopee\.angular\prerender-root\0c62c363-4bee-42db-92bd-6da8cc9c28f7\data\admdb.sqlite
[2025-10-25 09:19:21] INFO: INI ALAMAT TABLENYA :  D:\Work\ARYA-WMS-SHOPPIE\ANG19\wmshopee\.angular\prerender-root\565a7b4a-186c-4c68-9ac1-1fe0fa8c2d4f\data\admdb.sqlite
[2025-10-25 09:19:21] INFO: INI ALAMAT TABLENYA :  D:\Work\ARYA-WMS-SHOPPIE\ANG19\wmshopee\.angular\prerender-root\29fdb697-2091-4c7f-acbd-f3ecfc031285\data\admdb.sqlite
[2025-10-25 09:19:21] INFO: INI ALAMAT TABLENYA :  D:\Work\ARYA-WMS-SHOPPIE\ANG19\wmshopee\.angular\prerender-root\7be8f031-b0de-42de-ba73-75c0c5e4fa6d\data\admdb.sqlite
[2025-10-25 09:19:28] INFO: INI ALAMAT TABLENYA :  D:\Work\ARYA-WMS-SHOPPIE\ANG19\wmshopee\dist\wmshopee\server\data\admdb.sqlite
[2025-10-25 09:21:00] INFO: INI ALAMAT TABLENYA :  D:\Work\ARYA-WMS-SHOPPIE\ANG19\wmshopee\.angular\prerender-root\4a0ce6f6-f806-4291-a121-92b3b91aec95\data\admdb.sqlite
[2025-10-25 09:21:01] INFO: INI ALAMAT TABLENYA :  D:\Work\ARYA-WMS-SHOPPIE\ANG19\wmshopee\.angular\prerender-root\7d1e651b-a996-4944-a9aa-e96d47ffbd83\data\admdb.sqlite
[2025-10-25 09:21:01] INFO: INI ALAMAT TABLENYA :  D:\Work\ARYA-WMS-SHOPPIE\ANG19\wmshopee\.angular\prerender-root\a530b4c6-47ab-4d78-acc0-bea9dad88199\data\admdb.sqlite
[2025-10-25 09:21:01] INFO: INI ALAMAT TABLENYA :  D:\Work\ARYA-WMS-SHOPPIE\ANG19\wmshopee\.angular\prerender-root\2c270c3b-f1fb-44d4-a596-cdea68363b5d\data\admdb.sqlite
[2025-10-25 09:21:01] INFO: INI ALAMAT TABLENYA :  D:\Work\ARYA-WMS-SHOPPIE\ANG19\wmshopee\.angular\prerender-root\0a008527-24a0-4087-b0da-ec7b35a6165e\data\admdb.sqlite
[2025-10-25 09:22:30] INFO: INI ALAMAT TABLENYA :  D:\Work\ARYA-WMS-SHOPPIE\ANG19\wmshopee\.angular\prerender-root\64067667-3bf1-4454-a7a1-fa9b368bdba1\data\admdb.sqlite
[2025-10-25 09:22:32] INFO: INI ALAMAT TABLENYA :  D:\Work\ARYA-WMS-SHOPPIE\ANG19\wmshopee\.angular\prerender-root\10465e13-2fdc-46c0-b07e-322fb1816c1f\data\admdb.sqlite
[2025-10-25 09:22:32] INFO: INI ALAMAT TABLENYA :  D:\Work\ARYA-WMS-SHOPPIE\ANG19\wmshopee\.angular\prerender-root\1cce71fd-0cc0-43ff-bf6d-cfc0bd2e07c4\data\admdb.sqlite
[2025-10-25 09:22:32] INFO: INI ALAMAT TABLENYA :  D:\Work\ARYA-WMS-SHOPPIE\ANG19\wmshopee\.angular\prerender-root\85177443-5bf5-4b31-89fd-d2509c17a342\data\admdb.sqlite
[2025-10-25 09:22:32] INFO: INI ALAMAT TABLENYA :  D:\Work\ARYA-WMS-SHOPPIE\ANG19\wmshopee\.angular\prerender-root\5787e7ec-de3a-4ff9-989f-d792b6bcb885\data\admdb.sqlite
[2025-10-25 09:23:22] INFO: INI ALAMAT TABLENYA :  D:\Work\ARYA-WMS-SHOPPIE\ANG19\wmshopee\.angular\prerender-root\033a3259-193f-43e4-a3de-ef10fbd5605f\data\admdb.sqlite
[2025-10-25 09:23:23] INFO: INI ALAMAT TABLENYA :  D:\Work\ARYA-WMS-SHOPPIE\ANG19\wmshopee\.angular\prerender-root\8de5f500-d051-43d6-81c4-c1fc4ff9abbf\data\admdb.sqlite
[2025-10-25 09:23:23] INFO: INI ALAMAT TABLENYA :  D:\Work\ARYA-WMS-SHOPPIE\ANG19\wmshopee\.angular\prerender-root\100ab4ba-3a97-4ba4-aadf-8f7c34b8fbbc\data\admdb.sqlite
[2025-10-25 09:23:23] INFO: INI ALAMAT TABLENYA :  D:\Work\ARYA-WMS-SHOPPIE\ANG19\wmshopee\.angular\prerender-root\164c67cf-0b02-4c98-bb98-0bd8a6ab83ea\data\admdb.sqlite
[2025-10-25 09:23:23] INFO: INI ALAMAT TABLENYA :  D:\Work\ARYA-WMS-SHOPPIE\ANG19\wmshopee\.angular\prerender-root\5be8eedf-0311-459b-a532-73f8ef7fe1cd\data\admdb.sqlite
[2025-10-25 09:23:33] INFO: INI ALAMAT TABLENYA :  D:\Work\ARYA-WMS-SHOPPIE\ANG19\wmshopee\dist\wmshopee\server\data\admdb.sqlite
[2025-10-25 09:27:54] INFO: INI ALAMAT TABLENYA :  D:\Work\ARYA-WMS-SHOPPIE\ANG19\wmshopee\.angular\prerender-root\488af2bd-9a0b-4f29-b608-9da0041b940c\data\admdb.sqlite
[2025-10-25 09:27:56] INFO: INI ALAMAT TABLENYA :  D:\Work\ARYA-WMS-SHOPPIE\ANG19\wmshopee\.angular\prerender-root\fb0e363b-0464-4197-8201-4b8bfd71ed62\data\admdb.sqlite
[2025-10-25 09:27:56] INFO: INI ALAMAT TABLENYA :  D:\Work\ARYA-WMS-SHOPPIE\ANG19\wmshopee\.angular\prerender-root\0aa85dd5-d5e5-4cbc-8807-8aed881e759d\data\admdb.sqlite
[2025-10-25 09:27:56] INFO: INI ALAMAT TABLENYA :  D:\Work\ARYA-WMS-SHOPPIE\ANG19\wmshopee\.angular\prerender-root\716a3c41-fe76-4f3a-b747-fdcbfa087c76\data\admdb.sqlite
[2025-10-25 09:27:56] INFO: INI ALAMAT TABLENYA :  D:\Work\ARYA-WMS-SHOPPIE\ANG19\wmshopee\.angular\prerender-root\a2a8e098-1ba2-4da8-b7c1-62999a6ae5d9\data\admdb.sqlite
[2025-10-25 09:28:08] INFO: INI ALAMAT TABLENYA :  D:\Work\ARYA-WMS-SHOPPIE\ANG19\wmshopee\dist\wmshopee\server\data\admdb.sqlite
[2025-10-25 09:35:50] INFO: INI ALAMAT TABLENYA :  D:\Work\ARYA-WMS-SHOPPIE\ANG19\wmshopee\.angular\prerender-root\fe139cee-3dd5-4902-b888-8779d4a27b68\data\admdb.sqlite
[2025-10-25 09:35:51] INFO: INI ALAMAT TABLENYA :  D:\Work\ARYA-WMS-SHOPPIE\ANG19\wmshopee\.angular\prerender-root\03b6962e-74b2-4207-b5b1-24c3225c4469\data\admdb.sqlite
[2025-10-25 09:35:51] INFO: INI ALAMAT TABLENYA :  D:\Work\ARYA-WMS-SHOPPIE\ANG19\wmshopee\.angular\prerender-root\489571f7-6112-437e-b58d-152698814493\data\admdb.sqlite
[2025-10-25 09:35:51] INFO: INI ALAMAT TABLENYA :  D:\Work\ARYA-WMS-SHOPPIE\ANG19\wmshopee\.angular\prerender-root\f8f40be9-a69f-4a7e-9748-0c8aa5466de9\data\admdb.sqlite
[2025-10-25 09:35:51] INFO: INI ALAMAT TABLENYA :  D:\Work\ARYA-WMS-SHOPPIE\ANG19\wmshopee\.angular\prerender-root\3d5347ab-3764-4d1b-93b9-515defdefd03\data\admdb.sqlite
[2025-10-25 09:35:58] INFO: INI ALAMAT TABLENYA :  D:\Work\ARYA-WMS-SHOPPIE\ANG19\wmshopee\dist\wmshopee\server\data\admdb.sqlite
[2025-10-25 09:47:54] INFO: INI ALAMAT TABLENYA :  D:\Work\ARYA-WMS-SHOPPIE\ANG19\wmshopee\.angular\prerender-root\3b24770f-05f0-4742-8871-e1414569b791\data\admdb.sqlite
[2025-10-25 09:47:55] INFO: INI ALAMAT TABLENYA :  D:\Work\ARYA-WMS-SHOPPIE\ANG19\wmshopee\.angular\prerender-root\9657afd4-e8df-4b84-8841-2f6512565e2c\data\admdb.sqlite
[2025-10-25 09:47:55] INFO: INI ALAMAT TABLENYA :  D:\Work\ARYA-WMS-SHOPPIE\ANG19\wmshopee\.angular\prerender-root\e383fec6-dd42-4761-ba7f-d4c06dace6ac\data\admdb.sqlite
[2025-10-25 09:47:55] INFO: INI ALAMAT TABLENYA :  D:\Work\ARYA-WMS-SHOPPIE\ANG19\wmshopee\.angular\prerender-root\79623ba6-062e-4d63-b331-2fd47fb7fb93\data\admdb.sqlite
[2025-10-25 09:47:55] INFO: INI ALAMAT TABLENYA :  D:\Work\ARYA-WMS-SHOPPIE\ANG19\wmshopee\.angular\prerender-root\1a376177-f635-499b-af8d-b60b1b9e60fc\data\admdb.sqlite
[2025-10-25 09:48:02] INFO: INI ALAMAT TABLENYA :  D:\Work\ARYA-WMS-SHOPPIE\ANG19\wmshopee\dist\wmshopee\server\data\admdb.sqlite
[2025-10-25 09:50:09] INFO: INI ALAMAT TABLENYA :  D:\Work\ARYA-WMS-SHOPPIE\ANG19\wmshopee\.angular\prerender-root\efd80f38-6e83-437a-9125-d25673889ecc\data\admdb.sqlite
[2025-10-25 09:50:11] INFO: INI ALAMAT TABLENYA :  D:\Work\ARYA-WMS-SHOPPIE\ANG19\wmshopee\.angular\prerender-root\3f6ff4e2-8a24-4cbb-93de-9c5d7e534e5b\data\admdb.sqlite
[2025-10-25 09:50:11] INFO: INI ALAMAT TABLENYA :  D:\Work\ARYA-WMS-SHOPPIE\ANG19\wmshopee\.angular\prerender-root\e32ddac4-98b6-406b-aded-7ff9b12536ec\data\admdb.sqlite
[2025-10-25 09:50:11] INFO: INI ALAMAT TABLENYA :  D:\Work\ARYA-WMS-SHOPPIE\ANG19\wmshopee\.angular\prerender-root\e53aff3a-db92-4a8c-b008-ec30facb36ee\data\admdb.sqlite
[2025-10-25 09:50:11] INFO: INI ALAMAT TABLENYA :  D:\Work\ARYA-WMS-SHOPPIE\ANG19\wmshopee\.angular\prerender-root\478f0617-b12b-4d97-ac92-b606ab08bb30\data\admdb.sqlite
[2025-10-25 09:50:19] INFO: INI ALAMAT TABLENYA :  D:\Work\ARYA-WMS-SHOPPIE\ANG19\wmshopee\dist\wmshopee\server\data\admdb.sqlite
[2025-10-25 09:51:45] INFO: INI ALAMAT TABLENYA :  D:\Work\ARYA-WMS-SHOPPIE\ANG19\wmshopee\.angular\prerender-root\f2c5052a-7507-4c20-adf8-44994e5b136b\data\admdb.sqlite
[2025-10-25 09:51:46] INFO: INI ALAMAT TABLENYA :  D:\Work\ARYA-WMS-SHOPPIE\ANG19\wmshopee\.angular\prerender-root\8a3d75af-8ce5-463e-a0f0-9640819e1adc\data\admdb.sqlite
[2025-10-25 09:51:46] INFO: INI ALAMAT TABLENYA :  D:\Work\ARYA-WMS-SHOPPIE\ANG19\wmshopee\.angular\prerender-root\cf0f0b31-84dc-49b7-9462-9b3cb9627735\data\admdb.sqlite
[2025-10-25 09:51:46] INFO: INI ALAMAT TABLENYA :  D:\Work\ARYA-WMS-SHOPPIE\ANG19\wmshopee\.angular\prerender-root\973cf528-9bbd-45fb-91cb-b507240367e0\data\admdb.sqlite
[2025-10-25 09:51:46] INFO: INI ALAMAT TABLENYA :  D:\Work\ARYA-WMS-SHOPPIE\ANG19\wmshopee\.angular\prerender-root\a3dd2e43-0fb2-4af4-b539-6f59bddc9a86\data\admdb.sqlite
[2025-10-25 09:51:56] INFO: INI ALAMAT TABLENYA :  D:\Work\ARYA-WMS-SHOPPIE\ANG19\wmshopee\dist\wmshopee\server\data\admdb.sqlite
[2025-10-25 10:01:40] INFO: INI ALAMAT TABLENYA :  D:\Work\ARYA-WMS-SHOPPIE\ANG19\wmshopee\.angular\prerender-root\7c8b557b-b2cc-478f-915b-b385841c4b9a\data\admdb.sqlite
[2025-10-25 10:01:41] INFO: INI ALAMAT TABLENYA :  D:\Work\ARYA-WMS-SHOPPIE\ANG19\wmshopee\.angular\prerender-root\df17f34f-f098-4d76-9b6b-d75fa6d8bb3e\data\admdb.sqlite
[2025-10-25 10:01:41] INFO: INI ALAMAT TABLENYA :  D:\Work\ARYA-WMS-SHOPPIE\ANG19\wmshopee\.angular\prerender-root\99f28fb2-e79a-43e0-a993-eee6ab36bebf\data\admdb.sqlite
[2025-10-25 10:01:41] INFO: INI ALAMAT TABLENYA :  D:\Work\ARYA-WMS-SHOPPIE\ANG19\wmshopee\.angular\prerender-root\f340a0d6-6604-4701-b9a8-26d2b86d4a4a\data\admdb.sqlite
[2025-10-25 10:01:41] INFO: INI ALAMAT TABLENYA :  D:\Work\ARYA-WMS-SHOPPIE\ANG19\wmshopee\.angular\prerender-root\c628ffad-e977-4222-85c8-2f675076ab1b\data\admdb.sqlite
[2025-10-25 10:01:52] INFO: INI ALAMAT TABLENYA :  D:\Work\ARYA-WMS-SHOPPIE\ANG19\wmshopee\dist\wmshopee\server\data\admdb.sqlite
