[2025-08-29 08:27:39] INFO: INI ALAMAT TABLENYA :  D:\Work\ARYA-WMS-SHOPPIE\ANG19\wmshopee\.angular\prerender-root\2d113308-f1a7-47b2-8386-4d65797c32ff\data\admdb.sqlite
[2025-08-29 08:27:46] INFO: INI ALAMAT TABLENYA :  D:\Work\ARYA-WMS-SHOPPIE\ANG19\wmshopee\.angular\prerender-root\15953c0c-3e16-405d-b54b-dd3b069d7f5e\data\admdb.sqlite
[2025-08-29 08:27:46] INFO: INI ALAMAT TABLENYA :  D:\Work\ARYA-WMS-SHOPPIE\ANG19\wmshopee\.angular\prerender-root\86e0816e-5d84-4e07-a4c3-88fb7bc67cec\data\admdb.sqlite
[2025-08-29 08:27:46] INFO: INI ALAMAT TABLENYA :  D:\Work\ARYA-WMS-SHOPPIE\ANG19\wmshopee\.angular\prerender-root\48be7a2d-b31a-4ffd-9478-592839b164a5\data\admdb.sqlite
[2025-08-29 08:27:46] INFO: INI ALAMAT TABLENYA :  D:\Work\ARYA-WMS-SHOPPIE\ANG19\wmshopee\.angular\prerender-root\b6b15e80-5b1c-47a3-88a4-88fc344eac53\data\admdb.sqlite
[2025-08-29 08:28:02] INFO: INI ALAMAT TABLENYA :  D:\Work\ARYA-WMS-SHOPPIE\ANG19\wmshopee\dist\wmshopee\server\data\admdb.sqlite
[2025-08-29 08:30:44] INFO: ✅ Shopee refresh on fetchWithAuth Error: {"error":"invalid_acceess_token","message":"Invalid access_token, please have a check.","request_id":"e3e3e7f33d76f8778f5cb42a2936b800"}
[2025-08-29 08:30:44] INFO: ✅ Shopee refresh on fetchWithAuth Error: {"error":"invalid_acceess_token","message":"Invalid access_token, please have a check.","request_id":"e3e3e7f33d76f877a235542ebb8def00"}
[2025-08-29 08:30:44] INFO: Update data token : 
[2025-08-29 08:30:44] INFO: Update data token : 
[2025-08-29 08:30:48] INFO: ✅ Sudah di List  56
[2025-08-29 08:30:50] INFO: ✅ package Sudah di List  {"order_sn":"2508282D5T1TCV","package_number":"OFG210082873285015"}
[2025-08-29 08:34:37] INFO: INI ALAMAT TABLENYA :  D:\Work\ARYA-WMS-SHOPPIE\ANG19\wmshopee\.angular\prerender-root\4dc6b373-2d8b-4e66-953e-4d4c41e6bd93\data\admdb.sqlite
[2025-08-29 08:34:39] INFO: INI ALAMAT TABLENYA :  D:\Work\ARYA-WMS-SHOPPIE\ANG19\wmshopee\.angular\prerender-root\13ee6190-176f-412b-9723-37a350f92b4f\data\admdb.sqlite
[2025-08-29 08:34:39] INFO: INI ALAMAT TABLENYA :  D:\Work\ARYA-WMS-SHOPPIE\ANG19\wmshopee\.angular\prerender-root\2ed6fc88-15fe-4512-bac6-83ad6af788cb\data\admdb.sqlite
[2025-08-29 08:34:39] INFO: INI ALAMAT TABLENYA :  D:\Work\ARYA-WMS-SHOPPIE\ANG19\wmshopee\.angular\prerender-root\3ce81875-7f24-4303-8fb4-912d518ecd84\data\admdb.sqlite
[2025-08-29 08:34:39] INFO: INI ALAMAT TABLENYA :  D:\Work\ARYA-WMS-SHOPPIE\ANG19\wmshopee\.angular\prerender-root\9825e173-d04e-407e-ae3e-c2f4829cf602\data\admdb.sqlite
[2025-08-29 08:34:50] INFO: INI ALAMAT TABLENYA :  D:\Work\ARYA-WMS-SHOPPIE\ANG19\wmshopee\dist\wmshopee\server\data\admdb.sqlite
[2025-08-29 08:46:18] INFO: Ketika ship order 1  {"error":"","message":"","warning":"","request_id":"e3e3e7f33d77301599dec8d5cd416b00:01000280f6b8bae0:000000f8f7ca9054"}
[2025-08-29 08:46:18] INFO: Ketika ship order 2  
[2025-08-29 08:46:19] INFO: Ketika ship order 1  {"error":"","message":"","warning":"","request_id":"e3e3e7f33d77302863dfdf5b9bdae000:01000267888b8234:0000002e5faae6ac"}
[2025-08-29 08:46:19] INFO: Ketika ship order 2  
[2025-08-29 08:46:20] INFO: Ketika ship order 1  {"error":"","message":"","warning":"","request_id":"e3e3e7f33d7730398a47dde5982b8600:0100026fc7ec9da4:000000776f1ffcd8"}
[2025-08-29 08:46:20] INFO: Ketika ship order 2  
[2025-08-29 08:46:21] INFO: Ketika ship order 1  {"error":"","message":"","warning":"","request_id":"e3e3e7f33d7730486b0b2d87a0a78500:0100025f3e21ad58:0000001da485dacc"}
[2025-08-29 08:46:21] INFO: Ketika ship order 2  
[2025-08-29 08:46:22] INFO: Ketika ship order 1  {"error":"","message":"","warning":"","request_id":"e3e3e7f33d7730573ea369accccb9e00:01000203afd228c5:0000008495ef4bcd"}
[2025-08-29 08:46:22] INFO: Ketika ship order 2  
[2025-08-29 08:46:23] INFO: Ketika ship order 1  {"error":"","message":"","warning":"","request_id":"e3e3e7f33d773066d723ac10a3b35900:0100024355bc6fb4:0000009b165d58e5"}
[2025-08-29 08:46:23] INFO: Ketika ship order 2  
[2025-08-29 08:46:24] INFO: Ketika ship order 1  {"error":"","message":"","warning":"","request_id":"e3e3e7f33d7730767827ecb40be1ef00:0100020b3ed8e0e1:00000021f506ab44"}
[2025-08-29 08:46:24] INFO: Ketika ship order 2  
[2025-08-29 09:02:05] INFO: INI ALAMAT TABLENYA :  D:\Work\ARYA-WMS-SHOPPIE\ANG19\wmshopee\.angular\prerender-root\bb366ca0-3db2-46ed-95d4-91387deafa7e\data\admdb.sqlite
[2025-08-29 09:02:15] INFO: INI ALAMAT TABLENYA :  D:\Work\ARYA-WMS-SHOPPIE\ANG19\wmshopee\.angular\prerender-root\fde2cf37-d6f7-47c6-859d-14dac0724ecb\data\admdb.sqlite
[2025-08-29 09:02:15] INFO: INI ALAMAT TABLENYA :  D:\Work\ARYA-WMS-SHOPPIE\ANG19\wmshopee\.angular\prerender-root\ee53d728-1f35-4b6a-b83b-6d4c4775c7ad\data\admdb.sqlite
[2025-08-29 09:02:15] INFO: INI ALAMAT TABLENYA :  D:\Work\ARYA-WMS-SHOPPIE\ANG19\wmshopee\.angular\prerender-root\882def85-da83-4db4-8011-d238c21a29c3\data\admdb.sqlite
[2025-08-29 09:02:15] INFO: INI ALAMAT TABLENYA :  D:\Work\ARYA-WMS-SHOPPIE\ANG19\wmshopee\.angular\prerender-root\6740f53a-98c9-4b90-897e-e5f6f03ecf35\data\admdb.sqlite
[2025-08-29 09:02:34] INFO: INI ALAMAT TABLENYA :  D:\Work\ARYA-WMS-SHOPPIE\ANG19\wmshopee\dist\wmshopee\server\data\admdb.sqlite
[2025-08-29 09:05:48] INFO: Ketika ship order 2 
[2025-08-29 09:05:49] INFO: Ketika ship order 2 
[2025-08-29 09:05:50] INFO: Ketika ship order 2 
[2025-08-29 09:05:51] INFO: Ketika ship order 2 
[2025-08-29 09:05:52] INFO: Ketika ship order 2 
[2025-08-29 09:05:54] INFO: Ketika ship order 2 
[2025-08-29 09:05:55] INFO: Ketika ship order 2 
[2025-08-29 09:05:56] INFO: Ketika ship order 2 
[2025-08-29 09:05:58] INFO: Ketika ship order 2 
[2025-08-29 09:05:59] INFO: Ketika ship order 2 
[2025-08-29 09:06:06] ERROR: Error api.controller :  {}
[2025-08-29 09:18:48] INFO: INI ALAMAT TABLENYA :  D:\Work\ARYA-WMS-SHOPPIE\ANG19\wmshopee\.angular\prerender-root\a7210b5f-51a0-47a0-8775-33c29c4480c7\data\admdb.sqlite
[2025-08-29 09:18:51] INFO: INI ALAMAT TABLENYA :  D:\Work\ARYA-WMS-SHOPPIE\ANG19\wmshopee\.angular\prerender-root\28d03893-9f25-44de-8d39-cb91ce285736\data\admdb.sqlite
[2025-08-29 09:18:51] INFO: INI ALAMAT TABLENYA :  D:\Work\ARYA-WMS-SHOPPIE\ANG19\wmshopee\.angular\prerender-root\49f319d5-4434-4755-b6f7-61c89785a1eb\data\admdb.sqlite
[2025-08-29 09:18:51] INFO: INI ALAMAT TABLENYA :  D:\Work\ARYA-WMS-SHOPPIE\ANG19\wmshopee\.angular\prerender-root\20575693-15d3-4c0d-b638-aa3c5d7bb071\data\admdb.sqlite
[2025-08-29 09:18:51] INFO: INI ALAMAT TABLENYA :  D:\Work\ARYA-WMS-SHOPPIE\ANG19\wmshopee\.angular\prerender-root\48146c58-e029-4703-8ed6-3c8efa92adc0\data\admdb.sqlite
[2025-08-29 09:19:08] INFO: INI ALAMAT TABLENYA :  D:\Work\ARYA-WMS-SHOPPIE\ANG19\wmshopee\dist\wmshopee\server\data\admdb.sqlite
[2025-08-29 09:19:26] INFO: Ketika ship order 2 
[2025-08-29 09:19:27] INFO: Ketika ship order 2 
[2025-08-29 09:19:28] INFO: Ketika ship order 2 
[2025-08-29 09:19:29] INFO: Ketika ship order 2 
[2025-08-29 09:19:30] INFO: Ketika ship order 2 
[2025-08-29 09:34:17] INFO: INI ALAMAT TABLENYA :  D:\Work\ARYA-WMS-SHOPPIE\ANG19\wmshopee\.angular\prerender-root\08b698fb-dc5b-4c24-a21d-7a68d907350d\data\admdb.sqlite
[2025-08-29 09:34:19] INFO: INI ALAMAT TABLENYA :  D:\Work\ARYA-WMS-SHOPPIE\ANG19\wmshopee\.angular\prerender-root\c20c8b81-c40f-48b7-93aa-bc46635f22a2\data\admdb.sqlite
[2025-08-29 09:34:19] INFO: INI ALAMAT TABLENYA :  D:\Work\ARYA-WMS-SHOPPIE\ANG19\wmshopee\.angular\prerender-root\1e1ef94a-5e05-40f6-af6a-704f14d9ec99\data\admdb.sqlite
[2025-08-29 09:34:19] INFO: INI ALAMAT TABLENYA :  D:\Work\ARYA-WMS-SHOPPIE\ANG19\wmshopee\.angular\prerender-root\c8860e45-8eff-4e74-9a4a-d6b333bd2423\data\admdb.sqlite
[2025-08-29 09:34:19] INFO: INI ALAMAT TABLENYA :  D:\Work\ARYA-WMS-SHOPPIE\ANG19\wmshopee\.angular\prerender-root\06157992-76b9-4ca0-a8c9-6e345482735b\data\admdb.sqlite
[2025-08-29 09:35:24] INFO: INI ALAMAT TABLENYA :  D:\Work\ARYA-WMS-SHOPPIE\ANG19\wmshopee\dist\wmshopee\server\data\admdb.sqlite
[2025-08-29 09:41:38] INFO: INI ALAMAT TABLENYA :  D:\Work\ARYA-WMS-SHOPPIE\ANG19\wmshopee\.angular\prerender-root\e5e304dc-5e72-4cda-a0e0-e218a692f85d\data\admdb.sqlite
[2025-08-29 09:41:40] INFO: INI ALAMAT TABLENYA :  D:\Work\ARYA-WMS-SHOPPIE\ANG19\wmshopee\.angular\prerender-root\eb917e67-bf00-4f1e-8266-70f858848c18\data\admdb.sqlite
[2025-08-29 09:41:40] INFO: INI ALAMAT TABLENYA :  D:\Work\ARYA-WMS-SHOPPIE\ANG19\wmshopee\.angular\prerender-root\6d7c7fad-9ba0-4719-b71f-935bbb3075a6\data\admdb.sqlite
[2025-08-29 09:41:40] INFO: INI ALAMAT TABLENYA :  D:\Work\ARYA-WMS-SHOPPIE\ANG19\wmshopee\.angular\prerender-root\61f5f435-a4d8-416a-bcc2-62dc1a280ff1\data\admdb.sqlite
[2025-08-29 09:41:40] INFO: INI ALAMAT TABLENYA :  D:\Work\ARYA-WMS-SHOPPIE\ANG19\wmshopee\.angular\prerender-root\0f734d0f-1d19-4ab8-88bb-7a1f698068f3\data\admdb.sqlite
[2025-08-29 09:42:22] INFO: INI ALAMAT TABLENYA :  D:\Work\ARYA-WMS-SHOPPIE\ANG19\wmshopee\.angular\prerender-root\596f279d-5c50-4036-92cb-55b49d9b2579\data\admdb.sqlite
[2025-08-29 09:42:24] INFO: INI ALAMAT TABLENYA :  D:\Work\ARYA-WMS-SHOPPIE\ANG19\wmshopee\.angular\prerender-root\cfb3cde3-7b80-451d-9dc7-a28037be52b1\data\admdb.sqlite
[2025-08-29 09:42:24] INFO: INI ALAMAT TABLENYA :  D:\Work\ARYA-WMS-SHOPPIE\ANG19\wmshopee\.angular\prerender-root\7a708d74-4172-47b6-9419-d1b5d182a53e\data\admdb.sqlite
[2025-08-29 09:42:24] INFO: INI ALAMAT TABLENYA :  D:\Work\ARYA-WMS-SHOPPIE\ANG19\wmshopee\.angular\prerender-root\e3936601-15ed-45a8-a771-df2f3a237a2b\data\admdb.sqlite
[2025-08-29 09:42:24] INFO: INI ALAMAT TABLENYA :  D:\Work\ARYA-WMS-SHOPPIE\ANG19\wmshopee\.angular\prerender-root\6e465e1c-016b-4e6c-947a-eb987034eedf\data\admdb.sqlite
[2025-08-29 09:42:33] INFO: INI ALAMAT TABLENYA :  D:\Work\ARYA-WMS-SHOPPIE\ANG19\wmshopee\dist\wmshopee\server\data\admdb.sqlite
[2025-08-29 09:46:19] INFO: INI ALAMAT TABLENYA :  D:\Work\ARYA-WMS-SHOPPIE\ANG19\wmshopee\.angular\prerender-root\d4abdda1-ab3f-48b1-a3fa-d751b804f312\data\admdb.sqlite
[2025-08-29 09:46:21] INFO: INI ALAMAT TABLENYA :  D:\Work\ARYA-WMS-SHOPPIE\ANG19\wmshopee\.angular\prerender-root\dc7254e6-cebb-4d67-9c0e-0a075cc58352\data\admdb.sqlite
[2025-08-29 09:46:21] INFO: INI ALAMAT TABLENYA :  D:\Work\ARYA-WMS-SHOPPIE\ANG19\wmshopee\.angular\prerender-root\5628ea16-5c9f-49c7-8158-6a5934453983\data\admdb.sqlite
[2025-08-29 09:46:21] INFO: INI ALAMAT TABLENYA :  D:\Work\ARYA-WMS-SHOPPIE\ANG19\wmshopee\.angular\prerender-root\eb62df5a-7280-4448-8948-78534a9e4679\data\admdb.sqlite
[2025-08-29 09:46:21] INFO: INI ALAMAT TABLENYA :  D:\Work\ARYA-WMS-SHOPPIE\ANG19\wmshopee\.angular\prerender-root\e2aba878-1b65-4d40-9b16-1ef2bed5ac7f\data\admdb.sqlite
[2025-08-29 09:46:34] INFO: INI ALAMAT TABLENYA :  D:\Work\ARYA-WMS-SHOPPIE\ANG19\wmshopee\dist\wmshopee\server\data\admdb.sqlite
[2025-08-29 09:48:54] INFO: INI ALAMAT TABLENYA :  D:\Work\ARYA-WMS-SHOPPIE\ANG19\wmshopee\.angular\prerender-root\237399f3-212d-4b45-bcef-657ad8ee4ce7\data\admdb.sqlite
[2025-08-29 09:48:56] INFO: INI ALAMAT TABLENYA :  D:\Work\ARYA-WMS-SHOPPIE\ANG19\wmshopee\.angular\prerender-root\e166fecb-3e5d-4674-96ea-46ab0ed80154\data\admdb.sqlite
[2025-08-29 09:48:56] INFO: INI ALAMAT TABLENYA :  D:\Work\ARYA-WMS-SHOPPIE\ANG19\wmshopee\.angular\prerender-root\d85bb9a1-a69d-431f-995e-a5c4a64b91b9\data\admdb.sqlite
[2025-08-29 09:48:56] INFO: INI ALAMAT TABLENYA :  D:\Work\ARYA-WMS-SHOPPIE\ANG19\wmshopee\.angular\prerender-root\9e82ecb2-65e8-48cb-900c-bb063d3d43d2\data\admdb.sqlite
[2025-08-29 09:48:56] INFO: INI ALAMAT TABLENYA :  D:\Work\ARYA-WMS-SHOPPIE\ANG19\wmshopee\.angular\prerender-root\d572a8c8-be85-457d-9935-4ea9eb62be63\data\admdb.sqlite
[2025-08-29 09:49:07] INFO: INI ALAMAT TABLENYA :  D:\Work\ARYA-WMS-SHOPPIE\ANG19\wmshopee\dist\wmshopee\server\data\admdb.sqlite
[2025-08-29 09:50:18] INFO: Ketika ship order 2 
[2025-08-29 09:50:19] INFO: Ketika ship order 2 
[2025-08-29 09:50:20] INFO: Ketika ship order 2 
[2025-08-29 09:50:21] INFO: Ketika ship order 2 
[2025-08-29 09:50:22] INFO: Ketika ship order 2 
[2025-08-29 09:50:23] INFO: Ketika ship order 2 
[2025-08-29 09:52:10] INFO: INI ALAMAT TABLENYA :  D:\Work\ARYA-WMS-SHOPPIE\ANG19\wmshopee\.angular\prerender-root\55b4fdd0-d099-4157-80c6-28a8bb2891b5\data\admdb.sqlite
[2025-08-29 09:52:12] INFO: INI ALAMAT TABLENYA :  D:\Work\ARYA-WMS-SHOPPIE\ANG19\wmshopee\.angular\prerender-root\be9be279-7511-4c67-9b22-01c308379a72\data\admdb.sqlite
[2025-08-29 09:52:12] INFO: INI ALAMAT TABLENYA :  D:\Work\ARYA-WMS-SHOPPIE\ANG19\wmshopee\.angular\prerender-root\c7468a90-4ed1-40b3-9a06-9d19d47a579b\data\admdb.sqlite
[2025-08-29 09:52:12] INFO: INI ALAMAT TABLENYA :  D:\Work\ARYA-WMS-SHOPPIE\ANG19\wmshopee\.angular\prerender-root\06938d38-e356-4c4e-a8b8-152da5e6d890\data\admdb.sqlite
[2025-08-29 09:52:12] INFO: INI ALAMAT TABLENYA :  D:\Work\ARYA-WMS-SHOPPIE\ANG19\wmshopee\.angular\prerender-root\6bf8de53-e890-4606-9024-97db5799489f\data\admdb.sqlite
[2025-08-29 09:52:22] INFO: INI ALAMAT TABLENYA :  D:\Work\ARYA-WMS-SHOPPIE\ANG19\wmshopee\dist\wmshopee\server\data\admdb.sqlite
[2025-08-29 09:52:50] INFO: Ketika ship order 2 
[2025-08-29 09:52:51] INFO: Ketika ship order 2 
[2025-08-29 09:54:37] INFO: Ketika ship order 2 
[2025-08-29 09:54:38] INFO: Ketika ship order 2 
[2025-08-29 09:54:39] INFO: Ketika ship order 2 
[2025-08-29 10:09:10] INFO: INI ALAMAT TABLENYA :  D:\Work\ARYA-WMS-SHOPPIE\ANG19\wmshopee\.angular\prerender-root\ab4c766f-f143-4035-bceb-e2062a5d76bc\data\admdb.sqlite
[2025-08-29 10:09:12] INFO: INI ALAMAT TABLENYA :  D:\Work\ARYA-WMS-SHOPPIE\ANG19\wmshopee\.angular\prerender-root\4e7aff0e-ab22-46ed-af26-3a89e244ed1d\data\admdb.sqlite
[2025-08-29 10:09:12] INFO: INI ALAMAT TABLENYA :  D:\Work\ARYA-WMS-SHOPPIE\ANG19\wmshopee\.angular\prerender-root\af7feea8-2575-45e5-8341-4966fdaa786c\data\admdb.sqlite
[2025-08-29 10:09:12] INFO: INI ALAMAT TABLENYA :  D:\Work\ARYA-WMS-SHOPPIE\ANG19\wmshopee\.angular\prerender-root\600a3a12-a733-4a07-9e9a-6ba43be7c6e7\data\admdb.sqlite
[2025-08-29 10:09:12] INFO: INI ALAMAT TABLENYA :  D:\Work\ARYA-WMS-SHOPPIE\ANG19\wmshopee\.angular\prerender-root\b5afeb22-3d4d-4e7e-b6e4-a6725cc1c8cd\data\admdb.sqlite
[2025-08-29 10:09:21] INFO: INI ALAMAT TABLENYA :  D:\Work\ARYA-WMS-SHOPPIE\ANG19\wmshopee\dist\wmshopee\server\data\admdb.sqlite
[2025-08-29 10:10:47] INFO: ✅ Sudah di List  19
[2025-08-29 10:10:48] INFO: ✅ package Sudah di List  {"order_sn":"2508282D5T1TCV","package_number":"OFG210082873285015"}
[2025-08-29 13:13:28] INFO: INI ALAMAT TABLENYA :  D:\Work\ARYA-WMS-SHOPPIE\ANG19\wmshopee\dist\wmshopee\server\data\admdb.sqlite
[2025-08-29 13:13:49] INFO: ✅ Shopee refresh on fetchWithAuth Error: {"error":"invalid_acceess_token","message":"Invalid access_token, please have a check.","request_id":"e3e3e7f33d7aececc673b3c8a0fd6400"}
[2025-08-29 13:13:49] INFO: ✅ Shopee refresh on fetchWithAuth Error: {"error":"invalid_acceess_token","message":"Invalid access_token, please have a check.","request_id":"e3e3e7f33d7aececc5f3485b63d60c00"}
[2025-08-29 13:13:49] INFO: Update data token : 
[2025-08-29 13:13:50] INFO: Update data token : 
[2025-08-29 13:21:41] INFO: INI ALAMAT TABLENYA :  D:\Work\ARYA-WMS-SHOPPIE\ANG19\wmshopee\.angular\prerender-root\60e5be1f-6616-4924-ac26-449926d33a2f\data\admdb.sqlite
[2025-08-29 13:21:47] INFO: INI ALAMAT TABLENYA :  D:\Work\ARYA-WMS-SHOPPIE\ANG19\wmshopee\.angular\prerender-root\74b32b59-2fa9-4fe3-9e06-50dde7aa31b3\data\admdb.sqlite
[2025-08-29 13:21:47] INFO: INI ALAMAT TABLENYA :  D:\Work\ARYA-WMS-SHOPPIE\ANG19\wmshopee\.angular\prerender-root\e840f22d-8ef7-4d11-9404-27f79c6483a6\data\admdb.sqlite
[2025-08-29 13:21:47] INFO: INI ALAMAT TABLENYA :  D:\Work\ARYA-WMS-SHOPPIE\ANG19\wmshopee\.angular\prerender-root\93270613-1412-439d-ac9b-0dcb82328ffb\data\admdb.sqlite
[2025-08-29 13:21:47] INFO: INI ALAMAT TABLENYA :  D:\Work\ARYA-WMS-SHOPPIE\ANG19\wmshopee\.angular\prerender-root\bbbbb561-eb3f-4000-83bb-4d7bac35c1c5\data\admdb.sqlite
[2025-08-29 13:22:08] INFO: INI ALAMAT TABLENYA :  D:\Work\ARYA-WMS-SHOPPIE\ANG19\wmshopee\dist\wmshopee\server\data\admdb.sqlite
[2025-08-29 13:23:42] INFO: ✅ Sudah di List  39
[2025-08-29 13:23:42] INFO: ✅ package Sudah di List  {"order_sn":"250829418H9YVE","package_number":"OFG210138799247030"}
[2025-08-29 13:38:02] INFO: INI ALAMAT TABLENYA :  D:\Work\ARYA-WMS-SHOPPIE\ANG19\wmshopee\.angular\prerender-root\3308d6f5-253b-41e0-934a-d7776f241ad4\data\admdb.sqlite
[2025-08-29 13:38:03] INFO: INI ALAMAT TABLENYA :  D:\Work\ARYA-WMS-SHOPPIE\ANG19\wmshopee\.angular\prerender-root\0e7a2c48-8ae8-49f7-a62f-96f5d2f2d922\data\admdb.sqlite
[2025-08-29 13:38:03] INFO: INI ALAMAT TABLENYA :  D:\Work\ARYA-WMS-SHOPPIE\ANG19\wmshopee\.angular\prerender-root\ecbc8853-0f2c-438e-8b03-8a9f275f8e1c\data\admdb.sqlite
[2025-08-29 13:38:03] INFO: INI ALAMAT TABLENYA :  D:\Work\ARYA-WMS-SHOPPIE\ANG19\wmshopee\.angular\prerender-root\049d7402-9c49-4e9b-80b5-ddb660794c31\data\admdb.sqlite
[2025-08-29 13:38:03] INFO: INI ALAMAT TABLENYA :  D:\Work\ARYA-WMS-SHOPPIE\ANG19\wmshopee\.angular\prerender-root\21023e95-fc16-4b01-a5c2-c64cfacaa410\data\admdb.sqlite
[2025-08-29 13:38:11] INFO: INI ALAMAT TABLENYA :  D:\Work\ARYA-WMS-SHOPPIE\ANG19\wmshopee\dist\wmshopee\server\data\admdb.sqlite
[2025-08-29 13:38:29] INFO: ✅ Sudah di List  42
[2025-08-29 13:38:29] INFO: ✅ package Sudah di List  {"order_sn":"250829418H9YVE","package_number":"OFG210138799247030"}
[2025-08-29 13:39:25] INFO: INI ALAMAT TABLENYA :  D:\Work\ARYA-WMS-SHOPPIE\ANG19\wmshopee\.angular\prerender-root\f7255724-cb20-42fb-85f5-d9973bb89f9a\data\admdb.sqlite
[2025-08-29 13:39:27] INFO: INI ALAMAT TABLENYA :  D:\Work\ARYA-WMS-SHOPPIE\ANG19\wmshopee\.angular\prerender-root\a035f913-97cb-41e6-9176-a5e42a713471\data\admdb.sqlite
[2025-08-29 13:39:27] INFO: INI ALAMAT TABLENYA :  D:\Work\ARYA-WMS-SHOPPIE\ANG19\wmshopee\.angular\prerender-root\6151bec4-3578-457e-9e68-e95f04b569e0\data\admdb.sqlite
[2025-08-29 13:39:27] INFO: INI ALAMAT TABLENYA :  D:\Work\ARYA-WMS-SHOPPIE\ANG19\wmshopee\.angular\prerender-root\79683b6a-61ff-4e33-abbe-b9a7af1b3afb\data\admdb.sqlite
[2025-08-29 13:39:27] INFO: INI ALAMAT TABLENYA :  D:\Work\ARYA-WMS-SHOPPIE\ANG19\wmshopee\.angular\prerender-root\3efabb60-29b1-4ac7-b880-2a0e05e38811\data\admdb.sqlite
[2025-08-29 13:39:34] INFO: INI ALAMAT TABLENYA :  D:\Work\ARYA-WMS-SHOPPIE\ANG19\wmshopee\dist\wmshopee\server\data\admdb.sqlite
[2025-08-29 13:40:52] INFO: ✅ Sudah di List  44
[2025-08-29 13:40:53] INFO: ✅ package Sudah di List  {"order_sn":"250829418H9YVE","package_number":"OFG210138799247030"}
[2025-08-29 13:43:04] INFO: Ketika ship order 2 
[2025-08-29 13:43:05] INFO: Ketika ship order 2 
[2025-08-29 13:46:25] INFO: Ketika ship order 2 
[2025-08-29 13:46:26] INFO: Ketika ship order 2 
[2025-08-29 13:46:27] INFO: Ketika ship order 2 
[2025-08-29 13:46:28] INFO: Ketika ship order 2 
[2025-08-29 15:31:12] INFO: INI ALAMAT TABLENYA :  D:\Work\ARYA-WMS-SHOPPIE\ANG19\wmshopee\.angular\prerender-root\0ce7ab86-da28-4478-a2e2-42f4a49a74c8\data\admdb.sqlite
[2025-08-29 15:31:19] INFO: INI ALAMAT TABLENYA :  D:\Work\ARYA-WMS-SHOPPIE\ANG19\wmshopee\.angular\prerender-root\3fcd6e07-9030-45fb-ad63-b5d2d038da73\data\admdb.sqlite
[2025-08-29 15:31:19] INFO: INI ALAMAT TABLENYA :  D:\Work\ARYA-WMS-SHOPPIE\ANG19\wmshopee\.angular\prerender-root\10fa6aa8-c5e1-4530-91b6-5db96d2871ab\data\admdb.sqlite
[2025-08-29 15:31:19] INFO: INI ALAMAT TABLENYA :  D:\Work\ARYA-WMS-SHOPPIE\ANG19\wmshopee\.angular\prerender-root\d49abb0e-5c7f-45c0-8651-102a958bd55c\data\admdb.sqlite
[2025-08-29 15:31:19] INFO: INI ALAMAT TABLENYA :  D:\Work\ARYA-WMS-SHOPPIE\ANG19\wmshopee\.angular\prerender-root\d775ec52-c365-4d7b-90f0-9cd4bc2fccc6\data\admdb.sqlite
[2025-08-29 15:31:40] INFO: INI ALAMAT TABLENYA :  D:\Work\ARYA-WMS-SHOPPIE\ANG19\wmshopee\dist\wmshopee\server\data\admdb.sqlite
[2025-08-29 15:34:24] INFO: Ketika ship order 2 
[2025-08-29 15:35:02] INFO: Ketika ship order 2 
[2025-08-29 15:35:04] INFO: Ketika ship order 2 
[2025-08-29 15:35:05] INFO: Ketika ship order 2 
[2025-08-29 15:46:58] INFO: INI ALAMAT TABLENYA :  D:\Work\ARYA-WMS-SHOPPIE\ANG19\wmshopee\.angular\prerender-root\3c8515f1-df27-402b-93e0-110d90f2370e\data\admdb.sqlite
[2025-08-29 15:47:08] INFO: INI ALAMAT TABLENYA :  D:\Work\ARYA-WMS-SHOPPIE\ANG19\wmshopee\.angular\prerender-root\6a7c7c1d-095e-4fe6-99d5-24144ce09251\data\admdb.sqlite
[2025-08-29 15:47:08] INFO: INI ALAMAT TABLENYA :  D:\Work\ARYA-WMS-SHOPPIE\ANG19\wmshopee\.angular\prerender-root\94fd927b-b686-4b74-9d20-6232b61c0e60\data\admdb.sqlite
[2025-08-29 15:47:08] INFO: INI ALAMAT TABLENYA :  D:\Work\ARYA-WMS-SHOPPIE\ANG19\wmshopee\.angular\prerender-root\4bdeef7d-96d7-4818-a89f-7f3f58ce501a\data\admdb.sqlite
[2025-08-29 15:47:08] INFO: INI ALAMAT TABLENYA :  D:\Work\ARYA-WMS-SHOPPIE\ANG19\wmshopee\.angular\prerender-root\6d776be6-024d-484d-a202-bea4be62ebdd\data\admdb.sqlite
[2025-08-29 15:47:35] INFO: INI ALAMAT TABLENYA :  D:\Work\ARYA-WMS-SHOPPIE\ANG19\wmshopee\dist\wmshopee\server\data\admdb.sqlite
[2025-08-29 16:16:07] INFO: INI ALAMAT TABLENYA :  D:\Work\ARYA-WMS-SHOPPIE\ANG19\wmshopee\.angular\prerender-root\b0c73dc6-27a6-4f61-8563-17e59825bbde\data\admdb.sqlite
[2025-08-29 16:16:09] INFO: INI ALAMAT TABLENYA :  D:\Work\ARYA-WMS-SHOPPIE\ANG19\wmshopee\.angular\prerender-root\3e392894-0c69-4640-ac41-b2e251870724\data\admdb.sqlite
[2025-08-29 16:16:09] INFO: INI ALAMAT TABLENYA :  D:\Work\ARYA-WMS-SHOPPIE\ANG19\wmshopee\.angular\prerender-root\448a8964-1d94-4386-84ec-ec1d6953fdbe\data\admdb.sqlite
[2025-08-29 16:16:09] INFO: INI ALAMAT TABLENYA :  D:\Work\ARYA-WMS-SHOPPIE\ANG19\wmshopee\.angular\prerender-root\f4670346-5d68-4ede-b7e3-965beb9f1ff5\data\admdb.sqlite
[2025-08-29 16:16:09] INFO: INI ALAMAT TABLENYA :  D:\Work\ARYA-WMS-SHOPPIE\ANG19\wmshopee\.angular\prerender-root\0c93e705-b8dc-4493-847f-b29a0251c784\data\admdb.sqlite
[2025-08-29 16:16:20] INFO: INI ALAMAT TABLENYA :  D:\Work\ARYA-WMS-SHOPPIE\ANG19\wmshopee\dist\wmshopee\server\data\admdb.sqlite
[2025-08-29 16:17:29] INFO: INI ALAMAT TABLENYA :  D:\Work\ARYA-WMS-SHOPPIE\ANG19\wmshopee\.angular\prerender-root\ac533a90-39b8-45d2-8eb5-a2061a66fc97\data\admdb.sqlite
[2025-08-29 16:17:31] INFO: INI ALAMAT TABLENYA :  D:\Work\ARYA-WMS-SHOPPIE\ANG19\wmshopee\.angular\prerender-root\49fd7dd3-733d-41d5-98cb-b35732bfe58b\data\admdb.sqlite
[2025-08-29 16:17:31] INFO: INI ALAMAT TABLENYA :  D:\Work\ARYA-WMS-SHOPPIE\ANG19\wmshopee\.angular\prerender-root\22e5c5c1-1d89-460c-896d-75b5cfa25d8b\data\admdb.sqlite
[2025-08-29 16:17:31] INFO: INI ALAMAT TABLENYA :  D:\Work\ARYA-WMS-SHOPPIE\ANG19\wmshopee\.angular\prerender-root\ba714460-1da7-4842-aeed-e4e2d25f93c7\data\admdb.sqlite
[2025-08-29 16:17:31] INFO: INI ALAMAT TABLENYA :  D:\Work\ARYA-WMS-SHOPPIE\ANG19\wmshopee\.angular\prerender-root\a6689a0c-da3a-41cb-8d5b-d4a0cbbb02a5\data\admdb.sqlite
[2025-08-29 16:17:43] INFO: INI ALAMAT TABLENYA :  D:\Work\ARYA-WMS-SHOPPIE\ANG19\wmshopee\dist\wmshopee\server\data\admdb.sqlite
[2025-08-29 16:29:13] INFO: INI ALAMAT TABLENYA :  D:\Work\ARYA-WMS-SHOPPIE\ANG19\wmshopee\.angular\prerender-root\d31af56b-8706-40af-afbb-2d12c6ea30a1\data\admdb.sqlite
[2025-08-29 16:29:15] INFO: INI ALAMAT TABLENYA :  D:\Work\ARYA-WMS-SHOPPIE\ANG19\wmshopee\.angular\prerender-root\064f8b96-9d2b-41eb-8c94-bfbbbf0447f2\data\admdb.sqlite
[2025-08-29 16:29:15] INFO: INI ALAMAT TABLENYA :  D:\Work\ARYA-WMS-SHOPPIE\ANG19\wmshopee\.angular\prerender-root\2c7f45ed-fe7a-4920-91be-a2e29e6d9720\data\admdb.sqlite
[2025-08-29 16:29:15] INFO: INI ALAMAT TABLENYA :  D:\Work\ARYA-WMS-SHOPPIE\ANG19\wmshopee\.angular\prerender-root\ea49b5fc-3329-440e-8950-accf72f94342\data\admdb.sqlite
[2025-08-29 16:29:15] INFO: INI ALAMAT TABLENYA :  D:\Work\ARYA-WMS-SHOPPIE\ANG19\wmshopee\.angular\prerender-root\024b6192-fc3c-41ef-8a3d-83969afd7069\data\admdb.sqlite
[2025-08-29 16:29:36] INFO: INI ALAMAT TABLENYA :  D:\Work\ARYA-WMS-SHOPPIE\ANG19\wmshopee\.angular\prerender-root\03afabae-9101-4b40-99c1-e9fc42510f13\data\admdb.sqlite
[2025-08-29 16:29:38] INFO: INI ALAMAT TABLENYA :  D:\Work\ARYA-WMS-SHOPPIE\ANG19\wmshopee\.angular\prerender-root\c58a39bc-d14b-446a-ac00-0d65bd0bceb0\data\admdb.sqlite
[2025-08-29 16:29:38] INFO: INI ALAMAT TABLENYA :  D:\Work\ARYA-WMS-SHOPPIE\ANG19\wmshopee\.angular\prerender-root\7721f7cf-ef09-4440-bec9-ab6d1f38ac23\data\admdb.sqlite
[2025-08-29 16:29:38] INFO: INI ALAMAT TABLENYA :  D:\Work\ARYA-WMS-SHOPPIE\ANG19\wmshopee\.angular\prerender-root\c8524720-586f-432d-82bf-7c87331830f0\data\admdb.sqlite
[2025-08-29 16:29:38] INFO: INI ALAMAT TABLENYA :  D:\Work\ARYA-WMS-SHOPPIE\ANG19\wmshopee\.angular\prerender-root\b61c2c42-6ee8-4b9f-957b-f07495f90f1b\data\admdb.sqlite
[2025-08-29 16:29:47] INFO: INI ALAMAT TABLENYA :  D:\Work\ARYA-WMS-SHOPPIE\ANG19\wmshopee\dist\wmshopee\server\data\admdb.sqlite
[2025-08-29 16:30:30] INFO: INI ALAMAT TABLENYA :  D:\Work\ARYA-WMS-SHOPPIE\ANG19\wmshopee\.angular\prerender-root\8c858ef2-b5ff-4d2e-8d03-47562b22a0a3\data\admdb.sqlite
[2025-08-29 16:30:33] INFO: INI ALAMAT TABLENYA :  D:\Work\ARYA-WMS-SHOPPIE\ANG19\wmshopee\.angular\prerender-root\6f407aed-9558-4dc9-aedf-c2f05d4d6cf6\data\admdb.sqlite
[2025-08-29 16:30:33] INFO: INI ALAMAT TABLENYA :  D:\Work\ARYA-WMS-SHOPPIE\ANG19\wmshopee\.angular\prerender-root\35f38f0f-ef15-49d5-b567-a603f2e1277c\data\admdb.sqlite
[2025-08-29 16:30:33] INFO: INI ALAMAT TABLENYA :  D:\Work\ARYA-WMS-SHOPPIE\ANG19\wmshopee\.angular\prerender-root\b7fbe87a-8364-460f-8891-45496a08964d\data\admdb.sqlite
[2025-08-29 16:30:33] INFO: INI ALAMAT TABLENYA :  D:\Work\ARYA-WMS-SHOPPIE\ANG19\wmshopee\.angular\prerender-root\566590f5-1958-4333-8e59-a7ce6fbe58dc\data\admdb.sqlite
[2025-08-29 16:30:42] INFO: INI ALAMAT TABLENYA :  D:\Work\ARYA-WMS-SHOPPIE\ANG19\wmshopee\dist\wmshopee\server\data\admdb.sqlite
[2025-08-29 16:31:56] INFO: INI ALAMAT TABLENYA :  D:\Work\ARYA-WMS-SHOPPIE\ANG19\wmshopee\.angular\prerender-root\b3262a2b-f630-4e59-8574-2ca727079441\data\admdb.sqlite
[2025-08-29 16:31:59] INFO: INI ALAMAT TABLENYA :  D:\Work\ARYA-WMS-SHOPPIE\ANG19\wmshopee\.angular\prerender-root\0222c421-7802-4baa-ba87-83ace560e01e\data\admdb.sqlite
[2025-08-29 16:31:59] INFO: INI ALAMAT TABLENYA :  D:\Work\ARYA-WMS-SHOPPIE\ANG19\wmshopee\.angular\prerender-root\0894a432-ec3a-4fa4-8811-af2914ca9806\data\admdb.sqlite
[2025-08-29 16:31:59] INFO: INI ALAMAT TABLENYA :  D:\Work\ARYA-WMS-SHOPPIE\ANG19\wmshopee\.angular\prerender-root\a14c66ac-5a84-4523-b2e7-e08b8c70e44d\data\admdb.sqlite
[2025-08-29 16:31:59] INFO: INI ALAMAT TABLENYA :  D:\Work\ARYA-WMS-SHOPPIE\ANG19\wmshopee\.angular\prerender-root\6aa6edbf-a2ea-468b-8fa2-c504de986ba1\data\admdb.sqlite
[2025-08-29 16:32:07] INFO: INI ALAMAT TABLENYA :  D:\Work\ARYA-WMS-SHOPPIE\ANG19\wmshopee\dist\wmshopee\server\data\admdb.sqlite
[2025-08-29 16:33:26] INFO: INI ALAMAT TABLENYA :  D:\Work\ARYA-WMS-SHOPPIE\ANG19\wmshopee\.angular\prerender-root\aad989a1-b4b9-4cbd-9b79-c14714ddecd0\data\admdb.sqlite
[2025-08-29 16:33:28] INFO: INI ALAMAT TABLENYA :  D:\Work\ARYA-WMS-SHOPPIE\ANG19\wmshopee\.angular\prerender-root\b6eba489-fd7d-4552-9a6d-b08e939fdf1a\data\admdb.sqlite
[2025-08-29 16:33:28] INFO: INI ALAMAT TABLENYA :  D:\Work\ARYA-WMS-SHOPPIE\ANG19\wmshopee\.angular\prerender-root\d94a8d09-028e-462e-b953-c424722806dd\data\admdb.sqlite
[2025-08-29 16:33:28] INFO: INI ALAMAT TABLENYA :  D:\Work\ARYA-WMS-SHOPPIE\ANG19\wmshopee\.angular\prerender-root\b6086f0b-08d4-4f25-be87-939da6c86a18\data\admdb.sqlite
[2025-08-29 16:33:28] INFO: INI ALAMAT TABLENYA :  D:\Work\ARYA-WMS-SHOPPIE\ANG19\wmshopee\.angular\prerender-root\137458c6-f56f-4bc5-afbd-de36b189b226\data\admdb.sqlite
[2025-08-29 16:33:39] INFO: INI ALAMAT TABLENYA :  D:\Work\ARYA-WMS-SHOPPIE\ANG19\wmshopee\dist\wmshopee\server\data\admdb.sqlite
[2025-08-29 16:34:16] INFO: INI ALAMAT TABLENYA :  D:\Work\ARYA-WMS-SHOPPIE\ANG19\wmshopee\.angular\prerender-root\2511197b-b992-4913-8940-c9194cbe6f16\data\admdb.sqlite
[2025-08-29 16:34:18] INFO: INI ALAMAT TABLENYA :  D:\Work\ARYA-WMS-SHOPPIE\ANG19\wmshopee\.angular\prerender-root\f47dcb73-49d0-4798-8542-63e3b893a93e\data\admdb.sqlite
[2025-08-29 16:34:18] INFO: INI ALAMAT TABLENYA :  D:\Work\ARYA-WMS-SHOPPIE\ANG19\wmshopee\.angular\prerender-root\794902ba-9983-4d0f-b007-cbd7478b7dfa\data\admdb.sqlite
[2025-08-29 16:34:18] INFO: INI ALAMAT TABLENYA :  D:\Work\ARYA-WMS-SHOPPIE\ANG19\wmshopee\.angular\prerender-root\35167ab6-3418-4398-b365-c9a041f6af25\data\admdb.sqlite
[2025-08-29 16:34:18] INFO: INI ALAMAT TABLENYA :  D:\Work\ARYA-WMS-SHOPPIE\ANG19\wmshopee\.angular\prerender-root\cc4b4853-f2f6-4a88-a187-279e63a050c4\data\admdb.sqlite
[2025-08-29 16:34:28] INFO: INI ALAMAT TABLENYA :  D:\Work\ARYA-WMS-SHOPPIE\ANG19\wmshopee\dist\wmshopee\server\data\admdb.sqlite
[2025-08-29 16:36:23] INFO: INI ALAMAT TABLENYA :  D:\Work\ARYA-WMS-SHOPPIE\ANG19\wmshopee\.angular\prerender-root\3d688b4c-2cfd-4f1c-8bc0-3f7b34d3b488\data\admdb.sqlite
[2025-08-29 16:36:25] INFO: INI ALAMAT TABLENYA :  D:\Work\ARYA-WMS-SHOPPIE\ANG19\wmshopee\.angular\prerender-root\03321a62-c25b-49c8-827f-2ba8c94190ea\data\admdb.sqlite
[2025-08-29 16:36:25] INFO: INI ALAMAT TABLENYA :  D:\Work\ARYA-WMS-SHOPPIE\ANG19\wmshopee\.angular\prerender-root\29cb1818-0e03-4a58-a543-66f489503c1b\data\admdb.sqlite
[2025-08-29 16:36:25] INFO: INI ALAMAT TABLENYA :  D:\Work\ARYA-WMS-SHOPPIE\ANG19\wmshopee\.angular\prerender-root\6e8d65d9-401a-4210-b478-daffd51ebb2c\data\admdb.sqlite
[2025-08-29 16:36:25] INFO: INI ALAMAT TABLENYA :  D:\Work\ARYA-WMS-SHOPPIE\ANG19\wmshopee\.angular\prerender-root\21b4a4db-48b5-478f-9b61-e988519ba811\data\admdb.sqlite
[2025-08-29 16:36:34] INFO: INI ALAMAT TABLENYA :  D:\Work\ARYA-WMS-SHOPPIE\ANG19\wmshopee\dist\wmshopee\server\data\admdb.sqlite
