[2025-08-20 11:52:17] INFO: INI ALAMAT TABLENYA :  D:\Work\ARYA-WMS-SHOPPIE\ANG19\wmshopee\.angular\prerender-root\3cccdab7-fe79-4db8-92dc-ce991a306856\data\admdb.sqlite
[2025-08-20 11:52:21] INFO: INI ALAMAT TABLENYA :  D:\Work\ARYA-WMS-SHOPPIE\ANG19\wmshopee\.angular\prerender-root\98320b07-5b75-49eb-a74a-f815b202b6fe\data\admdb.sqlite
[2025-08-20 11:52:21] INFO: INI ALAMAT TABLENYA :  D:\Work\ARYA-WMS-SHOPPIE\ANG19\wmshopee\.angular\prerender-root\19990f1f-975c-4532-9947-e2ef34372bd0\data\admdb.sqlite
[2025-08-20 11:52:21] INFO: INI ALAMAT TABLENYA :  D:\Work\ARYA-WMS-SHOPPIE\ANG19\wmshopee\.angular\prerender-root\dcc321e5-dcb7-415b-a30d-ce01163ff052\data\admdb.sqlite
[2025-08-20 11:52:21] INFO: INI ALAMAT TABLENYA :  D:\Work\ARYA-WMS-SHOPPIE\ANG19\wmshopee\.angular\prerender-root\8c12fef8-a41e-444e-a2dc-28b3c41e33e1\data\admdb.sqlite
[2025-08-20 11:53:03] INFO: INI ALAMAT TABLENYA :  D:\Work\ARYA-WMS-SHOPPIE\ANG19\wmshopee\dist\wmshopee\server\data\admdb.sqlite
[2025-08-20 11:53:07] INFO: ✅ Shopee refresh on fetchWithAuth Error: {"error":"invalid_acceess_token","message":"Invalid access_token, please have a check.","request_id":"e3e3e7f33cc4bfba8b142a0835e74a00"}
[2025-08-20 11:53:07] INFO: ✅ Shopee refresh on fetchWithAuth Error: {"error":"invalid_acceess_token","message":"Invalid access_token, please have a check.","request_id":"e3e3e7f33cc4bfba89ed19b77a9c1300"}
[2025-08-20 11:53:07] INFO: Update data token : 
[2025-08-20 11:53:07] INFO: Update data token : 
[2025-08-20 11:53:32] INFO: ✅ Sudah di List  143
[2025-08-20 11:53:34] INFO: ✅ package Sudah di List  {"order_sn":"2508198KBQX91C","package_number":"OFG209295673289036"}
[2025-08-20 11:58:47] INFO: INI ALAMAT TABLENYA :  D:\Work\ARYA-WMS-SHOPPIE\ANG19\wmshopee\.angular\prerender-root\47452e32-48a7-43b3-8638-c8a41ae5f2f4\data\admdb.sqlite
[2025-08-20 11:58:49] INFO: INI ALAMAT TABLENYA :  D:\Work\ARYA-WMS-SHOPPIE\ANG19\wmshopee\.angular\prerender-root\907e4ebd-5be9-489e-a73d-2119e16be9a0\data\admdb.sqlite
[2025-08-20 11:58:49] INFO: INI ALAMAT TABLENYA :  D:\Work\ARYA-WMS-SHOPPIE\ANG19\wmshopee\.angular\prerender-root\4885147b-e244-4bf3-9073-87b51e438060\data\admdb.sqlite
[2025-08-20 11:58:49] INFO: INI ALAMAT TABLENYA :  D:\Work\ARYA-WMS-SHOPPIE\ANG19\wmshopee\.angular\prerender-root\16e3f00b-f086-4d27-8239-f1438fbdaedd\data\admdb.sqlite
[2025-08-20 11:58:49] INFO: INI ALAMAT TABLENYA :  D:\Work\ARYA-WMS-SHOPPIE\ANG19\wmshopee\.angular\prerender-root\13218435-aa5d-43a0-84a2-44423f69f636\data\admdb.sqlite
[2025-08-20 11:58:57] INFO: INI ALAMAT TABLENYA :  D:\Work\ARYA-WMS-SHOPPIE\ANG19\wmshopee\dist\wmshopee\server\data\admdb.sqlite
[2025-08-20 12:03:18] INFO: INI ALAMAT TABLENYA :  D:\Work\ARYA-WMS-SHOPPIE\ANG19\wmshopee\.angular\prerender-root\65b2e5d7-baf7-4f39-930a-8d1480fc9ff0\data\admdb.sqlite
[2025-08-20 12:03:30] INFO: INI ALAMAT TABLENYA :  D:\Work\ARYA-WMS-SHOPPIE\ANG19\wmshopee\.angular\prerender-root\af5d5a59-5bc4-45e9-a03d-89d4e0c4a71e\data\admdb.sqlite
[2025-08-20 12:03:30] INFO: INI ALAMAT TABLENYA :  D:\Work\ARYA-WMS-SHOPPIE\ANG19\wmshopee\.angular\prerender-root\f86d7aa9-2059-4f5c-9e94-c834287b13b3\data\admdb.sqlite
[2025-08-20 12:03:30] INFO: INI ALAMAT TABLENYA :  D:\Work\ARYA-WMS-SHOPPIE\ANG19\wmshopee\.angular\prerender-root\849f23e2-705a-4d06-b45f-74d484ae0e9b\data\admdb.sqlite
[2025-08-20 12:03:30] INFO: INI ALAMAT TABLENYA :  D:\Work\ARYA-WMS-SHOPPIE\ANG19\wmshopee\.angular\prerender-root\39548ab3-c2ba-4cd8-a040-51f06248c9db\data\admdb.sqlite
[2025-08-20 12:10:10] INFO: INI ALAMAT TABLENYA :  D:\Work\ARYA-WMS-SHOPPIE\ANG19\wmshopee\.angular\prerender-root\f931852b-1586-472d-b0de-b7a07f960394\data\admdb.sqlite
[2025-08-20 12:10:12] INFO: INI ALAMAT TABLENYA :  D:\Work\ARYA-WMS-SHOPPIE\ANG19\wmshopee\.angular\prerender-root\4883d672-9c59-4152-a76f-ed07f10e89a4\data\admdb.sqlite
[2025-08-20 12:10:12] INFO: INI ALAMAT TABLENYA :  D:\Work\ARYA-WMS-SHOPPIE\ANG19\wmshopee\.angular\prerender-root\3a625c2b-7759-4779-aa16-3ab09ca199a4\data\admdb.sqlite
[2025-08-20 12:10:12] INFO: INI ALAMAT TABLENYA :  D:\Work\ARYA-WMS-SHOPPIE\ANG19\wmshopee\.angular\prerender-root\b25a3a67-843b-40c4-8b8f-e71605fd9cfe\data\admdb.sqlite
[2025-08-20 12:10:12] INFO: INI ALAMAT TABLENYA :  D:\Work\ARYA-WMS-SHOPPIE\ANG19\wmshopee\.angular\prerender-root\3e1c98c3-7e9f-475f-83b9-f00c115f8d99\data\admdb.sqlite
[2025-08-20 12:10:20] INFO: INI ALAMAT TABLENYA :  D:\Work\ARYA-WMS-SHOPPIE\ANG19\wmshopee\dist\wmshopee\server\data\admdb.sqlite
[2025-08-20 12:14:35] INFO: INI ALAMAT TABLENYA :  D:\Work\ARYA-WMS-SHOPPIE\ANG19\wmshopee\.angular\prerender-root\9d6038e2-c0ec-45fa-8f2a-1f1f224acba2\data\admdb.sqlite
[2025-08-20 12:14:36] INFO: INI ALAMAT TABLENYA :  D:\Work\ARYA-WMS-SHOPPIE\ANG19\wmshopee\.angular\prerender-root\65a4f6eb-518e-49bb-ad29-ff42ba19e50a\data\admdb.sqlite
[2025-08-20 12:14:36] INFO: INI ALAMAT TABLENYA :  D:\Work\ARYA-WMS-SHOPPIE\ANG19\wmshopee\.angular\prerender-root\f97eff8a-df27-45ec-914a-3f340d04923e\data\admdb.sqlite
[2025-08-20 12:14:36] INFO: INI ALAMAT TABLENYA :  D:\Work\ARYA-WMS-SHOPPIE\ANG19\wmshopee\.angular\prerender-root\16dd6b2a-fa43-4e30-9e79-932f5b23463f\data\admdb.sqlite
[2025-08-20 12:14:36] INFO: INI ALAMAT TABLENYA :  D:\Work\ARYA-WMS-SHOPPIE\ANG19\wmshopee\.angular\prerender-root\614f1843-e1a6-4d8c-b59a-1afb7e8a7431\data\admdb.sqlite
[2025-08-20 12:16:27] INFO: INI ALAMAT TABLENYA :  D:\Work\ARYA-WMS-SHOPPIE\ANG19\wmshopee\.angular\prerender-root\f1f3bc61-9973-4d9c-abe0-aae8c4408433\data\admdb.sqlite
[2025-08-20 12:16:28] INFO: INI ALAMAT TABLENYA :  D:\Work\ARYA-WMS-SHOPPIE\ANG19\wmshopee\.angular\prerender-root\6a31940d-6905-45da-832d-bfd3955afd33\data\admdb.sqlite
[2025-08-20 12:16:28] INFO: INI ALAMAT TABLENYA :  D:\Work\ARYA-WMS-SHOPPIE\ANG19\wmshopee\.angular\prerender-root\2dc28c03-640b-4ba9-a00a-3472a568efb0\data\admdb.sqlite
[2025-08-20 12:16:28] INFO: INI ALAMAT TABLENYA :  D:\Work\ARYA-WMS-SHOPPIE\ANG19\wmshopee\.angular\prerender-root\04fa23a8-3e86-4fe4-9086-03153eeaeef7\data\admdb.sqlite
[2025-08-20 12:16:28] INFO: INI ALAMAT TABLENYA :  D:\Work\ARYA-WMS-SHOPPIE\ANG19\wmshopee\.angular\prerender-root\9178ec25-59f7-4adc-bdce-8566d5ad2f4f\data\admdb.sqlite
[2025-08-20 12:17:39] INFO: INI ALAMAT TABLENYA :  D:\Work\ARYA-WMS-SHOPPIE\ANG19\wmshopee\dist\wmshopee\server\data\admdb.sqlite
[2025-08-20 12:22:45] INFO: INI ALAMAT TABLENYA :  D:\Work\ARYA-WMS-SHOPPIE\ANG19\wmshopee\.angular\prerender-root\ca07ee85-db09-461e-aac9-ac1a2054e5cb\data\admdb.sqlite
[2025-08-20 12:22:46] INFO: INI ALAMAT TABLENYA :  D:\Work\ARYA-WMS-SHOPPIE\ANG19\wmshopee\.angular\prerender-root\a38288b0-52db-4c92-a179-14605e9b3060\data\admdb.sqlite
[2025-08-20 12:22:46] INFO: INI ALAMAT TABLENYA :  D:\Work\ARYA-WMS-SHOPPIE\ANG19\wmshopee\.angular\prerender-root\14552ad0-5893-4ff6-b107-033ce2c3a5e6\data\admdb.sqlite
[2025-08-20 12:22:46] INFO: INI ALAMAT TABLENYA :  D:\Work\ARYA-WMS-SHOPPIE\ANG19\wmshopee\.angular\prerender-root\e00483f1-283f-41d2-8e02-568747f48b78\data\admdb.sqlite
[2025-08-20 12:22:46] INFO: INI ALAMAT TABLENYA :  D:\Work\ARYA-WMS-SHOPPIE\ANG19\wmshopee\.angular\prerender-root\09820b18-c995-41b3-a5a0-2045526af2db\data\admdb.sqlite
[2025-08-20 12:23:00] INFO: INI ALAMAT TABLENYA :  D:\Work\ARYA-WMS-SHOPPIE\ANG19\wmshopee\dist\wmshopee\server\data\admdb.sqlite
[2025-08-20 12:24:17] INFO: INI ALAMAT TABLENYA :  D:\Work\ARYA-WMS-SHOPPIE\ANG19\wmshopee\.angular\prerender-root\a75bb4db-8320-471b-ac07-88b4a54ccfeb\data\admdb.sqlite
[2025-08-20 12:24:18] INFO: INI ALAMAT TABLENYA :  D:\Work\ARYA-WMS-SHOPPIE\ANG19\wmshopee\.angular\prerender-root\28b29866-4691-40bc-bffd-7bbe537893a5\data\admdb.sqlite
[2025-08-20 12:24:18] INFO: INI ALAMAT TABLENYA :  D:\Work\ARYA-WMS-SHOPPIE\ANG19\wmshopee\.angular\prerender-root\26ee68d5-f7e4-4887-ae5c-49c2a4bb4258\data\admdb.sqlite
[2025-08-20 12:24:18] INFO: INI ALAMAT TABLENYA :  D:\Work\ARYA-WMS-SHOPPIE\ANG19\wmshopee\.angular\prerender-root\b4584e41-462f-4f29-91a3-c0268f15ec01\data\admdb.sqlite
[2025-08-20 12:24:18] INFO: INI ALAMAT TABLENYA :  D:\Work\ARYA-WMS-SHOPPIE\ANG19\wmshopee\.angular\prerender-root\06f25aa7-3467-4e89-813d-78e2bcedbe77\data\admdb.sqlite
[2025-08-20 12:24:25] INFO: INI ALAMAT TABLENYA :  D:\Work\ARYA-WMS-SHOPPIE\ANG19\wmshopee\dist\wmshopee\server\data\admdb.sqlite
[2025-08-20 12:28:45] INFO: INI ALAMAT TABLENYA :  D:\Work\ARYA-WMS-SHOPPIE\ANG19\wmshopee\.angular\prerender-root\a6892435-f471-4278-9f92-d9b85cd6baa8\data\admdb.sqlite
[2025-08-20 12:28:47] INFO: INI ALAMAT TABLENYA :  D:\Work\ARYA-WMS-SHOPPIE\ANG19\wmshopee\.angular\prerender-root\d1d353f1-888d-4bbb-93b3-6e5cc6774401\data\admdb.sqlite
[2025-08-20 12:28:47] INFO: INI ALAMAT TABLENYA :  D:\Work\ARYA-WMS-SHOPPIE\ANG19\wmshopee\.angular\prerender-root\5f44031c-02b8-4f7d-8106-734a3b80ec34\data\admdb.sqlite
[2025-08-20 12:28:47] INFO: INI ALAMAT TABLENYA :  D:\Work\ARYA-WMS-SHOPPIE\ANG19\wmshopee\.angular\prerender-root\598294ec-7c32-4cc1-adcb-ee795ad6527f\data\admdb.sqlite
[2025-08-20 12:28:47] INFO: INI ALAMAT TABLENYA :  D:\Work\ARYA-WMS-SHOPPIE\ANG19\wmshopee\.angular\prerender-root\fd4aad69-bd55-481b-ad1f-d655e46bb723\data\admdb.sqlite
[2025-08-20 12:28:55] INFO: INI ALAMAT TABLENYA :  D:\Work\ARYA-WMS-SHOPPIE\ANG19\wmshopee\dist\wmshopee\server\data\admdb.sqlite
[2025-08-20 12:39:43] INFO: INI ALAMAT TABLENYA :  D:\Work\ARYA-WMS-SHOPPIE\ANG19\wmshopee\.angular\prerender-root\9474ae6e-e702-4479-98a7-7b1513508f7f\data\admdb.sqlite
[2025-08-20 12:39:45] INFO: INI ALAMAT TABLENYA :  D:\Work\ARYA-WMS-SHOPPIE\ANG19\wmshopee\.angular\prerender-root\b60d32d8-9373-4dcb-abca-354bf0501b3d\data\admdb.sqlite
[2025-08-20 12:39:45] INFO: INI ALAMAT TABLENYA :  D:\Work\ARYA-WMS-SHOPPIE\ANG19\wmshopee\.angular\prerender-root\9ea4ffb1-c21a-4bd7-aa13-96e865820ccc\data\admdb.sqlite
[2025-08-20 12:39:45] INFO: INI ALAMAT TABLENYA :  D:\Work\ARYA-WMS-SHOPPIE\ANG19\wmshopee\.angular\prerender-root\ca3e4428-8fa9-4041-a57d-844244710bd1\data\admdb.sqlite
[2025-08-20 12:39:45] INFO: INI ALAMAT TABLENYA :  D:\Work\ARYA-WMS-SHOPPIE\ANG19\wmshopee\.angular\prerender-root\aea6f232-a182-4aea-bb00-f79c104bccff\data\admdb.sqlite
[2025-08-20 13:17:17] INFO: INI ALAMAT TABLENYA :  D:\Work\ARYA-WMS-SHOPPIE\ANG19\wmshopee\.angular\prerender-root\82925d5e-bfba-4b3a-8c7a-c8f67bd18ac3\data\admdb.sqlite
[2025-08-20 13:17:19] INFO: INI ALAMAT TABLENYA :  D:\Work\ARYA-WMS-SHOPPIE\ANG19\wmshopee\.angular\prerender-root\5d6360e1-302f-49e6-9ed4-c2623ef42165\data\admdb.sqlite
[2025-08-20 13:17:19] INFO: INI ALAMAT TABLENYA :  D:\Work\ARYA-WMS-SHOPPIE\ANG19\wmshopee\.angular\prerender-root\f333d6b2-9e86-48f7-9919-3d0bb5016923\data\admdb.sqlite
[2025-08-20 13:17:19] INFO: INI ALAMAT TABLENYA :  D:\Work\ARYA-WMS-SHOPPIE\ANG19\wmshopee\.angular\prerender-root\10848d96-a95b-4daa-b9a9-1303dc1ff8e6\data\admdb.sqlite
[2025-08-20 13:17:19] INFO: INI ALAMAT TABLENYA :  D:\Work\ARYA-WMS-SHOPPIE\ANG19\wmshopee\.angular\prerender-root\2a7602c7-6dd3-4480-ac54-447feeef9745\data\admdb.sqlite
[2025-08-20 13:17:27] INFO: INI ALAMAT TABLENYA :  D:\Work\ARYA-WMS-SHOPPIE\ANG19\wmshopee\dist\wmshopee\server\data\admdb.sqlite
[2025-08-20 13:19:54] ERROR: Error api.controller :  {}
[2025-08-20 13:21:25] ERROR: Error api.controller :  {}
[2025-08-20 13:22:24] INFO: INI ALAMAT TABLENYA :  D:\Work\ARYA-WMS-SHOPPIE\ANG19\wmshopee\.angular\prerender-root\2ff1f7ae-de89-4a7d-ba05-b41fa87d25f5\data\admdb.sqlite
[2025-08-20 13:22:25] INFO: INI ALAMAT TABLENYA :  D:\Work\ARYA-WMS-SHOPPIE\ANG19\wmshopee\.angular\prerender-root\7a86e48f-efe0-4361-8094-30d3d528a26a\data\admdb.sqlite
[2025-08-20 13:22:25] INFO: INI ALAMAT TABLENYA :  D:\Work\ARYA-WMS-SHOPPIE\ANG19\wmshopee\.angular\prerender-root\7e78dede-67a0-49b5-a1c8-08b6be625758\data\admdb.sqlite
[2025-08-20 13:22:25] INFO: INI ALAMAT TABLENYA :  D:\Work\ARYA-WMS-SHOPPIE\ANG19\wmshopee\.angular\prerender-root\dacc7700-6f3e-4a71-8655-e063f382337d\data\admdb.sqlite
[2025-08-20 13:22:25] INFO: INI ALAMAT TABLENYA :  D:\Work\ARYA-WMS-SHOPPIE\ANG19\wmshopee\.angular\prerender-root\6ae74693-8994-4dc2-9928-c50fa982375d\data\admdb.sqlite
[2025-08-20 13:22:32] INFO: INI ALAMAT TABLENYA :  D:\Work\ARYA-WMS-SHOPPIE\ANG19\wmshopee\dist\wmshopee\server\data\admdb.sqlite
[2025-08-20 15:41:52] INFO: INI ALAMAT TABLENYA :  D:\Work\ARYA-WMS-SHOPPIE\ANG19\wmshopee\.angular\prerender-root\99c01eac-625e-4fbb-84b4-063d0655411f\data\admdb.sqlite
[2025-08-20 15:41:55] INFO: INI ALAMAT TABLENYA :  D:\Work\ARYA-WMS-SHOPPIE\ANG19\wmshopee\.angular\prerender-root\8dded6ee-9d05-450c-91e0-bbdf74b07a0e\data\admdb.sqlite
[2025-08-20 15:41:55] INFO: INI ALAMAT TABLENYA :  D:\Work\ARYA-WMS-SHOPPIE\ANG19\wmshopee\.angular\prerender-root\066f6e9b-ea95-4ae4-a842-caa9ea5a0906\data\admdb.sqlite
[2025-08-20 15:41:55] INFO: INI ALAMAT TABLENYA :  D:\Work\ARYA-WMS-SHOPPIE\ANG19\wmshopee\.angular\prerender-root\15c5df05-ec01-4826-9695-50712f7f8a95\data\admdb.sqlite
[2025-08-20 15:41:55] INFO: INI ALAMAT TABLENYA :  D:\Work\ARYA-WMS-SHOPPIE\ANG19\wmshopee\.angular\prerender-root\f07166fa-8e8d-43a1-a129-b6421ada5cc6\data\admdb.sqlite
[2025-08-20 17:00:23] INFO: INI ALAMAT TABLENYA :  D:\Work\ARYA-WMS-SHOPPIE\ANG19\wmshopee\.angular\prerender-root\0d235ee7-3dfe-4800-b48e-fe4b97bafc53\data\admdb.sqlite
[2025-08-20 17:00:25] INFO: INI ALAMAT TABLENYA :  D:\Work\ARYA-WMS-SHOPPIE\ANG19\wmshopee\.angular\prerender-root\0eba84e7-8d88-41bb-881b-061d3ebdf18f\data\admdb.sqlite
[2025-08-20 17:00:25] INFO: INI ALAMAT TABLENYA :  D:\Work\ARYA-WMS-SHOPPIE\ANG19\wmshopee\.angular\prerender-root\24916375-2006-4a25-8caf-8732c23cea2b\data\admdb.sqlite
[2025-08-20 17:00:25] INFO: INI ALAMAT TABLENYA :  D:\Work\ARYA-WMS-SHOPPIE\ANG19\wmshopee\.angular\prerender-root\8bccd4f9-7d38-4ce6-afff-79cdef3b1531\data\admdb.sqlite
[2025-08-20 17:00:25] INFO: INI ALAMAT TABLENYA :  D:\Work\ARYA-WMS-SHOPPIE\ANG19\wmshopee\.angular\prerender-root\532804db-7528-481e-b451-1d05021187f1\data\admdb.sqlite
[2025-08-20 17:00:35] INFO: INI ALAMAT TABLENYA :  D:\Work\ARYA-WMS-SHOPPIE\ANG19\wmshopee\dist\wmshopee\server\data\admdb.sqlite
[2025-08-20 17:01:53] INFO: ✅ Shopee refresh on fetchWithAuth Error: {"error":"invalid_acceess_token","message":"Invalid access_token, please have a check.","request_id":"e3e3e7f33cc910014eab3e4b4d122900"}
[2025-08-20 17:01:53] INFO: Update data token : 
[2025-08-20 17:01:54] INFO: ✅ Shopee refresh on fetchWithAuth Error: {"error":"invalid_acceess_token","message":"Invalid access_token, please have a check.","request_id":"e3e3e7f33cc9100abdbfe6e398ca9a00"}
[2025-08-20 17:01:54] INFO: Update data token : 
[2025-08-20 17:08:01] ERROR: Error api.controller :  {}
[2025-08-20 17:13:30] INFO: INI ALAMAT TABLENYA :  D:\Work\ARYA-WMS-SHOPPIE\ANG19\wmshopee\.angular\prerender-root\97deb529-6dfd-45bf-a7a1-e7a464ff274e\data\admdb.sqlite
[2025-08-20 17:13:31] INFO: INI ALAMAT TABLENYA :  D:\Work\ARYA-WMS-SHOPPIE\ANG19\wmshopee\.angular\prerender-root\64866cdc-31f5-41a3-8a21-11bb3aceb4e3\data\admdb.sqlite
[2025-08-20 17:13:31] INFO: INI ALAMAT TABLENYA :  D:\Work\ARYA-WMS-SHOPPIE\ANG19\wmshopee\.angular\prerender-root\418f149e-dcfc-498e-89ab-0fb9d7b037c1\data\admdb.sqlite
[2025-08-20 17:13:31] INFO: INI ALAMAT TABLENYA :  D:\Work\ARYA-WMS-SHOPPIE\ANG19\wmshopee\.angular\prerender-root\dd1f47aa-8951-4b5a-adc0-1bccf6010544\data\admdb.sqlite
[2025-08-20 17:13:31] INFO: INI ALAMAT TABLENYA :  D:\Work\ARYA-WMS-SHOPPIE\ANG19\wmshopee\.angular\prerender-root\52898507-44da-4dd6-b34f-116ad694baff\data\admdb.sqlite
[2025-08-20 17:13:44] INFO: INI ALAMAT TABLENYA :  D:\Work\ARYA-WMS-SHOPPIE\ANG19\wmshopee\dist\wmshopee\server\data\admdb.sqlite
[2025-08-20 17:14:15] ERROR: Error api.controller :  {}
[2025-08-20 17:15:25] INFO: INI ALAMAT TABLENYA :  D:\Work\ARYA-WMS-SHOPPIE\ANG19\wmshopee\.angular\prerender-root\bc32558a-f91d-4fc5-b0e5-80f279299537\data\admdb.sqlite
[2025-08-20 17:15:26] INFO: INI ALAMAT TABLENYA :  D:\Work\ARYA-WMS-SHOPPIE\ANG19\wmshopee\.angular\prerender-root\850f7a32-a3a2-4738-920b-f963dc983638\data\admdb.sqlite
[2025-08-20 17:15:26] INFO: INI ALAMAT TABLENYA :  D:\Work\ARYA-WMS-SHOPPIE\ANG19\wmshopee\.angular\prerender-root\0ace971d-dc4c-4074-bc16-8027d54e2b87\data\admdb.sqlite
[2025-08-20 17:15:26] INFO: INI ALAMAT TABLENYA :  D:\Work\ARYA-WMS-SHOPPIE\ANG19\wmshopee\.angular\prerender-root\a2485380-60aa-435d-95ee-80423461ea4d\data\admdb.sqlite
[2025-08-20 17:15:26] INFO: INI ALAMAT TABLENYA :  D:\Work\ARYA-WMS-SHOPPIE\ANG19\wmshopee\.angular\prerender-root\2da08793-1aa6-4f64-8e79-6e7ac5a44f89\data\admdb.sqlite
[2025-08-20 17:15:33] INFO: INI ALAMAT TABLENYA :  D:\Work\ARYA-WMS-SHOPPIE\ANG19\wmshopee\dist\wmshopee\server\data\admdb.sqlite
[2025-08-20 17:18:32] INFO: INI ALAMAT TABLENYA :  D:\Work\ARYA-WMS-SHOPPIE\ANG19\wmshopee\.angular\prerender-root\6f4103a8-cde9-46b5-9b02-64654a963941\data\admdb.sqlite
[2025-08-20 17:18:33] INFO: INI ALAMAT TABLENYA :  D:\Work\ARYA-WMS-SHOPPIE\ANG19\wmshopee\.angular\prerender-root\ee970a9a-ff55-4600-b6b0-30e82ddfb2ae\data\admdb.sqlite
[2025-08-20 17:18:33] INFO: INI ALAMAT TABLENYA :  D:\Work\ARYA-WMS-SHOPPIE\ANG19\wmshopee\.angular\prerender-root\579f4872-ada5-4fa0-a08e-528300524ea8\data\admdb.sqlite
[2025-08-20 17:18:33] INFO: INI ALAMAT TABLENYA :  D:\Work\ARYA-WMS-SHOPPIE\ANG19\wmshopee\.angular\prerender-root\f78e5f40-0a6b-433c-8380-1f7be1941d32\data\admdb.sqlite
[2025-08-20 17:18:33] INFO: INI ALAMAT TABLENYA :  D:\Work\ARYA-WMS-SHOPPIE\ANG19\wmshopee\.angular\prerender-root\30214938-1928-484c-8ab4-2770f15a1800\data\admdb.sqlite
[2025-08-20 17:18:39] INFO: INI ALAMAT TABLENYA :  D:\Work\ARYA-WMS-SHOPPIE\ANG19\wmshopee\dist\wmshopee\server\data\admdb.sqlite
[2025-08-20 17:20:00] INFO: INI ALAMAT TABLENYA :  D:\Work\ARYA-WMS-SHOPPIE\ANG19\wmshopee\.angular\prerender-root\f359a58f-c5bb-43de-bb79-dbf88869887f\data\admdb.sqlite
[2025-08-20 17:20:02] INFO: INI ALAMAT TABLENYA :  D:\Work\ARYA-WMS-SHOPPIE\ANG19\wmshopee\.angular\prerender-root\57a568f2-dc24-484c-820a-ff2488fda919\data\admdb.sqlite
[2025-08-20 17:20:02] INFO: INI ALAMAT TABLENYA :  D:\Work\ARYA-WMS-SHOPPIE\ANG19\wmshopee\.angular\prerender-root\ad7a5c73-a2e6-497e-8313-79e0e9336be5\data\admdb.sqlite
[2025-08-20 17:20:02] INFO: INI ALAMAT TABLENYA :  D:\Work\ARYA-WMS-SHOPPIE\ANG19\wmshopee\.angular\prerender-root\90f584fb-002f-4d5b-8d86-b10e404cdb59\data\admdb.sqlite
[2025-08-20 17:20:02] INFO: INI ALAMAT TABLENYA :  D:\Work\ARYA-WMS-SHOPPIE\ANG19\wmshopee\.angular\prerender-root\e4c733bb-a289-4894-852c-0bfd1bcbd35c\data\admdb.sqlite
[2025-08-20 17:20:08] INFO: INI ALAMAT TABLENYA :  D:\Work\ARYA-WMS-SHOPPIE\ANG19\wmshopee\dist\wmshopee\server\data\admdb.sqlite
[2025-08-20 17:21:32] ERROR: Error api.controller :  {}
[2025-08-20 17:31:29] ERROR: Error api.controller :  {}
[2025-08-20 17:33:31] ERROR: Error api.controller :  {}
[2025-08-20 17:35:46] ERROR: Error api.controller :  {}
[2025-08-20 17:36:05] ERROR: Error api.controller :  {}
[2025-08-20 17:38:02] ERROR: Error api.controller :  {}
[2025-08-20 17:40:22] INFO: INI ALAMAT TABLENYA :  D:\Work\ARYA-WMS-SHOPPIE\ANG19\wmshopee\.angular\prerender-root\69ab9351-f048-422f-bf78-47638b34bd14\data\admdb.sqlite
[2025-08-20 17:40:24] INFO: INI ALAMAT TABLENYA :  D:\Work\ARYA-WMS-SHOPPIE\ANG19\wmshopee\.angular\prerender-root\f5ac987e-ce5c-4661-9f67-f4840e4755f1\data\admdb.sqlite
[2025-08-20 17:40:24] INFO: INI ALAMAT TABLENYA :  D:\Work\ARYA-WMS-SHOPPIE\ANG19\wmshopee\.angular\prerender-root\0815d099-ee46-46ef-9783-f976dfcbc18b\data\admdb.sqlite
[2025-08-20 17:40:24] INFO: INI ALAMAT TABLENYA :  D:\Work\ARYA-WMS-SHOPPIE\ANG19\wmshopee\.angular\prerender-root\63263e0e-f0f8-414d-a83e-8112bb58a410\data\admdb.sqlite
[2025-08-20 17:40:24] INFO: INI ALAMAT TABLENYA :  D:\Work\ARYA-WMS-SHOPPIE\ANG19\wmshopee\.angular\prerender-root\d2b2d289-b782-438b-bf5d-5b7ee69206fb\data\admdb.sqlite
[2025-08-20 17:40:54] INFO: INI ALAMAT TABLENYA :  D:\Work\ARYA-WMS-SHOPPIE\ANG19\wmshopee\dist\wmshopee\server\data\admdb.sqlite
[2025-08-20 17:41:54] INFO: INI ALAMAT TABLENYA :  D:\Work\ARYA-WMS-SHOPPIE\ANG19\wmshopee\.angular\prerender-root\8e33685f-9a0f-48a5-ac80-f1d6bbbe2f7e\data\admdb.sqlite
[2025-08-20 17:41:56] INFO: INI ALAMAT TABLENYA :  D:\Work\ARYA-WMS-SHOPPIE\ANG19\wmshopee\.angular\prerender-root\f12b5b6f-b386-477d-bf19-acbac41ff91d\data\admdb.sqlite
[2025-08-20 17:41:56] INFO: INI ALAMAT TABLENYA :  D:\Work\ARYA-WMS-SHOPPIE\ANG19\wmshopee\.angular\prerender-root\d5dc7cb8-1bae-4c5f-9958-65608e7d26d7\data\admdb.sqlite
[2025-08-20 17:41:56] INFO: INI ALAMAT TABLENYA :  D:\Work\ARYA-WMS-SHOPPIE\ANG19\wmshopee\.angular\prerender-root\9096f8d8-0b9e-4a87-bd1a-5d6538e08695\data\admdb.sqlite
[2025-08-20 17:41:56] INFO: INI ALAMAT TABLENYA :  D:\Work\ARYA-WMS-SHOPPIE\ANG19\wmshopee\.angular\prerender-root\f1cd770b-de53-47bd-bbc3-5f9b78fad755\data\admdb.sqlite
[2025-08-20 17:44:31] INFO: INI ALAMAT TABLENYA :  D:\Work\ARYA-WMS-SHOPPIE\ANG19\wmshopee\dist\wmshopee\server\data\admdb.sqlite
[2025-08-20 17:44:39] ERROR: Error api.controller :  {}
[2025-08-20 18:06:53] INFO: INI ALAMAT TABLENYA :  D:\Work\ARYA-WMS-SHOPPIE\ANG19\wmshopee\.angular\prerender-root\97c48256-f759-4603-9d6c-c7051f948292\data\admdb.sqlite
[2025-08-20 18:06:54] INFO: INI ALAMAT TABLENYA :  D:\Work\ARYA-WMS-SHOPPIE\ANG19\wmshopee\.angular\prerender-root\f4fa6554-3601-4880-9897-87bbccdf9c1f\data\admdb.sqlite
[2025-08-20 18:06:54] INFO: INI ALAMAT TABLENYA :  D:\Work\ARYA-WMS-SHOPPIE\ANG19\wmshopee\.angular\prerender-root\f1b8110a-34ae-4218-bd63-4bf55251f00f\data\admdb.sqlite
[2025-08-20 18:06:54] INFO: INI ALAMAT TABLENYA :  D:\Work\ARYA-WMS-SHOPPIE\ANG19\wmshopee\.angular\prerender-root\fd19e46e-eec7-4f9c-94ea-60fa0c3a3a72\data\admdb.sqlite
[2025-08-20 18:06:54] INFO: INI ALAMAT TABLENYA :  D:\Work\ARYA-WMS-SHOPPIE\ANG19\wmshopee\.angular\prerender-root\b0d3cbdf-20fc-45d5-9fe8-40bcb9b95e08\data\admdb.sqlite
[2025-08-20 18:07:01] INFO: INI ALAMAT TABLENYA :  D:\Work\ARYA-WMS-SHOPPIE\ANG19\wmshopee\dist\wmshopee\server\data\admdb.sqlite
[2025-08-20 18:07:08] ERROR: Error api.controller :  {}
[2025-08-20 18:08:56] INFO: INI ALAMAT TABLENYA :  D:\Work\ARYA-WMS-SHOPPIE\ANG19\wmshopee\.angular\prerender-root\a61dde6d-5e88-4638-be07-e2b190ddce3a\data\admdb.sqlite
[2025-08-20 18:08:57] INFO: INI ALAMAT TABLENYA :  D:\Work\ARYA-WMS-SHOPPIE\ANG19\wmshopee\.angular\prerender-root\979eaa40-3bc7-4809-81b2-a4a4f696f6f7\data\admdb.sqlite
[2025-08-20 18:08:57] INFO: INI ALAMAT TABLENYA :  D:\Work\ARYA-WMS-SHOPPIE\ANG19\wmshopee\.angular\prerender-root\0af67b4b-a57d-4dff-b0ae-246451dff4de\data\admdb.sqlite
[2025-08-20 18:08:57] INFO: INI ALAMAT TABLENYA :  D:\Work\ARYA-WMS-SHOPPIE\ANG19\wmshopee\.angular\prerender-root\5e7d0e97-f255-4dc2-b009-facb22660523\data\admdb.sqlite
[2025-08-20 18:08:57] INFO: INI ALAMAT TABLENYA :  D:\Work\ARYA-WMS-SHOPPIE\ANG19\wmshopee\.angular\prerender-root\be5a730f-a467-4ec3-9d3f-2fe317d7a7e1\data\admdb.sqlite
[2025-08-20 18:09:03] INFO: INI ALAMAT TABLENYA :  D:\Work\ARYA-WMS-SHOPPIE\ANG19\wmshopee\dist\wmshopee\server\data\admdb.sqlite
[2025-08-20 18:09:09] ERROR: Error api.controller :  {}
[2025-08-20 18:14:55] INFO: INI ALAMAT TABLENYA :  D:\Work\ARYA-WMS-SHOPPIE\ANG19\wmshopee\.angular\prerender-root\e7776e62-5c9f-4428-bcb6-7b7c3aa987ee\data\admdb.sqlite
[2025-08-20 18:14:57] INFO: INI ALAMAT TABLENYA :  D:\Work\ARYA-WMS-SHOPPIE\ANG19\wmshopee\.angular\prerender-root\9b11e24c-bdf0-4879-8b31-031483abb52c\data\admdb.sqlite
[2025-08-20 18:14:57] INFO: INI ALAMAT TABLENYA :  D:\Work\ARYA-WMS-SHOPPIE\ANG19\wmshopee\.angular\prerender-root\20b48e96-4636-4dcc-8513-50d8e54f2bbb\data\admdb.sqlite
[2025-08-20 18:14:57] INFO: INI ALAMAT TABLENYA :  D:\Work\ARYA-WMS-SHOPPIE\ANG19\wmshopee\.angular\prerender-root\4ac85fbf-bd7c-45c0-af88-87451188ee9f\data\admdb.sqlite
[2025-08-20 18:14:57] INFO: INI ALAMAT TABLENYA :  D:\Work\ARYA-WMS-SHOPPIE\ANG19\wmshopee\.angular\prerender-root\fa176101-17be-46bc-b36a-e303b616c7fd\data\admdb.sqlite
[2025-08-20 18:15:03] INFO: INI ALAMAT TABLENYA :  D:\Work\ARYA-WMS-SHOPPIE\ANG19\wmshopee\dist\wmshopee\server\data\admdb.sqlite
[2025-08-20 18:15:10] ERROR: Error api.controller :  {}
[2025-08-20 18:16:27] INFO: INI ALAMAT TABLENYA :  D:\Work\ARYA-WMS-SHOPPIE\ANG19\wmshopee\.angular\prerender-root\22b65c08-b072-4553-85d8-ba6f02bc48d9\data\admdb.sqlite
[2025-08-20 18:16:28] INFO: INI ALAMAT TABLENYA :  D:\Work\ARYA-WMS-SHOPPIE\ANG19\wmshopee\.angular\prerender-root\79320467-8721-45fe-8fdb-ec155b0f32b3\data\admdb.sqlite
[2025-08-20 18:16:28] INFO: INI ALAMAT TABLENYA :  D:\Work\ARYA-WMS-SHOPPIE\ANG19\wmshopee\.angular\prerender-root\a7c668cf-fbeb-4aaa-9899-53ae4ad0fcb1\data\admdb.sqlite
[2025-08-20 18:16:28] INFO: INI ALAMAT TABLENYA :  D:\Work\ARYA-WMS-SHOPPIE\ANG19\wmshopee\.angular\prerender-root\30f28984-b4d7-4899-a386-d57f51ce4125\data\admdb.sqlite
[2025-08-20 18:16:28] INFO: INI ALAMAT TABLENYA :  D:\Work\ARYA-WMS-SHOPPIE\ANG19\wmshopee\.angular\prerender-root\256892c1-30a3-4d40-8aab-3bdf50133c76\data\admdb.sqlite
[2025-08-20 18:16:34] INFO: INI ALAMAT TABLENYA :  D:\Work\ARYA-WMS-SHOPPIE\ANG19\wmshopee\dist\wmshopee\server\data\admdb.sqlite
[2025-08-20 18:16:41] ERROR: Error api.controller :  {}
[2025-08-20 18:49:03] INFO: INI ALAMAT TABLENYA :  D:\Work\ARYA-WMS-SHOPPIE\ANG19\wmshopee\.angular\prerender-root\211167ed-bb1d-417f-9497-f5c512293fd1\data\admdb.sqlite
[2025-08-20 18:49:05] INFO: INI ALAMAT TABLENYA :  D:\Work\ARYA-WMS-SHOPPIE\ANG19\wmshopee\.angular\prerender-root\bcff11ba-63a4-447e-91c6-2ef2f650a6b2\data\admdb.sqlite
[2025-08-20 18:49:05] INFO: INI ALAMAT TABLENYA :  D:\Work\ARYA-WMS-SHOPPIE\ANG19\wmshopee\.angular\prerender-root\4a043b6d-499c-4b88-8076-ae191a7d1df6\data\admdb.sqlite
[2025-08-20 18:49:05] INFO: INI ALAMAT TABLENYA :  D:\Work\ARYA-WMS-SHOPPIE\ANG19\wmshopee\.angular\prerender-root\16b5bb83-5aea-4ac7-a616-546807d8139d\data\admdb.sqlite
[2025-08-20 18:49:05] INFO: INI ALAMAT TABLENYA :  D:\Work\ARYA-WMS-SHOPPIE\ANG19\wmshopee\.angular\prerender-root\c6fcb799-c694-4776-9aaf-89d26f2d1e0b\data\admdb.sqlite
[2025-08-20 18:51:18] INFO: INI ALAMAT TABLENYA :  D:\Work\ARYA-WMS-SHOPPIE\ANG19\wmshopee\.angular\prerender-root\f5ff8b79-b30a-4db0-8bd9-294adf0f58e6\data\admdb.sqlite
[2025-08-20 18:51:19] INFO: INI ALAMAT TABLENYA :  D:\Work\ARYA-WMS-SHOPPIE\ANG19\wmshopee\.angular\prerender-root\154f8ff3-6764-4e63-bf62-900f61a634f1\data\admdb.sqlite
[2025-08-20 18:51:19] INFO: INI ALAMAT TABLENYA :  D:\Work\ARYA-WMS-SHOPPIE\ANG19\wmshopee\.angular\prerender-root\2d9d8803-a32f-4c40-b340-5a8231e7e6e1\data\admdb.sqlite
[2025-08-20 18:51:19] INFO: INI ALAMAT TABLENYA :  D:\Work\ARYA-WMS-SHOPPIE\ANG19\wmshopee\.angular\prerender-root\b8380a73-b98e-4b9c-8412-68f7c2d6edbc\data\admdb.sqlite
[2025-08-20 18:51:19] INFO: INI ALAMAT TABLENYA :  D:\Work\ARYA-WMS-SHOPPIE\ANG19\wmshopee\.angular\prerender-root\716729b6-1afb-49d9-8d0d-9739ef7c8020\data\admdb.sqlite
[2025-08-20 18:51:27] INFO: INI ALAMAT TABLENYA :  D:\Work\ARYA-WMS-SHOPPIE\ANG19\wmshopee\dist\wmshopee\server\data\admdb.sqlite
[2025-08-20 19:00:06] ERROR: Error api.controller :  {}
[2025-08-20 19:01:33] ERROR: Error api.controller :  {}
[2025-08-20 19:02:05] ERROR: Error api.controller :  {}
[2025-08-20 19:03:05] ERROR: Error api.controller :  {}
[2025-08-20 19:04:06] ERROR: Error api.controller :  {}
[2025-08-20 19:06:42] ERROR: Error api.controller :  {}
[2025-08-20 19:07:14] ERROR: Error api.controller :  {}
[2025-08-20 19:09:39] ERROR: Error api.controller :  {}
[2025-08-20 19:09:47] ERROR: Error api.controller :  {}
[2025-08-20 19:13:18] ERROR: Error api.controller :  {}
