[2025-09-20 12:36:39] INFO: INI ALAMAT TABLENYA :  D:\Work\ARYA-WMS-SHOPPIE\ANG19\wmshopee\.angular\prerender-root\675cce64-a6e7-4829-a501-f62220a06f9e\data\admdb.sqlite
[2025-09-20 12:36:52] INFO: INI ALAMAT TABLENYA :  D:\Work\ARYA-WMS-SHOPPIE\ANG19\wmshopee\.angular\prerender-root\d2710ab3-a93f-4e13-8327-a79b691ff565\data\admdb.sqlite
[2025-09-20 12:36:52] INFO: INI ALAMAT TABLENYA :  D:\Work\ARYA-WMS-SHOPPIE\ANG19\wmshopee\.angular\prerender-root\0dea38b6-34dc-4bfe-8c6e-28f3dd1cd58e\data\admdb.sqlite
[2025-09-20 12:36:52] INFO: INI ALAMAT TABLENYA :  D:\Work\ARYA-WMS-SHOPPIE\ANG19\wmshopee\.angular\prerender-root\5eeb23f7-ede0-4238-915b-146dd17c91f7\data\admdb.sqlite
[2025-09-20 12:36:52] INFO: INI ALAMAT TABLENYA :  D:\Work\ARYA-WMS-SHOPPIE\ANG19\wmshopee\.angular\prerender-root\e4504e80-b69b-493a-bbf3-98dcce73bd0a\data\admdb.sqlite
[2025-09-20 12:37:26] INFO: INI ALAMAT TABLENYA :  D:\Work\ARYA-WMS-SHOPPIE\ANG19\wmshopee\dist\wmshopee\server\data\admdb.sqlite
[2025-09-20 12:37:54] INFO: ✅ Shopee refresh on fetchWithAuth Error: {"error":"invalid_acceess_token","message":"Invalid access_token, please have a check.","request_id":"e3e3e7f33f34fcf8666eba6fbaa0c200"}
[2025-09-20 12:37:54] INFO: ✅ Shopee refresh on fetchWithAuth Error: {"error":"invalid_acceess_token","message":"Invalid access_token, please have a check.","request_id":"e3e3e7f33f34fcf8784b924e5cd3f500"}
[2025-09-20 12:37:54] INFO: Update data token : 
[2025-09-20 12:37:54] INFO: Update data token : 
[2025-09-20 12:39:46] INFO: INI ALAMAT TABLENYA :  D:\Work\ARYA-WMS-SHOPPIE\ANG19\wmshopee\.angular\prerender-root\664a507b-0e22-4723-87db-d3342aad98ea\data\admdb.sqlite
[2025-09-20 12:39:48] INFO: INI ALAMAT TABLENYA :  D:\Work\ARYA-WMS-SHOPPIE\ANG19\wmshopee\.angular\prerender-root\71e4503b-c585-4d9d-939a-be667590209a\data\admdb.sqlite
[2025-09-20 12:39:48] INFO: INI ALAMAT TABLENYA :  D:\Work\ARYA-WMS-SHOPPIE\ANG19\wmshopee\.angular\prerender-root\b482d592-2db3-4413-b517-bb682080331f\data\admdb.sqlite
[2025-09-20 12:39:48] INFO: INI ALAMAT TABLENYA :  D:\Work\ARYA-WMS-SHOPPIE\ANG19\wmshopee\.angular\prerender-root\7f02c418-428e-4660-809a-2426eef0f1f6\data\admdb.sqlite
[2025-09-20 12:39:48] INFO: INI ALAMAT TABLENYA :  D:\Work\ARYA-WMS-SHOPPIE\ANG19\wmshopee\.angular\prerender-root\d0b1ebee-63d4-4aae-98d0-ee9356bfca9f\data\admdb.sqlite
[2025-09-20 12:39:55] INFO: INI ALAMAT TABLENYA :  D:\Work\ARYA-WMS-SHOPPIE\ANG19\wmshopee\dist\wmshopee\server\data\admdb.sqlite
[2025-09-20 12:40:25] INFO: ✅ Sudah di List  69
[2025-09-20 12:40:26] INFO: ✅ package Sudah di List  {"order_sn":"2509200XY1QGNH","package_number":"OFG212033255206269"}
[2025-09-20 12:44:59] INFO: INI ALAMAT TABLENYA :  D:\Work\ARYA-WMS-SHOPPIE\ANG19\wmshopee\dist\wmshopee\server\data\admdb.sqlite
[2025-09-20 12:56:39] INFO: INI ALAMAT TABLENYA :  D:\Work\ARYA-WMS-SHOPPIE\ANG19\wmshopee\.angular\prerender-root\e2441508-3a9b-427f-9eb8-6f7b13b96c07\data\admdb.sqlite
[2025-09-20 12:56:41] INFO: INI ALAMAT TABLENYA :  D:\Work\ARYA-WMS-SHOPPIE\ANG19\wmshopee\.angular\prerender-root\83d3a141-0b10-40d1-836c-200356621f58\data\admdb.sqlite
[2025-09-20 12:56:41] INFO: INI ALAMAT TABLENYA :  D:\Work\ARYA-WMS-SHOPPIE\ANG19\wmshopee\.angular\prerender-root\0b8447b4-f77f-4518-863c-590afa35a886\data\admdb.sqlite
[2025-09-20 12:56:41] INFO: INI ALAMAT TABLENYA :  D:\Work\ARYA-WMS-SHOPPIE\ANG19\wmshopee\.angular\prerender-root\ec727c81-3f83-43db-ac7f-7fe7d9a6f35c\data\admdb.sqlite
[2025-09-20 12:56:41] INFO: INI ALAMAT TABLENYA :  D:\Work\ARYA-WMS-SHOPPIE\ANG19\wmshopee\.angular\prerender-root\04c1c7f3-569e-491f-af8f-59cc9dbbdef8\data\admdb.sqlite
[2025-09-20 12:56:49] INFO: INI ALAMAT TABLENYA :  D:\Work\ARYA-WMS-SHOPPIE\ANG19\wmshopee\dist\wmshopee\server\data\admdb.sqlite
[2025-09-20 12:59:37] INFO: INI ALAMAT TABLENYA :  D:\Work\ARYA-WMS-SHOPPIE\ANG19\wmshopee\.angular\prerender-root\2a4d6da6-b73d-42b7-9e45-0659b28a8342\data\admdb.sqlite
[2025-09-20 12:59:39] INFO: INI ALAMAT TABLENYA :  D:\Work\ARYA-WMS-SHOPPIE\ANG19\wmshopee\.angular\prerender-root\da9c633d-fbfa-4c40-972a-87d61ce90e13\data\admdb.sqlite
[2025-09-20 12:59:39] INFO: INI ALAMAT TABLENYA :  D:\Work\ARYA-WMS-SHOPPIE\ANG19\wmshopee\.angular\prerender-root\80507c1b-a55f-486b-8838-0d528910b827\data\admdb.sqlite
[2025-09-20 12:59:39] INFO: INI ALAMAT TABLENYA :  D:\Work\ARYA-WMS-SHOPPIE\ANG19\wmshopee\.angular\prerender-root\345d4ecc-12fb-43c6-a973-6c3fada2be1e\data\admdb.sqlite
[2025-09-20 12:59:39] INFO: INI ALAMAT TABLENYA :  D:\Work\ARYA-WMS-SHOPPIE\ANG19\wmshopee\.angular\prerender-root\7e064d92-4d4c-4df4-9396-02e6b4b7774b\data\admdb.sqlite
[2025-09-20 13:08:05] INFO: INI ALAMAT TABLENYA :  D:\Work\ARYA-WMS-SHOPPIE\ANG19\wmshopee\.angular\prerender-root\626c6c9d-c14c-468f-afcd-0d03ef17c315\data\admdb.sqlite
[2025-09-20 13:08:13] INFO: INI ALAMAT TABLENYA :  D:\Work\ARYA-WMS-SHOPPIE\ANG19\wmshopee\.angular\prerender-root\490f1343-3e75-4f41-883c-1179e216b770\data\admdb.sqlite
[2025-09-20 13:08:13] INFO: INI ALAMAT TABLENYA :  D:\Work\ARYA-WMS-SHOPPIE\ANG19\wmshopee\.angular\prerender-root\57a50c0b-e840-437c-845f-b7d67cb01aed\data\admdb.sqlite
[2025-09-20 13:08:13] INFO: INI ALAMAT TABLENYA :  D:\Work\ARYA-WMS-SHOPPIE\ANG19\wmshopee\.angular\prerender-root\fdfc0c1c-a121-4d1f-8aad-e63ccc180d0d\data\admdb.sqlite
[2025-09-20 13:08:13] INFO: INI ALAMAT TABLENYA :  D:\Work\ARYA-WMS-SHOPPIE\ANG19\wmshopee\.angular\prerender-root\8613455d-02ae-4fed-a96b-f900835b2765\data\admdb.sqlite
[2025-09-20 13:08:32] INFO: INI ALAMAT TABLENYA :  D:\Work\ARYA-WMS-SHOPPIE\ANG19\wmshopee\dist\wmshopee\server\data\admdb.sqlite
[2025-09-20 13:10:09] INFO: INI ALAMAT TABLENYA :  D:\Work\ARYA-WMS-SHOPPIE\ANG19\wmshopee\.angular\prerender-root\ea6d3674-672b-4aa3-b23f-f7ba784b0bd4\data\admdb.sqlite
[2025-09-20 13:10:10] INFO: INI ALAMAT TABLENYA :  D:\Work\ARYA-WMS-SHOPPIE\ANG19\wmshopee\.angular\prerender-root\d54076a1-6b37-4ca9-9852-fd6f03770157\data\admdb.sqlite
[2025-09-20 13:10:10] INFO: INI ALAMAT TABLENYA :  D:\Work\ARYA-WMS-SHOPPIE\ANG19\wmshopee\.angular\prerender-root\b3535917-9be4-4525-b0f7-def820593a97\data\admdb.sqlite
[2025-09-20 13:10:10] INFO: INI ALAMAT TABLENYA :  D:\Work\ARYA-WMS-SHOPPIE\ANG19\wmshopee\.angular\prerender-root\7b5c2296-74da-421e-b2b3-102383cbf8dc\data\admdb.sqlite
[2025-09-20 13:10:10] INFO: INI ALAMAT TABLENYA :  D:\Work\ARYA-WMS-SHOPPIE\ANG19\wmshopee\.angular\prerender-root\e6165c75-29e6-49cd-812a-9aed43c4fa17\data\admdb.sqlite
[2025-09-20 13:10:19] INFO: INI ALAMAT TABLENYA :  D:\Work\ARYA-WMS-SHOPPIE\ANG19\wmshopee\dist\wmshopee\server\data\admdb.sqlite
[2025-09-20 13:11:01] INFO: ✅ Sudah di List  2
[2025-09-20 13:11:02] INFO: ✅ package Sudah di List  {"order_sn":"2509200XY1QGNH","package_number":"OFG212033255206269"}
[2025-09-20 13:14:08] INFO: INI ALAMAT TABLENYA :  D:\Work\ARYA-WMS-SHOPPIE\ANG19\wmshopee\.angular\prerender-root\b2194f76-7b31-446c-948f-ff827db775b5\data\admdb.sqlite
[2025-09-20 13:14:10] INFO: INI ALAMAT TABLENYA :  D:\Work\ARYA-WMS-SHOPPIE\ANG19\wmshopee\.angular\prerender-root\5eda43fc-b31a-48fd-b796-021fe7f9322e\data\admdb.sqlite
[2025-09-20 13:14:10] INFO: INI ALAMAT TABLENYA :  D:\Work\ARYA-WMS-SHOPPIE\ANG19\wmshopee\.angular\prerender-root\c337bc4f-02b1-41e1-b4a0-c18f70276cf2\data\admdb.sqlite
[2025-09-20 13:14:10] INFO: INI ALAMAT TABLENYA :  D:\Work\ARYA-WMS-SHOPPIE\ANG19\wmshopee\.angular\prerender-root\c9fe9d87-f34d-498a-92e6-4df096114631\data\admdb.sqlite
[2025-09-20 13:14:10] INFO: INI ALAMAT TABLENYA :  D:\Work\ARYA-WMS-SHOPPIE\ANG19\wmshopee\.angular\prerender-root\7e37e4e4-a238-4bbb-8a69-e6f976ae1a0b\data\admdb.sqlite
[2025-09-20 13:14:40] INFO: INI ALAMAT TABLENYA :  D:\Work\ARYA-WMS-SHOPPIE\ANG19\wmshopee\dist\wmshopee\server\data\admdb.sqlite
[2025-09-20 13:17:56] INFO: INI ALAMAT TABLENYA :  D:\Work\ARYA-WMS-SHOPPIE\ANG19\wmshopee\.angular\prerender-root\7de47571-8f80-4a91-bb31-a0d6d166bc27\data\admdb.sqlite
[2025-09-20 13:17:58] INFO: INI ALAMAT TABLENYA :  D:\Work\ARYA-WMS-SHOPPIE\ANG19\wmshopee\.angular\prerender-root\67e83033-7b9e-4404-86d8-44d33ef0a54a\data\admdb.sqlite
[2025-09-20 13:17:58] INFO: INI ALAMAT TABLENYA :  D:\Work\ARYA-WMS-SHOPPIE\ANG19\wmshopee\.angular\prerender-root\c8613814-1e17-43d1-b0e8-61c3ad089ae7\data\admdb.sqlite
[2025-09-20 13:17:58] INFO: INI ALAMAT TABLENYA :  D:\Work\ARYA-WMS-SHOPPIE\ANG19\wmshopee\.angular\prerender-root\b22d181c-0885-433d-8fbb-61236debe470\data\admdb.sqlite
[2025-09-20 13:17:58] INFO: INI ALAMAT TABLENYA :  D:\Work\ARYA-WMS-SHOPPIE\ANG19\wmshopee\.angular\prerender-root\42ab3059-2c07-4609-8a8a-d016abb00531\data\admdb.sqlite
[2025-09-20 13:20:58] INFO: INI ALAMAT TABLENYA :  D:\Work\ARYA-WMS-SHOPPIE\ANG19\wmshopee\.angular\prerender-root\cd15257a-c0ce-4069-aef1-a368459b3e95\data\admdb.sqlite
[2025-09-20 13:21:00] INFO: INI ALAMAT TABLENYA :  D:\Work\ARYA-WMS-SHOPPIE\ANG19\wmshopee\.angular\prerender-root\28ec1316-be05-4cc6-9249-e7802834d029\data\admdb.sqlite
[2025-09-20 13:21:00] INFO: INI ALAMAT TABLENYA :  D:\Work\ARYA-WMS-SHOPPIE\ANG19\wmshopee\.angular\prerender-root\e3e6a84e-154c-4c6e-b920-6ae20a0be9ac\data\admdb.sqlite
[2025-09-20 13:21:00] INFO: INI ALAMAT TABLENYA :  D:\Work\ARYA-WMS-SHOPPIE\ANG19\wmshopee\.angular\prerender-root\76a1f139-15a1-4e50-b2a6-9bbe2fe1a15b\data\admdb.sqlite
[2025-09-20 13:21:00] INFO: INI ALAMAT TABLENYA :  D:\Work\ARYA-WMS-SHOPPIE\ANG19\wmshopee\.angular\prerender-root\33f3bf46-9ee1-42e4-909c-53143b49f88b\data\admdb.sqlite
[2025-09-20 13:21:15] INFO: INI ALAMAT TABLENYA :  D:\Work\ARYA-WMS-SHOPPIE\ANG19\wmshopee\dist\wmshopee\server\data\admdb.sqlite
[2025-09-20 13:21:51] INFO: INI ALAMAT TABLENYA :  D:\Work\ARYA-WMS-SHOPPIE\ANG19\wmshopee\.angular\prerender-root\a0d516a3-fb2a-49c4-bb8a-e935a5322b2f\data\admdb.sqlite
[2025-09-20 13:21:52] INFO: INI ALAMAT TABLENYA :  D:\Work\ARYA-WMS-SHOPPIE\ANG19\wmshopee\.angular\prerender-root\f7ce067b-5d16-4936-8789-0b01ff000f40\data\admdb.sqlite
[2025-09-20 13:21:52] INFO: INI ALAMAT TABLENYA :  D:\Work\ARYA-WMS-SHOPPIE\ANG19\wmshopee\.angular\prerender-root\fda48972-e253-48a2-9b3f-2c4f395477c7\data\admdb.sqlite
[2025-09-20 13:21:52] INFO: INI ALAMAT TABLENYA :  D:\Work\ARYA-WMS-SHOPPIE\ANG19\wmshopee\.angular\prerender-root\01fd1c6e-03f1-4acf-b7d1-bdf4be06aa53\data\admdb.sqlite
[2025-09-20 13:21:52] INFO: INI ALAMAT TABLENYA :  D:\Work\ARYA-WMS-SHOPPIE\ANG19\wmshopee\.angular\prerender-root\272341d5-88dd-4e0f-aab1-7c6d4d0eb77d\data\admdb.sqlite
[2025-09-20 13:23:01] INFO: INI ALAMAT TABLENYA :  D:\Work\ARYA-WMS-SHOPPIE\ANG19\wmshopee\.angular\prerender-root\9421aacd-70b2-46b1-a213-6d80cab2a84b\data\admdb.sqlite
[2025-09-20 13:23:02] INFO: INI ALAMAT TABLENYA :  D:\Work\ARYA-WMS-SHOPPIE\ANG19\wmshopee\.angular\prerender-root\216e9383-ab4a-4d5a-b4d3-c4455f29553c\data\admdb.sqlite
[2025-09-20 13:23:02] INFO: INI ALAMAT TABLENYA :  D:\Work\ARYA-WMS-SHOPPIE\ANG19\wmshopee\.angular\prerender-root\dc58960a-a676-4b42-933e-3b1a4b356b51\data\admdb.sqlite
[2025-09-20 13:23:02] INFO: INI ALAMAT TABLENYA :  D:\Work\ARYA-WMS-SHOPPIE\ANG19\wmshopee\.angular\prerender-root\931f6719-6ce1-4b5d-81ed-4bf524150b4c\data\admdb.sqlite
[2025-09-20 13:23:02] INFO: INI ALAMAT TABLENYA :  D:\Work\ARYA-WMS-SHOPPIE\ANG19\wmshopee\.angular\prerender-root\9ce363e2-fc8e-4eda-b373-31369454765a\data\admdb.sqlite
[2025-09-20 13:24:04] INFO: INI ALAMAT TABLENYA :  D:\Work\ARYA-WMS-SHOPPIE\ANG19\wmshopee\dist\wmshopee\server\data\admdb.sqlite
[2025-09-20 13:24:12] INFO: ✅ Sudah di List  7
[2025-09-20 13:24:12] INFO: ✅ package Sudah di List  {"order_sn":"2509200XY1QGNH","package_number":"OFG212033255206269"}
[2025-09-20 13:26:34] INFO: INI ALAMAT TABLENYA :  D:\Work\ARYA-WMS-SHOPPIE\ANG19\wmshopee\.angular\prerender-root\ef8cc2e3-cfd8-454e-86ca-6e1b53ecaf63\data\admdb.sqlite
[2025-09-20 13:26:35] INFO: INI ALAMAT TABLENYA :  D:\Work\ARYA-WMS-SHOPPIE\ANG19\wmshopee\.angular\prerender-root\9256e681-fdab-4776-b147-e3677a6acebc\data\admdb.sqlite
[2025-09-20 13:26:35] INFO: INI ALAMAT TABLENYA :  D:\Work\ARYA-WMS-SHOPPIE\ANG19\wmshopee\.angular\prerender-root\68c55b6f-e6a4-4fd4-81cd-34a80987b732\data\admdb.sqlite
[2025-09-20 13:26:35] INFO: INI ALAMAT TABLENYA :  D:\Work\ARYA-WMS-SHOPPIE\ANG19\wmshopee\.angular\prerender-root\437df49d-f3f3-4e3b-813d-a4221156356d\data\admdb.sqlite
[2025-09-20 13:26:35] INFO: INI ALAMAT TABLENYA :  D:\Work\ARYA-WMS-SHOPPIE\ANG19\wmshopee\.angular\prerender-root\3dd78f59-8b56-4d5e-b8a1-433289acad6e\data\admdb.sqlite
[2025-09-20 13:26:42] INFO: INI ALAMAT TABLENYA :  D:\Work\ARYA-WMS-SHOPPIE\ANG19\wmshopee\dist\wmshopee\server\data\admdb.sqlite
[2025-09-20 13:32:41] INFO: INI ALAMAT TABLENYA :  D:\Work\ARYA-WMS-SHOPPIE\ANG19\wmshopee\.angular\prerender-root\42df37d4-9096-45ee-9ac9-f1b91cfc2168\data\admdb.sqlite
[2025-09-20 13:32:43] INFO: INI ALAMAT TABLENYA :  D:\Work\ARYA-WMS-SHOPPIE\ANG19\wmshopee\.angular\prerender-root\21b29788-1700-43fd-b615-6e09259acf37\data\admdb.sqlite
[2025-09-20 13:32:43] INFO: INI ALAMAT TABLENYA :  D:\Work\ARYA-WMS-SHOPPIE\ANG19\wmshopee\.angular\prerender-root\e0c4511e-17e5-48e4-b02f-7155410dd1b7\data\admdb.sqlite
[2025-09-20 13:32:43] INFO: INI ALAMAT TABLENYA :  D:\Work\ARYA-WMS-SHOPPIE\ANG19\wmshopee\.angular\prerender-root\24a935c3-c838-4dc2-b000-56632b4badf0\data\admdb.sqlite
[2025-09-20 13:32:43] INFO: INI ALAMAT TABLENYA :  D:\Work\ARYA-WMS-SHOPPIE\ANG19\wmshopee\.angular\prerender-root\37991306-14af-4f46-8298-2cefb6729194\data\admdb.sqlite
[2025-09-20 13:32:49] INFO: INI ALAMAT TABLENYA :  D:\Work\ARYA-WMS-SHOPPIE\ANG19\wmshopee\dist\wmshopee\server\data\admdb.sqlite
[2025-09-20 13:33:40] INFO: Ketika ship order 2 
[2025-09-20 13:41:35] INFO: INI ALAMAT TABLENYA :  D:\Work\ARYA-WMS-SHOPPIE\ANG19\wmshopee\dist\wmshopee\server\data\admdb.sqlite
[2025-09-20 13:51:16] INFO: INI ALAMAT TABLENYA :  D:\Work\ARYA-WMS-SHOPPIE\ANG19\wmshopee\.angular\prerender-root\95e34b45-51c0-49cb-bbee-ee1ab2adef35\data\admdb.sqlite
[2025-09-20 13:51:17] INFO: INI ALAMAT TABLENYA :  D:\Work\ARYA-WMS-SHOPPIE\ANG19\wmshopee\.angular\prerender-root\ac377784-53ea-4447-b4aa-15b23d51ba58\data\admdb.sqlite
[2025-09-20 13:51:17] INFO: INI ALAMAT TABLENYA :  D:\Work\ARYA-WMS-SHOPPIE\ANG19\wmshopee\.angular\prerender-root\78c14a4d-7138-4cc0-ae44-30507f9ddcb8\data\admdb.sqlite
[2025-09-20 13:51:17] INFO: INI ALAMAT TABLENYA :  D:\Work\ARYA-WMS-SHOPPIE\ANG19\wmshopee\.angular\prerender-root\e479a6ab-68c9-4019-a773-1f1cc88b3ead\data\admdb.sqlite
[2025-09-20 13:51:17] INFO: INI ALAMAT TABLENYA :  D:\Work\ARYA-WMS-SHOPPIE\ANG19\wmshopee\.angular\prerender-root\3e2c7898-2592-4e46-8441-4999a873e4fc\data\admdb.sqlite
[2025-09-20 13:51:25] INFO: INI ALAMAT TABLENYA :  D:\Work\ARYA-WMS-SHOPPIE\ANG19\wmshopee\dist\wmshopee\server\data\admdb.sqlite
[2025-09-20 13:56:45] INFO: INI ALAMAT TABLENYA :  D:\Work\ARYA-WMS-SHOPPIE\ANG19\wmshopee\.angular\prerender-root\2b2a5edd-810e-41dd-b5c3-d638e1dbb075\data\admdb.sqlite
[2025-09-20 13:56:46] INFO: INI ALAMAT TABLENYA :  D:\Work\ARYA-WMS-SHOPPIE\ANG19\wmshopee\.angular\prerender-root\a602fa36-aa46-46fb-94bf-617d292fe714\data\admdb.sqlite
[2025-09-20 13:56:46] INFO: INI ALAMAT TABLENYA :  D:\Work\ARYA-WMS-SHOPPIE\ANG19\wmshopee\.angular\prerender-root\e54db447-bb34-4e81-b472-a90c3559a957\data\admdb.sqlite
[2025-09-20 13:56:46] INFO: INI ALAMAT TABLENYA :  D:\Work\ARYA-WMS-SHOPPIE\ANG19\wmshopee\.angular\prerender-root\48027a09-bb59-4e6d-aeb5-73da919f79a7\data\admdb.sqlite
[2025-09-20 13:56:46] INFO: INI ALAMAT TABLENYA :  D:\Work\ARYA-WMS-SHOPPIE\ANG19\wmshopee\.angular\prerender-root\713f9ae3-aa38-4a69-8685-bbbae18fa801\data\admdb.sqlite
[2025-09-20 13:56:55] INFO: INI ALAMAT TABLENYA :  D:\Work\ARYA-WMS-SHOPPIE\ANG19\wmshopee\dist\wmshopee\server\data\admdb.sqlite
