[2025-10-22 08:16:44] INFO: INI ALAMAT TABLENYA :  D:\Work\ARYA-WMS-SHOPPIE\ANG19\wmshopee\.angular\prerender-root\6f0bc85a-527b-49bc-a5f8-7e393b3ab365\data\admdb.sqlite
[2025-10-22 08:16:54] INFO: INI ALAMAT TABLENYA :  D:\Work\ARYA-WMS-SHOPPIE\ANG19\wmshopee\.angular\prerender-root\03ff4c48-5c56-4cb9-a198-2e48f0437dd1\data\admdb.sqlite
[2025-10-22 08:16:54] INFO: INI ALAMAT TABLENYA :  D:\Work\ARYA-WMS-SHOPPIE\ANG19\wmshopee\.angular\prerender-root\e921267c-3db5-4d4c-8b0c-425fdd7bd625\data\admdb.sqlite
[2025-10-22 08:16:54] INFO: INI ALAMAT TABLENYA :  D:\Work\ARYA-WMS-SHOPPIE\ANG19\wmshopee\.angular\prerender-root\3884df65-b552-4c8c-a246-dd51d23bb3fd\data\admdb.sqlite
[2025-10-22 08:16:54] INFO: INI ALAMAT TABLENYA :  D:\Work\ARYA-WMS-SHOPPIE\ANG19\wmshopee\.angular\prerender-root\a9abec98-f58d-4b3d-9835-a5125f4a0d82\data\admdb.sqlite
[2025-10-22 08:30:12] INFO: INI ALAMAT TABLENYA :  D:\Work\ARYA-WMS-SHOPPIE\ANG19\wmshopee\.angular\prerender-root\17d498f1-f0a8-4da6-824b-95e85616868d\data\admdb.sqlite
[2025-10-22 08:30:14] INFO: INI ALAMAT TABLENYA :  D:\Work\ARYA-WMS-SHOPPIE\ANG19\wmshopee\.angular\prerender-root\fe21cba5-8700-4fb1-b4be-c9bf952bb91a\data\admdb.sqlite
[2025-10-22 08:30:14] INFO: INI ALAMAT TABLENYA :  D:\Work\ARYA-WMS-SHOPPIE\ANG19\wmshopee\.angular\prerender-root\13b6077c-630b-4110-b50d-1858567537f6\data\admdb.sqlite
[2025-10-22 08:30:14] INFO: INI ALAMAT TABLENYA :  D:\Work\ARYA-WMS-SHOPPIE\ANG19\wmshopee\.angular\prerender-root\6d4f6da1-a3f1-46e0-abaf-c5ee47b0486e\data\admdb.sqlite
[2025-10-22 08:30:14] INFO: INI ALAMAT TABLENYA :  D:\Work\ARYA-WMS-SHOPPIE\ANG19\wmshopee\.angular\prerender-root\5ce5f9a9-ff3e-43d1-9a9d-32c426eadb91\data\admdb.sqlite
[2025-10-22 08:30:37] INFO: INI ALAMAT TABLENYA :  D:\Work\ARYA-WMS-SHOPPIE\ANG19\wmshopee\dist\wmshopee\server\data\admdb.sqlite
[2025-10-22 08:31:13] ERROR: Error api.controller :  {}
[2025-10-22 08:31:14] ERROR: Error api.controller :  {}
[2025-10-22 08:31:19] ERROR: Error api.controller :  {}
[2025-10-22 08:31:19] ERROR: Error api.controller :  {}
[2025-10-22 08:31:58] INFO: INI ALAMAT TABLENYA :  D:\Work\ARYA-WMS-SHOPPIE\ANG19\wmshopee\.angular\prerender-root\ff0b2f36-3b0f-4908-baa8-984debece653\data\admdb.sqlite
[2025-10-22 08:32:00] INFO: INI ALAMAT TABLENYA :  D:\Work\ARYA-WMS-SHOPPIE\ANG19\wmshopee\.angular\prerender-root\fd82f982-71ef-474f-98ed-0f9d74eff9e4\data\admdb.sqlite
[2025-10-22 08:32:00] INFO: INI ALAMAT TABLENYA :  D:\Work\ARYA-WMS-SHOPPIE\ANG19\wmshopee\.angular\prerender-root\d32e0064-b133-43ea-b8eb-7f87bed6fac5\data\admdb.sqlite
[2025-10-22 08:32:00] INFO: INI ALAMAT TABLENYA :  D:\Work\ARYA-WMS-SHOPPIE\ANG19\wmshopee\.angular\prerender-root\a107e86a-5edd-469b-b5c4-39d61364e2c1\data\admdb.sqlite
[2025-10-22 08:32:00] INFO: INI ALAMAT TABLENYA :  D:\Work\ARYA-WMS-SHOPPIE\ANG19\wmshopee\.angular\prerender-root\41294079-b49a-4986-ab0f-acf7be199f06\data\admdb.sqlite
[2025-10-22 08:32:22] INFO: INI ALAMAT TABLENYA :  D:\Work\ARYA-WMS-SHOPPIE\ANG19\wmshopee\dist\wmshopee\server\data\admdb.sqlite
[2025-10-22 08:32:42] INFO: ✅ Shopee refresh on fetchWithAuth Error: {"error":"invalid_acceess_token","message":"Invalid access_token, please have a check.","request_id":"e3e3e7f341b54aeba96b99e240abe700"}
[2025-10-22 08:32:42] INFO: ✅ Shopee refresh on fetchWithAuth Error: {"error":"invalid_acceess_token","message":"Invalid access_token, please have a check.","request_id":"e3e3e7f341b54aebc264305554da0900"}
[2025-10-22 08:32:42] INFO: Update data token : 
[2025-10-22 08:32:42] INFO: Update data token : 
[2025-10-22 08:34:34] INFO: INI ALAMAT TABLENYA :  D:\Work\ARYA-WMS-SHOPPIE\ANG19\wmshopee\.angular\prerender-root\27ba0200-01b9-4ff7-84db-d6aea8da7ba1\data\admdb.sqlite
[2025-10-22 08:34:37] INFO: INI ALAMAT TABLENYA :  D:\Work\ARYA-WMS-SHOPPIE\ANG19\wmshopee\.angular\prerender-root\ad5e5130-58c0-495a-8f21-caf02f5667c6\data\admdb.sqlite
[2025-10-22 08:34:37] INFO: INI ALAMAT TABLENYA :  D:\Work\ARYA-WMS-SHOPPIE\ANG19\wmshopee\.angular\prerender-root\f1103e05-dad9-45bd-83f4-6f14ad53ff59\data\admdb.sqlite
[2025-10-22 08:34:37] INFO: INI ALAMAT TABLENYA :  D:\Work\ARYA-WMS-SHOPPIE\ANG19\wmshopee\.angular\prerender-root\3ffdea77-4c66-466f-b974-c6934bb7a412\data\admdb.sqlite
[2025-10-22 08:34:37] INFO: INI ALAMAT TABLENYA :  D:\Work\ARYA-WMS-SHOPPIE\ANG19\wmshopee\.angular\prerender-root\dca45acd-5684-421f-8d9b-2b72e1d9ab52\data\admdb.sqlite
[2025-10-22 08:34:46] INFO: INI ALAMAT TABLENYA :  D:\Work\ARYA-WMS-SHOPPIE\ANG19\wmshopee\dist\wmshopee\server\data\admdb.sqlite
[2025-10-22 08:34:55] INFO: ✅ package Sudah di List  157
[2025-10-22 08:50:26] INFO: INI ALAMAT TABLENYA :  D:\Work\ARYA-WMS-SHOPPIE\ANG19\wmshopee\.angular\prerender-root\be7fab5f-bd86-4f4e-a134-60d7d36ccce5\data\admdb.sqlite
[2025-10-22 08:50:40] INFO: INI ALAMAT TABLENYA :  D:\Work\ARYA-WMS-SHOPPIE\ANG19\wmshopee\.angular\prerender-root\9b05b1de-f297-4ba6-8b52-9e1d822a5dac\data\admdb.sqlite
[2025-10-22 08:50:40] INFO: INI ALAMAT TABLENYA :  D:\Work\ARYA-WMS-SHOPPIE\ANG19\wmshopee\.angular\prerender-root\e29da43a-8472-471d-8b7e-8f0baab10ff8\data\admdb.sqlite
[2025-10-22 08:50:40] INFO: INI ALAMAT TABLENYA :  D:\Work\ARYA-WMS-SHOPPIE\ANG19\wmshopee\.angular\prerender-root\c8677388-7ddb-4d48-a91a-193518090b07\data\admdb.sqlite
[2025-10-22 08:50:40] INFO: INI ALAMAT TABLENYA :  D:\Work\ARYA-WMS-SHOPPIE\ANG19\wmshopee\.angular\prerender-root\4e0121fa-8161-4ace-a800-2c5638269278\data\admdb.sqlite
[2025-10-22 08:51:14] INFO: INI ALAMAT TABLENYA :  D:\Work\ARYA-WMS-SHOPPIE\ANG19\wmshopee\.angular\prerender-root\6b9fcb6f-fa7a-4803-ad08-5f2ffe24b76b\data\admdb.sqlite
[2025-10-22 08:51:16] INFO: INI ALAMAT TABLENYA :  D:\Work\ARYA-WMS-SHOPPIE\ANG19\wmshopee\.angular\prerender-root\bb98fab5-406e-4cce-8f4a-aaf255989a4f\data\admdb.sqlite
[2025-10-22 08:51:16] INFO: INI ALAMAT TABLENYA :  D:\Work\ARYA-WMS-SHOPPIE\ANG19\wmshopee\.angular\prerender-root\2ed0de44-6266-4298-bea8-38f60a168d07\data\admdb.sqlite
[2025-10-22 08:51:16] INFO: INI ALAMAT TABLENYA :  D:\Work\ARYA-WMS-SHOPPIE\ANG19\wmshopee\.angular\prerender-root\7cd22565-7ed5-4951-a3e1-dbb8568820dd\data\admdb.sqlite
[2025-10-22 08:51:16] INFO: INI ALAMAT TABLENYA :  D:\Work\ARYA-WMS-SHOPPIE\ANG19\wmshopee\.angular\prerender-root\c35db003-bf4f-47ba-9c52-9ac6eb6f2036\data\admdb.sqlite
[2025-10-22 08:51:33] INFO: INI ALAMAT TABLENYA :  D:\Work\ARYA-WMS-SHOPPIE\ANG19\wmshopee\dist\wmshopee\server\data\admdb.sqlite
[2025-10-22 09:03:00] INFO: INI ALAMAT TABLENYA :  D:\Work\ARYA-WMS-SHOPPIE\ANG19\wmshopee\.angular\prerender-root\dd7215e2-fbda-4358-99ec-d28ee624fa4a\data\admdb.sqlite
[2025-10-22 09:03:02] INFO: INI ALAMAT TABLENYA :  D:\Work\ARYA-WMS-SHOPPIE\ANG19\wmshopee\.angular\prerender-root\80743771-5d2c-48fa-a168-147efa933cbf\data\admdb.sqlite
[2025-10-22 09:03:02] INFO: INI ALAMAT TABLENYA :  D:\Work\ARYA-WMS-SHOPPIE\ANG19\wmshopee\.angular\prerender-root\057a1688-eb90-43fd-b49f-60122f234d49\data\admdb.sqlite
[2025-10-22 09:03:02] INFO: INI ALAMAT TABLENYA :  D:\Work\ARYA-WMS-SHOPPIE\ANG19\wmshopee\.angular\prerender-root\320a56eb-37e1-47b1-b777-a1c277e6ac43\data\admdb.sqlite
[2025-10-22 09:03:02] INFO: INI ALAMAT TABLENYA :  D:\Work\ARYA-WMS-SHOPPIE\ANG19\wmshopee\.angular\prerender-root\bb22c2e2-fe59-494f-bfa4-a760836cac9a\data\admdb.sqlite
[2025-10-22 09:03:27] INFO: INI ALAMAT TABLENYA :  D:\Work\ARYA-WMS-SHOPPIE\ANG19\wmshopee\dist\wmshopee\server\data\admdb.sqlite
[2025-10-22 09:27:11] INFO: INI ALAMAT TABLENYA :  D:\Work\ARYA-WMS-SHOPPIE\ANG19\wmshopee\.angular\prerender-root\80329959-b99e-4664-bbc9-d07c048a2556\data\admdb.sqlite
[2025-10-22 09:27:13] INFO: INI ALAMAT TABLENYA :  D:\Work\ARYA-WMS-SHOPPIE\ANG19\wmshopee\.angular\prerender-root\a5262a4f-63b0-47cf-ad85-2069f4814918\data\admdb.sqlite
[2025-10-22 09:27:13] INFO: INI ALAMAT TABLENYA :  D:\Work\ARYA-WMS-SHOPPIE\ANG19\wmshopee\.angular\prerender-root\99a0338e-abf5-4684-a77c-1b57fd7fdb1b\data\admdb.sqlite
[2025-10-22 09:27:13] INFO: INI ALAMAT TABLENYA :  D:\Work\ARYA-WMS-SHOPPIE\ANG19\wmshopee\.angular\prerender-root\dc58872e-6f68-4c06-b22e-dd7e66ea5ac9\data\admdb.sqlite
[2025-10-22 09:27:13] INFO: INI ALAMAT TABLENYA :  D:\Work\ARYA-WMS-SHOPPIE\ANG19\wmshopee\.angular\prerender-root\69ed1c62-244f-41d8-b8d5-8b52e742eab5\data\admdb.sqlite
[2025-10-22 09:27:23] INFO: INI ALAMAT TABLENYA :  D:\Work\ARYA-WMS-SHOPPIE\ANG19\wmshopee\dist\wmshopee\server\data\admdb.sqlite
[2025-10-22 09:38:59] INFO: INI ALAMAT TABLENYA :  D:\Work\ARYA-WMS-SHOPPIE\ANG19\wmshopee\.angular\prerender-root\1f2768fd-b85f-4f0e-9d31-d44b9f4a2ef6\data\admdb.sqlite
[2025-10-22 09:39:01] INFO: INI ALAMAT TABLENYA :  D:\Work\ARYA-WMS-SHOPPIE\ANG19\wmshopee\.angular\prerender-root\9b9d9082-aef3-4e2d-a936-9914f6ad4258\data\admdb.sqlite
[2025-10-22 09:39:01] INFO: INI ALAMAT TABLENYA :  D:\Work\ARYA-WMS-SHOPPIE\ANG19\wmshopee\.angular\prerender-root\32676421-c77f-4de0-a2f8-da5d9574e5ef\data\admdb.sqlite
[2025-10-22 09:39:01] INFO: INI ALAMAT TABLENYA :  D:\Work\ARYA-WMS-SHOPPIE\ANG19\wmshopee\.angular\prerender-root\ff25680c-5029-4b04-93fc-14b930921cd3\data\admdb.sqlite
[2025-10-22 09:39:01] INFO: INI ALAMAT TABLENYA :  D:\Work\ARYA-WMS-SHOPPIE\ANG19\wmshopee\.angular\prerender-root\68dd1402-b9b3-4d98-ab4b-dee276ba50c7\data\admdb.sqlite
[2025-10-22 09:39:12] INFO: INI ALAMAT TABLENYA :  D:\Work\ARYA-WMS-SHOPPIE\ANG19\wmshopee\dist\wmshopee\server\data\admdb.sqlite
[2025-10-22 09:47:33] INFO: INI ALAMAT TABLENYA :  D:\Work\ARYA-WMS-SHOPPIE\ANG19\wmshopee\.angular\prerender-root\17f6711c-5548-4964-99c8-f484ba9a1134\data\admdb.sqlite
[2025-10-22 09:47:35] INFO: INI ALAMAT TABLENYA :  D:\Work\ARYA-WMS-SHOPPIE\ANG19\wmshopee\.angular\prerender-root\caee0968-0c7c-46fb-9480-0f29ea48b32c\data\admdb.sqlite
[2025-10-22 09:47:35] INFO: INI ALAMAT TABLENYA :  D:\Work\ARYA-WMS-SHOPPIE\ANG19\wmshopee\.angular\prerender-root\a53d5f5d-5279-4423-a461-4509c4f05356\data\admdb.sqlite
[2025-10-22 09:47:35] INFO: INI ALAMAT TABLENYA :  D:\Work\ARYA-WMS-SHOPPIE\ANG19\wmshopee\.angular\prerender-root\7f385094-ab40-4dfb-99a3-c6c455dc0925\data\admdb.sqlite
[2025-10-22 09:47:35] INFO: INI ALAMAT TABLENYA :  D:\Work\ARYA-WMS-SHOPPIE\ANG19\wmshopee\.angular\prerender-root\45d5db3c-18e9-4080-8d70-5437818deee1\data\admdb.sqlite
[2025-10-22 09:47:48] INFO: INI ALAMAT TABLENYA :  D:\Work\ARYA-WMS-SHOPPIE\ANG19\wmshopee\dist\wmshopee\server\data\admdb.sqlite
[2025-10-22 10:26:28] INFO: INI ALAMAT TABLENYA :  D:\Work\ARYA-WMS-SHOPPIE\ANG19\wmshopee\.angular\prerender-root\590f9f89-ad0d-40f6-8f76-a7b9cea8efeb\data\admdb.sqlite
[2025-10-22 10:26:37] INFO: INI ALAMAT TABLENYA :  D:\Work\ARYA-WMS-SHOPPIE\ANG19\wmshopee\.angular\prerender-root\9683170f-7018-4c54-becb-f1df5e46e269\data\admdb.sqlite
[2025-10-22 10:26:37] INFO: INI ALAMAT TABLENYA :  D:\Work\ARYA-WMS-SHOPPIE\ANG19\wmshopee\.angular\prerender-root\0b72e170-a1c9-47cb-8d96-4fdc68487739\data\admdb.sqlite
[2025-10-22 10:26:37] INFO: INI ALAMAT TABLENYA :  D:\Work\ARYA-WMS-SHOPPIE\ANG19\wmshopee\.angular\prerender-root\89bf6d91-7dc8-488b-8bdf-2201e4c39190\data\admdb.sqlite
[2025-10-22 10:26:37] INFO: INI ALAMAT TABLENYA :  D:\Work\ARYA-WMS-SHOPPIE\ANG19\wmshopee\.angular\prerender-root\332fbb05-9e29-4acc-b1a1-bb029ad9dd6a\data\admdb.sqlite
[2025-10-22 10:31:29] INFO: INI ALAMAT TABLENYA :  D:\Work\ARYA-WMS-SHOPPIE\ANG19\wmshopee\.angular\prerender-root\8415edef-f083-4661-9866-35bdc6f5181c\data\admdb.sqlite
[2025-10-22 10:31:30] INFO: INI ALAMAT TABLENYA :  D:\Work\ARYA-WMS-SHOPPIE\ANG19\wmshopee\.angular\prerender-root\e028121d-617c-4f97-8987-8925076a071f\data\admdb.sqlite
[2025-10-22 10:31:30] INFO: INI ALAMAT TABLENYA :  D:\Work\ARYA-WMS-SHOPPIE\ANG19\wmshopee\.angular\prerender-root\8234a60a-e251-440f-beeb-25d1299ba90f\data\admdb.sqlite
[2025-10-22 10:31:30] INFO: INI ALAMAT TABLENYA :  D:\Work\ARYA-WMS-SHOPPIE\ANG19\wmshopee\.angular\prerender-root\b56852ff-536e-4ec2-801c-e2bc3432681e\data\admdb.sqlite
[2025-10-22 10:31:30] INFO: INI ALAMAT TABLENYA :  D:\Work\ARYA-WMS-SHOPPIE\ANG19\wmshopee\.angular\prerender-root\df388e68-151b-43e7-a54c-fd68903450da\data\admdb.sqlite
[2025-10-22 10:31:38] INFO: INI ALAMAT TABLENYA :  D:\Work\ARYA-WMS-SHOPPIE\ANG19\wmshopee\dist\wmshopee\server\data\admdb.sqlite
[2025-10-22 10:41:52] INFO: INI ALAMAT TABLENYA :  D:\Work\ARYA-WMS-SHOPPIE\ANG19\wmshopee\.angular\prerender-root\d9a10f8d-d778-44e4-9ec1-281f6fbebcff\data\admdb.sqlite
[2025-10-22 10:41:54] INFO: INI ALAMAT TABLENYA :  D:\Work\ARYA-WMS-SHOPPIE\ANG19\wmshopee\.angular\prerender-root\b8b104a3-880d-4560-9c64-1c86a108676d\data\admdb.sqlite
[2025-10-22 10:41:54] INFO: INI ALAMAT TABLENYA :  D:\Work\ARYA-WMS-SHOPPIE\ANG19\wmshopee\.angular\prerender-root\d2fee157-7c8d-4af7-b08c-23bc842a2a3a\data\admdb.sqlite
[2025-10-22 10:41:54] INFO: INI ALAMAT TABLENYA :  D:\Work\ARYA-WMS-SHOPPIE\ANG19\wmshopee\.angular\prerender-root\a22f1f9a-9187-451a-a51e-ee108f76ddff\data\admdb.sqlite
[2025-10-22 10:41:54] INFO: INI ALAMAT TABLENYA :  D:\Work\ARYA-WMS-SHOPPIE\ANG19\wmshopee\.angular\prerender-root\502419fa-1d43-48c1-b283-d466109574d7\data\admdb.sqlite
[2025-10-22 10:42:01] INFO: INI ALAMAT TABLENYA :  D:\Work\ARYA-WMS-SHOPPIE\ANG19\wmshopee\dist\wmshopee\server\data\admdb.sqlite
[2025-10-22 10:45:57] INFO: INI ALAMAT TABLENYA :  D:\Work\ARYA-WMS-SHOPPIE\ANG19\wmshopee\.angular\prerender-root\7ea8af72-f598-4a02-9e8e-50874a6ab257\data\admdb.sqlite
[2025-10-22 10:45:59] INFO: INI ALAMAT TABLENYA :  D:\Work\ARYA-WMS-SHOPPIE\ANG19\wmshopee\.angular\prerender-root\62913e6a-ada3-4fad-a1b6-d0ae07941253\data\admdb.sqlite
[2025-10-22 10:45:59] INFO: INI ALAMAT TABLENYA :  D:\Work\ARYA-WMS-SHOPPIE\ANG19\wmshopee\.angular\prerender-root\4ac42e4a-2f41-4e62-bb62-5d55739e21d7\data\admdb.sqlite
[2025-10-22 10:45:59] INFO: INI ALAMAT TABLENYA :  D:\Work\ARYA-WMS-SHOPPIE\ANG19\wmshopee\.angular\prerender-root\1eefdff5-997d-4e81-8712-83781603775f\data\admdb.sqlite
[2025-10-22 10:45:59] INFO: INI ALAMAT TABLENYA :  D:\Work\ARYA-WMS-SHOPPIE\ANG19\wmshopee\.angular\prerender-root\789f0d5d-44cc-4859-9886-2c673dfcfee9\data\admdb.sqlite
[2025-10-22 10:46:06] INFO: INI ALAMAT TABLENYA :  D:\Work\ARYA-WMS-SHOPPIE\ANG19\wmshopee\dist\wmshopee\server\data\admdb.sqlite
[2025-10-22 10:47:04] INFO: ✅ package Sudah di List  3
[2025-10-22 10:50:59] INFO: INI ALAMAT TABLENYA :  D:\Work\ARYA-WMS-SHOPPIE\ANG19\wmshopee\.angular\prerender-root\aa6b38d2-e87d-4139-8c3f-ad4bdf631f34\data\admdb.sqlite
[2025-10-22 10:51:01] INFO: INI ALAMAT TABLENYA :  D:\Work\ARYA-WMS-SHOPPIE\ANG19\wmshopee\.angular\prerender-root\ac074aea-cd89-4bdd-beb1-3c880d2fe384\data\admdb.sqlite
[2025-10-22 10:51:01] INFO: INI ALAMAT TABLENYA :  D:\Work\ARYA-WMS-SHOPPIE\ANG19\wmshopee\.angular\prerender-root\9ad2c643-6d2c-44ea-92ff-9b7fd3bf78a5\data\admdb.sqlite
[2025-10-22 10:51:01] INFO: INI ALAMAT TABLENYA :  D:\Work\ARYA-WMS-SHOPPIE\ANG19\wmshopee\.angular\prerender-root\dc4378ae-2fd6-41de-8914-83c18bb93047\data\admdb.sqlite
[2025-10-22 10:51:01] INFO: INI ALAMAT TABLENYA :  D:\Work\ARYA-WMS-SHOPPIE\ANG19\wmshopee\.angular\prerender-root\128a0ce4-326e-4a17-bc0e-fbe8fe3de3ce\data\admdb.sqlite
